DEBUG:__main__:Protos tested: ['SSIRD', 'DCTCP-50']
DEBUG:__main__:Total_flow_size_B: 15600000
DEBUG:__main__:Byteload sizes list: [1560]
DEBUG:__main__:Num Flows: 2
DEBUG:__main__:Inter-flow spacing (us): 0
DEBUG:__main__:Flow start times (us): [0, 0]
DEBUG:__main__:Num Byteloads list: [10000]
DEBUG:__main__:Total injection period (us): 10000
DEBUG:__main__:Inter-Byteload Periods list: [1.0]
INFO:__main__:Total Flow Size (Bytes): 15600000
INFO:__main__:Total Injection Period (us): 10000
INFO:__main__:Byteload Size (Bytes): [1560]
INFO:__main__:Num Byteloads: [10000]
INFO:__main__:Intervals (us): [1.0]
INFO:__main__:Num flows: 2
INFO:__main__:Gdpt GBps theoretical: [24.96]
INFO:__main__:* Sim duration (SSIRD): [0.02, 0.02, 0.02, 0.02, 0.02]
INFO:__main__:* Sim duration (DCTCP): [0.02, 0.02, 0.02, 0.02, 0.02]
INFO:dale_experiment_rig:Experiment started at: 2025-08-08 19:36:45.665403
INFO:dale_experiment_rig:
##### RUN GROUP #####
INFO:dale_experiment_rig:
=====
Execute experiment 2flo-10000#-1560B-1000ns_1560B_2flo_2pt50Gbps_1conn
INFO:dale_experiment_rig:Flags: 1, 1, 1, 1, 0
INFO:dale_experiment_rig:
=====
Execute experiment 2flo-10000#-1560B-1000ns_1560B_2flo_2pt50Gbps_1conn
INFO:dale_experiment_rig:ssird_sim_duration=0.020000; dctcp_sim_duration=0.020000
INFO:dale_experiment_rig:Flags: 1, 1, 1, 1, 0
INFO:dale_experiment_rig:-----
Preparing experiment input MRIs
INFO:dale_experiment_rig:ssird_sim_duration=0.020000; dctcp_sim_duration=0.020000
INFO:dale_experiment_rig:### Creating MRI inputs parent dir: /data/dh1723/SIRD-Simulator/scripts/r2p2/coord/config/manual-req-intervals/dale_experiments/Normal_Byteloads_1560B_2flo_2pt50Gbps_1conn/
INFO:dale_experiment_rig:-----
Preparing experiment input MRIs
INFO:dale_experiment_rig:### Creating MRI inputs parent dir: /data/dh1723/SIRD-Simulator/scripts/r2p2/coord/config/manual-req-intervals/dale_experiments/Normal_Byteloads_1560B_2flo_2pt50Gbps_1conn/
INFO:dale_experiment_rig:File /data/dh1723/SIRD-Simulator/scripts/r2p2/coord/config/manual-req-intervals/dale_experiments/Normal_Byteloads_1560B_2flo_2pt50Gbps_1conn/ aready exists.
DEBUG:dale_experiment_rig:num flows: 2
DEBUG:dale_experiment_rig:num flows: 2
INFO:dale_experiment_rig:-----
Preparing experiment spec scripts
INFO:dale_experiment_rig:### Creating spec scripts parent dir: /data/dh1723/SIRD-Simulator/scripts/r2p2/coord/config/dale_experiments/Normal_Byteloads_1560B_2flo_2pt50Gbps_1conn/
INFO:dale_experiment_rig:-----
Preparing experiment spec scripts
INFO:dale_experiment_rig:### Creating spec scripts parent dir: /data/dh1723/SIRD-Simulator/scripts/r2p2/coord/config/dale_experiments/Normal_Byteloads_1560B_2flo_2pt50Gbps_1conn/
INFO:dale_experiment_rig:#### WARNING: File /data/dh1723/SIRD-Simulator/scripts/r2p2/coord/config/dale_experiments/Normal_Byteloads_1560B_2flo_2pt50Gbps_1conn/ aready exists.
INFO:dale_experiment_rig:-----
Running experiment for DCTCP-50
INFO:dale_experiment_rig:### Script:/data/dh1723/SIRD-Simulator/scripts/r2p2/coord/config/dale_experiments/Normal_Byteloads_1560B_2flo_2pt50Gbps_1conn/DCTCP-50-2flo-10000#-1560B-1000ns_1560B_2flo_2pt50Gbps_1conn.sh
INFO:dale_experiment_rig:-----
Running experiment for SSIRD
INFO:dale_experiment_rig:### Output path (stdout): /data/dh1723/SIRD-Simulator/scripts/r2p2/coord/outputs/Normal_Byteloads_1560B_2flo_2pt50Gbps_1conn/DCTCP-50_2flo-10000#-1560B-1000ns_1560B_2flo_2pt50Gbps_1conn_stdout.out
INFO:dale_experiment_rig:### Script:/data/dh1723/SIRD-Simulator/scripts/r2p2/coord/config/dale_experiments/Normal_Byteloads_1560B_2flo_2pt50Gbps_1conn/SSIRD-2flo-10000#-1560B-1000ns_1560B_2flo_2pt50Gbps_1conn.sh
INFO:dale_experiment_rig:### Output path (stderr): /data/dh1723/SIRD-Simulator/scripts/r2p2/coord/outputs/Normal_Byteloads_1560B_2flo_2pt50Gbps_1conn/DCTCP-50_2flo-10000#-1560B-1000ns_1560B_2flo_2pt50Gbps_1conn_stderr.out
INFO:dale_experiment_rig:### Output path (stdout): /data/dh1723/SIRD-Simulator/scripts/r2p2/coord/outputs/Normal_Byteloads_1560B_2flo_2pt50Gbps_1conn/ssird_2flo-10000#-1560B-1000ns_1560B_2flo_2pt50Gbps_1conn_stdout.out
INFO:dale_experiment_rig:### Output path (stderr): /data/dh1723/SIRD-Simulator/scripts/r2p2/coord/outputs/Normal_Byteloads_1560B_2flo_2pt50Gbps_1conn/ssird_2flo-10000#-1560B-1000ns_1560B_2flo_2pt50Gbps_1conn_stderr.out
INFO:dale_experiment_rig:-----
Backing up app trace file paths
DEBUG:dale_experiment_rig:/data/dh1723/SIRD-Simulator/scripts/r2p2/post-process/experiment_app_trace_paths/Normal_Byteloads_1560B_2flo_2pt50Gbps_1conn/2flo/SSIRD_app_traces.txt
INFO:dale_experiment_rig:-----
Backing up app trace file paths
DEBUG:dale_experiment_rig:/data/dh1723/SIRD-Simulator/scripts/r2p2/post-process/experiment_app_trace_paths/Normal_Byteloads_1560B_2flo_2pt50Gbps_1conn/2flo/DCTCP-50_app_traces.txt
INFO:dale_experiment_rig:Simulations ended at: 2025-08-08 19:40:56.545500
INFO:dale_experiment_rig:
##### POST PROCESS RESULTS #####
INFO:dale_experiment_rig:=====
** Num Byteloads Per Flow: 10000, Byteload Size (B): 1560, Inter-Byteload Interval (us): 1.0, ssird_sim_dur (s): 0.02, dctcp_sim_dur (s): 0.02
INFO:dale_experiment_rig:Processing SIRD results exp_id 0:: 2flo-10000#-1560B
INFO:dale_experiment_rig:Processing results from /data/dh1723/SIRD-Simulator/scripts/r2p2/coord/results/SSIRD-2flo-10000#-1560B-1000ns_1560B_2flo_2pt50Gbps_1conn/data/SSIRD/60/applications_trace.str
INFO:dale_experiment_rig:Flow 0:: num of byteloads: 10000, num srq events: 10000, num rrq events: 9991
DEBUG:dale_experiment_rig:Flow 0:: first_event_name: srq, final_event_name: rrq, expected_data_B: 15600000, recv_data_B: 15600000
INFO:dale_experiment_rig:Flow 1:: num of byteloads: 10000, num srq events: 10000, num rrq events: 1
DEBUG:dale_experiment_rig:Flow 1:: first_event_name: srq, final_event_name: rrq, expected_data_B: 15600000, recv_data_B: 15600000
INFO:dale_experiment_rig:SSIRD FCT: [0.010001821000001243, 0.010006938000000076] ms
App Gdpt (overall): 24.961248124811146 Gbps
App Gdpt (per flow): [12.479999999999333, 12.479999999999333]
Network Gdpt (overall): 24.94269475837645
Network Gdpt (per flow): [12.477727805765019, 12.471347379188225]
INFO:dale_experiment_rig:Processing DCTCP results exp_id 0:: 2flo-10000#-1560B
INFO:dale_experiment_rig:Processing results from /data/dh1723/SIRD-Simulator/scripts/r2p2/coord/results/DCTCP-50-2flo-10000#-1560B-1000ns_1560B_2flo_2pt50Gbps_1conn/data/DCTCP-50/60/applications_trace.str
INFO:dale_experiment_rig:Flow 0:: num of byteloads: 10000, num srq events: 10000, num rrq events: 1
DEBUG:dale_experiment_rig:Flow 0:: first_event_name: srq, final_event_name: rrq, expected_data_B: 15600000, recv_data_B: 15600000
INFO:dale_experiment_rig:Flow 1:: num of byteloads: 10000, num srq events: 10000, num rrq events: 1
DEBUG:dale_experiment_rig:Flow 1:: first_event_name: srq, final_event_name: rrq, expected_data_B: 15600000, recv_data_B: 15600000
INFO:dale_experiment_rig:DCTCP-50 FCT: [0.010001760000001525, 0.011321933000001394] ms
App Gdpt (overall): 24.961248124811146 Gbps
App Gdpt (per flow): [12.479999999999333, 12.479999999999333]
Network Gdpt (overall): 22.0457054462316
Network Gdpt (per flow): [12.477803906510552, 11.0228527231158]
INFO:dale_experiment_rig:
##### GENERATE METRICS #####
INFO:__main__:Total Flow Size (Bytes): 15600000
INFO:__main__:Total Injection Period (us): 10000
INFO:__main__:Byteload Size (Bytes): [1560]
INFO:__main__:Num Byteloads: [10000]
INFO:__main__:Intervals (us): [1.0]
INFO:__main__:Num flows: 2
DEBUG:__main__:Flow start times (us): [0, 0]
INFO:__main__:Gdpt Gbps theoretical: [24.96]
INFO:__main__:APP Gdpt Gbps measured (SSIRD): [24.961248124811146]
INFO:__main__:APP Gdpt Gbps measured (DCTCP): [24.961248124811146]
DEBUG:__main__:APP Gdpt Gbps measured per flow (SSIRD): [[12.479999999999333, 12.479999999999333]]
DEBUG:__main__:APP Gdpt Gbps measured per flow (DCTCP): [[12.479999999999333, 12.479999999999333]]
INFO:__main__:NW Gdpt Gbps measured (SSIRD): [24.94269475837645]
INFO:__main__:NW Gdpt Gbps measured (DCTCP): [22.0457054462316]
DEBUG:__main__:NW Gdpt Gbps measured per flow (SSIRD): [[12.477727805765019, 12.471347379188225]]
DEBUG:__main__:NW Gdpt Gbps measured per flow (DCTCP): [[12.477803906510552, 11.0228527231158]]
INFO:__main__:* Sim duration (SSIRD): [0.02, 0.02, 0.02, 0.02, 0.02]
INFO:__main__:* Sim duration (DCTCP): [0.02, 0.02, 0.02, 0.02, 0.02]
INFO:__main__:* SSIRD FCT: [[0.010001821000001243, 0.010006938000000076]]
INFO:__main__:* DCTCP FCT: [[0.010001760000001525, 0.011321933000001394]]
