DEBUG:__main__:Protos tested: ['SSIRD']
DEBUG:__main__:Total_flow_size_B: 1560000
DEBUG:__main__:Byteload sizes list: [1560]
DEBUG:__main__:Num Flows: 8
DEBUG:__main__:Inter-flow spacing (us): 0
DEBUG:__main__:Flow start times (us): [0, 0, 0, 0, 0, 0, 0, 0]
DEBUG:__main__:Num Byteloads list: [1000]
DEBUG:__main__:Total injection period (us): 1000
DEBUG:__main__:Inter-Byteload Periods list: [1.0]
INFO:__main__:Total Flow Size (Bytes): 1560000
INFO:__main__:Total Injection Period (us): 1000
INFO:__main__:Byteload Size (Bytes): [1560]
INFO:__main__:Num Byteloads: [1000]
INFO:__main__:Intervals (us): [1.0]
INFO:__main__:Num flows: 8
INFO:__main__:Gdpt GBps theoretical: [99.84]
INFO:__main__:* Sim duration (SSIRD): [0.003, 0.003, 0.003, 0.003, 0.003]
INFO:__main__:* Sim duration (DCTCP): [0.3, 0.3, 0.3, 0.3, 0.3]
INFO:dale_experiment_rig:Experiment started at: 2025-08-03 14:39:28.311671
INFO:dale_experiment_rig:
##### RUN GROUP #####
INFO:dale_experiment_rig:
=====
Execute experiment 8flo-1000#-1560B-1000ns_1560B_8flo_99pt84Gbps
INFO:dale_experiment_rig:Flags: 1, 1, 1, 1, 0
INFO:dale_experiment_rig:ssird_sim_duration=0.003000; dctcp_sim_duration=0.300000
INFO:dale_experiment_rig:-----
Preparing experiment input MRIs
INFO:dale_experiment_rig:### Creating MRI inputs parent dir: /home/dalehuang/Documents/ICL/msc_proj/SIRD-Simulator/scripts/r2p2/coord/config/manual-req-intervals/dale_experiments/Normal_Byteloads_1560B_8flo_99pt84Gbps/
INFO:dale_experiment_rig:File /home/dalehuang/Documents/ICL/msc_proj/SIRD-Simulator/scripts/r2p2/coord/config/manual-req-intervals/dale_experiments/Normal_Byteloads_1560B_8flo_99pt84Gbps/ aready exists.
DEBUG:dale_experiment_rig:num flows: 8
INFO:dale_experiment_rig:-----
Preparing experiment spec scripts
INFO:dale_experiment_rig:### Creating spec scripts parent dir: /home/dalehuang/Documents/ICL/msc_proj/SIRD-Simulator/scripts/r2p2/coord/config/dale_experiments/Normal_Byteloads_1560B_8flo_99pt84Gbps/
INFO:dale_experiment_rig:#### WARNING: File /home/dalehuang/Documents/ICL/msc_proj/SIRD-Simulator/scripts/r2p2/coord/config/dale_experiments/Normal_Byteloads_1560B_8flo_99pt84Gbps/ aready exists.
INFO:dale_experiment_rig:-----
Running experiment for SSIRD
INFO:dale_experiment_rig:### Script:/home/dalehuang/Documents/ICL/msc_proj/SIRD-Simulator/scripts/r2p2/coord/config/dale_experiments/Normal_Byteloads_1560B_8flo_99pt84Gbps/SSIRD-8flo-1000#-1560B-1000ns_1560B_8flo_99pt84Gbps.sh
INFO:dale_experiment_rig:### Output path (stdout): /home/dalehuang/Documents/ICL/msc_proj/SIRD-Simulator/scripts/r2p2/coord/outputs/Normal_Byteloads_1560B_8flo_99pt84Gbps/ssird_8flo-1000#-1560B-1000ns_1560B_8flo_99pt84Gbps_stdout.out
INFO:dale_experiment_rig:### Output path (stderr): /home/dalehuang/Documents/ICL/msc_proj/SIRD-Simulator/scripts/r2p2/coord/outputs/Normal_Byteloads_1560B_8flo_99pt84Gbps/ssird_8flo-1000#-1560B-1000ns_1560B_8flo_99pt84Gbps_stderr.out
INFO:dale_experiment_rig:-----
Backing up app trace file paths
DEBUG:dale_experiment_rig:/home/dalehuang/Documents/ICL/msc_proj/SIRD-Simulator/scripts/r2p2/post-process/experiment_app_trace_paths/Normal_Byteloads_1560B_8flo_99pt84Gbps/8flo/SSIRD_app_traces.txt
INFO:dale_experiment_rig:-----
Backing up app trace file paths
DEBUG:dale_experiment_rig:/home/dalehuang/Documents/ICL/msc_proj/SIRD-Simulator/scripts/r2p2/post-process/experiment_app_trace_paths/Normal_Byteloads_1560B_8flo_99pt84Gbps/8flo/DCTCP-50_app_traces.txt
INFO:dale_experiment_rig:Simulations ended at: 2025-08-03 14:42:53.683812
INFO:dale_experiment_rig:
##### POST PROCESS RESULTS #####
INFO:dale_experiment_rig:=====
** Num Byteloads Per Flow: 1000, Byteload Size (B): 1560, Inter-Byteload Interval (us): 1.0, ssird_sim_dur (s): 0.003, dctcp_sim_dur (s): 0.3
INFO:dale_experiment_rig:Processing SIRD results exp_id 0:: 8flo-1000#-1560B
INFO:dale_experiment_rig:Processing results from /home/dalehuang/Documents/ICL/msc_proj/SIRD-Simulator/scripts/r2p2/coord/results/SSIRD-8flo-1000#-1560B-1000ns_1560B_8flo_99pt84Gbps/data/SSIRD/60/applications_trace.str
INFO:dale_experiment_rig:Flow 0:: num of byteloads: 1000, num srq events: 1000, num rrq events: 995
DEBUG:dale_experiment_rig:Flow 0:: first_event_name: srq, final_event_name: rrq, expected_data_B: 1560000, recv_data_B: 1560000
INFO:dale_experiment_rig:Flow 1:: num of byteloads: 1000, num srq events: 1000, num rrq events: 993
DEBUG:dale_experiment_rig:Flow 1:: first_event_name: srq, final_event_name: rrq, expected_data_B: 1560000, recv_data_B: 1560000
INFO:dale_experiment_rig:Flow 2:: num of byteloads: 1000, num srq events: 1000, num rrq events: 991
DEBUG:dale_experiment_rig:Flow 2:: first_event_name: srq, final_event_name: rrq, expected_data_B: 1560000, recv_data_B: 1560000
INFO:dale_experiment_rig:Flow 3:: num of byteloads: 1000, num srq events: 1000, num rrq events: 988
DEBUG:dale_experiment_rig:Flow 3:: first_event_name: srq, final_event_name: rrq, expected_data_B: 1560000, recv_data_B: 1560000
INFO:dale_experiment_rig:Flow 4:: num of byteloads: 1000, num srq events: 1000, num rrq events: 982
DEBUG:dale_experiment_rig:Flow 4:: first_event_name: srq, final_event_name: rrq, expected_data_B: 1560000, recv_data_B: 1560000
INFO:dale_experiment_rig:Flow 5:: num of byteloads: 1000, num srq events: 1000, num rrq events: 773
DEBUG:dale_experiment_rig:Flow 5:: first_event_name: srq, final_event_name: rrq, expected_data_B: 1560000, recv_data_B: 1560000
INFO:dale_experiment_rig:Flow 6:: num of byteloads: 1000, num srq events: 1000, num rrq events: 1
DEBUG:dale_experiment_rig:Flow 6:: first_event_name: srq, final_event_name: rrq, expected_data_B: 1560000, recv_data_B: 1560000
INFO:dale_experiment_rig:Flow 7:: num of byteloads: 1000, num srq events: 1000, num rrq events: 1
DEBUG:dale_experiment_rig:Flow 7:: first_event_name: srq, final_event_name: rrq, expected_data_B: 1560000, recv_data_B: 1560000
INFO:dale_experiment_rig:SSIRD FCT: [0.0010018780000002891, 0.0010020150000009664, 0.0010021529999999501, 0.0010022910000007101, 0.0010024280000013874, 0.001002566000000371, 0.001025839000000417, 0.001163447000001483] ms
App Gdpt (overall): 99.92744744742804 Gbps
App Gdpt (per flow): [12.479999999997574, 12.479999999997574, 12.479999999997574, 12.479999999997574, 12.479999999997574, 12.479999999997574, 12.479999999997574, 12.479999999997574]
Network Gdpt (overall): 85.81396488183196
Network Gdpt (per flow): [12.456606493002539, 12.454903369698021, 12.453188285621678, 12.451473673804474, 12.449771953679194, 12.448058282442634, 12.165651725070823, 10.726745610228996]
ERROR:dale_experiment_rig:No results for DCTCP
INFO:dale_experiment_rig:
##### GENERATE METRICS #####
INFO:__main__:Total Flow Size (Bytes): 1560000
INFO:__main__:Total Injection Period (us): 1000
INFO:__main__:Byteload Size (Bytes): [1560]
INFO:__main__:Num Byteloads: [1000]
INFO:__main__:Intervals (us): [1.0]
INFO:__main__:Num flows: 8
DEBUG:__main__:Flow start times (us): [0, 0, 0, 0, 0, 0, 0, 0]
INFO:__main__:Gdpt Gbps theoretical: [99.84]
INFO:__main__:APP Gdpt Gbps measured (SSIRD): [99.92744744742804]
INFO:__main__:APP Gdpt Gbps measured (DCTCP): [None]
DEBUG:__main__:APP Gdpt Gbps measured per flow (SSIRD): [[12.479999999997574, 12.479999999997574, 12.479999999997574, 12.479999999997574, 12.479999999997574, 12.479999999997574, 12.479999999997574, 12.479999999997574]]
DEBUG:__main__:APP Gdpt Gbps measured per flow (DCTCP): [None]
INFO:__main__:NW Gdpt Gbps measured (SSIRD): [85.81396488183196]
INFO:__main__:NW Gdpt Gbps measured (DCTCP): [None]
DEBUG:__main__:NW Gdpt Gbps measured per flow (SSIRD): [[12.456606493002539, 12.454903369698021, 12.453188285621678, 12.451473673804474, 12.449771953679194, 12.448058282442634, 12.165651725070823, 10.726745610228996]]
DEBUG:__main__:NW Gdpt Gbps measured per flow (DCTCP): [None]
INFO:__main__:* Sim duration (SSIRD): [0.003, 0.003, 0.003, 0.003, 0.003]
INFO:__main__:* Sim duration (DCTCP): [0.3, 0.3, 0.3, 0.3, 0.3]
INFO:__main__:* SSIRD FCT: [[0.0010018780000002891, 0.0010020150000009664, 0.0010021529999999501, 0.0010022910000007101, 0.0010024280000013874, 0.001002566000000371, 0.001025839000000417, 0.001163447000001483]]
INFO:__main__:* DCTCP FCT: [None]
