DEBUG:__main__:Protos tested: ['SSIRD']
DEBUG:__main__:Total_flow_size_B: 156000
DEBUG:__main__:Byteload sizes list: [1560]
DEBUG:__main__:Num Flows: 8
DEBUG:__main__:Inter-flow spacing (us): 0
DEBUG:__main__:Flow start times (us): [0, 0, 0, 0, 0, 0, 0, 0]
DEBUG:__main__:Num Byteloads list: [100]
DEBUG:__main__:Total injection period (us): 100
DEBUG:__main__:Inter-Byteload Periods list: [1.0]
INFO:__main__:Total Flow Size (Bytes): 156000
INFO:__main__:Total Injection Period (us): 100
INFO:__main__:Byteload Size (Bytes): [1560]
INFO:__main__:Num Byteloads: [100]
INFO:__main__:Intervals (us): [1.0]
INFO:__main__:Num flows: 8
INFO:__main__:Gdpt GBps theoretical: [99.84]
INFO:__main__:* Sim duration (SSIRD): [0.005, 0.005, 0.005, 0.005, 0.005]
INFO:__main__:* Sim duration (DCTCP): [0.3, 0.3, 0.3, 0.3, 0.3]
INFO:dale_experiment_rig:Experiment started at: 2025-07-29 15:00:34.741720
INFO:dale_experiment_rig:
##### RUN GROUP #####
INFO:dale_experiment_rig:
=====
Execute experiment 8flo-100#-1560B-1000ns_1560B_8flo_99pt84Gbps
INFO:dale_experiment_rig:Flags: 1, 1, 1, 1, 0
INFO:dale_experiment_rig:ssird_sim_duration=0.005000; dctcp_sim_duration=0.300000
INFO:dale_experiment_rig:-----
Preparing experiment input MRIs
INFO:dale_experiment_rig:### Creating MRI inputs parent dir: /data/dh1723/SIRD-Simulator/scripts/r2p2/coord/config/manual-req-intervals/dale_experiments/Normal_Byteloads_1560B_8flo_99pt84Gbps/
DEBUG:dale_experiment_rig:num flows: 8
INFO:dale_experiment_rig:-----
Preparing experiment spec scripts
INFO:dale_experiment_rig:### Creating spec scripts parent dir: /data/dh1723/SIRD-Simulator/scripts/r2p2/coord/config/dale_experiments/Normal_Byteloads_1560B_8flo_99pt84Gbps/
INFO:dale_experiment_rig:-----
Running experiment for SSIRD
INFO:dale_experiment_rig:### Script:/data/dh1723/SIRD-Simulator/scripts/r2p2/coord/config/dale_experiments/Normal_Byteloads_1560B_8flo_99pt84Gbps/SSIRD-8flo-100#-1560B-1000ns_1560B_8flo_99pt84Gbps.sh
INFO:dale_experiment_rig:### Output path (stdout): /data/dh1723/SIRD-Simulator/scripts/r2p2/coord/outputs/Normal_Byteloads_1560B_8flo_99pt84Gbps/ssird_8flo-100#-1560B-1000ns_1560B_8flo_99pt84Gbps_stdout.out
INFO:dale_experiment_rig:### Output path (stderr): /data/dh1723/SIRD-Simulator/scripts/r2p2/coord/outputs/Normal_Byteloads_1560B_8flo_99pt84Gbps/ssird_8flo-100#-1560B-1000ns_1560B_8flo_99pt84Gbps_stderr.out
INFO:dale_experiment_rig:-----
Backing up app trace file paths
DEBUG:dale_experiment_rig:/data/dh1723/SIRD-Simulator/scripts/r2p2/post-process/experiment_app_trace_paths/Normal_Byteloads_1560B_8flo_99pt84Gbps/8flo/SSIRD_app_traces.txt
INFO:dale_experiment_rig:-----
Backing up app trace file paths
DEBUG:dale_experiment_rig:/data/dh1723/SIRD-Simulator/scripts/r2p2/post-process/experiment_app_trace_paths/Normal_Byteloads_1560B_8flo_99pt84Gbps/8flo/DCTCP-50_app_traces.txt
INFO:dale_experiment_rig:Simulations ended at: 2025-07-29 15:02:23.432760
INFO:dale_experiment_rig:
##### POST PROCESS RESULTS #####
INFO:dale_experiment_rig:=====
** Num Byteloads Per Flow: 100, Byteload Size (B): 1560, Inter-Byteload Interval (us): 1.0, ssird_sim_dur (s): 0.005, dctcp_sim_dur (s): 0.3
INFO:dale_experiment_rig:Processing SIRD results exp_id 0:: 8flo-100#-1560B
INFO:dale_experiment_rig:Processing results from /data/dh1723/SIRD-Simulator/scripts/r2p2/coord/results/SSIRD-8flo-100#-1560B-1000ns_1560B_8flo_99pt84Gbps/data/SSIRD/60/applications_trace.str
INFO:dale_experiment_rig:Flow 0:: num of byteloads: 100, num srq events: 100, num rrq events: 95
DEBUG:dale_experiment_rig:Flow 0:: first_event_name: srq, final_event_name: rrq, expected_data_B: 156000, recv_data_B: 156000
INFO:dale_experiment_rig:Flow 1:: num of byteloads: 100, num srq events: 100, num rrq events: 93
DEBUG:dale_experiment_rig:Flow 1:: first_event_name: srq, final_event_name: rrq, expected_data_B: 156000, recv_data_B: 156000
INFO:dale_experiment_rig:Flow 2:: num of byteloads: 100, num srq events: 100, num rrq events: 92
DEBUG:dale_experiment_rig:Flow 2:: first_event_name: srq, final_event_name: rrq, expected_data_B: 156000, recv_data_B: 156000
INFO:dale_experiment_rig:Flow 3:: num of byteloads: 100, num srq events: 100, num rrq events: 89
DEBUG:dale_experiment_rig:Flow 3:: first_event_name: srq, final_event_name: rrq, expected_data_B: 156000, recv_data_B: 156000
INFO:dale_experiment_rig:Flow 4:: num of byteloads: 100, num srq events: 100, num rrq events: 82
DEBUG:dale_experiment_rig:Flow 4:: first_event_name: srq, final_event_name: rrq, expected_data_B: 156000, recv_data_B: 156000
INFO:dale_experiment_rig:Flow 5:: num of byteloads: 100, num srq events: 100, num rrq events: 40
DEBUG:dale_experiment_rig:Flow 5:: first_event_name: srq, final_event_name: rrq, expected_data_B: 156000, recv_data_B: 156000
INFO:dale_experiment_rig:Flow 6:: num of byteloads: 100, num srq events: 100, num rrq events: 1
DEBUG:dale_experiment_rig:Flow 6:: first_event_name: srq, final_event_name: rrq, expected_data_B: 156000, recv_data_B: 156000
INFO:dale_experiment_rig:Flow 7:: num of byteloads: 100, num srq events: 100, num rrq events: 1
DEBUG:dale_experiment_rig:Flow 7:: first_event_name: srq, final_event_name: rrq, expected_data_B: 156000, recv_data_B: 156000
INFO:dale_experiment_rig:SSIRD FCT: [0.00010188400000110676, 0.00010202200000009043, 0.0001021660000013469, 0.00010231000000082702, 0.00010245500000038987, 0.00010259899999986999, 0.00011129000000131839, 0.00012446100000040872] ms, Gdpt (overall): 100.72242424189994 Gbps, Gdpt (per flow): [12.479999999935037, 12.479999999935037, 12.479999999935037, 12.479999999935037, 12.479999999935037, 12.479999999935037, 12.479999999935037, 12.479999999935037]
ERROR:dale_experiment_rig:No results for DCTCP
INFO:dale_experiment_rig:DCTCP FCT: None ms, Gtpt (overall): None Gbps, Gdpt (per flow): None
INFO:dale_experiment_rig:
##### GENERATE METRICS #####
INFO:__main__:Total Flow Size (Bytes): 156000
INFO:__main__:Total Injection Period (us): 100
INFO:__main__:Byteload Size (Bytes): [1560]
INFO:__main__:Num Byteloads: [100]
INFO:__main__:Intervals (us): [1.0]
INFO:__main__:Num flows: 8
DEBUG:__main__:Flow start times (us): [0, 0, 0, 0, 0, 0, 0, 0]
INFO:__main__:Gdpt Gbps theoretical: [99.84]
INFO:__main__:Gdpt Gbps measured (SSIRD): [100.72242424189994]
INFO:__main__:Gdpt Gbps measured (DCTCP): [None]
DEBUG:__main__:Gdpt Gbps measured per flow (SSIRD): [[12.479999999935037, 12.479999999935037, 12.479999999935037, 12.479999999935037, 12.479999999935037, 12.479999999935037, 12.479999999935037, 12.479999999935037]]
DEBUG:__main__:Gdpt Gbps measured per flow (DCTCP): [None]
INFO:__main__:* Sim duration (SSIRD): [0.005, 0.005, 0.005, 0.005, 0.005]
INFO:__main__:* Sim duration (DCTCP): [0.3, 0.3, 0.3, 0.3, 0.3]
INFO:__main__:* SSIRD FCT: [[0.00010188400000110676, 0.00010202200000009043, 0.0001021660000013469, 0.00010231000000082702, 0.00010245500000038987, 0.00010259899999986999, 0.00011129000000131839, 0.00012446100000040872]]
INFO:__main__:* DCTCP FCT: [None]
