DEBUG:__main__:Protos tested: ['SSIRD', 'DCTCP-50']
DEBUG:__main__:Total_flow_size_B: 4000000
DEBUG:__main__:Byteload sizes list: [4000, 40000, 400000]
DEBUG:__main__:Num Flows: 15
DEBUG:__main__:Inter-flow spacing (us): 0
DEBUG:__main__:Flow start times (us): [0, 0, 0, 0, 0, 0, 0, 0, 0, 0, 0, 0, 0, 0, 0]
DEBUG:__main__:Num Byteloads list: [1000, 100, 10]
DEBUG:__main__:Total injection period (us): 10000
DEBUG:__main__:Inter-Byteload Periods list: [10.0, 100.0, 1000.0]
INFO:__main__:Total Flow Size (Bytes): 4000000
INFO:__main__:Total Injection Period (us): 10000
INFO:__main__:Byteload Size (Bytes): [4000, 40000, 400000]
INFO:__main__:Num Byteloads: [1000, 100, 10]
INFO:__main__:Intervals (us): [10.0, 100.0, 1000.0]
INFO:__main__:Num flows: 15
INFO:__main__:Gdpt GBps theoretical: [48.0, 48.0, 48.0]
INFO:__main__:* Sim duration (SSIRD): [0.012, 0.012, 0.012]
INFO:__main__:* Sim duration (DCTCP): [0.012, 0.012, 0.012]
INFO:dale_experiment_rig:
##### RUN GROUP #####
INFO:dale_experiment_rig:
=====
Execute experiment 15flo-1000#-4000B-10000ns_largepkt_multiflow
INFO:dale_experiment_rig:
=====
Execute experiment 15flo-1000#-4000B-10000ns_largepkt_multiflow
INFO:dale_experiment_rig:Flags: 1, 1, 1, 1, 0
INFO:dale_experiment_rig:
=====
Execute experiment 15flo-100#-40000B-100000ns_largepkt_multiflow
INFO:dale_experiment_rig:Flags: 1, 1, 1, 1, 0
INFO:dale_experiment_rig:ssird_sim_duration=0.012000; dctcp_sim_duration=0.012000
INFO:dale_experiment_rig:Flags: 1, 1, 1, 1, 0
INFO:dale_experiment_rig:
=====
Execute experiment 15flo-100#-40000B-100000ns_largepkt_multiflow
INFO:dale_experiment_rig:ssird_sim_duration=0.012000; dctcp_sim_duration=0.012000
INFO:dale_experiment_rig:-----
Preparing experiment input MRIs
INFO:dale_experiment_rig:
=====
Execute experiment 15flo-10#-400000B-1000000ns_largepkt_multiflow
INFO:dale_experiment_rig:ssird_sim_duration=0.012000; dctcp_sim_duration=0.012000
INFO:dale_experiment_rig:
=====
Execute experiment 15flo-10#-400000B-1000000ns_largepkt_multiflow
INFO:dale_experiment_rig:Flags: 1, 1, 1, 1, 0
INFO:dale_experiment_rig:-----
Preparing experiment input MRIs
INFO:dale_experiment_rig:### Creating MRI inputs parent dir: /data/dh1723/SIRD-Simulator/scripts/r2p2/coord/config/manual-req-intervals/dale_experiments/FCT_Large_Byteloads_largepkt_multiflow/
INFO:dale_experiment_rig:Flags: 1, 1, 1, 1, 0
INFO:dale_experiment_rig:-----
Preparing experiment input MRIs
INFO:dale_experiment_rig:Flags: 1, 1, 1, 1, 0
INFO:dale_experiment_rig:ssird_sim_duration=0.012000; dctcp_sim_duration=0.012000
INFO:dale_experiment_rig:### Creating MRI inputs parent dir: /data/dh1723/SIRD-Simulator/scripts/r2p2/coord/config/manual-req-intervals/dale_experiments/FCT_Large_Byteloads_largepkt_multiflow/
INFO:dale_experiment_rig:File /data/dh1723/SIRD-Simulator/scripts/r2p2/coord/config/manual-req-intervals/dale_experiments/FCT_Large_Byteloads_largepkt_multiflow/ aready exists.
INFO:dale_experiment_rig:ssird_sim_duration=0.012000; dctcp_sim_duration=0.012000
INFO:dale_experiment_rig:### Creating MRI inputs parent dir: /data/dh1723/SIRD-Simulator/scripts/r2p2/coord/config/manual-req-intervals/dale_experiments/FCT_Large_Byteloads_largepkt_multiflow/
INFO:dale_experiment_rig:ssird_sim_duration=0.012000; dctcp_sim_duration=0.012000
INFO:dale_experiment_rig:-----
Preparing experiment input MRIs
INFO:dale_experiment_rig:File /data/dh1723/SIRD-Simulator/scripts/r2p2/coord/config/manual-req-intervals/dale_experiments/FCT_Large_Byteloads_largepkt_multiflow/ aready exists.
INFO:dale_experiment_rig:-----
Preparing experiment input MRIs
INFO:dale_experiment_rig:File /data/dh1723/SIRD-Simulator/scripts/r2p2/coord/config/manual-req-intervals/dale_experiments/FCT_Large_Byteloads_largepkt_multiflow/ aready exists.
INFO:dale_experiment_rig:-----
Preparing experiment input MRIs
INFO:dale_experiment_rig:### Creating MRI inputs parent dir: /data/dh1723/SIRD-Simulator/scripts/r2p2/coord/config/manual-req-intervals/dale_experiments/FCT_Large_Byteloads_largepkt_multiflow/
INFO:dale_experiment_rig:-----
Preparing experiment spec scripts
INFO:dale_experiment_rig:### Creating MRI inputs parent dir: /data/dh1723/SIRD-Simulator/scripts/r2p2/coord/config/manual-req-intervals/dale_experiments/FCT_Large_Byteloads_largepkt_multiflow/
INFO:dale_experiment_rig:### Creating MRI inputs parent dir: /data/dh1723/SIRD-Simulator/scripts/r2p2/coord/config/manual-req-intervals/dale_experiments/FCT_Large_Byteloads_largepkt_multiflow/
INFO:dale_experiment_rig:-----
Preparing experiment spec scripts
INFO:dale_experiment_rig:File /data/dh1723/SIRD-Simulator/scripts/r2p2/coord/config/manual-req-intervals/dale_experiments/FCT_Large_Byteloads_largepkt_multiflow/ aready exists.
INFO:dale_experiment_rig:-----
Preparing experiment spec scripts
INFO:dale_experiment_rig:### Creating spec scripts parent dir: /data/dh1723/SIRD-Simulator/scripts/r2p2/coord/config/dale_experiments/FCT_Large_Byteloads_largepkt_multiflow/
INFO:dale_experiment_rig:File /data/dh1723/SIRD-Simulator/scripts/r2p2/coord/config/manual-req-intervals/dale_experiments/FCT_Large_Byteloads_largepkt_multiflow/ aready exists.
INFO:dale_experiment_rig:File /data/dh1723/SIRD-Simulator/scripts/r2p2/coord/config/manual-req-intervals/dale_experiments/FCT_Large_Byteloads_largepkt_multiflow/ aready exists.
INFO:dale_experiment_rig:### Creating spec scripts parent dir: /data/dh1723/SIRD-Simulator/scripts/r2p2/coord/config/dale_experiments/FCT_Large_Byteloads_largepkt_multiflow/
INFO:dale_experiment_rig:### Creating spec scripts parent dir: /data/dh1723/SIRD-Simulator/scripts/r2p2/coord/config/dale_experiments/FCT_Large_Byteloads_largepkt_multiflow/
INFO:dale_experiment_rig:#### WARNING: File /data/dh1723/SIRD-Simulator/scripts/r2p2/coord/config/dale_experiments/FCT_Large_Byteloads_largepkt_multiflow/ aready exists.
INFO:dale_experiment_rig:-----
Preparing experiment spec scripts
INFO:dale_experiment_rig:-----
Preparing experiment spec scripts
INFO:dale_experiment_rig:-----
Preparing experiment spec scripts
INFO:dale_experiment_rig:#### WARNING: File /data/dh1723/SIRD-Simulator/scripts/r2p2/coord/config/dale_experiments/FCT_Large_Byteloads_largepkt_multiflow/ aready exists.
INFO:dale_experiment_rig:#### WARNING: File /data/dh1723/SIRD-Simulator/scripts/r2p2/coord/config/dale_experiments/FCT_Large_Byteloads_largepkt_multiflow/ aready exists.
INFO:dale_experiment_rig:### Creating spec scripts parent dir: /data/dh1723/SIRD-Simulator/scripts/r2p2/coord/config/dale_experiments/FCT_Large_Byteloads_largepkt_multiflow/
INFO:dale_experiment_rig:### Creating spec scripts parent dir: /data/dh1723/SIRD-Simulator/scripts/r2p2/coord/config/dale_experiments/FCT_Large_Byteloads_largepkt_multiflow/
INFO:dale_experiment_rig:### Creating spec scripts parent dir: /data/dh1723/SIRD-Simulator/scripts/r2p2/coord/config/dale_experiments/FCT_Large_Byteloads_largepkt_multiflow/
INFO:dale_experiment_rig:-----
Running experiment for SSIRD
INFO:dale_experiment_rig:#### WARNING: File /data/dh1723/SIRD-Simulator/scripts/r2p2/coord/config/dale_experiments/FCT_Large_Byteloads_largepkt_multiflow/ aready exists.
INFO:dale_experiment_rig:#### WARNING: File /data/dh1723/SIRD-Simulator/scripts/r2p2/coord/config/dale_experiments/FCT_Large_Byteloads_largepkt_multiflow/ aready exists.
INFO:dale_experiment_rig:#### WARNING: File /data/dh1723/SIRD-Simulator/scripts/r2p2/coord/config/dale_experiments/FCT_Large_Byteloads_largepkt_multiflow/ aready exists.
INFO:dale_experiment_rig:-----
Running experiment for SSIRD
INFO:dale_experiment_rig:### Script:/data/dh1723/SIRD-Simulator/scripts/r2p2/coord/config/dale_experiments/FCT_Large_Byteloads_largepkt_multiflow/SSIRD-15flo-1000#-4000B-10000ns_largepkt_multiflow.sh
INFO:dale_experiment_rig:-----
Running experiment for DCTCP-50
INFO:dale_experiment_rig:### Script:/data/dh1723/SIRD-Simulator/scripts/r2p2/coord/config/dale_experiments/FCT_Large_Byteloads_largepkt_multiflow/SSIRD-15flo-100#-40000B-100000ns_largepkt_multiflow.sh
INFO:dale_experiment_rig:### Output path (stdout): /data/dh1723/SIRD-Simulator/scripts/r2p2/coord/outputs/FCT_Large_Byteloads_largepkt_multiflow/ssird_15flo-1000#-4000B-10000ns_largepkt_multiflow_stdout.out
INFO:dale_experiment_rig:### Script:/data/dh1723/SIRD-Simulator/scripts/r2p2/coord/config/dale_experiments/FCT_Large_Byteloads_largepkt_multiflow/DCTCP-50-15flo-1000#-4000B-10000ns_largepkt_multiflow.sh
INFO:dale_experiment_rig:### Output path (stdout): /data/dh1723/SIRD-Simulator/scripts/r2p2/coord/outputs/FCT_Large_Byteloads_largepkt_multiflow/ssird_15flo-100#-40000B-100000ns_largepkt_multiflow_stdout.out
INFO:dale_experiment_rig:### Output path (stderr): /data/dh1723/SIRD-Simulator/scripts/r2p2/coord/outputs/FCT_Large_Byteloads_largepkt_multiflow/ssird_15flo-1000#-4000B-10000ns_largepkt_multiflow_stderr.out
INFO:dale_experiment_rig:### Output path (stdout): /data/dh1723/SIRD-Simulator/scripts/r2p2/coord/outputs/FCT_Large_Byteloads_largepkt_multiflow/DCTCP-50_15flo-1000#-4000B-10000ns_largepkt_multiflow_stdout.out
INFO:dale_experiment_rig:-----
Running experiment for SSIRD
INFO:dale_experiment_rig:### Output path (stderr): /data/dh1723/SIRD-Simulator/scripts/r2p2/coord/outputs/FCT_Large_Byteloads_largepkt_multiflow/ssird_15flo-100#-40000B-100000ns_largepkt_multiflow_stderr.out
INFO:dale_experiment_rig:-----
Running experiment for DCTCP-50
INFO:dale_experiment_rig:-----
Running experiment for DCTCP-50
INFO:dale_experiment_rig:### Output path (stderr): /data/dh1723/SIRD-Simulator/scripts/r2p2/coord/outputs/FCT_Large_Byteloads_largepkt_multiflow/DCTCP-50_15flo-1000#-4000B-10000ns_largepkt_multiflow_stderr.out
INFO:dale_experiment_rig:### Script:/data/dh1723/SIRD-Simulator/scripts/r2p2/coord/config/dale_experiments/FCT_Large_Byteloads_largepkt_multiflow/SSIRD-15flo-10#-400000B-1000000ns_largepkt_multiflow.sh
INFO:dale_experiment_rig:### Script:/data/dh1723/SIRD-Simulator/scripts/r2p2/coord/config/dale_experiments/FCT_Large_Byteloads_largepkt_multiflow/DCTCP-50-15flo-10#-400000B-1000000ns_largepkt_multiflow.sh
INFO:dale_experiment_rig:### Script:/data/dh1723/SIRD-Simulator/scripts/r2p2/coord/config/dale_experiments/FCT_Large_Byteloads_largepkt_multiflow/DCTCP-50-15flo-100#-40000B-100000ns_largepkt_multiflow.sh
INFO:dale_experiment_rig:### Output path (stdout): /data/dh1723/SIRD-Simulator/scripts/r2p2/coord/outputs/FCT_Large_Byteloads_largepkt_multiflow/ssird_15flo-10#-400000B-1000000ns_largepkt_multiflow_stdout.out
INFO:dale_experiment_rig:### Output path (stdout): /data/dh1723/SIRD-Simulator/scripts/r2p2/coord/outputs/FCT_Large_Byteloads_largepkt_multiflow/DCTCP-50_15flo-10#-400000B-1000000ns_largepkt_multiflow_stdout.out
INFO:dale_experiment_rig:### Output path (stdout): /data/dh1723/SIRD-Simulator/scripts/r2p2/coord/outputs/FCT_Large_Byteloads_largepkt_multiflow/DCTCP-50_15flo-100#-40000B-100000ns_largepkt_multiflow_stdout.out
INFO:dale_experiment_rig:### Output path (stderr): /data/dh1723/SIRD-Simulator/scripts/r2p2/coord/outputs/FCT_Large_Byteloads_largepkt_multiflow/ssird_15flo-10#-400000B-1000000ns_largepkt_multiflow_stderr.out
INFO:dale_experiment_rig:### Output path (stderr): /data/dh1723/SIRD-Simulator/scripts/r2p2/coord/outputs/FCT_Large_Byteloads_largepkt_multiflow/DCTCP-50_15flo-10#-400000B-1000000ns_largepkt_multiflow_stderr.out
INFO:dale_experiment_rig:### Output path (stderr): /data/dh1723/SIRD-Simulator/scripts/r2p2/coord/outputs/FCT_Large_Byteloads_largepkt_multiflow/DCTCP-50_15flo-100#-40000B-100000ns_largepkt_multiflow_stderr.out
INFO:dale_experiment_rig:-----
Backing up app trace file paths
DEBUG:dale_experiment_rig:/data/dh1723/SIRD-Simulator/scripts/r2p2/post-process/experiment_app_trace_paths/FCT_Large_Byteloads_largepkt_multiflow/15flo/SSIRD_app_traces.txt
INFO:dale_experiment_rig:-----
Backing up app trace file paths
DEBUG:dale_experiment_rig:/data/dh1723/SIRD-Simulator/scripts/r2p2/post-process/experiment_app_trace_paths/FCT_Large_Byteloads_largepkt_multiflow/15flo/DCTCP-50_app_traces.txt
INFO:dale_experiment_rig:
##### POST PROCESS RESULTS #####
INFO:dale_experiment_rig:=====
** Num Byteloads Per Flow: 1000, Byteload Size (B): 4000, Inter-Byteload Interval (us): 10.0, ssird_sim_dur (s): 0.012, dctcp_sim_dur (s): 0.012
INFO:dale_experiment_rig:Processing SIRD results exp_id 0:: 15flo-1000#-4000B
INFO:dale_experiment_rig:Processing results from /data/dh1723/SIRD-Simulator/scripts/r2p2/coord/results/SSIRD-15flo-1000#-4000B-10000ns_largepkt_multiflow/data/SSIRD/60/applications_trace.str
INFO:dale_experiment_rig:Flow 0:: num of byteloads: 1000, num srq events: 1000, num rrq events: 1000
DEBUG:dale_experiment_rig:Flow 0:: first_event_name: srq, final_event_name: rrq, expected_data_B: 4000000, recv_data_B: 4000000
INFO:dale_experiment_rig:Flow 1:: num of byteloads: 1000, num srq events: 1000, num rrq events: 1000
DEBUG:dale_experiment_rig:Flow 1:: first_event_name: srq, final_event_name: rrq, expected_data_B: 4000000, recv_data_B: 4000000
INFO:dale_experiment_rig:Flow 2:: num of byteloads: 1000, num srq events: 1000, num rrq events: 1000
DEBUG:dale_experiment_rig:Flow 2:: first_event_name: srq, final_event_name: rrq, expected_data_B: 4000000, recv_data_B: 4000000
INFO:dale_experiment_rig:Flow 3:: num of byteloads: 1000, num srq events: 1000, num rrq events: 1000
DEBUG:dale_experiment_rig:Flow 3:: first_event_name: srq, final_event_name: rrq, expected_data_B: 4000000, recv_data_B: 3200000
ERROR:dale_experiment_rig:Missing data! flow_id: 3: total bytes recv: 3200000, expected flow size = 4000000, diff = 800000
INFO:dale_experiment_rig:Flow 4:: num of byteloads: 1000, num srq events: 1000, num rrq events: 1000
DEBUG:dale_experiment_rig:Flow 4:: first_event_name: srq, final_event_name: rrq, expected_data_B: 4000000, recv_data_B: 4000000
INFO:dale_experiment_rig:Flow 5:: num of byteloads: 1000, num srq events: 1000, num rrq events: 1000
DEBUG:dale_experiment_rig:Flow 5:: first_event_name: srq, final_event_name: rrq, expected_data_B: 4000000, recv_data_B: 4000000
INFO:dale_experiment_rig:Flow 6:: num of byteloads: 1000, num srq events: 1000, num rrq events: 1000
DEBUG:dale_experiment_rig:Flow 6:: first_event_name: srq, final_event_name: rrq, expected_data_B: 4000000, recv_data_B: 4000000
INFO:dale_experiment_rig:Flow 7:: num of byteloads: 1000, num srq events: 1000, num rrq events: 1000
DEBUG:dale_experiment_rig:Flow 7:: first_event_name: srq, final_event_name: rrq, expected_data_B: 4000000, recv_data_B: 4000000
INFO:dale_experiment_rig:Flow 8:: num of byteloads: 1000, num srq events: 1000, num rrq events: 1000
DEBUG:dale_experiment_rig:Flow 8:: first_event_name: srq, final_event_name: rrq, expected_data_B: 4000000, recv_data_B: 4000000
INFO:dale_experiment_rig:Flow 9:: num of byteloads: 1000, num srq events: 1000, num rrq events: 1000
DEBUG:dale_experiment_rig:Flow 9:: first_event_name: srq, final_event_name: rrq, expected_data_B: 4000000, recv_data_B: 4000000
INFO:dale_experiment_rig:Flow 10:: num of byteloads: 1000, num srq events: 1000, num rrq events: 1000
DEBUG:dale_experiment_rig:Flow 10:: first_event_name: srq, final_event_name: rrq, expected_data_B: 4000000, recv_data_B: 4000000
INFO:dale_experiment_rig:Flow 11:: num of byteloads: 1000, num srq events: 1000, num rrq events: 1000
DEBUG:dale_experiment_rig:Flow 11:: first_event_name: srq, final_event_name: rrq, expected_data_B: 4000000, recv_data_B: 4000000
INFO:dale_experiment_rig:Flow 12:: num of byteloads: 1000, num srq events: 1000, num rrq events: 1000
DEBUG:dale_experiment_rig:Flow 12:: first_event_name: srq, final_event_name: rrq, expected_data_B: 4000000, recv_data_B: 4000000
INFO:dale_experiment_rig:Flow 13:: num of byteloads: 1000, num srq events: 1000, num rrq events: 999
DEBUG:dale_experiment_rig:Flow 13:: first_event_name: srq, final_event_name: rrq, expected_data_B: 4000000, recv_data_B: 4000000
INFO:dale_experiment_rig:Flow 14:: num of byteloads: 1000, num srq events: 1000, num rrq events: 667
DEBUG:dale_experiment_rig:Flow 14:: first_event_name: srq, final_event_name: rrq, expected_data_B: 4000000, recv_data_B: 4000000
INFO:dale_experiment_rig:SSIRD FCT: [0.009997756000000635, 0.00999812600000105, 0.009998482000000308, 0.009998822000000018, 0.009999161000001422, 0.00999950000000105, 0.009999839000000676, 0.010000178000000304, 0.010000518000000014, 0.010000857000001417, 0.010001196000001045, 0.010001535000000672, 0.0100018740000003, 0.01000221400000001, 0.010002553000001413] ms, Gdpt (overall): 48.04484484484405 Gbps, Gdpt (per flow): [3.1999999999999473, 3.1999999999999473, 3.1999999999999473, 3.1999999999999473, 3.1999999999999473, 3.1999999999999473, 3.1999999999999473, 3.1999999999999473, 3.1999999999999473, 3.1999999999999473, 3.1999999999999473, 3.1999999999999473, 3.1999999999999473, 3.1999999999999473, 3.1999999999999473]
INFO:dale_experiment_rig:Processing DCTCP results exp_id 0:: 15flo-1000#-4000B
INFO:dale_experiment_rig:Processing results from /data/dh1723/SIRD-Simulator/scripts/r2p2/coord/results/DCTCP-50-15flo-1000#-4000B-10000ns_largepkt_multiflow/data/DCTCP-50/60/applications_trace.str
INFO:dale_experiment_rig:Flow 0:: num of byteloads: 1000, num srq events: 1000, num rrq events: 1000
DEBUG:dale_experiment_rig:Flow 0:: first_event_name: srq, final_event_name: rrq, expected_data_B: 4000000, recv_data_B: 4000000
INFO:dale_experiment_rig:Flow 1:: num of byteloads: 1000, num srq events: 1000, num rrq events: 1000
DEBUG:dale_experiment_rig:Flow 1:: first_event_name: srq, final_event_name: rrq, expected_data_B: 4000000, recv_data_B: 4000000
INFO:dale_experiment_rig:Flow 2:: num of byteloads: 1000, num srq events: 1000, num rrq events: 1000
DEBUG:dale_experiment_rig:Flow 2:: first_event_name: srq, final_event_name: rrq, expected_data_B: 4000000, recv_data_B: 4000000
INFO:dale_experiment_rig:Flow 3:: num of byteloads: 1000, num srq events: 1000, num rrq events: 1000
DEBUG:dale_experiment_rig:Flow 3:: first_event_name: srq, final_event_name: rrq, expected_data_B: 4000000, recv_data_B: 4000000
INFO:dale_experiment_rig:Flow 4:: num of byteloads: 1000, num srq events: 1000, num rrq events: 1000
DEBUG:dale_experiment_rig:Flow 4:: first_event_name: srq, final_event_name: rrq, expected_data_B: 4000000, recv_data_B: 4000000
INFO:dale_experiment_rig:Flow 5:: num of byteloads: 1000, num srq events: 1000, num rrq events: 1000
DEBUG:dale_experiment_rig:Flow 5:: first_event_name: srq, final_event_name: rrq, expected_data_B: 4000000, recv_data_B: 4000000
INFO:dale_experiment_rig:Flow 6:: num of byteloads: 1000, num srq events: 1000, num rrq events: 1000
DEBUG:dale_experiment_rig:Flow 6:: first_event_name: srq, final_event_name: rrq, expected_data_B: 4000000, recv_data_B: 4000000
INFO:dale_experiment_rig:Flow 7:: num of byteloads: 1000, num srq events: 1000, num rrq events: 1000
DEBUG:dale_experiment_rig:Flow 7:: first_event_name: srq, final_event_name: rrq, expected_data_B: 4000000, recv_data_B: 4000000
INFO:dale_experiment_rig:Flow 8:: num of byteloads: 1000, num srq events: 1000, num rrq events: 1000
DEBUG:dale_experiment_rig:Flow 8:: first_event_name: srq, final_event_name: rrq, expected_data_B: 4000000, recv_data_B: 4000000
INFO:dale_experiment_rig:Flow 9:: num of byteloads: 1000, num srq events: 1000, num rrq events: 1000
DEBUG:dale_experiment_rig:Flow 9:: first_event_name: srq, final_event_name: rrq, expected_data_B: 4000000, recv_data_B: 4000000
INFO:dale_experiment_rig:Flow 10:: num of byteloads: 1000, num srq events: 1000, num rrq events: 1000
DEBUG:dale_experiment_rig:Flow 10:: first_event_name: srq, final_event_name: rrq, expected_data_B: 4000000, recv_data_B: 4000000
INFO:dale_experiment_rig:Flow 11:: num of byteloads: 1000, num srq events: 1000, num rrq events: 1000
DEBUG:dale_experiment_rig:Flow 11:: first_event_name: srq, final_event_name: rrq, expected_data_B: 4000000, recv_data_B: 4000000
INFO:dale_experiment_rig:Flow 12:: num of byteloads: 1000, num srq events: 1000, num rrq events: 1000
DEBUG:dale_experiment_rig:Flow 12:: first_event_name: srq, final_event_name: rrq, expected_data_B: 4000000, recv_data_B: 4000000
INFO:dale_experiment_rig:Flow 13:: num of byteloads: 1000, num srq events: 1000, num rrq events: 1000
DEBUG:dale_experiment_rig:Flow 13:: first_event_name: srq, final_event_name: rrq, expected_data_B: 4000000, recv_data_B: 4000000
INFO:dale_experiment_rig:Flow 14:: num of byteloads: 1000, num srq events: 1000, num rrq events: 1000
DEBUG:dale_experiment_rig:Flow 14:: first_event_name: srq, final_event_name: rrq, expected_data_B: 4000000, recv_data_B: 4000000
INFO:dale_experiment_rig:DCTCP FCT: [0.009992962000000105, 0.009993300000001426, 0.009993639000001053, 0.00999397800000068, 0.009994317000000308, 0.009994655000001629, 0.009994994000001256, 0.009995333000000883, 0.00999567200000051, 0.009996010000000055, 0.009996349000001459, 0.009996688000001086, 0.00999702600000063, 0.009997365000000258, 0.009997703999999885] ms, Gtpt (overall): 48.04484484484405 Gbps, Gdpt (per flow): [3.1999999999999473, 3.1999999999999473, 3.1999999999999473, 3.1999999999999473, 3.1999999999999473, 3.1999999999999473, 3.1999999999999473, 3.1999999999999473, 3.1999999999999473, 3.1999999999999473, 3.1999999999999473, 3.1999999999999473, 3.1999999999999473, 3.1999999999999473, 3.1999999999999473]
INFO:dale_experiment_rig:=====
** Num Byteloads Per Flow: 100, Byteload Size (B): 40000, Inter-Byteload Interval (us): 100.0, ssird_sim_dur (s): 0.012, dctcp_sim_dur (s): 0.012
INFO:dale_experiment_rig:Processing SIRD results exp_id 1:: 15flo-100#-40000B
INFO:dale_experiment_rig:Processing results from /data/dh1723/SIRD-Simulator/scripts/r2p2/coord/results/SSIRD-15flo-100#-40000B-100000ns_largepkt_multiflow/data/SSIRD/60/applications_trace.str
INFO:dale_experiment_rig:Flow 0:: num of byteloads: 100, num srq events: 100, num rrq events: 100
DEBUG:dale_experiment_rig:Flow 0:: first_event_name: srq, final_event_name: rrq, expected_data_B: 4000000, recv_data_B: 4000000
INFO:dale_experiment_rig:Flow 1:: num of byteloads: 100, num srq events: 100, num rrq events: 100
DEBUG:dale_experiment_rig:Flow 1:: first_event_name: srq, final_event_name: rrq, expected_data_B: 4000000, recv_data_B: 4000000
INFO:dale_experiment_rig:Flow 2:: num of byteloads: 100, num srq events: 100, num rrq events: 100
DEBUG:dale_experiment_rig:Flow 2:: first_event_name: srq, final_event_name: rrq, expected_data_B: 4000000, recv_data_B: 4000000
INFO:dale_experiment_rig:Flow 3:: num of byteloads: 100, num srq events: 100, num rrq events: 100
DEBUG:dale_experiment_rig:Flow 3:: first_event_name: srq, final_event_name: rrq, expected_data_B: 4000000, recv_data_B: 3200000
ERROR:dale_experiment_rig:Missing data! flow_id: 3: total bytes recv: 3200000, expected flow size = 4000000, diff = 800000
INFO:dale_experiment_rig:Flow 4:: num of byteloads: 100, num srq events: 100, num rrq events: 100
DEBUG:dale_experiment_rig:Flow 4:: first_event_name: srq, final_event_name: rrq, expected_data_B: 4000000, recv_data_B: 4000000
INFO:dale_experiment_rig:Flow 5:: num of byteloads: 100, num srq events: 100, num rrq events: 100
DEBUG:dale_experiment_rig:Flow 5:: first_event_name: srq, final_event_name: rrq, expected_data_B: 4000000, recv_data_B: 4000000
INFO:dale_experiment_rig:Flow 6:: num of byteloads: 100, num srq events: 100, num rrq events: 100
DEBUG:dale_experiment_rig:Flow 6:: first_event_name: srq, final_event_name: rrq, expected_data_B: 4000000, recv_data_B: 4000000
INFO:dale_experiment_rig:Flow 7:: num of byteloads: 100, num srq events: 100, num rrq events: 100
DEBUG:dale_experiment_rig:Flow 7:: first_event_name: srq, final_event_name: rrq, expected_data_B: 4000000, recv_data_B: 4000000
INFO:dale_experiment_rig:Flow 8:: num of byteloads: 100, num srq events: 100, num rrq events: 100
DEBUG:dale_experiment_rig:Flow 8:: first_event_name: srq, final_event_name: rrq, expected_data_B: 4000000, recv_data_B: 4000000
INFO:dale_experiment_rig:Flow 9:: num of byteloads: 100, num srq events: 100, num rrq events: 100
DEBUG:dale_experiment_rig:Flow 9:: first_event_name: srq, final_event_name: rrq, expected_data_B: 4000000, recv_data_B: 4000000
INFO:dale_experiment_rig:Flow 10:: num of byteloads: 100, num srq events: 100, num rrq events: 100
DEBUG:dale_experiment_rig:Flow 10:: first_event_name: srq, final_event_name: rrq, expected_data_B: 4000000, recv_data_B: 4000000
INFO:dale_experiment_rig:Flow 11:: num of byteloads: 100, num srq events: 100, num rrq events: 100
DEBUG:dale_experiment_rig:Flow 11:: first_event_name: srq, final_event_name: rrq, expected_data_B: 4000000, recv_data_B: 4000000
INFO:dale_experiment_rig:Flow 12:: num of byteloads: 100, num srq events: 100, num rrq events: 100
DEBUG:dale_experiment_rig:Flow 12:: first_event_name: srq, final_event_name: rrq, expected_data_B: 4000000, recv_data_B: 4000000
INFO:dale_experiment_rig:Flow 13:: num of byteloads: 100, num srq events: 100, num rrq events: 100
DEBUG:dale_experiment_rig:Flow 13:: first_event_name: srq, final_event_name: rrq, expected_data_B: 4000000, recv_data_B: 4000000
INFO:dale_experiment_rig:Flow 14:: num of byteloads: 100, num srq events: 100, num rrq events: 100
DEBUG:dale_experiment_rig:Flow 14:: first_event_name: srq, final_event_name: rrq, expected_data_B: 4000000, recv_data_B: 4000000
INFO:dale_experiment_rig:SSIRD FCT: [0.009911042000000592, 0.009914462000001123, 0.0099178490000007, 0.009921229000001475, 0.00992460800000039, 0.009927987000001082, 0.009931365999999997, 0.009934745000000689, 0.009938125000001463, 0.009941504000000378, 0.00994488300000107, 0.009948261999999986, 0.009951641000000677, 0.009955021000001452, 0.009958400000000367] ms, Gdpt (overall): 48.452525252525156 Gbps, Gdpt (per flow): [3.199999999999994, 3.199999999999994, 3.199999999999994, 3.199999999999994, 3.199999999999994, 3.199999999999994, 3.199999999999994, 3.199999999999994, 3.199999999999994, 3.199999999999994, 3.199999999999994, 3.199999999999994, 3.199999999999994, 3.199999999999994, 3.199999999999994]
INFO:dale_experiment_rig:Processing DCTCP results exp_id 1:: 15flo-100#-40000B
INFO:dale_experiment_rig:Processing results from /data/dh1723/SIRD-Simulator/scripts/r2p2/coord/results/DCTCP-50-15flo-100#-40000B-100000ns_largepkt_multiflow/data/DCTCP-50/60/applications_trace.str
INFO:dale_experiment_rig:Flow 0:: num of byteloads: 100, num srq events: 100, num rrq events: 100
DEBUG:dale_experiment_rig:Flow 0:: first_event_name: srq, final_event_name: rrq, expected_data_B: 4000000, recv_data_B: 4000000
INFO:dale_experiment_rig:Flow 1:: num of byteloads: 100, num srq events: 100, num rrq events: 100
DEBUG:dale_experiment_rig:Flow 1:: first_event_name: srq, final_event_name: rrq, expected_data_B: 4000000, recv_data_B: 4000000
INFO:dale_experiment_rig:Flow 2:: num of byteloads: 100, num srq events: 100, num rrq events: 100
DEBUG:dale_experiment_rig:Flow 2:: first_event_name: srq, final_event_name: rrq, expected_data_B: 4000000, recv_data_B: 4000000
INFO:dale_experiment_rig:Flow 3:: num of byteloads: 100, num srq events: 100, num rrq events: 100
DEBUG:dale_experiment_rig:Flow 3:: first_event_name: srq, final_event_name: rrq, expected_data_B: 4000000, recv_data_B: 4000000
INFO:dale_experiment_rig:Flow 4:: num of byteloads: 100, num srq events: 100, num rrq events: 100
DEBUG:dale_experiment_rig:Flow 4:: first_event_name: srq, final_event_name: rrq, expected_data_B: 4000000, recv_data_B: 4000000
INFO:dale_experiment_rig:Flow 5:: num of byteloads: 100, num srq events: 100, num rrq events: 100
DEBUG:dale_experiment_rig:Flow 5:: first_event_name: srq, final_event_name: rrq, expected_data_B: 4000000, recv_data_B: 4000000
INFO:dale_experiment_rig:Flow 6:: num of byteloads: 100, num srq events: 100, num rrq events: 100
DEBUG:dale_experiment_rig:Flow 6:: first_event_name: srq, final_event_name: rrq, expected_data_B: 4000000, recv_data_B: 4000000
INFO:dale_experiment_rig:Flow 7:: num of byteloads: 100, num srq events: 100, num rrq events: 100
DEBUG:dale_experiment_rig:Flow 7:: first_event_name: srq, final_event_name: rrq, expected_data_B: 4000000, recv_data_B: 4000000
INFO:dale_experiment_rig:Flow 8:: num of byteloads: 100, num srq events: 100, num rrq events: 100
DEBUG:dale_experiment_rig:Flow 8:: first_event_name: srq, final_event_name: rrq, expected_data_B: 4000000, recv_data_B: 4000000
INFO:dale_experiment_rig:Flow 9:: num of byteloads: 100, num srq events: 100, num rrq events: 100
DEBUG:dale_experiment_rig:Flow 9:: first_event_name: srq, final_event_name: rrq, expected_data_B: 4000000, recv_data_B: 4000000
INFO:dale_experiment_rig:Flow 10:: num of byteloads: 100, num srq events: 100, num rrq events: 100
DEBUG:dale_experiment_rig:Flow 10:: first_event_name: srq, final_event_name: rrq, expected_data_B: 4000000, recv_data_B: 4000000
INFO:dale_experiment_rig:Flow 11:: num of byteloads: 100, num srq events: 100, num rrq events: 100
DEBUG:dale_experiment_rig:Flow 11:: first_event_name: srq, final_event_name: rrq, expected_data_B: 4000000, recv_data_B: 4000000
INFO:dale_experiment_rig:Flow 12:: num of byteloads: 100, num srq events: 100, num rrq events: 100
DEBUG:dale_experiment_rig:Flow 12:: first_event_name: srq, final_event_name: rrq, expected_data_B: 4000000, recv_data_B: 4000000
INFO:dale_experiment_rig:Flow 13:: num of byteloads: 100, num srq events: 100, num rrq events: 100
DEBUG:dale_experiment_rig:Flow 13:: first_event_name: srq, final_event_name: rrq, expected_data_B: 4000000, recv_data_B: 4000000
INFO:dale_experiment_rig:Flow 14:: num of byteloads: 100, num srq events: 100, num rrq events: 100
DEBUG:dale_experiment_rig:Flow 14:: first_event_name: srq, final_event_name: rrq, expected_data_B: 4000000, recv_data_B: 4000000
INFO:dale_experiment_rig:DCTCP FCT: [0.009905998000000693, 0.009909372000000971, 0.009912747000001332, 0.009916121999999916, 0.009919497000000277, 0.009922871000000555, 0.009926246000000916, 0.009929621000001276, 0.00993299599999986, 0.009936370000000139, 0.0099397450000005, 0.00994312000000086, 0.009946494000001138, 0.009949869000001499, 0.009953244000000083] ms, Gtpt (overall): 48.452525252525156 Gbps, Gdpt (per flow): [3.199999999999994, 3.199999999999994, 3.199999999999994, 3.199999999999994, 3.199999999999994, 3.199999999999994, 3.199999999999994, 3.199999999999994, 3.199999999999994, 3.199999999999994, 3.199999999999994, 3.199999999999994, 3.199999999999994, 3.199999999999994, 3.199999999999994]
INFO:dale_experiment_rig:=====
** Num Byteloads Per Flow: 10, Byteload Size (B): 400000, Inter-Byteload Interval (us): 1000.0, ssird_sim_dur (s): 0.012, dctcp_sim_dur (s): 0.012
INFO:dale_experiment_rig:Processing SIRD results exp_id 2:: 15flo-10#-400000B
INFO:dale_experiment_rig:Processing results from /data/dh1723/SIRD-Simulator/scripts/r2p2/coord/results/SSIRD-15flo-10#-400000B-1000000ns_largepkt_multiflow/data/SSIRD/60/applications_trace.str
INFO:dale_experiment_rig:Flow 0:: num of byteloads: 10, num srq events: 10, num rrq events: 10
DEBUG:dale_experiment_rig:Flow 0:: first_event_name: srq, final_event_name: rrq, expected_data_B: 4000000, recv_data_B: 4000000
INFO:dale_experiment_rig:Flow 1:: num of byteloads: 10, num srq events: 10, num rrq events: 10
DEBUG:dale_experiment_rig:Flow 1:: first_event_name: srq, final_event_name: rrq, expected_data_B: 4000000, recv_data_B: 4000000
INFO:dale_experiment_rig:Flow 2:: num of byteloads: 10, num srq events: 10, num rrq events: 10
DEBUG:dale_experiment_rig:Flow 2:: first_event_name: srq, final_event_name: rrq, expected_data_B: 4000000, recv_data_B: 4000000
INFO:dale_experiment_rig:Flow 3:: num of byteloads: 10, num srq events: 10, num rrq events: 10
DEBUG:dale_experiment_rig:Flow 3:: first_event_name: srq, final_event_name: rrq, expected_data_B: 4000000, recv_data_B: 3200000
ERROR:dale_experiment_rig:Missing data! flow_id: 3: total bytes recv: 3200000, expected flow size = 4000000, diff = 800000
INFO:dale_experiment_rig:Flow 4:: num of byteloads: 10, num srq events: 10, num rrq events: 10
DEBUG:dale_experiment_rig:Flow 4:: first_event_name: srq, final_event_name: rrq, expected_data_B: 4000000, recv_data_B: 4000000
INFO:dale_experiment_rig:Flow 5:: num of byteloads: 10, num srq events: 10, num rrq events: 10
DEBUG:dale_experiment_rig:Flow 5:: first_event_name: srq, final_event_name: rrq, expected_data_B: 4000000, recv_data_B: 4000000
INFO:dale_experiment_rig:Flow 6:: num of byteloads: 10, num srq events: 10, num rrq events: 10
DEBUG:dale_experiment_rig:Flow 6:: first_event_name: srq, final_event_name: rrq, expected_data_B: 4000000, recv_data_B: 4000000
INFO:dale_experiment_rig:Flow 7:: num of byteloads: 10, num srq events: 10, num rrq events: 10
DEBUG:dale_experiment_rig:Flow 7:: first_event_name: srq, final_event_name: rrq, expected_data_B: 4000000, recv_data_B: 4000000
INFO:dale_experiment_rig:Flow 8:: num of byteloads: 10, num srq events: 10, num rrq events: 10
DEBUG:dale_experiment_rig:Flow 8:: first_event_name: srq, final_event_name: rrq, expected_data_B: 4000000, recv_data_B: 4000000
INFO:dale_experiment_rig:Flow 9:: num of byteloads: 10, num srq events: 10, num rrq events: 10
DEBUG:dale_experiment_rig:Flow 9:: first_event_name: srq, final_event_name: rrq, expected_data_B: 4000000, recv_data_B: 4000000
INFO:dale_experiment_rig:Flow 10:: num of byteloads: 10, num srq events: 10, num rrq events: 10
DEBUG:dale_experiment_rig:Flow 10:: first_event_name: srq, final_event_name: rrq, expected_data_B: 4000000, recv_data_B: 4000000
INFO:dale_experiment_rig:Flow 11:: num of byteloads: 10, num srq events: 10, num rrq events: 10
DEBUG:dale_experiment_rig:Flow 11:: first_event_name: srq, final_event_name: rrq, expected_data_B: 4000000, recv_data_B: 4000000
INFO:dale_experiment_rig:Flow 12:: num of byteloads: 10, num srq events: 10, num rrq events: 10
DEBUG:dale_experiment_rig:Flow 12:: first_event_name: srq, final_event_name: rrq, expected_data_B: 4000000, recv_data_B: 4000000
INFO:dale_experiment_rig:Flow 13:: num of byteloads: 10, num srq events: 10, num rrq events: 10
DEBUG:dale_experiment_rig:Flow 13:: first_event_name: srq, final_event_name: rrq, expected_data_B: 4000000, recv_data_B: 4000000
INFO:dale_experiment_rig:Flow 14:: num of byteloads: 10, num srq events: 10, num rrq events: 10
DEBUG:dale_experiment_rig:Flow 14:: first_event_name: srq, final_event_name: rrq, expected_data_B: 4000000, recv_data_B: 4000000
INFO:dale_experiment_rig:SSIRD FCT: [0.009041423000001103, 0.009075251000000506, 0.00910901800000019, 0.00914278400000157, 0.009176551000001254, 0.009210318000000939, 0.009244085000000624, 0.009277851000000226, 0.00931161799999991, 0.009345385000001372, 0.009379151000000974, 0.009412918000000658, 0.009446685000000343, 0.009480452000000028, 0.009514218000001406] ms, Gdpt (overall): 52.97777777777578 Gbps, Gdpt (per flow): [3.199999999999879, 3.199999999999879, 3.199999999999879, 3.199999999999879, 3.199999999999879, 3.199999999999879, 3.199999999999879, 3.199999999999879, 3.199999999999879, 3.199999999999879, 3.199999999999879, 3.199999999999879, 3.199999999999879, 3.199999999999879, 3.199999999999879]
INFO:dale_experiment_rig:Processing DCTCP results exp_id 2:: 15flo-10#-400000B
INFO:dale_experiment_rig:Processing results from /data/dh1723/SIRD-Simulator/scripts/r2p2/coord/results/DCTCP-50-15flo-10#-400000B-1000000ns_largepkt_multiflow/data/DCTCP-50/60/applications_trace.str
INFO:dale_experiment_rig:Flow 0:: num of byteloads: 10, num srq events: 10, num rrq events: 10
DEBUG:dale_experiment_rig:Flow 0:: first_event_name: srq, final_event_name: rrq, expected_data_B: 4000000, recv_data_B: 4000000
INFO:dale_experiment_rig:Flow 1:: num of byteloads: 10, num srq events: 10, num rrq events: 10
DEBUG:dale_experiment_rig:Flow 1:: first_event_name: srq, final_event_name: rrq, expected_data_B: 4000000, recv_data_B: 4000000
INFO:dale_experiment_rig:Flow 2:: num of byteloads: 10, num srq events: 10, num rrq events: 10
DEBUG:dale_experiment_rig:Flow 2:: first_event_name: srq, final_event_name: rrq, expected_data_B: 4000000, recv_data_B: 4000000
INFO:dale_experiment_rig:Flow 3:: num of byteloads: 10, num srq events: 10, num rrq events: 10
DEBUG:dale_experiment_rig:Flow 3:: first_event_name: srq, final_event_name: rrq, expected_data_B: 4000000, recv_data_B: 4000000
INFO:dale_experiment_rig:Flow 4:: num of byteloads: 10, num srq events: 10, num rrq events: 10
DEBUG:dale_experiment_rig:Flow 4:: first_event_name: srq, final_event_name: rrq, expected_data_B: 4000000, recv_data_B: 4000000
INFO:dale_experiment_rig:Flow 5:: num of byteloads: 10, num srq events: 10, num rrq events: 10
DEBUG:dale_experiment_rig:Flow 5:: first_event_name: srq, final_event_name: rrq, expected_data_B: 4000000, recv_data_B: 4000000
INFO:dale_experiment_rig:Flow 6:: num of byteloads: 10, num srq events: 10, num rrq events: 10
DEBUG:dale_experiment_rig:Flow 6:: first_event_name: srq, final_event_name: rrq, expected_data_B: 4000000, recv_data_B: 4000000
INFO:dale_experiment_rig:Flow 7:: num of byteloads: 10, num srq events: 10, num rrq events: 10
DEBUG:dale_experiment_rig:Flow 7:: first_event_name: srq, final_event_name: rrq, expected_data_B: 4000000, recv_data_B: 4000000
INFO:dale_experiment_rig:Flow 8:: num of byteloads: 10, num srq events: 10, num rrq events: 10
DEBUG:dale_experiment_rig:Flow 8:: first_event_name: srq, final_event_name: rrq, expected_data_B: 4000000, recv_data_B: 4000000
INFO:dale_experiment_rig:Flow 9:: num of byteloads: 10, num srq events: 10, num rrq events: 10
DEBUG:dale_experiment_rig:Flow 9:: first_event_name: srq, final_event_name: rrq, expected_data_B: 4000000, recv_data_B: 4000000
INFO:dale_experiment_rig:Flow 10:: num of byteloads: 10, num srq events: 10, num rrq events: 10
DEBUG:dale_experiment_rig:Flow 10:: first_event_name: srq, final_event_name: rrq, expected_data_B: 4000000, recv_data_B: 4000000
INFO:dale_experiment_rig:Flow 11:: num of byteloads: 10, num srq events: 10, num rrq events: 10
DEBUG:dale_experiment_rig:Flow 11:: first_event_name: srq, final_event_name: rrq, expected_data_B: 4000000, recv_data_B: 4000000
INFO:dale_experiment_rig:Flow 12:: num of byteloads: 10, num srq events: 10, num rrq events: 10
DEBUG:dale_experiment_rig:Flow 12:: first_event_name: srq, final_event_name: rrq, expected_data_B: 4000000, recv_data_B: 4000000
INFO:dale_experiment_rig:Flow 13:: num of byteloads: 10, num srq events: 10, num rrq events: 10
DEBUG:dale_experiment_rig:Flow 13:: first_event_name: srq, final_event_name: rrq, expected_data_B: 4000000, recv_data_B: 4000000
INFO:dale_experiment_rig:Flow 14:: num of byteloads: 10, num srq events: 10, num rrq events: 10
DEBUG:dale_experiment_rig:Flow 14:: first_event_name: srq, final_event_name: rrq, expected_data_B: 4000000, recv_data_B: 4000000
INFO:dale_experiment_rig:DCTCP FCT: [0.009348115999999962, 0.009441260000000895, 0.009478668000001633, 0.009491091000001006, 0.009492196000000064, 0.009493300000000815, 0.009494404000001566, 0.009495508000000541, 0.009496612000001292, 0.009497716000000267, 0.009486170000000627, 0.00948665900000023, 0.009503353000001269, 0.009520728000000034, 0.00951144200000087] ms, Gtpt (overall): 52.97777777777578 Gbps, Gdpt (per flow): [3.199999999999879, 3.199999999999879, 3.199999999999879, 3.199999999999879, 3.199999999999879, 3.199999999999879, 3.199999999999879, 3.199999999999879, 3.199999999999879, 3.199999999999879, 3.199999999999879, 3.199999999999879, 3.199999999999879, 3.199999999999879, 3.199999999999879]
INFO:dale_experiment_rig:
##### GENERATE METRICS #####
INFO:__main__:Total Flow Size (Bytes): 4000000
INFO:__main__:Total Injection Period (us): 10000
INFO:__main__:Byteload Size (Bytes): [4000, 40000, 400000]
INFO:__main__:Num Byteloads: [1000, 100, 10]
INFO:__main__:Intervals (us): [10.0, 100.0, 1000.0]
INFO:__main__:Num flows: 15
DEBUG:__main__:Flow start times (us): [0, 0, 0, 0, 0, 0, 0, 0, 0, 0, 0, 0, 0, 0, 0]
INFO:__main__:Gdpt Gbps theoretical: [48.0, 48.0, 48.0]
INFO:__main__:Gdpt Gbps measured (SSIRD): [48.04484484484405, 48.452525252525156, 52.97777777777578]
INFO:__main__:Gdpt Gbps measured (DCTCP): [48.04484484484405, 48.452525252525156, 52.97777777777578]
DEBUG:__main__:Gdpt Gbps measured per flow (SSIRD): [[3.1999999999999473, 3.1999999999999473, 3.1999999999999473, 3.1999999999999473, 3.1999999999999473, 3.1999999999999473, 3.1999999999999473, 3.1999999999999473, 3.1999999999999473, 3.1999999999999473, 3.1999999999999473, 3.1999999999999473, 3.1999999999999473, 3.1999999999999473, 3.1999999999999473], [3.199999999999994, 3.199999999999994, 3.199999999999994, 3.199999999999994, 3.199999999999994, 3.199999999999994, 3.199999999999994, 3.199999999999994, 3.199999999999994, 3.199999999999994, 3.199999999999994, 3.199999999999994, 3.199999999999994, 3.199999999999994, 3.199999999999994], [3.199999999999879, 3.199999999999879, 3.199999999999879, 3.199999999999879, 3.199999999999879, 3.199999999999879, 3.199999999999879, 3.199999999999879, 3.199999999999879, 3.199999999999879, 3.199999999999879, 3.199999999999879, 3.199999999999879, 3.199999999999879, 3.199999999999879]]
DEBUG:__main__:Gdpt Gbps measured per flow (DCTCP): [[3.1999999999999473, 3.1999999999999473, 3.1999999999999473, 3.1999999999999473, 3.1999999999999473, 3.1999999999999473, 3.1999999999999473, 3.1999999999999473, 3.1999999999999473, 3.1999999999999473, 3.1999999999999473, 3.1999999999999473, 3.1999999999999473, 3.1999999999999473, 3.1999999999999473], [3.199999999999994, 3.199999999999994, 3.199999999999994, 3.199999999999994, 3.199999999999994, 3.199999999999994, 3.199999999999994, 3.199999999999994, 3.199999999999994, 3.199999999999994, 3.199999999999994, 3.199999999999994, 3.199999999999994, 3.199999999999994, 3.199999999999994], [3.199999999999879, 3.199999999999879, 3.199999999999879, 3.199999999999879, 3.199999999999879, 3.199999999999879, 3.199999999999879, 3.199999999999879, 3.199999999999879, 3.199999999999879, 3.199999999999879, 3.199999999999879, 3.199999999999879, 3.199999999999879, 3.199999999999879]]
INFO:__main__:* Sim duration (SSIRD): [0.012, 0.012, 0.012]
INFO:__main__:* Sim duration (DCTCP): [0.012, 0.012, 0.012]
INFO:__main__:* SSIRD FCT: [[0.009997756000000635, 0.00999812600000105, 0.009998482000000308, 0.009998822000000018, 0.009999161000001422, 0.00999950000000105, 0.009999839000000676, 0.010000178000000304, 0.010000518000000014, 0.010000857000001417, 0.010001196000001045, 0.010001535000000672, 0.0100018740000003, 0.01000221400000001, 0.010002553000001413], [0.009911042000000592, 0.009914462000001123, 0.0099178490000007, 0.009921229000001475, 0.00992460800000039, 0.009927987000001082, 0.009931365999999997, 0.009934745000000689, 0.009938125000001463, 0.009941504000000378, 0.00994488300000107, 0.009948261999999986, 0.009951641000000677, 0.009955021000001452, 0.009958400000000367], [0.009041423000001103, 0.009075251000000506, 0.00910901800000019, 0.00914278400000157, 0.009176551000001254, 0.009210318000000939, 0.009244085000000624, 0.009277851000000226, 0.00931161799999991, 0.009345385000001372, 0.009379151000000974, 0.009412918000000658, 0.009446685000000343, 0.009480452000000028, 0.009514218000001406]]
INFO:__main__:* DCTCP FCT: [[0.009992962000000105, 0.009993300000001426, 0.009993639000001053, 0.00999397800000068, 0.009994317000000308, 0.009994655000001629, 0.009994994000001256, 0.009995333000000883, 0.00999567200000051, 0.009996010000000055, 0.009996349000001459, 0.009996688000001086, 0.00999702600000063, 0.009997365000000258, 0.009997703999999885], [0.009905998000000693, 0.009909372000000971, 0.009912747000001332, 0.009916121999999916, 0.009919497000000277, 0.009922871000000555, 0.009926246000000916, 0.009929621000001276, 0.00993299599999986, 0.009936370000000139, 0.0099397450000005, 0.00994312000000086, 0.009946494000001138, 0.009949869000001499, 0.009953244000000083], [0.009348115999999962, 0.009441260000000895, 0.009478668000001633, 0.009491091000001006, 0.009492196000000064, 0.009493300000000815, 0.009494404000001566, 0.009495508000000541, 0.009496612000001292, 0.009497716000000267, 0.009486170000000627, 0.00948665900000023, 0.009503353000001269, 0.009520728000000034, 0.00951144200000087]]
