DEBUG:__main__:Protos tested: ['SSIRD']
DEBUG:__main__:Total_flow_size_B: 145800
DEBUG:__main__:Byteload sizes list: [1458]
DEBUG:__main__:Num Flows: 85
DEBUG:__main__:Inter-flow spacing (us): 0
DEBUG:__main__:Flow start times (us): [0, 0, 0, 0, 0, 0, 0, 0, 0, 0, 0, 0, 0, 0, 0, 0, 0, 0, 0, 0, 0, 0, 0, 0, 0, 0, 0, 0, 0, 0, 0, 0, 0, 0, 0, 0, 0, 0, 0, 0, 0, 0, 0, 0, 0, 0, 0, 0, 0, 0, 0, 0, 0, 0, 0, 0, 0, 0, 0, 0, 0, 0, 0, 0, 0, 0, 0, 0, 0, 0, 0, 0, 0, 0, 0, 0, 0, 0, 0, 0, 0, 0, 0, 0, 0]
DEBUG:__main__:Num Byteloads list: [100]
DEBUG:__main__:Total injection period (us): 1000
DEBUG:__main__:Inter-Byteload Periods list: [10.0]
INFO:__main__:Total Flow Size (Bytes): 145800
INFO:__main__:Total Injection Period (us): 1000
INFO:__main__:Byteload Size (Bytes): [1458]
INFO:__main__:Num Byteloads: [100]
INFO:__main__:Intervals (us): [10.0]
INFO:__main__:Num flows: 85
INFO:__main__:Gdpt GBps theoretical: [99.144]
INFO:__main__:* Sim duration (SSIRD): [0.005, 0.005, 0.005, 0.005, 0.005]
INFO:__main__:* Sim duration (DCTCP): [0.3, 0.3, 0.3, 0.3, 0.3]
INFO:dale_experiment_rig:Experiment started at: 2025-07-29 14:32:52.735931
INFO:dale_experiment_rig:
##### RUN GROUP #####
INFO:dale_experiment_rig:
=====
Execute experiment 85flo-100#-1458B-10000ns_1458B_85flo_99pt144Gbps_1msRTT
INFO:dale_experiment_rig:Flags: 1, 1, 1, 1, 0
INFO:dale_experiment_rig:ssird_sim_duration=0.005000; dctcp_sim_duration=0.300000
INFO:dale_experiment_rig:-----
Preparing experiment input MRIs
INFO:dale_experiment_rig:### Creating MRI inputs parent dir: /data/dh1723/SIRD-Simulator/scripts/r2p2/coord/config/manual-req-intervals/dale_experiments/Normal_Byteloads_1458B_85flo_99pt144Gbps_1msRTT/
DEBUG:dale_experiment_rig:num flows: 85
INFO:dale_experiment_rig:-----
Preparing experiment spec scripts
INFO:dale_experiment_rig:### Creating spec scripts parent dir: /data/dh1723/SIRD-Simulator/scripts/r2p2/coord/config/dale_experiments/Normal_Byteloads_1458B_85flo_99pt144Gbps_1msRTT/
INFO:dale_experiment_rig:-----
Running experiment for SSIRD
INFO:dale_experiment_rig:### Script:/data/dh1723/SIRD-Simulator/scripts/r2p2/coord/config/dale_experiments/Normal_Byteloads_1458B_85flo_99pt144Gbps_1msRTT/SSIRD-85flo-100#-1458B-10000ns_1458B_85flo_99pt144Gbps_1msRTT.sh
INFO:dale_experiment_rig:### Output path (stdout): /data/dh1723/SIRD-Simulator/scripts/r2p2/coord/outputs/Normal_Byteloads_1458B_85flo_99pt144Gbps_1msRTT/ssird_85flo-100#-1458B-10000ns_1458B_85flo_99pt144Gbps_1msRTT_stdout.out
INFO:dale_experiment_rig:### Output path (stderr): /data/dh1723/SIRD-Simulator/scripts/r2p2/coord/outputs/Normal_Byteloads_1458B_85flo_99pt144Gbps_1msRTT/ssird_85flo-100#-1458B-10000ns_1458B_85flo_99pt144Gbps_1msRTT_stderr.out
INFO:dale_experiment_rig:-----
Backing up app trace file paths
DEBUG:dale_experiment_rig:/data/dh1723/SIRD-Simulator/scripts/r2p2/post-process/experiment_app_trace_paths/Normal_Byteloads_1458B_85flo_99pt144Gbps_1msRTT/85flo/SSIRD_app_traces.txt
INFO:dale_experiment_rig:-----
Backing up app trace file paths
DEBUG:dale_experiment_rig:/data/dh1723/SIRD-Simulator/scripts/r2p2/post-process/experiment_app_trace_paths/Normal_Byteloads_1458B_85flo_99pt144Gbps_1msRTT/85flo/DCTCP-50_app_traces.txt
INFO:dale_experiment_rig:Simulations ended at: 2025-07-29 15:26:33.438667
INFO:dale_experiment_rig:
##### POST PROCESS RESULTS #####
INFO:dale_experiment_rig:=====
** Num Byteloads Per Flow: 100, Byteload Size (B): 1458, Inter-Byteload Interval (us): 10.0, ssird_sim_dur (s): 0.005, dctcp_sim_dur (s): 0.3
INFO:dale_experiment_rig:Processing SIRD results exp_id 0:: 85flo-100#-1458B
INFO:dale_experiment_rig:Processing results from /data/dh1723/SIRD-Simulator/scripts/r2p2/coord/results/SSIRD-85flo-100#-1458B-10000ns_1458B_85flo_99pt144Gbps_1msRTT/data/SSIRD/60/applications_trace.str
INFO:dale_experiment_rig:Flow 0:: num of byteloads: 100, num srq events: 100, num rrq events: 1
DEBUG:dale_experiment_rig:Flow 0:: first_event_name: srq, final_event_name: rrq, expected_data_B: 145800, recv_data_B: 145800
INFO:dale_experiment_rig:Flow 1:: num of byteloads: 100, num srq events: 100, num rrq events: 1
DEBUG:dale_experiment_rig:Flow 1:: first_event_name: srq, final_event_name: rrq, expected_data_B: 145800, recv_data_B: 145800
INFO:dale_experiment_rig:Flow 2:: num of byteloads: 100, num srq events: 100, num rrq events: 1
DEBUG:dale_experiment_rig:Flow 2:: first_event_name: srq, final_event_name: rrq, expected_data_B: 145800, recv_data_B: 145800
INFO:dale_experiment_rig:Flow 3:: num of byteloads: 100, num srq events: 100, num rrq events: 1
DEBUG:dale_experiment_rig:Flow 3:: first_event_name: srq, final_event_name: rrq, expected_data_B: 145800, recv_data_B: 145800
INFO:dale_experiment_rig:Flow 4:: num of byteloads: 100, num srq events: 100, num rrq events: 1
DEBUG:dale_experiment_rig:Flow 4:: first_event_name: srq, final_event_name: rrq, expected_data_B: 145800, recv_data_B: 145800
INFO:dale_experiment_rig:Flow 5:: num of byteloads: 100, num srq events: 100, num rrq events: 1
DEBUG:dale_experiment_rig:Flow 5:: first_event_name: srq, final_event_name: rrq, expected_data_B: 145800, recv_data_B: 145800
INFO:dale_experiment_rig:Flow 6:: num of byteloads: 100, num srq events: 100, num rrq events: 1
DEBUG:dale_experiment_rig:Flow 6:: first_event_name: srq, final_event_name: rrq, expected_data_B: 145800, recv_data_B: 145800
INFO:dale_experiment_rig:Flow 7:: num of byteloads: 100, num srq events: 100, num rrq events: 1
DEBUG:dale_experiment_rig:Flow 7:: first_event_name: srq, final_event_name: rrq, expected_data_B: 145800, recv_data_B: 145800
INFO:dale_experiment_rig:Flow 8:: num of byteloads: 100, num srq events: 100, num rrq events: 1
DEBUG:dale_experiment_rig:Flow 8:: first_event_name: srq, final_event_name: rrq, expected_data_B: 145800, recv_data_B: 145800
INFO:dale_experiment_rig:Flow 9:: num of byteloads: 100, num srq events: 100, num rrq events: 1
DEBUG:dale_experiment_rig:Flow 9:: first_event_name: srq, final_event_name: rrq, expected_data_B: 145800, recv_data_B: 145800
INFO:dale_experiment_rig:Flow 10:: num of byteloads: 100, num srq events: 100, num rrq events: 1
DEBUG:dale_experiment_rig:Flow 10:: first_event_name: srq, final_event_name: rrq, expected_data_B: 145800, recv_data_B: 145800
INFO:dale_experiment_rig:Flow 11:: num of byteloads: 100, num srq events: 100, num rrq events: 1
DEBUG:dale_experiment_rig:Flow 11:: first_event_name: srq, final_event_name: rrq, expected_data_B: 145800, recv_data_B: 145800
INFO:dale_experiment_rig:Flow 12:: num of byteloads: 100, num srq events: 100, num rrq events: 1
DEBUG:dale_experiment_rig:Flow 12:: first_event_name: srq, final_event_name: rrq, expected_data_B: 145800, recv_data_B: 145800
INFO:dale_experiment_rig:Flow 13:: num of byteloads: 100, num srq events: 100, num rrq events: 1
DEBUG:dale_experiment_rig:Flow 13:: first_event_name: srq, final_event_name: rrq, expected_data_B: 145800, recv_data_B: 145800
INFO:dale_experiment_rig:Flow 14:: num of byteloads: 100, num srq events: 100, num rrq events: 1
DEBUG:dale_experiment_rig:Flow 14:: first_event_name: srq, final_event_name: rrq, expected_data_B: 145800, recv_data_B: 145800
INFO:dale_experiment_rig:Flow 15:: num of byteloads: 100, num srq events: 100, num rrq events: 1
DEBUG:dale_experiment_rig:Flow 15:: first_event_name: srq, final_event_name: rrq, expected_data_B: 145800, recv_data_B: 145800
INFO:dale_experiment_rig:Flow 16:: num of byteloads: 100, num srq events: 100, num rrq events: 1
DEBUG:dale_experiment_rig:Flow 16:: first_event_name: srq, final_event_name: rrq, expected_data_B: 145800, recv_data_B: 145800
INFO:dale_experiment_rig:Flow 17:: num of byteloads: 100, num srq events: 100, num rrq events: 1
DEBUG:dale_experiment_rig:Flow 17:: first_event_name: srq, final_event_name: rrq, expected_data_B: 145800, recv_data_B: 145800
INFO:dale_experiment_rig:Flow 18:: num of byteloads: 100, num srq events: 100, num rrq events: 1
DEBUG:dale_experiment_rig:Flow 18:: first_event_name: srq, final_event_name: rrq, expected_data_B: 145800, recv_data_B: 145800
INFO:dale_experiment_rig:Flow 19:: num of byteloads: 100, num srq events: 100, num rrq events: 1
DEBUG:dale_experiment_rig:Flow 19:: first_event_name: srq, final_event_name: rrq, expected_data_B: 145800, recv_data_B: 145800
INFO:dale_experiment_rig:Flow 20:: num of byteloads: 100, num srq events: 100, num rrq events: 1
DEBUG:dale_experiment_rig:Flow 20:: first_event_name: srq, final_event_name: rrq, expected_data_B: 145800, recv_data_B: 145800
INFO:dale_experiment_rig:Flow 21:: num of byteloads: 100, num srq events: 100, num rrq events: 1
DEBUG:dale_experiment_rig:Flow 21:: first_event_name: srq, final_event_name: rrq, expected_data_B: 145800, recv_data_B: 145800
INFO:dale_experiment_rig:Flow 22:: num of byteloads: 100, num srq events: 100, num rrq events: 1
DEBUG:dale_experiment_rig:Flow 22:: first_event_name: srq, final_event_name: rrq, expected_data_B: 145800, recv_data_B: 145800
INFO:dale_experiment_rig:Flow 23:: num of byteloads: 100, num srq events: 100, num rrq events: 1
DEBUG:dale_experiment_rig:Flow 23:: first_event_name: srq, final_event_name: rrq, expected_data_B: 145800, recv_data_B: 145800
INFO:dale_experiment_rig:Flow 24:: num of byteloads: 100, num srq events: 100, num rrq events: 1
DEBUG:dale_experiment_rig:Flow 24:: first_event_name: srq, final_event_name: rrq, expected_data_B: 145800, recv_data_B: 145800
INFO:dale_experiment_rig:Flow 25:: num of byteloads: 100, num srq events: 100, num rrq events: 1
DEBUG:dale_experiment_rig:Flow 25:: first_event_name: srq, final_event_name: rrq, expected_data_B: 145800, recv_data_B: 145800
INFO:dale_experiment_rig:Flow 26:: num of byteloads: 100, num srq events: 100, num rrq events: 1
DEBUG:dale_experiment_rig:Flow 26:: first_event_name: srq, final_event_name: rrq, expected_data_B: 145800, recv_data_B: 145800
INFO:dale_experiment_rig:Flow 27:: num of byteloads: 100, num srq events: 100, num rrq events: 1
DEBUG:dale_experiment_rig:Flow 27:: first_event_name: srq, final_event_name: rrq, expected_data_B: 145800, recv_data_B: 145800
INFO:dale_experiment_rig:Flow 28:: num of byteloads: 100, num srq events: 100, num rrq events: 1
DEBUG:dale_experiment_rig:Flow 28:: first_event_name: srq, final_event_name: rrq, expected_data_B: 145800, recv_data_B: 145800
INFO:dale_experiment_rig:Flow 29:: num of byteloads: 100, num srq events: 100, num rrq events: 1
DEBUG:dale_experiment_rig:Flow 29:: first_event_name: srq, final_event_name: rrq, expected_data_B: 145800, recv_data_B: 145800
INFO:dale_experiment_rig:Flow 30:: num of byteloads: 100, num srq events: 100, num rrq events: 1
DEBUG:dale_experiment_rig:Flow 30:: first_event_name: srq, final_event_name: rrq, expected_data_B: 145800, recv_data_B: 145800
INFO:dale_experiment_rig:Flow 31:: num of byteloads: 100, num srq events: 100, num rrq events: 1
DEBUG:dale_experiment_rig:Flow 31:: first_event_name: srq, final_event_name: rrq, expected_data_B: 145800, recv_data_B: 145800
INFO:dale_experiment_rig:Flow 32:: num of byteloads: 100, num srq events: 100, num rrq events: 1
DEBUG:dale_experiment_rig:Flow 32:: first_event_name: srq, final_event_name: rrq, expected_data_B: 145800, recv_data_B: 145800
INFO:dale_experiment_rig:Flow 33:: num of byteloads: 100, num srq events: 100, num rrq events: 1
DEBUG:dale_experiment_rig:Flow 33:: first_event_name: srq, final_event_name: rrq, expected_data_B: 145800, recv_data_B: 145800
INFO:dale_experiment_rig:Flow 34:: num of byteloads: 100, num srq events: 100, num rrq events: 1
DEBUG:dale_experiment_rig:Flow 34:: first_event_name: srq, final_event_name: rrq, expected_data_B: 145800, recv_data_B: 145800
INFO:dale_experiment_rig:Flow 35:: num of byteloads: 100, num srq events: 100, num rrq events: 1
DEBUG:dale_experiment_rig:Flow 35:: first_event_name: srq, final_event_name: rrq, expected_data_B: 145800, recv_data_B: 145800
INFO:dale_experiment_rig:Flow 36:: num of byteloads: 100, num srq events: 100, num rrq events: 1
DEBUG:dale_experiment_rig:Flow 36:: first_event_name: srq, final_event_name: rrq, expected_data_B: 145800, recv_data_B: 145800
INFO:dale_experiment_rig:Flow 37:: num of byteloads: 100, num srq events: 100, num rrq events: 1
DEBUG:dale_experiment_rig:Flow 37:: first_event_name: srq, final_event_name: rrq, expected_data_B: 145800, recv_data_B: 145800
INFO:dale_experiment_rig:Flow 38:: num of byteloads: 100, num srq events: 100, num rrq events: 1
DEBUG:dale_experiment_rig:Flow 38:: first_event_name: srq, final_event_name: rrq, expected_data_B: 145800, recv_data_B: 145800
INFO:dale_experiment_rig:Flow 39:: num of byteloads: 100, num srq events: 100, num rrq events: 1
DEBUG:dale_experiment_rig:Flow 39:: first_event_name: srq, final_event_name: rrq, expected_data_B: 145800, recv_data_B: 145800
INFO:dale_experiment_rig:Flow 40:: num of byteloads: 100, num srq events: 100, num rrq events: 1
DEBUG:dale_experiment_rig:Flow 40:: first_event_name: srq, final_event_name: rrq, expected_data_B: 145800, recv_data_B: 145800
INFO:dale_experiment_rig:Flow 41:: num of byteloads: 100, num srq events: 100, num rrq events: 1
DEBUG:dale_experiment_rig:Flow 41:: first_event_name: srq, final_event_name: rrq, expected_data_B: 145800, recv_data_B: 145800
INFO:dale_experiment_rig:Flow 42:: num of byteloads: 100, num srq events: 100, num rrq events: 1
DEBUG:dale_experiment_rig:Flow 42:: first_event_name: srq, final_event_name: rrq, expected_data_B: 145800, recv_data_B: 145800
INFO:dale_experiment_rig:Flow 43:: num of byteloads: 100, num srq events: 100, num rrq events: 1
DEBUG:dale_experiment_rig:Flow 43:: first_event_name: srq, final_event_name: rrq, expected_data_B: 145800, recv_data_B: 145800
INFO:dale_experiment_rig:Flow 44:: num of byteloads: 100, num srq events: 100, num rrq events: 1
DEBUG:dale_experiment_rig:Flow 44:: first_event_name: srq, final_event_name: rrq, expected_data_B: 145800, recv_data_B: 145800
INFO:dale_experiment_rig:Flow 45:: num of byteloads: 100, num srq events: 100, num rrq events: 1
DEBUG:dale_experiment_rig:Flow 45:: first_event_name: srq, final_event_name: rrq, expected_data_B: 145800, recv_data_B: 145800
INFO:dale_experiment_rig:Flow 46:: num of byteloads: 100, num srq events: 100, num rrq events: 1
DEBUG:dale_experiment_rig:Flow 46:: first_event_name: srq, final_event_name: rrq, expected_data_B: 145800, recv_data_B: 145800
INFO:dale_experiment_rig:Flow 47:: num of byteloads: 100, num srq events: 100, num rrq events: 1
DEBUG:dale_experiment_rig:Flow 47:: first_event_name: srq, final_event_name: rrq, expected_data_B: 145800, recv_data_B: 145800
INFO:dale_experiment_rig:Flow 48:: num of byteloads: 100, num srq events: 100, num rrq events: 1
DEBUG:dale_experiment_rig:Flow 48:: first_event_name: srq, final_event_name: rrq, expected_data_B: 145800, recv_data_B: 145800
INFO:dale_experiment_rig:Flow 49:: num of byteloads: 100, num srq events: 100, num rrq events: 1
DEBUG:dale_experiment_rig:Flow 49:: first_event_name: srq, final_event_name: rrq, expected_data_B: 145800, recv_data_B: 145800
INFO:dale_experiment_rig:Flow 50:: num of byteloads: 100, num srq events: 100, num rrq events: 1
DEBUG:dale_experiment_rig:Flow 50:: first_event_name: srq, final_event_name: rrq, expected_data_B: 145800, recv_data_B: 145800
INFO:dale_experiment_rig:Flow 51:: num of byteloads: 100, num srq events: 100, num rrq events: 1
DEBUG:dale_experiment_rig:Flow 51:: first_event_name: srq, final_event_name: rrq, expected_data_B: 145800, recv_data_B: 145800
INFO:dale_experiment_rig:Flow 52:: num of byteloads: 100, num srq events: 100, num rrq events: 1
DEBUG:dale_experiment_rig:Flow 52:: first_event_name: srq, final_event_name: rrq, expected_data_B: 145800, recv_data_B: 145800
INFO:dale_experiment_rig:Flow 53:: num of byteloads: 100, num srq events: 100, num rrq events: 1
DEBUG:dale_experiment_rig:Flow 53:: first_event_name: srq, final_event_name: rrq, expected_data_B: 145800, recv_data_B: 145800
INFO:dale_experiment_rig:Flow 54:: num of byteloads: 100, num srq events: 100, num rrq events: 1
DEBUG:dale_experiment_rig:Flow 54:: first_event_name: srq, final_event_name: rrq, expected_data_B: 145800, recv_data_B: 145800
INFO:dale_experiment_rig:Flow 55:: num of byteloads: 100, num srq events: 100, num rrq events: 1
DEBUG:dale_experiment_rig:Flow 55:: first_event_name: srq, final_event_name: rrq, expected_data_B: 145800, recv_data_B: 145800
INFO:dale_experiment_rig:Flow 56:: num of byteloads: 100, num srq events: 100, num rrq events: 1
DEBUG:dale_experiment_rig:Flow 56:: first_event_name: srq, final_event_name: rrq, expected_data_B: 145800, recv_data_B: 145800
INFO:dale_experiment_rig:Flow 57:: num of byteloads: 100, num srq events: 100, num rrq events: 1
DEBUG:dale_experiment_rig:Flow 57:: first_event_name: srq, final_event_name: rrq, expected_data_B: 145800, recv_data_B: 145800
INFO:dale_experiment_rig:Flow 58:: num of byteloads: 100, num srq events: 100, num rrq events: 1
DEBUG:dale_experiment_rig:Flow 58:: first_event_name: srq, final_event_name: rrq, expected_data_B: 145800, recv_data_B: 145800
INFO:dale_experiment_rig:Flow 59:: num of byteloads: 100, num srq events: 100, num rrq events: 1
DEBUG:dale_experiment_rig:Flow 59:: first_event_name: srq, final_event_name: rrq, expected_data_B: 145800, recv_data_B: 145800
INFO:dale_experiment_rig:Flow 60:: num of byteloads: 100, num srq events: 100, num rrq events: 1
DEBUG:dale_experiment_rig:Flow 60:: first_event_name: srq, final_event_name: rrq, expected_data_B: 145800, recv_data_B: 145800
INFO:dale_experiment_rig:Flow 61:: num of byteloads: 100, num srq events: 100, num rrq events: 1
DEBUG:dale_experiment_rig:Flow 61:: first_event_name: srq, final_event_name: rrq, expected_data_B: 145800, recv_data_B: 145800
INFO:dale_experiment_rig:Flow 62:: num of byteloads: 100, num srq events: 100, num rrq events: 1
DEBUG:dale_experiment_rig:Flow 62:: first_event_name: srq, final_event_name: rrq, expected_data_B: 145800, recv_data_B: 145800
INFO:dale_experiment_rig:Flow 63:: num of byteloads: 100, num srq events: 100, num rrq events: 1
DEBUG:dale_experiment_rig:Flow 63:: first_event_name: srq, final_event_name: rrq, expected_data_B: 145800, recv_data_B: 145800
INFO:dale_experiment_rig:Flow 64:: num of byteloads: 100, num srq events: 100, num rrq events: 1
DEBUG:dale_experiment_rig:Flow 64:: first_event_name: srq, final_event_name: rrq, expected_data_B: 145800, recv_data_B: 145800
INFO:dale_experiment_rig:Flow 65:: num of byteloads: 100, num srq events: 100, num rrq events: 1
DEBUG:dale_experiment_rig:Flow 65:: first_event_name: srq, final_event_name: rrq, expected_data_B: 145800, recv_data_B: 145800
INFO:dale_experiment_rig:Flow 66:: num of byteloads: 100, num srq events: 100, num rrq events: 1
DEBUG:dale_experiment_rig:Flow 66:: first_event_name: srq, final_event_name: rrq, expected_data_B: 145800, recv_data_B: 145800
INFO:dale_experiment_rig:Flow 67:: num of byteloads: 100, num srq events: 100, num rrq events: 1
DEBUG:dale_experiment_rig:Flow 67:: first_event_name: srq, final_event_name: rrq, expected_data_B: 145800, recv_data_B: 145800
INFO:dale_experiment_rig:Flow 68:: num of byteloads: 100, num srq events: 100, num rrq events: 1
DEBUG:dale_experiment_rig:Flow 68:: first_event_name: srq, final_event_name: rrq, expected_data_B: 145800, recv_data_B: 145800
INFO:dale_experiment_rig:Flow 69:: num of byteloads: 100, num srq events: 100, num rrq events: 1
DEBUG:dale_experiment_rig:Flow 69:: first_event_name: srq, final_event_name: rrq, expected_data_B: 145800, recv_data_B: 145800
INFO:dale_experiment_rig:Flow 70:: num of byteloads: 100, num srq events: 100, num rrq events: 1
DEBUG:dale_experiment_rig:Flow 70:: first_event_name: srq, final_event_name: rrq, expected_data_B: 145800, recv_data_B: 145800
INFO:dale_experiment_rig:Flow 71:: num of byteloads: 100, num srq events: 100, num rrq events: 1
DEBUG:dale_experiment_rig:Flow 71:: first_event_name: srq, final_event_name: rrq, expected_data_B: 145800, recv_data_B: 145800
INFO:dale_experiment_rig:Flow 72:: num of byteloads: 100, num srq events: 100, num rrq events: 1
DEBUG:dale_experiment_rig:Flow 72:: first_event_name: srq, final_event_name: rrq, expected_data_B: 145800, recv_data_B: 145800
INFO:dale_experiment_rig:Flow 73:: num of byteloads: 100, num srq events: 100, num rrq events: 1
DEBUG:dale_experiment_rig:Flow 73:: first_event_name: srq, final_event_name: rrq, expected_data_B: 145800, recv_data_B: 145800
INFO:dale_experiment_rig:Flow 74:: num of byteloads: 100, num srq events: 100, num rrq events: 1
DEBUG:dale_experiment_rig:Flow 74:: first_event_name: srq, final_event_name: rrq, expected_data_B: 145800, recv_data_B: 145800
INFO:dale_experiment_rig:Flow 75:: num of byteloads: 100, num srq events: 100, num rrq events: 1
DEBUG:dale_experiment_rig:Flow 75:: first_event_name: srq, final_event_name: rrq, expected_data_B: 145800, recv_data_B: 145800
INFO:dale_experiment_rig:Flow 76:: num of byteloads: 100, num srq events: 100, num rrq events: 1
DEBUG:dale_experiment_rig:Flow 76:: first_event_name: srq, final_event_name: rrq, expected_data_B: 145800, recv_data_B: 145800
INFO:dale_experiment_rig:Flow 77:: num of byteloads: 100, num srq events: 100, num rrq events: 1
DEBUG:dale_experiment_rig:Flow 77:: first_event_name: srq, final_event_name: rrq, expected_data_B: 145800, recv_data_B: 145800
INFO:dale_experiment_rig:Flow 78:: num of byteloads: 100, num srq events: 100, num rrq events: 1
DEBUG:dale_experiment_rig:Flow 78:: first_event_name: srq, final_event_name: rrq, expected_data_B: 145800, recv_data_B: 145800
INFO:dale_experiment_rig:Flow 79:: num of byteloads: 100, num srq events: 100, num rrq events: 1
DEBUG:dale_experiment_rig:Flow 79:: first_event_name: srq, final_event_name: rrq, expected_data_B: 145800, recv_data_B: 145800
INFO:dale_experiment_rig:Flow 80:: num of byteloads: 100, num srq events: 100, num rrq events: 1
DEBUG:dale_experiment_rig:Flow 80:: first_event_name: srq, final_event_name: rrq, expected_data_B: 145800, recv_data_B: 145800
INFO:dale_experiment_rig:Flow 81:: num of byteloads: 100, num srq events: 100, num rrq events: 1
DEBUG:dale_experiment_rig:Flow 81:: first_event_name: srq, final_event_name: rrq, expected_data_B: 145800, recv_data_B: 145800
INFO:dale_experiment_rig:Flow 82:: num of byteloads: 100, num srq events: 100, num rrq events: 1
DEBUG:dale_experiment_rig:Flow 82:: first_event_name: srq, final_event_name: rrq, expected_data_B: 145800, recv_data_B: 145800
INFO:dale_experiment_rig:Flow 83:: num of byteloads: 100, num srq events: 100, num rrq events: 1
DEBUG:dale_experiment_rig:Flow 83:: first_event_name: srq, final_event_name: rrq, expected_data_B: 145800, recv_data_B: 145800
INFO:dale_experiment_rig:Flow 84:: num of byteloads: 100, num srq events: 100, num rrq events: 1
DEBUG:dale_experiment_rig:Flow 84:: first_event_name: srq, final_event_name: rrq, expected_data_B: 145800, recv_data_B: 145800
INFO:dale_experiment_rig:SSIRD FCT: [0.0021892570000012768, 0.00239842500000087, 0.0018201370000010542, 0.0015740570000009058, 0.0019923930000000922, 0.002287689000000981, 0.0017463129999999438, 0.0021031289999999814, 0.002484553000000389, 0.0015986650000012759, 0.0020908250000015727, 0.0016232729999998696, 0.0025337820000004285, 0.0019308730000009433, 0.001881657000000203, 0.0020293050000006474, 0.00242303300000124, 0.0021154330000001664, 0.0019185690000007583, 0.0017340090000015351, 0.0016478810000002397, 0.00169709700000098, 0.0022261690000000556, 0.002201561000001462, 0.002386121000000685, 0.001684793000000795, 0.0022384730000002406, 0.00172170500000135, 0.0019554810000013134, 0.002472249000000204, 0.001783225000000499, 0.0020662170000012026, 0.0021523450000007216, 0.0018324410000012392, 0.0015863610000010908, 0.0019677850000014985, 0.002312297000001351, 0.0023738170000005, 0.001610969000001461, 0.0016355770000000547, 0.0025460930000011928, 0.0024476410000016102, 0.0021400410000005365, 0.001770921000000314, 0.001869353000000018, 0.0019062650000005732, 0.0022138649999998705, 0.002324601000001536, 0.0021277370000003515, 0.0015617530000007207, 0.0022630810000006107, 0.002361513000000315, 0.0018447450000014243, 0.0018570490000016093, 0.0025214720000015234, 0.0018939610000003881, 0.0016601850000004248, 0.002509161000000759, 0.002275385000000796, 0.002299993000001166, 0.001980088999999907, 0.002435337000001425, 0.0020046970000002773, 0.0015248410000001655, 0.002410729000001055, 0.0015494490000005356, 0.0021646490000009067, 0.002496857000000574, 0.0022507770000004257, 0.0023492090000001298, 0.001709401000001165, 0.0020416090000008325, 0.0020785210000013876, 0.002459945000000019, 0.0021769530000010917, 0.0015125369999999805, 0.0016724890000006098, 0.0017586170000001289, 0.0020170010000004623, 0.0023369049999999447, 0.001807833000000869, 0.0019431770000011284, 0.0020539130000010175, 0.0015371450000003506, 0.001795529000000684] ms, Gdpt (overall): 100.13367272711083 Gbps, Gdpt (per flow): [1.1663999999981143, 1.1663999999981143, 1.1663999999981143, 1.1663999999981143, 1.1663999999981143, 1.1663999999981143, 1.1663999999981143, 1.1663999999981143, 1.1663999999981143, 1.1663999999981143, 1.1663999999981143, 1.1663999999981143, 1.1663999999981143, 1.1663999999981143, 1.1663999999981143, 1.1663999999981143, 1.1663999999981143, 1.1663999999981143, 1.1663999999981143, 1.1663999999981143, 1.1663999999981143, 1.1663999999981143, 1.1663999999981143, 1.1663999999981143, 1.1663999999981143, 1.1663999999981143, 1.1663999999981143, 1.1663999999981143, 1.1663999999981143, 1.1663999999981143, 1.1663999999981143, 1.1663999999981143, 1.1663999999981143, 1.1663999999981143, 1.1663999999981143, 1.1663999999981143, 1.1663999999981143, 1.1663999999981143, 1.1663999999981143, 1.1663999999981143, 1.1663999999981143, 1.1663999999981143, 1.1663999999981143, 1.1663999999981143, 1.1663999999981143, 1.1663999999981143, 1.1663999999981143, 1.1663999999981143, 1.1663999999981143, 1.1663999999981143, 1.1663999999981143, 1.1663999999981143, 1.1663999999981143, 1.1663999999981143, 1.1663999999981143, 1.1663999999981143, 1.1663999999981143, 1.1663999999981143, 1.1663999999981143, 1.1663999999981143, 1.1663999999981143, 1.1663999999981143, 1.1663999999981143, 1.1663999999981143, 1.1663999999981143, 1.1663999999981143, 1.1663999999981143, 1.1663999999981143, 1.1663999999981143, 1.1663999999981143, 1.1663999999981143, 1.1663999999981143, 1.1663999999981143, 1.1663999999981143, 1.1663999999981143, 1.1663999999981143, 1.1663999999981143, 1.1663999999981143, 1.1663999999981143, 1.1663999999981143, 1.1663999999981143, 1.1663999999981143, 1.1663999999981143, 1.1663999999981143, 1.1663999999981143]
ERROR:dale_experiment_rig:No results for DCTCP
INFO:dale_experiment_rig:DCTCP FCT: None ms, Gtpt (overall): None Gbps, Gdpt (per flow): None
INFO:dale_experiment_rig:
##### GENERATE METRICS #####
INFO:__main__:Total Flow Size (Bytes): 145800
INFO:__main__:Total Injection Period (us): 1000
INFO:__main__:Byteload Size (Bytes): [1458]
INFO:__main__:Num Byteloads: [100]
INFO:__main__:Intervals (us): [10.0]
INFO:__main__:Num flows: 85
DEBUG:__main__:Flow start times (us): [0, 0, 0, 0, 0, 0, 0, 0, 0, 0, 0, 0, 0, 0, 0, 0, 0, 0, 0, 0, 0, 0, 0, 0, 0, 0, 0, 0, 0, 0, 0, 0, 0, 0, 0, 0, 0, 0, 0, 0, 0, 0, 0, 0, 0, 0, 0, 0, 0, 0, 0, 0, 0, 0, 0, 0, 0, 0, 0, 0, 0, 0, 0, 0, 0, 0, 0, 0, 0, 0, 0, 0, 0, 0, 0, 0, 0, 0, 0, 0, 0, 0, 0, 0, 0]
INFO:__main__:Gdpt Gbps theoretical: [99.144]
INFO:__main__:Gdpt Gbps measured (SSIRD): [100.13367272711083]
INFO:__main__:Gdpt Gbps measured (DCTCP): [None]
DEBUG:__main__:Gdpt Gbps measured per flow (SSIRD): [[1.1663999999981143, 1.1663999999981143, 1.1663999999981143, 1.1663999999981143, 1.1663999999981143, 1.1663999999981143, 1.1663999999981143, 1.1663999999981143, 1.1663999999981143, 1.1663999999981143, 1.1663999999981143, 1.1663999999981143, 1.1663999999981143, 1.1663999999981143, 1.1663999999981143, 1.1663999999981143, 1.1663999999981143, 1.1663999999981143, 1.1663999999981143, 1.1663999999981143, 1.1663999999981143, 1.1663999999981143, 1.1663999999981143, 1.1663999999981143, 1.1663999999981143, 1.1663999999981143, 1.1663999999981143, 1.1663999999981143, 1.1663999999981143, 1.1663999999981143, 1.1663999999981143, 1.1663999999981143, 1.1663999999981143, 1.1663999999981143, 1.1663999999981143, 1.1663999999981143, 1.1663999999981143, 1.1663999999981143, 1.1663999999981143, 1.1663999999981143, 1.1663999999981143, 1.1663999999981143, 1.1663999999981143, 1.1663999999981143, 1.1663999999981143, 1.1663999999981143, 1.1663999999981143, 1.1663999999981143, 1.1663999999981143, 1.1663999999981143, 1.1663999999981143, 1.1663999999981143, 1.1663999999981143, 1.1663999999981143, 1.1663999999981143, 1.1663999999981143, 1.1663999999981143, 1.1663999999981143, 1.1663999999981143, 1.1663999999981143, 1.1663999999981143, 1.1663999999981143, 1.1663999999981143, 1.1663999999981143, 1.1663999999981143, 1.1663999999981143, 1.1663999999981143, 1.1663999999981143, 1.1663999999981143, 1.1663999999981143, 1.1663999999981143, 1.1663999999981143, 1.1663999999981143, 1.1663999999981143, 1.1663999999981143, 1.1663999999981143, 1.1663999999981143, 1.1663999999981143, 1.1663999999981143, 1.1663999999981143, 1.1663999999981143, 1.1663999999981143, 1.1663999999981143, 1.1663999999981143, 1.1663999999981143]]
DEBUG:__main__:Gdpt Gbps measured per flow (DCTCP): [None]
INFO:__main__:* Sim duration (SSIRD): [0.005, 0.005, 0.005, 0.005, 0.005]
INFO:__main__:* Sim duration (DCTCP): [0.3, 0.3, 0.3, 0.3, 0.3]
INFO:__main__:* SSIRD FCT: [[0.0021892570000012768, 0.00239842500000087, 0.0018201370000010542, 0.0015740570000009058, 0.0019923930000000922, 0.002287689000000981, 0.0017463129999999438, 0.0021031289999999814, 0.002484553000000389, 0.0015986650000012759, 0.0020908250000015727, 0.0016232729999998696, 0.0025337820000004285, 0.0019308730000009433, 0.001881657000000203, 0.0020293050000006474, 0.00242303300000124, 0.0021154330000001664, 0.0019185690000007583, 0.0017340090000015351, 0.0016478810000002397, 0.00169709700000098, 0.0022261690000000556, 0.002201561000001462, 0.002386121000000685, 0.001684793000000795, 0.0022384730000002406, 0.00172170500000135, 0.0019554810000013134, 0.002472249000000204, 0.001783225000000499, 0.0020662170000012026, 0.0021523450000007216, 0.0018324410000012392, 0.0015863610000010908, 0.0019677850000014985, 0.002312297000001351, 0.0023738170000005, 0.001610969000001461, 0.0016355770000000547, 0.0025460930000011928, 0.0024476410000016102, 0.0021400410000005365, 0.001770921000000314, 0.001869353000000018, 0.0019062650000005732, 0.0022138649999998705, 0.002324601000001536, 0.0021277370000003515, 0.0015617530000007207, 0.0022630810000006107, 0.002361513000000315, 0.0018447450000014243, 0.0018570490000016093, 0.0025214720000015234, 0.0018939610000003881, 0.0016601850000004248, 0.002509161000000759, 0.002275385000000796, 0.002299993000001166, 0.001980088999999907, 0.002435337000001425, 0.0020046970000002773, 0.0015248410000001655, 0.002410729000001055, 0.0015494490000005356, 0.0021646490000009067, 0.002496857000000574, 0.0022507770000004257, 0.0023492090000001298, 0.001709401000001165, 0.0020416090000008325, 0.0020785210000013876, 0.002459945000000019, 0.0021769530000010917, 0.0015125369999999805, 0.0016724890000006098, 0.0017586170000001289, 0.0020170010000004623, 0.0023369049999999447, 0.001807833000000869, 0.0019431770000011284, 0.0020539130000010175, 0.0015371450000003506, 0.001795529000000684]]
INFO:__main__:* DCTCP FCT: [None]
