DEBUG:__main__:Protos tested: ['SSIRD']
DEBUG:__main__:Total_flow_size_B: 4386
DEBUG:__main__:Byteload sizes list: [1462]
DEBUG:__main__:Num Flows: 1
DEBUG:__main__:Inter-flow spacing (us): 0
DEBUG:__main__:Flow start times (us): [0]
DEBUG:__main__:Num Byteloads list: [3]
DEBUG:__main__:Total injection period (us): 30
DEBUG:__main__:Inter-Byteload Periods list: [10.0]
INFO:__main__:Total Flow Size (Bytes): 4386
INFO:__main__:Total Injection Period (us): 30
INFO:__main__:Byteload Size (Bytes): [1462]
INFO:__main__:Num Byteloads: [3]
INFO:__main__:Intervals (us): [10.0]
INFO:__main__:Num flows: 1
INFO:__main__:Gdpt GBps theoretical: [1.1696]
INFO:__main__:* Sim duration (SSIRD): [0.01]
INFO:__main__:* Sim duration (DCTCP): [0.0]
INFO:dale_experiment_rig:Experiment started at: 2025-07-29 19:37:46.390469
INFO:dale_experiment_rig:
##### RUN GROUP #####
INFO:dale_experiment_rig:
=====
Execute experiment 1flo-3#-1462B-10000ns_1462B_1flo_3bload_credit_leak
INFO:dale_experiment_rig:Flags: 1, 1, 1, 1, 0
INFO:dale_experiment_rig:ssird_sim_duration=0.010000; dctcp_sim_duration=0.000000
INFO:dale_experiment_rig:-----
Preparing experiment input MRIs
INFO:dale_experiment_rig:### Creating MRI inputs parent dir: /data/dh1723/SIRD-Simulator/scripts/r2p2/coord/config/manual-req-intervals/dale_experiments/Normal_Byteloads_1462B_1flo_3bload_credit_leak/
DEBUG:dale_experiment_rig:num flows: 1
INFO:dale_experiment_rig:-----
Preparing experiment spec scripts
INFO:dale_experiment_rig:### Creating spec scripts parent dir: /data/dh1723/SIRD-Simulator/scripts/r2p2/coord/config/dale_experiments/Normal_Byteloads_1462B_1flo_3bload_credit_leak/
INFO:dale_experiment_rig:-----
Running experiment for SSIRD
INFO:dale_experiment_rig:### Script:/data/dh1723/SIRD-Simulator/scripts/r2p2/coord/config/dale_experiments/Normal_Byteloads_1462B_1flo_3bload_credit_leak/SSIRD-1flo-3#-1462B-10000ns_1462B_1flo_3bload_credit_leak.sh
INFO:dale_experiment_rig:### Output path (stdout): /data/dh1723/SIRD-Simulator/scripts/r2p2/coord/outputs/Normal_Byteloads_1462B_1flo_3bload_credit_leak/ssird_1flo-3#-1462B-10000ns_1462B_1flo_3bload_credit_leak_stdout.out
INFO:dale_experiment_rig:### Output path (stderr): /data/dh1723/SIRD-Simulator/scripts/r2p2/coord/outputs/Normal_Byteloads_1462B_1flo_3bload_credit_leak/ssird_1flo-3#-1462B-10000ns_1462B_1flo_3bload_credit_leak_stderr.out
INFO:dale_experiment_rig:-----
Backing up app trace file paths
DEBUG:dale_experiment_rig:/data/dh1723/SIRD-Simulator/scripts/r2p2/post-process/experiment_app_trace_paths/Normal_Byteloads_1462B_1flo_3bload_credit_leak/1flo/SSIRD_app_traces.txt
INFO:dale_experiment_rig:-----
Backing up app trace file paths
DEBUG:dale_experiment_rig:/data/dh1723/SIRD-Simulator/scripts/r2p2/post-process/experiment_app_trace_paths/Normal_Byteloads_1462B_1flo_3bload_credit_leak/1flo/DCTCP-50_app_traces.txt
INFO:dale_experiment_rig:Simulations ended at: 2025-07-29 19:39:14.178656
INFO:dale_experiment_rig:
##### POST PROCESS RESULTS #####
INFO:dale_experiment_rig:=====
** Num Byteloads Per Flow: 3, Byteload Size (B): 1462, Inter-Byteload Interval (us): 10.0, ssird_sim_dur (s): 0.01, dctcp_sim_dur (s): 0.0
INFO:dale_experiment_rig:Processing SIRD results exp_id 0:: 1flo-3#-1462B
INFO:dale_experiment_rig:Processing results from /data/dh1723/SIRD-Simulator/scripts/r2p2/coord/results/SSIRD-1flo-3#-1462B-10000ns_1462B_1flo_3bload_credit_leak/data/SSIRD/60/applications_trace.str
INFO:dale_experiment_rig:Flow 0:: num of byteloads: 3, num srq events: 3, num rrq events: 3
DEBUG:dale_experiment_rig:Flow 0:: first_event_name: srq, final_event_name: rrq, expected_data_B: 4386, recv_data_B: 4386
INFO:dale_experiment_rig:SSIRD FCT: [2.7803000000048428e-05] ms, App Gdpt (overall): 1.1695999999403972 Gbps, App Gdpt (per flow): [1.1695999999403972]
ERROR:dale_experiment_rig:No results for DCTCP
INFO:dale_experiment_rig:DCTCP FCT: None ms, App Gtpt (overall): None Gbps, App Gdpt (per flow): None
INFO:dale_experiment_rig:
##### GENERATE METRICS #####
INFO:__main__:Total Flow Size (Bytes): 4386
INFO:__main__:Total Injection Period (us): 30
INFO:__main__:Byteload Size (Bytes): [1462]
INFO:__main__:Num Byteloads: [3]
INFO:__main__:Intervals (us): [10.0]
INFO:__main__:Num flows: 1
DEBUG:__main__:Flow start times (us): [0]
INFO:__main__:Gdpt Gbps theoretical: [1.1696]
INFO:__main__:Gdpt Gbps measured (SSIRD): [1.1695999999403972]
INFO:__main__:Gdpt Gbps measured (DCTCP): [None]
DEBUG:__main__:Gdpt Gbps measured per flow (SSIRD): [[1.1695999999403972]]
DEBUG:__main__:Gdpt Gbps measured per flow (DCTCP): [None]
INFO:__main__:* Sim duration (SSIRD): [0.01]
INFO:__main__:* Sim duration (DCTCP): [0.0]
INFO:__main__:* SSIRD FCT: [[2.7803000000048428e-05]]
INFO:__main__:* DCTCP FCT: [None]
