INFO:__main__:Protos tested: ['SSIRD', 'DCTCP-50']
INFO:__main__:Num Flows: 8
INFO:__main__:Byteload Size (B): 1560
INFO:__main__:Target Mean Byteload Interval (ns): 1000
INFO:__main__:  is_use_poisson_num_byteloads=False
INFO:__main__:Target Mean Flow Interarrival (ns): 1000
INFO:__main__:  is_use_poisson_flow_interarr=True
INFO:__main__:Target Flow Rate (Gbps): 12.479999999999999
INFO:__main__:Num Byteloads: [10000, 10000, 10000, 10000, 10000, 10000, 10000, 10000]
INFO:__main__:  is_use_poisson_num_byteloads=False
INFO:__main__:Flow Start Times (us): [0.978, 1.668, 4.64, 7.031, 7.206, 7.418, 8.956, 9.237]
INFO:__main__:Flow Rate (Gbps): [12.48, 12.48, 12.48, 12.48, 12.48, 12.48, 12.48, 12.48]
INFO:__main__:Flow Size (B): [15600000, 15600000, 15600000, 15600000, 15600000, 15600000, 15600000, 15600000]
INFO:__main__:Flow Send Durations (us): [9999.978, 10000.668, 10003.64, 10006.031, 10006.206, 10006.418, 10007.956, 10008.237]
INFO:__main__:Flow Min Byteload Size (B): [1560, 1560, 1560, 1560, 1560, 1560, 1560, 1560]
INFO:__main__:Flow Max Byteload Size (B): [1560, 1560, 1560, 1560, 1560, 1560, 1560, 1560]
INFO:__main__:Flow Min Interval (us): [0.001, 0.001, 0.001, 0.001, 0.001, 0.001, 0.001, 0.001]
INFO:__main__:Flow Max Interval (us): [4.599, 4.599, 4.599, 4.599, 4.599, 4.599, 4.599, 4.599]
DEBUG:__main__:Max flow send durations (us): 10008.237
INFO:__main__:* Sim duration (SSIRD): [0.1]
INFO:__main__:* Sim duration (DCTCP): [0.1]
INFO:dale_experiment_rig:Experiment started at: 2025-08-11 16:45:29.422217
INFO:dale_experiment_rig:
##### RUN GROUP #####
INFO:dale_experiment_rig:
=====
Execute experiment 8flo-12Gbps-2025-08-11T_16-45-29Z_p2p_poisson_8flo_1560B_1us_10kBload_99pt84Gbps
INFO:dale_experiment_rig:Flags: 1, 0, 0, 0, 0
INFO:dale_experiment_rig:ssird_sim_duration=0.100000; dctcp_sim_duration=0.100000
INFO:dale_experiment_rig:
=====
Execute experiment 8flo-12Gbps-2025-08-11T_16-45-29Z_p2p_poisson_8flo_1560B_1us_10kBload_99pt84Gbps
INFO:dale_experiment_rig:-----
Preparing experiment input MRIs
INFO:dale_experiment_rig:Flags: 1, 0, 0, 0, 0
INFO:dale_experiment_rig:### Creating MRI inputs parent dir: /data/dh1723/SIRD-Simulator/scripts/r2p2/coord/config/manual-req-intervals/dale_experiments/Poisson_Flows_p2p_poisson_8flo_1560B_1us_10kBload_99pt84Gbps/
INFO:dale_experiment_rig:ssird_sim_duration=0.100000; dctcp_sim_duration=0.100000
INFO:dale_experiment_rig:-----
Preparing experiment input MRIs
INFO:dale_experiment_rig:### Creating MRI inputs parent dir: /data/dh1723/SIRD-Simulator/scripts/r2p2/coord/config/manual-req-intervals/dale_experiments/Poisson_Flows_p2p_poisson_8flo_1560B_1us_10kBload_99pt84Gbps/
INFO:dale_experiment_rig:File /data/dh1723/SIRD-Simulator/scripts/r2p2/coord/config/manual-req-intervals/dale_experiments/Poisson_Flows_p2p_poisson_8flo_1560B_1us_10kBload_99pt84Gbps/ aready exists.
DEBUG:dale_experiment_rig:num flows: 8
DEBUG:dale_experiment_rig:num flows: 8
INFO:dale_experiment_rig:-----
Preparing experiment spec scripts
INFO:dale_experiment_rig:-----
Preparing experiment spec scripts
INFO:dale_experiment_rig:### Creating spec scripts parent dir: /data/dh1723/SIRD-Simulator/scripts/r2p2/coord/config/dale_experiments/Poisson_Flows_p2p_poisson_8flo_1560B_1us_10kBload_99pt84Gbps/
INFO:dale_experiment_rig:### Creating spec scripts parent dir: /data/dh1723/SIRD-Simulator/scripts/r2p2/coord/config/dale_experiments/Poisson_Flows_p2p_poisson_8flo_1560B_1us_10kBload_99pt84Gbps/
INFO:dale_experiment_rig:#### WARNING: File /data/dh1723/SIRD-Simulator/scripts/r2p2/coord/config/dale_experiments/Poisson_Flows_p2p_poisson_8flo_1560B_1us_10kBload_99pt84Gbps/ aready exists.
INFO:dale_experiment_rig:-----
Running experiment for SSIRD
INFO:dale_experiment_rig:-----
Running experiment for DCTCP-50
INFO:dale_experiment_rig:### Script:/data/dh1723/SIRD-Simulator/scripts/r2p2/coord/config/dale_experiments/Poisson_Flows_p2p_poisson_8flo_1560B_1us_10kBload_99pt84Gbps/SSIRD-8flo-12Gbps-2025-08-11T_16-45-29Z_p2p_poisson_8flo_1560B_1us_10kBload_99pt84Gbps.sh
INFO:dale_experiment_rig:### Script:/data/dh1723/SIRD-Simulator/scripts/r2p2/coord/config/dale_experiments/Poisson_Flows_p2p_poisson_8flo_1560B_1us_10kBload_99pt84Gbps/DCTCP-50-8flo-12Gbps-2025-08-11T_16-45-29Z_p2p_poisson_8flo_1560B_1us_10kBload_99pt84Gbps.sh
INFO:dale_experiment_rig:### Output path (stdout): /data/dh1723/SIRD-Simulator/scripts/r2p2/coord/outputs/Poisson_Flows_p2p_poisson_8flo_1560B_1us_10kBload_99pt84Gbps/ssird_8flo-12Gbps-2025-08-11T_16-45-29Z_p2p_poisson_8flo_1560B_1us_10kBload_99pt84Gbps_stdout.out
INFO:dale_experiment_rig:### Output path (stdout): /data/dh1723/SIRD-Simulator/scripts/r2p2/coord/outputs/Poisson_Flows_p2p_poisson_8flo_1560B_1us_10kBload_99pt84Gbps/DCTCP-50_8flo-12Gbps-2025-08-11T_16-45-29Z_p2p_poisson_8flo_1560B_1us_10kBload_99pt84Gbps_stdout.out
INFO:dale_experiment_rig:### Output path (stderr): /data/dh1723/SIRD-Simulator/scripts/r2p2/coord/outputs/Poisson_Flows_p2p_poisson_8flo_1560B_1us_10kBload_99pt84Gbps/ssird_8flo-12Gbps-2025-08-11T_16-45-29Z_p2p_poisson_8flo_1560B_1us_10kBload_99pt84Gbps_stderr.out
INFO:dale_experiment_rig:### Output path (stderr): /data/dh1723/SIRD-Simulator/scripts/r2p2/coord/outputs/Poisson_Flows_p2p_poisson_8flo_1560B_1us_10kBload_99pt84Gbps/DCTCP-50_8flo-12Gbps-2025-08-11T_16-45-29Z_p2p_poisson_8flo_1560B_1us_10kBload_99pt84Gbps_stderr.out
INFO:dale_experiment_rig:-----
Backing up app trace file paths
DEBUG:dale_experiment_rig:/data/dh1723/SIRD-Simulator/scripts/r2p2/post-process/experiment_app_trace_paths/Poisson_Flows_p2p_poisson_8flo_1560B_1us_10kBload_99pt84Gbps/8flo_12.479999999999999Gbps_2025-08-11T_17-34-55Z/SSIRD_app_traces.txt
INFO:dale_experiment_rig:-----
Backing up app trace file paths
DEBUG:dale_experiment_rig:/data/dh1723/SIRD-Simulator/scripts/r2p2/post-process/experiment_app_trace_paths/Poisson_Flows_p2p_poisson_8flo_1560B_1us_10kBload_99pt84Gbps/8flo_12.479999999999999Gbps_2025-08-11T_17-34-55Z/DCTCP-50_app_traces.txt
INFO:dale_experiment_rig:Simulations ended at: 2025-08-11 17:34:55.322571
INFO:dale_experiment_rig:
##### POST PROCESS RESULTS #####
INFO:dale_experiment_rig:=====
** Num Flows: 8, Target Flow Rate (Gbps): 12.479999999999999, ssird_sim_dur (s): 0.1, dctcp_sim_dur (s): 0.1
INFO:dale_experiment_rig:Processing SIRD results exp_id 0:: 8flo-12.479999999999999Gbps_target
INFO:dale_experiment_rig:Processing results from /data/dh1723/SIRD-Simulator/scripts/r2p2/coord/results/SSIRD-8flo-12Gbps-2025-08-11T_16-45-29Z_p2p_poisson_8flo_1560B_1us_10kBload_99pt84Gbps/data/SSIRD/60/applications_trace.str
INFO:dale_experiment_rig:Flow 0:: num of byteloads: 10000, num srq events: 10000, num rrq events: 1
DEBUG:dale_experiment_rig:Flow 0:: first_event_name: srq, final_event_name: rrq, expected_data_B: 15600000, recv_data_B: 15600000
INFO:dale_experiment_rig:Flow 1:: num of byteloads: 10000, num srq events: 10000, num rrq events: 116
DEBUG:dale_experiment_rig:Flow 1:: first_event_name: srq, final_event_name: rrq, expected_data_B: 15600000, recv_data_B: 15600000
INFO:dale_experiment_rig:Flow 2:: num of byteloads: 10000, num srq events: 10000, num rrq events: 8014
DEBUG:dale_experiment_rig:Flow 2:: first_event_name: srq, final_event_name: rrq, expected_data_B: 15600000, recv_data_B: 15600000
INFO:dale_experiment_rig:Flow 3:: num of byteloads: 10000, num srq events: 10000, num rrq events: 6627
DEBUG:dale_experiment_rig:Flow 3:: first_event_name: srq, final_event_name: rrq, expected_data_B: 15600000, recv_data_B: 15600000
INFO:dale_experiment_rig:Flow 4:: num of byteloads: 10000, num srq events: 10000, num rrq events: 7484
DEBUG:dale_experiment_rig:Flow 4:: first_event_name: srq, final_event_name: rrq, expected_data_B: 15600000, recv_data_B: 15600000
INFO:dale_experiment_rig:Flow 5:: num of byteloads: 10000, num srq events: 10000, num rrq events: 8524
DEBUG:dale_experiment_rig:Flow 5:: first_event_name: srq, final_event_name: rrq, expected_data_B: 15600000, recv_data_B: 15600000
INFO:dale_experiment_rig:Flow 6:: num of byteloads: 10000, num srq events: 10000, num rrq events: 8212
DEBUG:dale_experiment_rig:Flow 6:: first_event_name: srq, final_event_name: rrq, expected_data_B: 15600000, recv_data_B: 15600000
INFO:dale_experiment_rig:Flow 7:: num of byteloads: 10000, num srq events: 10000, num rrq events: 8577
DEBUG:dale_experiment_rig:Flow 7:: first_event_name: srq, final_event_name: rrq, expected_data_B: 15600000, recv_data_B: 15600000
INFO:dale_experiment_rig:SSIRD FCT (ms): [0.0115854130000006, 0.010222643999998837, 0.010001907000001253, 0.010001791000000537, 0.010001904999999311, 0.010001831000000294, 0.0100017990000012, 0.010001814000000664]
App Gdpt (overall): 99.76633161987723 Gbps
App Gdpt (per flow): [12.479999999999333, 12.48000000000155, 12.479999999999333, 12.479999999999333, 12.48000000000155, 12.479999999999333, 12.479999999999333, 12.479999999999333]
Network Gdpt (overall): 86.17733351413095
Network Gdpt (per flow): [10.772166689266369, 12.208191931560387, 12.477620517765699, 12.477765232246236, 12.477623012816919, 12.477715330322651, 12.4777552518287, 12.477736538591072]
INFO:dale_experiment_rig:Processing DCTCP results exp_id 0:: 8flo-12.479999999999999Gbps_target
INFO:dale_experiment_rig:Processing results from /data/dh1723/SIRD-Simulator/scripts/r2p2/coord/results/DCTCP-50-8flo-12Gbps-2025-08-11T_16-45-29Z_p2p_poisson_8flo_1560B_1us_10kBload_99pt84Gbps/data/DCTCP-50/60/applications_trace.str
INFO:dale_experiment_rig:Flow 0:: num of byteloads: 10000, num srq events: 10000, num rrq events: 1
DEBUG:dale_experiment_rig:Flow 0:: first_event_name: srq, final_event_name: rrq, expected_data_B: 15600000, recv_data_B: 15600000
INFO:dale_experiment_rig:Flow 1:: num of byteloads: 10000, num srq events: 10000, num rrq events: 1
DEBUG:dale_experiment_rig:Flow 1:: first_event_name: srq, final_event_name: rrq, expected_data_B: 15600000, recv_data_B: 15600000
INFO:dale_experiment_rig:Flow 2:: num of byteloads: 10000, num srq events: 10000, num rrq events: 1
DEBUG:dale_experiment_rig:Flow 2:: first_event_name: srq, final_event_name: rrq, expected_data_B: 15600000, recv_data_B: 15600000
INFO:dale_experiment_rig:Flow 3:: num of byteloads: 10000, num srq events: 10000, num rrq events: 1
DEBUG:dale_experiment_rig:Flow 3:: first_event_name: srq, final_event_name: rrq, expected_data_B: 15600000, recv_data_B: 15600000
INFO:dale_experiment_rig:Flow 4:: num of byteloads: 10000, num srq events: 10000, num rrq events: 1
DEBUG:dale_experiment_rig:Flow 4:: first_event_name: srq, final_event_name: rrq, expected_data_B: 15600000, recv_data_B: 15600000
INFO:dale_experiment_rig:Flow 5:: num of byteloads: 10000, num srq events: 10000, num rrq events: 1
DEBUG:dale_experiment_rig:Flow 5:: first_event_name: srq, final_event_name: rrq, expected_data_B: 15600000, recv_data_B: 15600000
INFO:dale_experiment_rig:Flow 6:: num of byteloads: 10000, num srq events: 10000, num rrq events: 1
DEBUG:dale_experiment_rig:Flow 6:: first_event_name: srq, final_event_name: rrq, expected_data_B: 15600000, recv_data_B: 15600000
INFO:dale_experiment_rig:Flow 7:: num of byteloads: 10000, num srq events: 10000, num rrq events: 1
DEBUG:dale_experiment_rig:Flow 7:: first_event_name: srq, final_event_name: rrq, expected_data_B: 15600000, recv_data_B: 15600000
INFO:dale_experiment_rig:DCTCP-50 FCT (ms): [0.010505719999999386, 0.01056621499999899, 0.01049471900000043, 0.010558775999999881, 0.010492585999999804, 0.010514372999999466, 0.01050230000000063, 0.01052215099999998]
App Gdpt (overall): 99.76633161987723 Gbps
App Gdpt (per flow): [12.479999999999333, 12.48000000000155, 12.479999999999333, 12.479999999999333, 12.48000000000155, 12.479999999999333, 12.479999999999333, 12.479999999999333]
Network Gdpt (overall): 94.4836733177853
Network Gdpt (per flow): [11.879242926711097, 11.811230416947973, 11.8916952421494, 11.819551811687397, 11.894112662026535, 11.86946668146606, 11.883111318472384, 11.860692742387013]
INFO:dale_experiment_rig:
##### GENERATE METRICS #####
INFO:__main__:Protos tested: ['SSIRD', 'DCTCP-50']
INFO:__main__:Num Flows: 8
INFO:__main__:Byteload Size (B): 1560
INFO:__main__:Target Mean Byteload Interval (ns): 1000
INFO:__main__:  is_use_poisson_num_byteloads=False
INFO:__main__:Target Mean Flow Interarrival (ns): 1000
INFO:__main__:  is_use_poisson_flow_interarr=True
INFO:__main__:Target Flow Rate (Gbps): 12.479999999999999
INFO:__main__:Num Byteloads: [10000, 10000, 10000, 10000, 10000, 10000, 10000, 10000]
INFO:__main__:  is_use_poisson_num_byteloads=False
INFO:__main__:Flow Start Times (us): [0.978, 1.668, 4.64, 7.031, 7.206, 7.418, 8.956, 9.237]
INFO:__main__:Flow Rate (Gbps): [12.48, 12.48, 12.48, 12.48, 12.48, 12.48, 12.48, 12.48]
INFO:__main__:Flow Size (B): [15600000, 15600000, 15600000, 15600000, 15600000, 15600000, 15600000, 15600000]
INFO:__main__:Flow Send Durations (us): [9999.978, 10000.668, 10003.64, 10006.031, 10006.206, 10006.418, 10007.956, 10008.237]
INFO:__main__:Flow Min Byteload Size (B): [1560, 1560, 1560, 1560, 1560, 1560, 1560, 1560]
INFO:__main__:Flow Max Byteload Size (B): [1560, 1560, 1560, 1560, 1560, 1560, 1560, 1560]
INFO:__main__:Flow Min Interval (us): [0.001, 0.001, 0.001, 0.001, 0.001, 0.001, 0.001, 0.001]
INFO:__main__:Flow Max Interval (us): [4.599, 4.599, 4.599, 4.599, 4.599, 4.599, 4.599, 4.599]
INFO:__main__:APP Gdpt Gbps measured (SSIRD): [99.76633161987723]
INFO:__main__:APP Gdpt Gbps measured (DCTCP): [99.76633161987723]
DEBUG:__main__:APP Gdpt Gbps measured per flow (SSIRD): [[12.479999999999333, 12.48000000000155, 12.479999999999333, 12.479999999999333, 12.48000000000155, 12.479999999999333, 12.479999999999333, 12.479999999999333]]
DEBUG:__main__:APP Gdpt Gbps measured per flow (DCTCP): [[12.479999999999333, 12.48000000000155, 12.479999999999333, 12.479999999999333, 12.48000000000155, 12.479999999999333, 12.479999999999333, 12.479999999999333]]
INFO:__main__:NW Gdpt Gbps measured (SSIRD): [86.17733351413095]
INFO:__main__:NW Gdpt Gbps measured (DCTCP): [94.4836733177853]
DEBUG:__main__:NW Gdpt Gbps measured per flow (SSIRD): [[10.772166689266369, 12.208191931560387, 12.477620517765699, 12.477765232246236, 12.477623012816919, 12.477715330322651, 12.4777552518287, 12.477736538591072]]
DEBUG:__main__:NW Gdpt Gbps measured per flow (DCTCP): [[11.879242926711097, 11.811230416947973, 11.8916952421494, 11.819551811687397, 11.894112662026535, 11.86946668146606, 11.883111318472384, 11.860692742387013]]
INFO:__main__:* Sim duration (SSIRD): [0.1]
INFO:__main__:* Sim duration (DCTCP): [0.1]
INFO:__main__:* SSIRD FCT: [[0.0115854130000006, 0.010222643999998837, 0.010001907000001253, 0.010001791000000537, 0.010001904999999311, 0.010001831000000294, 0.0100017990000012, 0.010001814000000664]]
INFO:__main__:* DCTCP FCT: [[0.010505719999999386, 0.01056621499999899, 0.01049471900000043, 0.010558775999999881, 0.010492585999999804, 0.010514372999999466, 0.01050230000000063, 0.01052215099999998]]
