DEBUG:__main__:Protos tested: ['SSIRD']
DEBUG:__main__:Total_flow_size_B: 200000
DEBUG:__main__:Byteload sizes list: [20, 200, 2000, 20000, 200000]
DEBUG:__main__:Num Flows: 31
DEBUG:__main__:Inter-flow spacing (us): 0
DEBUG:__main__:Flow start times (us): [0, 0, 0, 0, 0, 0, 0, 0, 0, 0, 0, 0, 0, 0, 0, 0, 0, 0, 0, 0, 0, 0, 0, 0, 0, 0, 0, 0, 0, 0, 0]
DEBUG:__main__:Num Byteloads list: [10000, 1000, 100, 10, 1]
DEBUG:__main__:Total injection period (us): 1000.0
DEBUG:__main__:Inter-Byteload Periods list: [0.1, 1.0, 10.0, 100.0, 1000.0]
INFO:__main__:Total Flow Size (Bytes): 200000
INFO:__main__:Total Injection Period (us): 1000.0
INFO:__main__:Byteload Size (Bytes): [20, 200, 2000, 20000, 200000]
INFO:__main__:Num Byteloads: [10000, 1000, 100, 10, 1]
INFO:__main__:Intervals (us): [0.1, 1.0, 10.0, 100.0, 1000.0]
INFO:__main__:Num flows: 31
INFO:__main__:Gdpt GBps theoretical: [49.6, 49.6, 49.6, 49.6, 49.6]
INFO:__main__:* Sim duration (SSIRD): [0.08, 0.02, 0.01, 0.01, 0.01]
INFO:__main__:* Sim duration (DCTCP): [0.08, 0.02, 0.01, 0.01, 0.01]
INFO:dale_experiment_rig:Experiment started at: 2025-07-31 23:04:36.747308
INFO:dale_experiment_rig:
##### RUN GROUP #####
INFO:dale_experiment_rig:
=====
Execute experiment 31flo-10000#-20B-100ns_fullrange_31flo_1msRTT_credit_steal
INFO:dale_experiment_rig:
=====
Execute experiment 31flo-1000#-200B-1000ns_fullrange_31flo_1msRTT_credit_steal
INFO:dale_experiment_rig:Flags: 1, 1, 1, 1, 0
INFO:dale_experiment_rig:
=====
Execute experiment 31flo-100#-2000B-10000ns_fullrange_31flo_1msRTT_credit_steal
INFO:dale_experiment_rig:Flags: 1, 1, 1, 1, 0
INFO:dale_experiment_rig:ssird_sim_duration=0.020000; dctcp_sim_duration=0.020000
INFO:dale_experiment_rig:
=====
Execute experiment 31flo-10#-20000B-100000ns_fullrange_31flo_1msRTT_credit_steal
INFO:dale_experiment_rig:Flags: 1, 1, 1, 1, 0
INFO:dale_experiment_rig:ssird_sim_duration=0.080000; dctcp_sim_duration=0.080000
INFO:dale_experiment_rig:-----
Preparing experiment input MRIs
INFO:dale_experiment_rig:
=====
Execute experiment 31flo-1#-200000B-1000000ns_fullrange_31flo_1msRTT_credit_steal
INFO:dale_experiment_rig:Flags: 1, 1, 1, 1, 0
INFO:dale_experiment_rig:ssird_sim_duration=0.010000; dctcp_sim_duration=0.010000
INFO:dale_experiment_rig:-----
Preparing experiment input MRIs
INFO:dale_experiment_rig:### Creating MRI inputs parent dir: /data/dh1723/SIRD-Simulator/scripts/r2p2/coord/config/manual-req-intervals/dale_experiments/FCT_Fullrange_Byteloads_fullrange_31flo_1msRTT_credit_steal/
INFO:dale_experiment_rig:Flags: 1, 1, 1, 1, 0
INFO:dale_experiment_rig:ssird_sim_duration=0.010000; dctcp_sim_duration=0.010000
INFO:dale_experiment_rig:-----
Preparing experiment input MRIs
INFO:dale_experiment_rig:### Creating MRI inputs parent dir: /data/dh1723/SIRD-Simulator/scripts/r2p2/coord/config/manual-req-intervals/dale_experiments/FCT_Fullrange_Byteloads_fullrange_31flo_1msRTT_credit_steal/
INFO:dale_experiment_rig:File /data/dh1723/SIRD-Simulator/scripts/r2p2/coord/config/manual-req-intervals/dale_experiments/FCT_Fullrange_Byteloads_fullrange_31flo_1msRTT_credit_steal/ aready exists.
INFO:dale_experiment_rig:ssird_sim_duration=0.010000; dctcp_sim_duration=0.010000
INFO:dale_experiment_rig:-----
Preparing experiment input MRIs
INFO:dale_experiment_rig:### Creating MRI inputs parent dir: /data/dh1723/SIRD-Simulator/scripts/r2p2/coord/config/manual-req-intervals/dale_experiments/FCT_Fullrange_Byteloads_fullrange_31flo_1msRTT_credit_steal/
INFO:dale_experiment_rig:File /data/dh1723/SIRD-Simulator/scripts/r2p2/coord/config/manual-req-intervals/dale_experiments/FCT_Fullrange_Byteloads_fullrange_31flo_1msRTT_credit_steal/ aready exists.
INFO:dale_experiment_rig:-----
Preparing experiment input MRIs
DEBUG:dale_experiment_rig:num flows: 31
INFO:dale_experiment_rig:### Creating MRI inputs parent dir: /data/dh1723/SIRD-Simulator/scripts/r2p2/coord/config/manual-req-intervals/dale_experiments/FCT_Fullrange_Byteloads_fullrange_31flo_1msRTT_credit_steal/
INFO:dale_experiment_rig:File /data/dh1723/SIRD-Simulator/scripts/r2p2/coord/config/manual-req-intervals/dale_experiments/FCT_Fullrange_Byteloads_fullrange_31flo_1msRTT_credit_steal/ aready exists.
INFO:dale_experiment_rig:### Creating MRI inputs parent dir: /data/dh1723/SIRD-Simulator/scripts/r2p2/coord/config/manual-req-intervals/dale_experiments/FCT_Fullrange_Byteloads_fullrange_31flo_1msRTT_credit_steal/
INFO:dale_experiment_rig:File /data/dh1723/SIRD-Simulator/scripts/r2p2/coord/config/manual-req-intervals/dale_experiments/FCT_Fullrange_Byteloads_fullrange_31flo_1msRTT_credit_steal/ aready exists.
DEBUG:dale_experiment_rig:num flows: 31
INFO:dale_experiment_rig:File /data/dh1723/SIRD-Simulator/scripts/r2p2/coord/config/manual-req-intervals/dale_experiments/FCT_Fullrange_Byteloads_fullrange_31flo_1msRTT_credit_steal/ aready exists.
INFO:dale_experiment_rig:-----
Preparing experiment spec scripts
DEBUG:dale_experiment_rig:num flows: 31
DEBUG:dale_experiment_rig:num flows: 31
INFO:dale_experiment_rig:-----
Preparing experiment spec scripts
INFO:dale_experiment_rig:### Creating spec scripts parent dir: /data/dh1723/SIRD-Simulator/scripts/r2p2/coord/config/dale_experiments/FCT_Fullrange_Byteloads_fullrange_31flo_1msRTT_credit_steal/
INFO:dale_experiment_rig:-----
Preparing experiment spec scripts
INFO:dale_experiment_rig:### Creating spec scripts parent dir: /data/dh1723/SIRD-Simulator/scripts/r2p2/coord/config/dale_experiments/FCT_Fullrange_Byteloads_fullrange_31flo_1msRTT_credit_steal/
INFO:dale_experiment_rig:-----
Preparing experiment spec scripts
INFO:dale_experiment_rig:#### WARNING: File /data/dh1723/SIRD-Simulator/scripts/r2p2/coord/config/dale_experiments/FCT_Fullrange_Byteloads_fullrange_31flo_1msRTT_credit_steal/ aready exists.
INFO:dale_experiment_rig:### Creating spec scripts parent dir: /data/dh1723/SIRD-Simulator/scripts/r2p2/coord/config/dale_experiments/FCT_Fullrange_Byteloads_fullrange_31flo_1msRTT_credit_steal/
INFO:dale_experiment_rig:#### WARNING: File /data/dh1723/SIRD-Simulator/scripts/r2p2/coord/config/dale_experiments/FCT_Fullrange_Byteloads_fullrange_31flo_1msRTT_credit_steal/ aready exists.
INFO:dale_experiment_rig:### Creating spec scripts parent dir: /data/dh1723/SIRD-Simulator/scripts/r2p2/coord/config/dale_experiments/FCT_Fullrange_Byteloads_fullrange_31flo_1msRTT_credit_steal/
INFO:dale_experiment_rig:#### WARNING: File /data/dh1723/SIRD-Simulator/scripts/r2p2/coord/config/dale_experiments/FCT_Fullrange_Byteloads_fullrange_31flo_1msRTT_credit_steal/ aready exists.
DEBUG:dale_experiment_rig:num flows: 31
INFO:dale_experiment_rig:#### WARNING: File /data/dh1723/SIRD-Simulator/scripts/r2p2/coord/config/dale_experiments/FCT_Fullrange_Byteloads_fullrange_31flo_1msRTT_credit_steal/ aready exists.
INFO:dale_experiment_rig:-----
Running experiment for SSIRD
INFO:dale_experiment_rig:-----
Running experiment for SSIRD
INFO:dale_experiment_rig:### Script:/data/dh1723/SIRD-Simulator/scripts/r2p2/coord/config/dale_experiments/FCT_Fullrange_Byteloads_fullrange_31flo_1msRTT_credit_steal/SSIRD-31flo-100#-2000B-10000ns_fullrange_31flo_1msRTT_credit_steal.sh
INFO:dale_experiment_rig:### Script:/data/dh1723/SIRD-Simulator/scripts/r2p2/coord/config/dale_experiments/FCT_Fullrange_Byteloads_fullrange_31flo_1msRTT_credit_steal/SSIRD-31flo-1000#-200B-1000ns_fullrange_31flo_1msRTT_credit_steal.sh
INFO:dale_experiment_rig:### Output path (stdout): /data/dh1723/SIRD-Simulator/scripts/r2p2/coord/outputs/FCT_Fullrange_Byteloads_fullrange_31flo_1msRTT_credit_steal/ssird_31flo-100#-2000B-10000ns_fullrange_31flo_1msRTT_credit_steal_stdout.out
INFO:dale_experiment_rig:### Output path (stdout): /data/dh1723/SIRD-Simulator/scripts/r2p2/coord/outputs/FCT_Fullrange_Byteloads_fullrange_31flo_1msRTT_credit_steal/ssird_31flo-1000#-200B-1000ns_fullrange_31flo_1msRTT_credit_steal_stdout.out
INFO:dale_experiment_rig:-----
Running experiment for SSIRD
INFO:dale_experiment_rig:### Output path (stderr): /data/dh1723/SIRD-Simulator/scripts/r2p2/coord/outputs/FCT_Fullrange_Byteloads_fullrange_31flo_1msRTT_credit_steal/ssird_31flo-100#-2000B-10000ns_fullrange_31flo_1msRTT_credit_steal_stderr.out
INFO:dale_experiment_rig:### Output path (stderr): /data/dh1723/SIRD-Simulator/scripts/r2p2/coord/outputs/FCT_Fullrange_Byteloads_fullrange_31flo_1msRTT_credit_steal/ssird_31flo-1000#-200B-1000ns_fullrange_31flo_1msRTT_credit_steal_stderr.out
INFO:dale_experiment_rig:### Script:/data/dh1723/SIRD-Simulator/scripts/r2p2/coord/config/dale_experiments/FCT_Fullrange_Byteloads_fullrange_31flo_1msRTT_credit_steal/SSIRD-31flo-1#-200000B-1000000ns_fullrange_31flo_1msRTT_credit_steal.sh
INFO:dale_experiment_rig:### Output path (stdout): /data/dh1723/SIRD-Simulator/scripts/r2p2/coord/outputs/FCT_Fullrange_Byteloads_fullrange_31flo_1msRTT_credit_steal/ssird_31flo-1#-200000B-1000000ns_fullrange_31flo_1msRTT_credit_steal_stdout.out
INFO:dale_experiment_rig:### Output path (stderr): /data/dh1723/SIRD-Simulator/scripts/r2p2/coord/outputs/FCT_Fullrange_Byteloads_fullrange_31flo_1msRTT_credit_steal/ssird_31flo-1#-200000B-1000000ns_fullrange_31flo_1msRTT_credit_steal_stderr.out
INFO:dale_experiment_rig:-----
Running experiment for SSIRD
INFO:dale_experiment_rig:### Script:/data/dh1723/SIRD-Simulator/scripts/r2p2/coord/config/dale_experiments/FCT_Fullrange_Byteloads_fullrange_31flo_1msRTT_credit_steal/SSIRD-31flo-10#-20000B-100000ns_fullrange_31flo_1msRTT_credit_steal.sh
INFO:dale_experiment_rig:### Output path (stdout): /data/dh1723/SIRD-Simulator/scripts/r2p2/coord/outputs/FCT_Fullrange_Byteloads_fullrange_31flo_1msRTT_credit_steal/ssird_31flo-10#-20000B-100000ns_fullrange_31flo_1msRTT_credit_steal_stdout.out
INFO:dale_experiment_rig:### Output path (stderr): /data/dh1723/SIRD-Simulator/scripts/r2p2/coord/outputs/FCT_Fullrange_Byteloads_fullrange_31flo_1msRTT_credit_steal/ssird_31flo-10#-20000B-100000ns_fullrange_31flo_1msRTT_credit_steal_stderr.out
INFO:dale_experiment_rig:-----
Preparing experiment spec scripts
INFO:dale_experiment_rig:### Creating spec scripts parent dir: /data/dh1723/SIRD-Simulator/scripts/r2p2/coord/config/dale_experiments/FCT_Fullrange_Byteloads_fullrange_31flo_1msRTT_credit_steal/
INFO:dale_experiment_rig:#### WARNING: File /data/dh1723/SIRD-Simulator/scripts/r2p2/coord/config/dale_experiments/FCT_Fullrange_Byteloads_fullrange_31flo_1msRTT_credit_steal/ aready exists.
INFO:dale_experiment_rig:-----
Running experiment for SSIRD
INFO:dale_experiment_rig:### Script:/data/dh1723/SIRD-Simulator/scripts/r2p2/coord/config/dale_experiments/FCT_Fullrange_Byteloads_fullrange_31flo_1msRTT_credit_steal/SSIRD-31flo-10000#-20B-100ns_fullrange_31flo_1msRTT_credit_steal.sh
INFO:dale_experiment_rig:### Output path (stdout): /data/dh1723/SIRD-Simulator/scripts/r2p2/coord/outputs/FCT_Fullrange_Byteloads_fullrange_31flo_1msRTT_credit_steal/ssird_31flo-10000#-20B-100ns_fullrange_31flo_1msRTT_credit_steal_stdout.out
INFO:dale_experiment_rig:### Output path (stderr): /data/dh1723/SIRD-Simulator/scripts/r2p2/coord/outputs/FCT_Fullrange_Byteloads_fullrange_31flo_1msRTT_credit_steal/ssird_31flo-10000#-20B-100ns_fullrange_31flo_1msRTT_credit_steal_stderr.out
INFO:dale_experiment_rig:-----
Backing up app trace file paths
DEBUG:dale_experiment_rig:/data/dh1723/SIRD-Simulator/scripts/r2p2/post-process/experiment_app_trace_paths/FCT_Fullrange_Byteloads_fullrange_31flo_1msRTT_credit_steal/31flo/SSIRD_app_traces.txt
INFO:dale_experiment_rig:-----
Backing up app trace file paths
DEBUG:dale_experiment_rig:/data/dh1723/SIRD-Simulator/scripts/r2p2/post-process/experiment_app_trace_paths/FCT_Fullrange_Byteloads_fullrange_31flo_1msRTT_credit_steal/31flo/DCTCP-50_app_traces.txt
INFO:dale_experiment_rig:Simulations ended at: 2025-08-01 04:50:46.729876
INFO:dale_experiment_rig:
##### POST PROCESS RESULTS #####
INFO:dale_experiment_rig:=====
** Num Byteloads Per Flow: 10000, Byteload Size (B): 20, Inter-Byteload Interval (us): 0.1, ssird_sim_dur (s): 0.08, dctcp_sim_dur (s): 0.08
INFO:dale_experiment_rig:Processing SIRD results exp_id 0:: 31flo-10000#-20B
INFO:dale_experiment_rig:Processing results from /data/dh1723/SIRD-Simulator/scripts/r2p2/coord/results/SSIRD-31flo-10000#-20B-100ns_fullrange_31flo_1msRTT_credit_steal/data/SSIRD/60/applications_trace.str
INFO:dale_experiment_rig:Flow 0:: num of byteloads: 10000, num srq events: 10000, num rrq events: 1
DEBUG:dale_experiment_rig:Flow 0:: first_event_name: srq, final_event_name: rrq, expected_data_B: 200000, recv_data_B: 200000
INFO:dale_experiment_rig:Flow 1:: num of byteloads: 10000, num srq events: 10000, num rrq events: 1
DEBUG:dale_experiment_rig:Flow 1:: first_event_name: srq, final_event_name: rrq, expected_data_B: 200000, recv_data_B: 200000
INFO:dale_experiment_rig:Flow 2:: num of byteloads: 10000, num srq events: 10000, num rrq events: 1
DEBUG:dale_experiment_rig:Flow 2:: first_event_name: srq, final_event_name: rrq, expected_data_B: 200000, recv_data_B: 200000
INFO:dale_experiment_rig:Flow 3:: num of byteloads: 10000, num srq events: 10000, num rrq events: 1
DEBUG:dale_experiment_rig:Flow 3:: first_event_name: srq, final_event_name: rrq, expected_data_B: 200000, recv_data_B: 200000
INFO:dale_experiment_rig:Flow 4:: num of byteloads: 10000, num srq events: 10000, num rrq events: 1
DEBUG:dale_experiment_rig:Flow 4:: first_event_name: srq, final_event_name: rrq, expected_data_B: 200000, recv_data_B: 200000
INFO:dale_experiment_rig:Flow 5:: num of byteloads: 10000, num srq events: 10000, num rrq events: 1
DEBUG:dale_experiment_rig:Flow 5:: first_event_name: srq, final_event_name: rrq, expected_data_B: 200000, recv_data_B: 200000
INFO:dale_experiment_rig:Flow 6:: num of byteloads: 10000, num srq events: 10000, num rrq events: 1
DEBUG:dale_experiment_rig:Flow 6:: first_event_name: srq, final_event_name: rrq, expected_data_B: 200000, recv_data_B: 200000
INFO:dale_experiment_rig:Flow 7:: num of byteloads: 10000, num srq events: 10000, num rrq events: 1
DEBUG:dale_experiment_rig:Flow 7:: first_event_name: srq, final_event_name: rrq, expected_data_B: 200000, recv_data_B: 200000
INFO:dale_experiment_rig:Flow 8:: num of byteloads: 10000, num srq events: 10000, num rrq events: 1
DEBUG:dale_experiment_rig:Flow 8:: first_event_name: srq, final_event_name: rrq, expected_data_B: 200000, recv_data_B: 200000
INFO:dale_experiment_rig:Flow 9:: num of byteloads: 10000, num srq events: 10000, num rrq events: 1
DEBUG:dale_experiment_rig:Flow 9:: first_event_name: srq, final_event_name: rrq, expected_data_B: 200000, recv_data_B: 200000
INFO:dale_experiment_rig:Flow 10:: num of byteloads: 10000, num srq events: 10000, num rrq events: 1
DEBUG:dale_experiment_rig:Flow 10:: first_event_name: srq, final_event_name: rrq, expected_data_B: 200000, recv_data_B: 200000
INFO:dale_experiment_rig:Flow 11:: num of byteloads: 10000, num srq events: 10000, num rrq events: 1
DEBUG:dale_experiment_rig:Flow 11:: first_event_name: srq, final_event_name: rrq, expected_data_B: 200000, recv_data_B: 200000
INFO:dale_experiment_rig:Flow 12:: num of byteloads: 10000, num srq events: 10000, num rrq events: 1
DEBUG:dale_experiment_rig:Flow 12:: first_event_name: srq, final_event_name: rrq, expected_data_B: 200000, recv_data_B: 200000
INFO:dale_experiment_rig:Flow 13:: num of byteloads: 10000, num srq events: 10000, num rrq events: 1
DEBUG:dale_experiment_rig:Flow 13:: first_event_name: srq, final_event_name: rrq, expected_data_B: 200000, recv_data_B: 200000
INFO:dale_experiment_rig:Flow 14:: num of byteloads: 10000, num srq events: 10000, num rrq events: 1
DEBUG:dale_experiment_rig:Flow 14:: first_event_name: srq, final_event_name: rrq, expected_data_B: 200000, recv_data_B: 200000
INFO:dale_experiment_rig:Flow 15:: num of byteloads: 10000, num srq events: 10000, num rrq events: 1
DEBUG:dale_experiment_rig:Flow 15:: first_event_name: srq, final_event_name: rrq, expected_data_B: 200000, recv_data_B: 200000
INFO:dale_experiment_rig:Flow 16:: num of byteloads: 10000, num srq events: 10000, num rrq events: 1
DEBUG:dale_experiment_rig:Flow 16:: first_event_name: srq, final_event_name: rrq, expected_data_B: 200000, recv_data_B: 200000
INFO:dale_experiment_rig:Flow 17:: num of byteloads: 10000, num srq events: 10000, num rrq events: 1
DEBUG:dale_experiment_rig:Flow 17:: first_event_name: srq, final_event_name: rrq, expected_data_B: 200000, recv_data_B: 200000
INFO:dale_experiment_rig:Flow 18:: num of byteloads: 10000, num srq events: 10000, num rrq events: 1
DEBUG:dale_experiment_rig:Flow 18:: first_event_name: srq, final_event_name: rrq, expected_data_B: 200000, recv_data_B: 200000
INFO:dale_experiment_rig:Flow 19:: num of byteloads: 10000, num srq events: 10000, num rrq events: 1
DEBUG:dale_experiment_rig:Flow 19:: first_event_name: srq, final_event_name: rrq, expected_data_B: 200000, recv_data_B: 200000
INFO:dale_experiment_rig:Flow 20:: num of byteloads: 10000, num srq events: 10000, num rrq events: 1
DEBUG:dale_experiment_rig:Flow 20:: first_event_name: srq, final_event_name: rrq, expected_data_B: 200000, recv_data_B: 200000
INFO:dale_experiment_rig:Flow 21:: num of byteloads: 10000, num srq events: 10000, num rrq events: 1
DEBUG:dale_experiment_rig:Flow 21:: first_event_name: srq, final_event_name: rrq, expected_data_B: 200000, recv_data_B: 200000
INFO:dale_experiment_rig:Flow 22:: num of byteloads: 10000, num srq events: 10000, num rrq events: 1
DEBUG:dale_experiment_rig:Flow 22:: first_event_name: srq, final_event_name: rrq, expected_data_B: 200000, recv_data_B: 200000
INFO:dale_experiment_rig:Flow 23:: num of byteloads: 10000, num srq events: 10000, num rrq events: 1
DEBUG:dale_experiment_rig:Flow 23:: first_event_name: srq, final_event_name: rrq, expected_data_B: 200000, recv_data_B: 200000
INFO:dale_experiment_rig:Flow 24:: num of byteloads: 10000, num srq events: 10000, num rrq events: 1
DEBUG:dale_experiment_rig:Flow 24:: first_event_name: srq, final_event_name: rrq, expected_data_B: 200000, recv_data_B: 200000
INFO:dale_experiment_rig:Flow 25:: num of byteloads: 10000, num srq events: 10000, num rrq events: 1
DEBUG:dale_experiment_rig:Flow 25:: first_event_name: srq, final_event_name: rrq, expected_data_B: 200000, recv_data_B: 200000
INFO:dale_experiment_rig:Flow 26:: num of byteloads: 10000, num srq events: 10000, num rrq events: 1
DEBUG:dale_experiment_rig:Flow 26:: first_event_name: srq, final_event_name: rrq, expected_data_B: 200000, recv_data_B: 200000
INFO:dale_experiment_rig:Flow 27:: num of byteloads: 10000, num srq events: 10000, num rrq events: 1
DEBUG:dale_experiment_rig:Flow 27:: first_event_name: srq, final_event_name: rrq, expected_data_B: 200000, recv_data_B: 200000
INFO:dale_experiment_rig:Flow 28:: num of byteloads: 10000, num srq events: 10000, num rrq events: 1
DEBUG:dale_experiment_rig:Flow 28:: first_event_name: srq, final_event_name: rrq, expected_data_B: 200000, recv_data_B: 200000
INFO:dale_experiment_rig:Flow 29:: num of byteloads: 10000, num srq events: 10000, num rrq events: 1
DEBUG:dale_experiment_rig:Flow 29:: first_event_name: srq, final_event_name: rrq, expected_data_B: 200000, recv_data_B: 200000
INFO:dale_experiment_rig:Flow 30:: num of byteloads: 10000, num srq events: 10000, num rrq events: 1
DEBUG:dale_experiment_rig:Flow 30:: first_event_name: srq, final_event_name: rrq, expected_data_B: 200000, recv_data_B: 200000
INFO:dale_experiment_rig:SSIRD FCT: [0.008551236000000628, 0.012596736000000774, 0.011441916000000774, 0.0031831860000011147, 0.0034831860000004156, 0.012296736000001474, 0.0037831860000014927, 0.004083186000000794, 0.004383186000000094, 0.004683186000001172, 0.004983186000000472, 0.00528318600000155, 0.00558318600000085, 0.006183186000001228, 0.006483186000000529, 0.0028831860000000376, 0.01028268600000004, 0.008251236000001327, 0.013447086000001107, 0.014292936000000367, 0.014592936000001444, 0.015434256000000701, 0.01627098600000032, 0.016570986000001398, 0.017403065999999967, 0.010582686000001118, 0.005883186000000151, 0.009419106000001065, 0.007383186000000208, 0.007083186000000907, 0.006783186000001606] ms, App Gdpt (overall): 49.604800480045355 Gbps, App Gdpt (per flow): [1.5999999999999146, 1.5999999999999146, 1.5999999999999146, 1.5999999999999146, 1.5999999999999146, 1.5999999999999146, 1.5999999999999146, 1.5999999999999146, 1.5999999999999146, 1.5999999999999146, 1.5999999999999146, 1.5999999999999146, 1.5999999999999146, 1.5999999999999146, 1.5999999999999146, 1.5999999999999146, 1.5999999999999146, 1.5999999999999146, 1.5999999999999146, 1.5999999999999146, 1.5999999999999146, 1.5999999999999146, 1.5999999999999146, 1.5999999999999146, 1.5999999999999146, 1.5999999999999146, 1.5999999999999146, 1.5999999999999146, 1.5999999999999146, 1.5999999999999146, 1.5999999999999146]
ERROR:dale_experiment_rig:No results for DCTCP
INFO:dale_experiment_rig:DCTCP FCT: None ms, App Gtpt (overall): None Gbps, App Gdpt (per flow): None
INFO:dale_experiment_rig:=====
** Num Byteloads Per Flow: 1000, Byteload Size (B): 200, Inter-Byteload Interval (us): 1.0, ssird_sim_dur (s): 0.02, dctcp_sim_dur (s): 0.02
INFO:dale_experiment_rig:Processing SIRD results exp_id 1:: 31flo-1000#-200B
INFO:dale_experiment_rig:Processing results from /data/dh1723/SIRD-Simulator/scripts/r2p2/coord/results/SSIRD-31flo-1000#-200B-1000ns_fullrange_31flo_1msRTT_credit_steal/data/SSIRD/60/applications_trace.str
INFO:dale_experiment_rig:Flow 0:: num of byteloads: 1000, num srq events: 1000, num rrq events: 1
DEBUG:dale_experiment_rig:Flow 0:: first_event_name: srq, final_event_name: rrq, expected_data_B: 200000, recv_data_B: 200000
INFO:dale_experiment_rig:Flow 1:: num of byteloads: 1000, num srq events: 1000, num rrq events: 1
DEBUG:dale_experiment_rig:Flow 1:: first_event_name: srq, final_event_name: rrq, expected_data_B: 200000, recv_data_B: 200000
INFO:dale_experiment_rig:Flow 2:: num of byteloads: 1000, num srq events: 1000, num rrq events: 1
DEBUG:dale_experiment_rig:Flow 2:: first_event_name: srq, final_event_name: rrq, expected_data_B: 200000, recv_data_B: 200000
INFO:dale_experiment_rig:Flow 3:: num of byteloads: 1000, num srq events: 1000, num rrq events: 1
DEBUG:dale_experiment_rig:Flow 3:: first_event_name: srq, final_event_name: rrq, expected_data_B: 200000, recv_data_B: 200000
INFO:dale_experiment_rig:Flow 4:: num of byteloads: 1000, num srq events: 1000, num rrq events: 1
DEBUG:dale_experiment_rig:Flow 4:: first_event_name: srq, final_event_name: rrq, expected_data_B: 200000, recv_data_B: 200000
INFO:dale_experiment_rig:Flow 5:: num of byteloads: 1000, num srq events: 1000, num rrq events: 1
DEBUG:dale_experiment_rig:Flow 5:: first_event_name: srq, final_event_name: rrq, expected_data_B: 200000, recv_data_B: 200000
INFO:dale_experiment_rig:Flow 6:: num of byteloads: 1000, num srq events: 1000, num rrq events: 1
DEBUG:dale_experiment_rig:Flow 6:: first_event_name: srq, final_event_name: rrq, expected_data_B: 200000, recv_data_B: 200000
INFO:dale_experiment_rig:Flow 7:: num of byteloads: 1000, num srq events: 1000, num rrq events: 1
DEBUG:dale_experiment_rig:Flow 7:: first_event_name: srq, final_event_name: rrq, expected_data_B: 200000, recv_data_B: 200000
INFO:dale_experiment_rig:Flow 8:: num of byteloads: 1000, num srq events: 1000, num rrq events: 1
DEBUG:dale_experiment_rig:Flow 8:: first_event_name: srq, final_event_name: rrq, expected_data_B: 200000, recv_data_B: 200000
INFO:dale_experiment_rig:Flow 9:: num of byteloads: 1000, num srq events: 1000, num rrq events: 1
DEBUG:dale_experiment_rig:Flow 9:: first_event_name: srq, final_event_name: rrq, expected_data_B: 200000, recv_data_B: 200000
INFO:dale_experiment_rig:Flow 10:: num of byteloads: 1000, num srq events: 1000, num rrq events: 1
DEBUG:dale_experiment_rig:Flow 10:: first_event_name: srq, final_event_name: rrq, expected_data_B: 200000, recv_data_B: 200000
INFO:dale_experiment_rig:Flow 11:: num of byteloads: 1000, num srq events: 1000, num rrq events: 1
DEBUG:dale_experiment_rig:Flow 11:: first_event_name: srq, final_event_name: rrq, expected_data_B: 200000, recv_data_B: 200000
INFO:dale_experiment_rig:Flow 12:: num of byteloads: 1000, num srq events: 1000, num rrq events: 1
DEBUG:dale_experiment_rig:Flow 12:: first_event_name: srq, final_event_name: rrq, expected_data_B: 200000, recv_data_B: 200000
INFO:dale_experiment_rig:Flow 13:: num of byteloads: 1000, num srq events: 1000, num rrq events: 1
DEBUG:dale_experiment_rig:Flow 13:: first_event_name: srq, final_event_name: rrq, expected_data_B: 200000, recv_data_B: 200000
INFO:dale_experiment_rig:Flow 14:: num of byteloads: 1000, num srq events: 1000, num rrq events: 1
DEBUG:dale_experiment_rig:Flow 14:: first_event_name: srq, final_event_name: rrq, expected_data_B: 200000, recv_data_B: 200000
INFO:dale_experiment_rig:Flow 15:: num of byteloads: 1000, num srq events: 1000, num rrq events: 1
DEBUG:dale_experiment_rig:Flow 15:: first_event_name: srq, final_event_name: rrq, expected_data_B: 200000, recv_data_B: 200000
INFO:dale_experiment_rig:Flow 16:: num of byteloads: 1000, num srq events: 1000, num rrq events: 1
DEBUG:dale_experiment_rig:Flow 16:: first_event_name: srq, final_event_name: rrq, expected_data_B: 200000, recv_data_B: 200000
INFO:dale_experiment_rig:Flow 17:: num of byteloads: 1000, num srq events: 1000, num rrq events: 1
DEBUG:dale_experiment_rig:Flow 17:: first_event_name: srq, final_event_name: rrq, expected_data_B: 200000, recv_data_B: 200000
INFO:dale_experiment_rig:Flow 18:: num of byteloads: 1000, num srq events: 1000, num rrq events: 1
DEBUG:dale_experiment_rig:Flow 18:: first_event_name: srq, final_event_name: rrq, expected_data_B: 200000, recv_data_B: 200000
INFO:dale_experiment_rig:Flow 19:: num of byteloads: 1000, num srq events: 1000, num rrq events: 1
DEBUG:dale_experiment_rig:Flow 19:: first_event_name: srq, final_event_name: rrq, expected_data_B: 200000, recv_data_B: 200000
INFO:dale_experiment_rig:Flow 20:: num of byteloads: 1000, num srq events: 1000, num rrq events: 1
DEBUG:dale_experiment_rig:Flow 20:: first_event_name: srq, final_event_name: rrq, expected_data_B: 200000, recv_data_B: 200000
INFO:dale_experiment_rig:Flow 21:: num of byteloads: 1000, num srq events: 1000, num rrq events: 1
DEBUG:dale_experiment_rig:Flow 21:: first_event_name: srq, final_event_name: rrq, expected_data_B: 200000, recv_data_B: 200000
INFO:dale_experiment_rig:Flow 22:: num of byteloads: 1000, num srq events: 1000, num rrq events: 1
DEBUG:dale_experiment_rig:Flow 22:: first_event_name: srq, final_event_name: rrq, expected_data_B: 200000, recv_data_B: 200000
INFO:dale_experiment_rig:Flow 23:: num of byteloads: 1000, num srq events: 1000, num rrq events: 1
DEBUG:dale_experiment_rig:Flow 23:: first_event_name: srq, final_event_name: rrq, expected_data_B: 200000, recv_data_B: 200000
INFO:dale_experiment_rig:Flow 24:: num of byteloads: 1000, num srq events: 1000, num rrq events: 1
DEBUG:dale_experiment_rig:Flow 24:: first_event_name: srq, final_event_name: rrq, expected_data_B: 200000, recv_data_B: 200000
INFO:dale_experiment_rig:Flow 25:: num of byteloads: 1000, num srq events: 1000, num rrq events: 1
DEBUG:dale_experiment_rig:Flow 25:: first_event_name: srq, final_event_name: rrq, expected_data_B: 200000, recv_data_B: 200000
INFO:dale_experiment_rig:Flow 26:: num of byteloads: 1000, num srq events: 1000, num rrq events: 1
DEBUG:dale_experiment_rig:Flow 26:: first_event_name: srq, final_event_name: rrq, expected_data_B: 200000, recv_data_B: 200000
INFO:dale_experiment_rig:Flow 27:: num of byteloads: 1000, num srq events: 1000, num rrq events: 1
DEBUG:dale_experiment_rig:Flow 27:: first_event_name: srq, final_event_name: rrq, expected_data_B: 200000, recv_data_B: 200000
INFO:dale_experiment_rig:Flow 28:: num of byteloads: 1000, num srq events: 1000, num rrq events: 1
DEBUG:dale_experiment_rig:Flow 28:: first_event_name: srq, final_event_name: rrq, expected_data_B: 200000, recv_data_B: 200000
INFO:dale_experiment_rig:Flow 29:: num of byteloads: 1000, num srq events: 1000, num rrq events: 1
DEBUG:dale_experiment_rig:Flow 29:: first_event_name: srq, final_event_name: rrq, expected_data_B: 200000, recv_data_B: 200000
INFO:dale_experiment_rig:Flow 30:: num of byteloads: 1000, num srq events: 1000, num rrq events: 1
DEBUG:dale_experiment_rig:Flow 30:: first_event_name: srq, final_event_name: rrq, expected_data_B: 200000, recv_data_B: 200000
INFO:dale_experiment_rig:SSIRD FCT: [0.0019516550000009403, 0.001596785000000267, 0.0016290950000001914, 0.0023387450000011967, 0.001854845000000438, 0.0018871550000003623, 0.0023064950000009077, 0.0022742450000006187, 0.0022419350000006943, 0.002209715000001111, 0.0021452150000005332, 0.002112905000000609, 0.0020484350000007367, 0.0017903750000005658, 0.0016935950000007693, 0.0015323150000003949, 0.0019194050000006513, 0.002403275000000704, 0.002435525000000993, 0.002467775000001282, 0.0024999950000008653, 0.002177465000000822, 0.0020806850000010257, 0.0020161850000004478, 0.0019838750000005234, 0.0017258150000003525, 0.0018226250000008548, 0.0017581250000002768, 0.0016613450000004804, 0.00237096500000078, 0.0015645650000006839] ms, App Gdpt (overall): 49.648048048038405 Gbps, App Gdpt (per flow): [1.5999999999996892, 1.5999999999996892, 1.5999999999996892, 1.5999999999996892, 1.5999999999996892, 1.5999999999996892, 1.5999999999996892, 1.5999999999996892, 1.5999999999996892, 1.5999999999996892, 1.5999999999996892, 1.5999999999996892, 1.5999999999996892, 1.5999999999996892, 1.5999999999996892, 1.5999999999996892, 1.5999999999996892, 1.5999999999996892, 1.5999999999996892, 1.5999999999996892, 1.5999999999996892, 1.5999999999996892, 1.5999999999996892, 1.5999999999996892, 1.5999999999996892, 1.5999999999996892, 1.5999999999996892, 1.5999999999996892, 1.5999999999996892, 1.5999999999996892, 1.5999999999996892]
ERROR:dale_experiment_rig:No results for DCTCP
INFO:dale_experiment_rig:DCTCP FCT: None ms, App Gtpt (overall): None Gbps, App Gdpt (per flow): None
INFO:dale_experiment_rig:=====
** Num Byteloads Per Flow: 100, Byteload Size (B): 2000, Inter-Byteload Interval (us): 10.0, ssird_sim_dur (s): 0.01, dctcp_sim_dur (s): 0.01
INFO:dale_experiment_rig:Processing SIRD results exp_id 2:: 31flo-100#-2000B
INFO:dale_experiment_rig:Processing results from /data/dh1723/SIRD-Simulator/scripts/r2p2/coord/results/SSIRD-31flo-100#-2000B-10000ns_fullrange_31flo_1msRTT_credit_steal/data/SSIRD/60/applications_trace.str
INFO:dale_experiment_rig:Flow 0:: num of byteloads: 100, num srq events: 100, num rrq events: 1
DEBUG:dale_experiment_rig:Flow 0:: first_event_name: srq, final_event_name: rrq, expected_data_B: 200000, recv_data_B: 200000
INFO:dale_experiment_rig:Flow 1:: num of byteloads: 100, num srq events: 100, num rrq events: 1
DEBUG:dale_experiment_rig:Flow 1:: first_event_name: srq, final_event_name: rrq, expected_data_B: 200000, recv_data_B: 200000
INFO:dale_experiment_rig:Flow 2:: num of byteloads: 100, num srq events: 100, num rrq events: 1
DEBUG:dale_experiment_rig:Flow 2:: first_event_name: srq, final_event_name: rrq, expected_data_B: 200000, recv_data_B: 200000
INFO:dale_experiment_rig:Flow 3:: num of byteloads: 100, num srq events: 100, num rrq events: 1
DEBUG:dale_experiment_rig:Flow 3:: first_event_name: srq, final_event_name: rrq, expected_data_B: 200000, recv_data_B: 200000
INFO:dale_experiment_rig:Flow 4:: num of byteloads: 100, num srq events: 100, num rrq events: 1
DEBUG:dale_experiment_rig:Flow 4:: first_event_name: srq, final_event_name: rrq, expected_data_B: 200000, recv_data_B: 200000
INFO:dale_experiment_rig:Flow 5:: num of byteloads: 100, num srq events: 100, num rrq events: 1
DEBUG:dale_experiment_rig:Flow 5:: first_event_name: srq, final_event_name: rrq, expected_data_B: 200000, recv_data_B: 200000
INFO:dale_experiment_rig:Flow 6:: num of byteloads: 100, num srq events: 100, num rrq events: 1
DEBUG:dale_experiment_rig:Flow 6:: first_event_name: srq, final_event_name: rrq, expected_data_B: 200000, recv_data_B: 200000
INFO:dale_experiment_rig:Flow 7:: num of byteloads: 100, num srq events: 100, num rrq events: 1
DEBUG:dale_experiment_rig:Flow 7:: first_event_name: srq, final_event_name: rrq, expected_data_B: 200000, recv_data_B: 200000
INFO:dale_experiment_rig:Flow 8:: num of byteloads: 100, num srq events: 100, num rrq events: 1
DEBUG:dale_experiment_rig:Flow 8:: first_event_name: srq, final_event_name: rrq, expected_data_B: 200000, recv_data_B: 200000
INFO:dale_experiment_rig:Flow 9:: num of byteloads: 100, num srq events: 100, num rrq events: 1
DEBUG:dale_experiment_rig:Flow 9:: first_event_name: srq, final_event_name: rrq, expected_data_B: 200000, recv_data_B: 200000
INFO:dale_experiment_rig:Flow 10:: num of byteloads: 100, num srq events: 100, num rrq events: 1
DEBUG:dale_experiment_rig:Flow 10:: first_event_name: srq, final_event_name: rrq, expected_data_B: 200000, recv_data_B: 200000
INFO:dale_experiment_rig:Flow 11:: num of byteloads: 100, num srq events: 100, num rrq events: 1
DEBUG:dale_experiment_rig:Flow 11:: first_event_name: srq, final_event_name: rrq, expected_data_B: 200000, recv_data_B: 200000
INFO:dale_experiment_rig:Flow 12:: num of byteloads: 100, num srq events: 100, num rrq events: 1
DEBUG:dale_experiment_rig:Flow 12:: first_event_name: srq, final_event_name: rrq, expected_data_B: 200000, recv_data_B: 200000
INFO:dale_experiment_rig:Flow 13:: num of byteloads: 100, num srq events: 100, num rrq events: 1
DEBUG:dale_experiment_rig:Flow 13:: first_event_name: srq, final_event_name: rrq, expected_data_B: 200000, recv_data_B: 200000
INFO:dale_experiment_rig:Flow 14:: num of byteloads: 100, num srq events: 100, num rrq events: 1
DEBUG:dale_experiment_rig:Flow 14:: first_event_name: srq, final_event_name: rrq, expected_data_B: 200000, recv_data_B: 200000
INFO:dale_experiment_rig:Flow 15:: num of byteloads: 100, num srq events: 100, num rrq events: 1
DEBUG:dale_experiment_rig:Flow 15:: first_event_name: srq, final_event_name: rrq, expected_data_B: 200000, recv_data_B: 200000
INFO:dale_experiment_rig:Flow 16:: num of byteloads: 100, num srq events: 100, num rrq events: 1
DEBUG:dale_experiment_rig:Flow 16:: first_event_name: srq, final_event_name: rrq, expected_data_B: 200000, recv_data_B: 200000
INFO:dale_experiment_rig:Flow 17:: num of byteloads: 100, num srq events: 100, num rrq events: 1
DEBUG:dale_experiment_rig:Flow 17:: first_event_name: srq, final_event_name: rrq, expected_data_B: 200000, recv_data_B: 200000
INFO:dale_experiment_rig:Flow 18:: num of byteloads: 100, num srq events: 100, num rrq events: 1
DEBUG:dale_experiment_rig:Flow 18:: first_event_name: srq, final_event_name: rrq, expected_data_B: 200000, recv_data_B: 200000
INFO:dale_experiment_rig:Flow 19:: num of byteloads: 100, num srq events: 100, num rrq events: 1
DEBUG:dale_experiment_rig:Flow 19:: first_event_name: srq, final_event_name: rrq, expected_data_B: 200000, recv_data_B: 200000
INFO:dale_experiment_rig:Flow 20:: num of byteloads: 100, num srq events: 100, num rrq events: 1
DEBUG:dale_experiment_rig:Flow 20:: first_event_name: srq, final_event_name: rrq, expected_data_B: 200000, recv_data_B: 200000
INFO:dale_experiment_rig:Flow 21:: num of byteloads: 100, num srq events: 100, num rrq events: 1
DEBUG:dale_experiment_rig:Flow 21:: first_event_name: srq, final_event_name: rrq, expected_data_B: 200000, recv_data_B: 200000
INFO:dale_experiment_rig:Flow 22:: num of byteloads: 100, num srq events: 100, num rrq events: 1
DEBUG:dale_experiment_rig:Flow 22:: first_event_name: srq, final_event_name: rrq, expected_data_B: 200000, recv_data_B: 200000
INFO:dale_experiment_rig:Flow 23:: num of byteloads: 100, num srq events: 100, num rrq events: 1
DEBUG:dale_experiment_rig:Flow 23:: first_event_name: srq, final_event_name: rrq, expected_data_B: 200000, recv_data_B: 200000
INFO:dale_experiment_rig:Flow 24:: num of byteloads: 100, num srq events: 100, num rrq events: 1
DEBUG:dale_experiment_rig:Flow 24:: first_event_name: srq, final_event_name: rrq, expected_data_B: 200000, recv_data_B: 200000
INFO:dale_experiment_rig:Flow 25:: num of byteloads: 100, num srq events: 100, num rrq events: 1
DEBUG:dale_experiment_rig:Flow 25:: first_event_name: srq, final_event_name: rrq, expected_data_B: 200000, recv_data_B: 200000
INFO:dale_experiment_rig:Flow 26:: num of byteloads: 100, num srq events: 100, num rrq events: 1
DEBUG:dale_experiment_rig:Flow 26:: first_event_name: srq, final_event_name: rrq, expected_data_B: 200000, recv_data_B: 200000
INFO:dale_experiment_rig:Flow 27:: num of byteloads: 100, num srq events: 100, num rrq events: 1
DEBUG:dale_experiment_rig:Flow 27:: first_event_name: srq, final_event_name: rrq, expected_data_B: 200000, recv_data_B: 200000
INFO:dale_experiment_rig:Flow 28:: num of byteloads: 100, num srq events: 100, num rrq events: 1
DEBUG:dale_experiment_rig:Flow 28:: first_event_name: srq, final_event_name: rrq, expected_data_B: 200000, recv_data_B: 200000
INFO:dale_experiment_rig:Flow 29:: num of byteloads: 100, num srq events: 100, num rrq events: 1
DEBUG:dale_experiment_rig:Flow 29:: first_event_name: srq, final_event_name: rrq, expected_data_B: 200000, recv_data_B: 200000
INFO:dale_experiment_rig:Flow 30:: num of byteloads: 100, num srq events: 100, num rrq events: 1
DEBUG:dale_experiment_rig:Flow 30:: first_event_name: srq, final_event_name: rrq, expected_data_B: 200000, recv_data_B: 200000
INFO:dale_experiment_rig:SSIRD FCT: [0.0017906550000006405, 0.0023352150000004457, 0.002495895000000914, 0.0019513350000011087, 0.0023039550000003572, 0.0016924950000003491, 0.0016255350000005109, 0.0015942750000004224, 0.0015630450000010399, 0.0019156650000002884, 0.002272695000000269, 0.002205795000000066, 0.0021120450000005064, 0.002143274999999889, 0.001821915000000729, 0.002045085000000668, 0.002433375000000737, 0.0022414650000008862, 0.0017237550000004376, 0.0018844050000002, 0.0020138250000005797, 0.0021745349999999775, 0.0024646350000008255, 0.0024021150000006486, 0.00237085500000056, 0.0016612350000002607, 0.0017549850000015965, 0.0018531750000008174, 0.002080785000000418, 0.001982595000001197, 0.0015317850000009514] ms, App Gdpt (overall): 50.084848484767505 Gbps, App Gdpt (per flow): [1.599999999997413, 1.599999999997413, 1.599999999997413, 1.599999999997413, 1.599999999997413, 1.599999999997413, 1.599999999997413, 1.599999999997413, 1.599999999997413, 1.599999999997413, 1.599999999997413, 1.599999999997413, 1.599999999997413, 1.599999999997413, 1.599999999997413, 1.599999999997413, 1.599999999997413, 1.599999999997413, 1.599999999997413, 1.599999999997413, 1.599999999997413, 1.599999999997413, 1.599999999997413, 1.599999999997413, 1.599999999997413, 1.599999999997413, 1.599999999997413, 1.599999999997413, 1.599999999997413, 1.599999999997413, 1.599999999997413]
ERROR:dale_experiment_rig:No results for DCTCP
INFO:dale_experiment_rig:DCTCP FCT: None ms, App Gtpt (overall): None Gbps, App Gdpt (per flow): None
INFO:dale_experiment_rig:=====
** Num Byteloads Per Flow: 10, Byteload Size (B): 20000, Inter-Byteload Interval (us): 100.0, ssird_sim_dur (s): 0.01, dctcp_sim_dur (s): 0.01
INFO:dale_experiment_rig:Processing SIRD results exp_id 3:: 31flo-10#-20000B
INFO:dale_experiment_rig:Processing results from /data/dh1723/SIRD-Simulator/scripts/r2p2/coord/results/SSIRD-31flo-10#-20000B-100000ns_fullrange_31flo_1msRTT_credit_steal/data/SSIRD/60/applications_trace.str
INFO:dale_experiment_rig:Flow 0:: num of byteloads: 10, num srq events: 10, num rrq events: 1
DEBUG:dale_experiment_rig:Flow 0:: first_event_name: srq, final_event_name: rrq, expected_data_B: 200000, recv_data_B: 200000
INFO:dale_experiment_rig:Flow 1:: num of byteloads: 10, num srq events: 10, num rrq events: 1
DEBUG:dale_experiment_rig:Flow 1:: first_event_name: srq, final_event_name: rrq, expected_data_B: 200000, recv_data_B: 200000
INFO:dale_experiment_rig:Flow 2:: num of byteloads: 10, num srq events: 10, num rrq events: 1
DEBUG:dale_experiment_rig:Flow 2:: first_event_name: srq, final_event_name: rrq, expected_data_B: 200000, recv_data_B: 200000
INFO:dale_experiment_rig:Flow 3:: num of byteloads: 10, num srq events: 10, num rrq events: 1
DEBUG:dale_experiment_rig:Flow 3:: first_event_name: srq, final_event_name: rrq, expected_data_B: 200000, recv_data_B: 200000
INFO:dale_experiment_rig:Flow 4:: num of byteloads: 10, num srq events: 10, num rrq events: 1
DEBUG:dale_experiment_rig:Flow 4:: first_event_name: srq, final_event_name: rrq, expected_data_B: 200000, recv_data_B: 200000
INFO:dale_experiment_rig:Flow 5:: num of byteloads: 10, num srq events: 10, num rrq events: 1
DEBUG:dale_experiment_rig:Flow 5:: first_event_name: srq, final_event_name: rrq, expected_data_B: 200000, recv_data_B: 200000
INFO:dale_experiment_rig:Flow 6:: num of byteloads: 10, num srq events: 10, num rrq events: 1
DEBUG:dale_experiment_rig:Flow 6:: first_event_name: srq, final_event_name: rrq, expected_data_B: 200000, recv_data_B: 200000
INFO:dale_experiment_rig:Flow 7:: num of byteloads: 10, num srq events: 10, num rrq events: 1
DEBUG:dale_experiment_rig:Flow 7:: first_event_name: srq, final_event_name: rrq, expected_data_B: 200000, recv_data_B: 200000
INFO:dale_experiment_rig:Flow 8:: num of byteloads: 10, num srq events: 10, num rrq events: 1
DEBUG:dale_experiment_rig:Flow 8:: first_event_name: srq, final_event_name: rrq, expected_data_B: 200000, recv_data_B: 200000
INFO:dale_experiment_rig:Flow 9:: num of byteloads: 10, num srq events: 10, num rrq events: 1
DEBUG:dale_experiment_rig:Flow 9:: first_event_name: srq, final_event_name: rrq, expected_data_B: 200000, recv_data_B: 200000
INFO:dale_experiment_rig:Flow 10:: num of byteloads: 10, num srq events: 10, num rrq events: 1
DEBUG:dale_experiment_rig:Flow 10:: first_event_name: srq, final_event_name: rrq, expected_data_B: 200000, recv_data_B: 200000
INFO:dale_experiment_rig:Flow 11:: num of byteloads: 10, num srq events: 10, num rrq events: 1
DEBUG:dale_experiment_rig:Flow 11:: first_event_name: srq, final_event_name: rrq, expected_data_B: 200000, recv_data_B: 200000
INFO:dale_experiment_rig:Flow 12:: num of byteloads: 10, num srq events: 10, num rrq events: 1
DEBUG:dale_experiment_rig:Flow 12:: first_event_name: srq, final_event_name: rrq, expected_data_B: 200000, recv_data_B: 200000
INFO:dale_experiment_rig:Flow 13:: num of byteloads: 10, num srq events: 10, num rrq events: 1
DEBUG:dale_experiment_rig:Flow 13:: first_event_name: srq, final_event_name: rrq, expected_data_B: 200000, recv_data_B: 200000
INFO:dale_experiment_rig:Flow 14:: num of byteloads: 10, num srq events: 10, num rrq events: 1
DEBUG:dale_experiment_rig:Flow 14:: first_event_name: srq, final_event_name: rrq, expected_data_B: 200000, recv_data_B: 200000
INFO:dale_experiment_rig:Flow 15:: num of byteloads: 10, num srq events: 10, num rrq events: 1
DEBUG:dale_experiment_rig:Flow 15:: first_event_name: srq, final_event_name: rrq, expected_data_B: 200000, recv_data_B: 200000
INFO:dale_experiment_rig:Flow 16:: num of byteloads: 10, num srq events: 10, num rrq events: 1
DEBUG:dale_experiment_rig:Flow 16:: first_event_name: srq, final_event_name: rrq, expected_data_B: 200000, recv_data_B: 200000
INFO:dale_experiment_rig:Flow 17:: num of byteloads: 10, num srq events: 10, num rrq events: 1
DEBUG:dale_experiment_rig:Flow 17:: first_event_name: srq, final_event_name: rrq, expected_data_B: 200000, recv_data_B: 200000
INFO:dale_experiment_rig:Flow 18:: num of byteloads: 10, num srq events: 10, num rrq events: 1
DEBUG:dale_experiment_rig:Flow 18:: first_event_name: srq, final_event_name: rrq, expected_data_B: 200000, recv_data_B: 200000
INFO:dale_experiment_rig:Flow 19:: num of byteloads: 10, num srq events: 10, num rrq events: 1
DEBUG:dale_experiment_rig:Flow 19:: first_event_name: srq, final_event_name: rrq, expected_data_B: 200000, recv_data_B: 200000
INFO:dale_experiment_rig:Flow 20:: num of byteloads: 10, num srq events: 10, num rrq events: 1
DEBUG:dale_experiment_rig:Flow 20:: first_event_name: srq, final_event_name: rrq, expected_data_B: 200000, recv_data_B: 200000
INFO:dale_experiment_rig:Flow 21:: num of byteloads: 10, num srq events: 10, num rrq events: 1
DEBUG:dale_experiment_rig:Flow 21:: first_event_name: srq, final_event_name: rrq, expected_data_B: 200000, recv_data_B: 200000
INFO:dale_experiment_rig:Flow 22:: num of byteloads: 10, num srq events: 10, num rrq events: 1
DEBUG:dale_experiment_rig:Flow 22:: first_event_name: srq, final_event_name: rrq, expected_data_B: 200000, recv_data_B: 200000
INFO:dale_experiment_rig:Flow 23:: num of byteloads: 10, num srq events: 10, num rrq events: 1
DEBUG:dale_experiment_rig:Flow 23:: first_event_name: srq, final_event_name: rrq, expected_data_B: 200000, recv_data_B: 200000
INFO:dale_experiment_rig:Flow 24:: num of byteloads: 10, num srq events: 10, num rrq events: 1
DEBUG:dale_experiment_rig:Flow 24:: first_event_name: srq, final_event_name: rrq, expected_data_B: 200000, recv_data_B: 200000
INFO:dale_experiment_rig:Flow 25:: num of byteloads: 10, num srq events: 10, num rrq events: 1
DEBUG:dale_experiment_rig:Flow 25:: first_event_name: srq, final_event_name: rrq, expected_data_B: 200000, recv_data_B: 200000
INFO:dale_experiment_rig:Flow 26:: num of byteloads: 10, num srq events: 10, num rrq events: 1
DEBUG:dale_experiment_rig:Flow 26:: first_event_name: srq, final_event_name: rrq, expected_data_B: 200000, recv_data_B: 200000
INFO:dale_experiment_rig:Flow 27:: num of byteloads: 10, num srq events: 10, num rrq events: 1
DEBUG:dale_experiment_rig:Flow 27:: first_event_name: srq, final_event_name: rrq, expected_data_B: 200000, recv_data_B: 200000
INFO:dale_experiment_rig:Flow 28:: num of byteloads: 10, num srq events: 10, num rrq events: 1
DEBUG:dale_experiment_rig:Flow 28:: first_event_name: srq, final_event_name: rrq, expected_data_B: 200000, recv_data_B: 200000
INFO:dale_experiment_rig:Flow 29:: num of byteloads: 10, num srq events: 10, num rrq events: 1
DEBUG:dale_experiment_rig:Flow 29:: first_event_name: srq, final_event_name: rrq, expected_data_B: 200000, recv_data_B: 200000
INFO:dale_experiment_rig:Flow 30:: num of byteloads: 10, num srq events: 10, num rrq events: 1
DEBUG:dale_experiment_rig:Flow 30:: first_event_name: srq, final_event_name: rrq, expected_data_B: 200000, recv_data_B: 200000
INFO:dale_experiment_rig:SSIRD FCT: [0.002402012000001008, 0.0023207040000006174, 0.0018123519999999615, 0.0020089100000006965, 0.0024528920000008725, 0.002107174000000711, 0.0017310180000009723, 0.001910646000000682, 0.0020428240000001097, 0.0015513340000001818, 0.001615794000001003, 0.001747974000000596, 0.0021410900000002897, 0.002205484000000979, 0.0023037480000009936, 0.0015343590000007623, 0.002124130000000335, 0.002337664000000572, 0.001944560000000095, 0.0022394000000005576, 0.0017140580000010175, 0.002222440000000603, 0.0019276000000001403, 0.0018293119999999163, 0.0016327540000009577, 0.0016497100000005815, 0.001846270000001482, 0.0024189700000007974, 0.0024359320000009177, 0.002025864000000155, 0.0015173710000002671] ms, App Gdpt (overall): 54.93333333324452 Gbps, App Gdpt (per flow): [1.599999999997413, 1.599999999997413, 1.599999999997413, 1.599999999997413, 1.599999999997413, 1.599999999997413, 1.599999999997413, 1.599999999997413, 1.599999999997413, 1.599999999997413, 1.599999999997413, 1.599999999997413, 1.599999999997413, 1.599999999997413, 1.599999999997413, 1.599999999997413, 1.599999999997413, 1.599999999997413, 1.599999999997413, 1.599999999997413, 1.599999999997413, 1.599999999997413, 1.599999999997413, 1.599999999997413, 1.599999999997413, 1.599999999997413, 1.599999999997413, 1.599999999997413, 1.599999999997413, 1.599999999997413, 1.599999999997413]
ERROR:dale_experiment_rig:No results for DCTCP
INFO:dale_experiment_rig:DCTCP FCT: None ms, App Gtpt (overall): None Gbps, App Gdpt (per flow): None
INFO:dale_experiment_rig:=====
** Num Byteloads Per Flow: 1, Byteload Size (B): 200000, Inter-Byteload Interval (us): 1000.0, ssird_sim_dur (s): 0.01, dctcp_sim_dur (s): 0.01
INFO:dale_experiment_rig:Processing SIRD results exp_id 4:: 31flo-1#-200000B
INFO:dale_experiment_rig:Processing results from /data/dh1723/SIRD-Simulator/scripts/r2p2/coord/results/SSIRD-31flo-1#-200000B-1000000ns_fullrange_31flo_1msRTT_credit_steal/data/SSIRD/60/applications_trace.str
INFO:dale_experiment_rig:Flow 0:: num of byteloads: 1, num srq events: 1, num rrq events: 1
DEBUG:dale_experiment_rig:Flow 0:: first_event_name: srq, final_event_name: rrq, expected_data_B: 200000, recv_data_B: 200000
INFO:dale_experiment_rig:Flow 1:: num of byteloads: 1, num srq events: 1, num rrq events: 1
DEBUG:dale_experiment_rig:Flow 1:: first_event_name: srq, final_event_name: rrq, expected_data_B: 200000, recv_data_B: 200000
INFO:dale_experiment_rig:Flow 2:: num of byteloads: 1, num srq events: 1, num rrq events: 1
DEBUG:dale_experiment_rig:Flow 2:: first_event_name: srq, final_event_name: rrq, expected_data_B: 200000, recv_data_B: 200000
INFO:dale_experiment_rig:Flow 3:: num of byteloads: 1, num srq events: 1, num rrq events: 1
DEBUG:dale_experiment_rig:Flow 3:: first_event_name: srq, final_event_name: rrq, expected_data_B: 200000, recv_data_B: 200000
INFO:dale_experiment_rig:Flow 4:: num of byteloads: 1, num srq events: 1, num rrq events: 1
DEBUG:dale_experiment_rig:Flow 4:: first_event_name: srq, final_event_name: rrq, expected_data_B: 200000, recv_data_B: 200000
INFO:dale_experiment_rig:Flow 5:: num of byteloads: 1, num srq events: 1, num rrq events: 1
DEBUG:dale_experiment_rig:Flow 5:: first_event_name: srq, final_event_name: rrq, expected_data_B: 200000, recv_data_B: 200000
INFO:dale_experiment_rig:Flow 6:: num of byteloads: 1, num srq events: 1, num rrq events: 1
DEBUG:dale_experiment_rig:Flow 6:: first_event_name: srq, final_event_name: rrq, expected_data_B: 200000, recv_data_B: 200000
INFO:dale_experiment_rig:Flow 7:: num of byteloads: 1, num srq events: 1, num rrq events: 1
DEBUG:dale_experiment_rig:Flow 7:: first_event_name: srq, final_event_name: rrq, expected_data_B: 200000, recv_data_B: 200000
INFO:dale_experiment_rig:Flow 8:: num of byteloads: 1, num srq events: 1, num rrq events: 1
DEBUG:dale_experiment_rig:Flow 8:: first_event_name: srq, final_event_name: rrq, expected_data_B: 200000, recv_data_B: 200000
INFO:dale_experiment_rig:Flow 9:: num of byteloads: 1, num srq events: 1, num rrq events: 1
DEBUG:dale_experiment_rig:Flow 9:: first_event_name: srq, final_event_name: rrq, expected_data_B: 200000, recv_data_B: 200000
INFO:dale_experiment_rig:Flow 10:: num of byteloads: 1, num srq events: 1, num rrq events: 1
DEBUG:dale_experiment_rig:Flow 10:: first_event_name: srq, final_event_name: rrq, expected_data_B: 200000, recv_data_B: 200000
INFO:dale_experiment_rig:Flow 11:: num of byteloads: 1, num srq events: 1, num rrq events: 1
DEBUG:dale_experiment_rig:Flow 11:: first_event_name: srq, final_event_name: rrq, expected_data_B: 200000, recv_data_B: 200000
INFO:dale_experiment_rig:Flow 12:: num of byteloads: 1, num srq events: 1, num rrq events: 1
DEBUG:dale_experiment_rig:Flow 12:: first_event_name: srq, final_event_name: rrq, expected_data_B: 200000, recv_data_B: 200000
INFO:dale_experiment_rig:Flow 13:: num of byteloads: 1, num srq events: 1, num rrq events: 1
DEBUG:dale_experiment_rig:Flow 13:: first_event_name: srq, final_event_name: rrq, expected_data_B: 200000, recv_data_B: 200000
INFO:dale_experiment_rig:Flow 14:: num of byteloads: 1, num srq events: 1, num rrq events: 1
DEBUG:dale_experiment_rig:Flow 14:: first_event_name: srq, final_event_name: rrq, expected_data_B: 200000, recv_data_B: 200000
INFO:dale_experiment_rig:Flow 15:: num of byteloads: 1, num srq events: 1, num rrq events: 1
DEBUG:dale_experiment_rig:Flow 15:: first_event_name: srq, final_event_name: rrq, expected_data_B: 200000, recv_data_B: 200000
INFO:dale_experiment_rig:Flow 16:: num of byteloads: 1, num srq events: 1, num rrq events: 1
DEBUG:dale_experiment_rig:Flow 16:: first_event_name: srq, final_event_name: rrq, expected_data_B: 200000, recv_data_B: 200000
INFO:dale_experiment_rig:Flow 17:: num of byteloads: 1, num srq events: 1, num rrq events: 1
DEBUG:dale_experiment_rig:Flow 17:: first_event_name: srq, final_event_name: rrq, expected_data_B: 200000, recv_data_B: 200000
INFO:dale_experiment_rig:Flow 18:: num of byteloads: 1, num srq events: 1, num rrq events: 1
DEBUG:dale_experiment_rig:Flow 18:: first_event_name: srq, final_event_name: rrq, expected_data_B: 200000, recv_data_B: 200000
INFO:dale_experiment_rig:Flow 19:: num of byteloads: 1, num srq events: 1, num rrq events: 1
DEBUG:dale_experiment_rig:Flow 19:: first_event_name: srq, final_event_name: rrq, expected_data_B: 200000, recv_data_B: 200000
INFO:dale_experiment_rig:Flow 20:: num of byteloads: 1, num srq events: 1, num rrq events: 1
DEBUG:dale_experiment_rig:Flow 20:: first_event_name: srq, final_event_name: rrq, expected_data_B: 200000, recv_data_B: 200000
INFO:dale_experiment_rig:Flow 21:: num of byteloads: 1, num srq events: 1, num rrq events: 1
DEBUG:dale_experiment_rig:Flow 21:: first_event_name: srq, final_event_name: rrq, expected_data_B: 200000, recv_data_B: 200000
INFO:dale_experiment_rig:Flow 22:: num of byteloads: 1, num srq events: 1, num rrq events: 1
DEBUG:dale_experiment_rig:Flow 22:: first_event_name: srq, final_event_name: rrq, expected_data_B: 200000, recv_data_B: 200000
INFO:dale_experiment_rig:Flow 23:: num of byteloads: 1, num srq events: 1, num rrq events: 1
DEBUG:dale_experiment_rig:Flow 23:: first_event_name: srq, final_event_name: rrq, expected_data_B: 200000, recv_data_B: 200000
INFO:dale_experiment_rig:Flow 24:: num of byteloads: 1, num srq events: 1, num rrq events: 1
DEBUG:dale_experiment_rig:Flow 24:: first_event_name: srq, final_event_name: rrq, expected_data_B: 200000, recv_data_B: 200000
INFO:dale_experiment_rig:Flow 25:: num of byteloads: 1, num srq events: 1, num rrq events: 1
DEBUG:dale_experiment_rig:Flow 25:: first_event_name: srq, final_event_name: rrq, expected_data_B: 200000, recv_data_B: 200000
INFO:dale_experiment_rig:Flow 26:: num of byteloads: 1, num srq events: 1, num rrq events: 1
DEBUG:dale_experiment_rig:Flow 26:: first_event_name: srq, final_event_name: rrq, expected_data_B: 200000, recv_data_B: 200000
INFO:dale_experiment_rig:Flow 27:: num of byteloads: 1, num srq events: 1, num rrq events: 1
DEBUG:dale_experiment_rig:Flow 27:: first_event_name: srq, final_event_name: rrq, expected_data_B: 200000, recv_data_B: 200000
INFO:dale_experiment_rig:Flow 28:: num of byteloads: 1, num srq events: 1, num rrq events: 1
DEBUG:dale_experiment_rig:Flow 28:: first_event_name: srq, final_event_name: rrq, expected_data_B: 200000, recv_data_B: 200000
INFO:dale_experiment_rig:Flow 29:: num of byteloads: 1, num srq events: 1, num rrq events: 1
DEBUG:dale_experiment_rig:Flow 29:: first_event_name: srq, final_event_name: rrq, expected_data_B: 200000, recv_data_B: 200000
INFO:dale_experiment_rig:Flow 30:: num of byteloads: 1, num srq events: 1, num rrq events: 1
DEBUG:dale_experiment_rig:Flow 30:: first_event_name: srq, final_event_name: rrq, expected_data_B: 200000, recv_data_B: 200000
INFO:dale_experiment_rig:SSIRD FCT: [0.001567881000001492, 0.001669227000000717, 0.001601661000000476, 0.0019901400000001956, 0.002007022000000802, 0.0020239040000014086, 0.001855005000001242, 0.0018212330000011434, 0.0017368229999998874, 0.001804351000000537, 0.0017030060000013947, 0.0016861090000013235, 0.001652329000000563, 0.0016354469999999566, 0.0015509990000008855, 0.001534117000000279, 0.001973235000001239, 0.001584771000000984, 0.0019394550000004784, 0.0016185499999998854, 0.0019225650000009864, 0.0019056750000014944, 0.001888785000000226, 0.001871895000000734, 0.0017874689999999305, 0.0018381149999999735, 0.001753705000000494, 0.0017199100000002687, 0.0019563449999999705, 0.0017705870000011004, 0.001517235000001449] ms, App Gdpt (overall): -1 Gbps, App Gdpt (per flow): [None, None, None, None, None, None, None, None, None, None, None, None, None, None, None, None, None, None, None, None, None, None, None, None, None, None, None, None, None, None, None]
ERROR:dale_experiment_rig:No results for DCTCP
INFO:dale_experiment_rig:DCTCP FCT: None ms, App Gtpt (overall): None Gbps, App Gdpt (per flow): None
INFO:dale_experiment_rig:
##### GENERATE METRICS #####
INFO:__main__:Total Flow Size (Bytes): 200000
INFO:__main__:Total Injection Period (us): 1000.0
INFO:__main__:Byteload Size (Bytes): [20, 200, 2000, 20000, 200000]
INFO:__main__:Num Byteloads: [10000, 1000, 100, 10, 1]
INFO:__main__:Intervals (us): [0.1, 1.0, 10.0, 100.0, 1000.0]
INFO:__main__:Num flows: 31
DEBUG:__main__:Flow start times (us): [0, 0, 0, 0, 0, 0, 0, 0, 0, 0, 0, 0, 0, 0, 0, 0, 0, 0, 0, 0, 0, 0, 0, 0, 0, 0, 0, 0, 0, 0, 0]
INFO:__main__:Gdpt Gbps theoretical: [49.6, 49.6, 49.6, 49.6, 49.6]
INFO:__main__:Gdpt Gbps measured (SSIRD): [49.604800480045355, 49.648048048038405, 50.084848484767505, 54.93333333324452, -1]
INFO:__main__:Gdpt Gbps measured (DCTCP): [None, None, None, None, None]
DEBUG:__main__:Gdpt Gbps measured per flow (SSIRD): [[1.5999999999999146, 1.5999999999999146, 1.5999999999999146, 1.5999999999999146, 1.5999999999999146, 1.5999999999999146, 1.5999999999999146, 1.5999999999999146, 1.5999999999999146, 1.5999999999999146, 1.5999999999999146, 1.5999999999999146, 1.5999999999999146, 1.5999999999999146, 1.5999999999999146, 1.5999999999999146, 1.5999999999999146, 1.5999999999999146, 1.5999999999999146, 1.5999999999999146, 1.5999999999999146, 1.5999999999999146, 1.5999999999999146, 1.5999999999999146, 1.5999999999999146, 1.5999999999999146, 1.5999999999999146, 1.5999999999999146, 1.5999999999999146, 1.5999999999999146, 1.5999999999999146], [1.5999999999996892, 1.5999999999996892, 1.5999999999996892, 1.5999999999996892, 1.5999999999996892, 1.5999999999996892, 1.5999999999996892, 1.5999999999996892, 1.5999999999996892, 1.5999999999996892, 1.5999999999996892, 1.5999999999996892, 1.5999999999996892, 1.5999999999996892, 1.5999999999996892, 1.5999999999996892, 1.5999999999996892, 1.5999999999996892, 1.5999999999996892, 1.5999999999996892, 1.5999999999996892, 1.5999999999996892, 1.5999999999996892, 1.5999999999996892, 1.5999999999996892, 1.5999999999996892, 1.5999999999996892, 1.5999999999996892, 1.5999999999996892, 1.5999999999996892, 1.5999999999996892], [1.599999999997413, 1.599999999997413, 1.599999999997413, 1.599999999997413, 1.599999999997413, 1.599999999997413, 1.599999999997413, 1.599999999997413, 1.599999999997413, 1.599999999997413, 1.599999999997413, 1.599999999997413, 1.599999999997413, 1.599999999997413, 1.599999999997413, 1.599999999997413, 1.599999999997413, 1.599999999997413, 1.599999999997413, 1.599999999997413, 1.599999999997413, 1.599999999997413, 1.599999999997413, 1.599999999997413, 1.599999999997413, 1.599999999997413, 1.599999999997413, 1.599999999997413, 1.599999999997413, 1.599999999997413, 1.599999999997413], [1.599999999997413, 1.599999999997413, 1.599999999997413, 1.599999999997413, 1.599999999997413, 1.599999999997413, 1.599999999997413, 1.599999999997413, 1.599999999997413, 1.599999999997413, 1.599999999997413, 1.599999999997413, 1.599999999997413, 1.599999999997413, 1.599999999997413, 1.599999999997413, 1.599999999997413, 1.599999999997413, 1.599999999997413, 1.599999999997413, 1.599999999997413, 1.599999999997413, 1.599999999997413, 1.599999999997413, 1.599999999997413, 1.599999999997413, 1.599999999997413, 1.599999999997413, 1.599999999997413, 1.599999999997413, 1.599999999997413], [None, None, None, None, None, None, None, None, None, None, None, None, None, None, None, None, None, None, None, None, None, None, None, None, None, None, None, None, None, None, None]]
DEBUG:__main__:Gdpt Gbps measured per flow (DCTCP): [None, None, None, None, None]
INFO:__main__:* Sim duration (SSIRD): [0.08, 0.02, 0.01, 0.01, 0.01]
INFO:__main__:* Sim duration (DCTCP): [0.08, 0.02, 0.01, 0.01, 0.01]
INFO:__main__:* SSIRD FCT: [[0.008551236000000628, 0.012596736000000774, 0.011441916000000774, 0.0031831860000011147, 0.0034831860000004156, 0.012296736000001474, 0.0037831860000014927, 0.004083186000000794, 0.004383186000000094, 0.004683186000001172, 0.004983186000000472, 0.00528318600000155, 0.00558318600000085, 0.006183186000001228, 0.006483186000000529, 0.0028831860000000376, 0.01028268600000004, 0.008251236000001327, 0.013447086000001107, 0.014292936000000367, 0.014592936000001444, 0.015434256000000701, 0.01627098600000032, 0.016570986000001398, 0.017403065999999967, 0.010582686000001118, 0.005883186000000151, 0.009419106000001065, 0.007383186000000208, 0.007083186000000907, 0.006783186000001606], [0.0019516550000009403, 0.001596785000000267, 0.0016290950000001914, 0.0023387450000011967, 0.001854845000000438, 0.0018871550000003623, 0.0023064950000009077, 0.0022742450000006187, 0.0022419350000006943, 0.002209715000001111, 0.0021452150000005332, 0.002112905000000609, 0.0020484350000007367, 0.0017903750000005658, 0.0016935950000007693, 0.0015323150000003949, 0.0019194050000006513, 0.002403275000000704, 0.002435525000000993, 0.002467775000001282, 0.0024999950000008653, 0.002177465000000822, 0.0020806850000010257, 0.0020161850000004478, 0.0019838750000005234, 0.0017258150000003525, 0.0018226250000008548, 0.0017581250000002768, 0.0016613450000004804, 0.00237096500000078, 0.0015645650000006839], [0.0017906550000006405, 0.0023352150000004457, 0.002495895000000914, 0.0019513350000011087, 0.0023039550000003572, 0.0016924950000003491, 0.0016255350000005109, 0.0015942750000004224, 0.0015630450000010399, 0.0019156650000002884, 0.002272695000000269, 0.002205795000000066, 0.0021120450000005064, 0.002143274999999889, 0.001821915000000729, 0.002045085000000668, 0.002433375000000737, 0.0022414650000008862, 0.0017237550000004376, 0.0018844050000002, 0.0020138250000005797, 0.0021745349999999775, 0.0024646350000008255, 0.0024021150000006486, 0.00237085500000056, 0.0016612350000002607, 0.0017549850000015965, 0.0018531750000008174, 0.002080785000000418, 0.001982595000001197, 0.0015317850000009514], [0.002402012000001008, 0.0023207040000006174, 0.0018123519999999615, 0.0020089100000006965, 0.0024528920000008725, 0.002107174000000711, 0.0017310180000009723, 0.001910646000000682, 0.0020428240000001097, 0.0015513340000001818, 0.001615794000001003, 0.001747974000000596, 0.0021410900000002897, 0.002205484000000979, 0.0023037480000009936, 0.0015343590000007623, 0.002124130000000335, 0.002337664000000572, 0.001944560000000095, 0.0022394000000005576, 0.0017140580000010175, 0.002222440000000603, 0.0019276000000001403, 0.0018293119999999163, 0.0016327540000009577, 0.0016497100000005815, 0.001846270000001482, 0.0024189700000007974, 0.0024359320000009177, 0.002025864000000155, 0.0015173710000002671], [0.001567881000001492, 0.001669227000000717, 0.001601661000000476, 0.0019901400000001956, 0.002007022000000802, 0.0020239040000014086, 0.001855005000001242, 0.0018212330000011434, 0.0017368229999998874, 0.001804351000000537, 0.0017030060000013947, 0.0016861090000013235, 0.001652329000000563, 0.0016354469999999566, 0.0015509990000008855, 0.001534117000000279, 0.001973235000001239, 0.001584771000000984, 0.0019394550000004784, 0.0016185499999998854, 0.0019225650000009864, 0.0019056750000014944, 0.001888785000000226, 0.001871895000000734, 0.0017874689999999305, 0.0018381149999999735, 0.001753705000000494, 0.0017199100000002687, 0.0019563449999999705, 0.0017705870000011004, 0.001517235000001449]]
INFO:__main__:* DCTCP FCT: [None, None, None, None, None]
