DEBUG:__main__:Protos tested: ['SSIRD', 'DCTCP-50']
DEBUG:__main__:Src-Dst Pairs: [(1, 0), (2, 0), (3, 0)]
DEBUG:__main__:Total_flow_size_B: 20000
DEBUG:__main__:Byteload sizes list: [2000]
DEBUG:__main__:Num Flows Per Sendr/Recvr Pair: 3
DEBUG:__main__:Inter-flow spacing (us): 0
DEBUG:__main__:Flow start times (us): [0, 0, 0]
DEBUG:__main__:Num Byteloads list: [10]
DEBUG:__main__:Total injection period (us): 10
DEBUG:__main__:Inter-Byteload Periods list: [1.0]
INFO:__main__:Src-Dst Pairs: [(1, 0), (2, 0), (3, 0)]
INFO:__main__:Total Flow Size (Bytes): 20000
INFO:__main__:Total Injection Period (us): 10
INFO:__main__:Byteload Size (Bytes): [2000]
INFO:__main__:Num Byteloads: [10]
INFO:__main__:Intervals (us): [1.0]
INFO:__main__:Num flows per Sendr/Recvr Pair: 3
INFO:__main__:Gdpt GBps theoretical: [144.0]
INFO:__main__:* Sim duration (SSIRD): [0.0002]
INFO:__main__:* Sim duration (DCTCP): [0.0002]
INFO:dale_experiment_rig:Experiment started at: 2025-07-28 14:45:48.197108
INFO:dale_experiment_rig:
##### RUN GROUP #####
INFO:dale_experiment_rig:
=====
Execute experiment 3flo-10#-2000B-1000ns_incast_3to1_3flo_16GbpsFlo
INFO:dale_experiment_rig:Flags: 1, 1, 1, 1, 0
INFO:dale_experiment_rig:
=====
Execute experiment 3flo-10#-2000B-1000ns_incast_3to1_3flo_16GbpsFlo
INFO:dale_experiment_rig:ssird_sim_duration=0.000200; dctcp_sim_duration=0.000200
INFO:dale_experiment_rig:Flags: 1, 1, 1, 1, 0
INFO:dale_experiment_rig:-----
Preparing experiment input MRIs
INFO:dale_experiment_rig:ssird_sim_duration=0.000200; dctcp_sim_duration=0.000200
INFO:dale_experiment_rig:### Creating MRI inputs parent dir: /data/dh1723/SIRD-Simulator/scripts/r2p2/coord/config/manual-req-intervals/dale_experiments/FCT_Incast_incast_3to1_3flo_16GbpsFlo/
INFO:dale_experiment_rig:-----
Preparing experiment input MRIs
INFO:dale_experiment_rig:### Creating MRI inputs parent dir: /data/dh1723/SIRD-Simulator/scripts/r2p2/coord/config/manual-req-intervals/dale_experiments/FCT_Incast_incast_3to1_3flo_16GbpsFlo/
INFO:dale_experiment_rig:File /data/dh1723/SIRD-Simulator/scripts/r2p2/coord/config/manual-req-intervals/dale_experiments/FCT_Incast_incast_3to1_3flo_16GbpsFlo/ aready exists.
INFO:dale_experiment_rig:-----
Preparing experiment spec scripts
INFO:dale_experiment_rig:-----
Preparing experiment spec scripts
INFO:dale_experiment_rig:### Creating spec scripts parent dir: /data/dh1723/SIRD-Simulator/scripts/r2p2/coord/config/dale_experiments/FCT_Incast_incast_3to1_3flo_16GbpsFlo/
INFO:dale_experiment_rig:### Creating spec scripts parent dir: /data/dh1723/SIRD-Simulator/scripts/r2p2/coord/config/dale_experiments/FCT_Incast_incast_3to1_3flo_16GbpsFlo/
INFO:dale_experiment_rig:#### WARNING: File /data/dh1723/SIRD-Simulator/scripts/r2p2/coord/config/dale_experiments/FCT_Incast_incast_3to1_3flo_16GbpsFlo/ aready exists.
INFO:dale_experiment_rig:-----
Running experiment for DCTCP-50
INFO:dale_experiment_rig:-----
Running experiment for SSIRD
INFO:dale_experiment_rig:### Script:/data/dh1723/SIRD-Simulator/scripts/r2p2/coord/config/dale_experiments/FCT_Incast_incast_3to1_3flo_16GbpsFlo/DCTCP-50-3flo-10#-2000B-1000ns_incast_3to1_3flo_16GbpsFlo.sh
INFO:dale_experiment_rig:### Script:/data/dh1723/SIRD-Simulator/scripts/r2p2/coord/config/dale_experiments/FCT_Incast_incast_3to1_3flo_16GbpsFlo/SSIRD-3flo-10#-2000B-1000ns_incast_3to1_3flo_16GbpsFlo.sh
INFO:dale_experiment_rig:### Output path (stdout): /data/dh1723/SIRD-Simulator/scripts/r2p2/coord/outputs/FCT_Incast_incast_3to1_3flo_16GbpsFlo/DCTCP-50_3flo-10#-2000B-1000ns_incast_3to1_3flo_16GbpsFlo_stdout.out
INFO:dale_experiment_rig:### Output path (stdout): /data/dh1723/SIRD-Simulator/scripts/r2p2/coord/outputs/FCT_Incast_incast_3to1_3flo_16GbpsFlo/ssird_3flo-10#-2000B-1000ns_incast_3to1_3flo_16GbpsFlo_stdout.out
INFO:dale_experiment_rig:### Output path (stderr): /data/dh1723/SIRD-Simulator/scripts/r2p2/coord/outputs/FCT_Incast_incast_3to1_3flo_16GbpsFlo/DCTCP-50_3flo-10#-2000B-1000ns_incast_3to1_3flo_16GbpsFlo_stderr.out
INFO:dale_experiment_rig:### Output path (stderr): /data/dh1723/SIRD-Simulator/scripts/r2p2/coord/outputs/FCT_Incast_incast_3to1_3flo_16GbpsFlo/ssird_3flo-10#-2000B-1000ns_incast_3to1_3flo_16GbpsFlo_stderr.out
INFO:dale_experiment_rig:-----
Backing up app trace file paths
DEBUG:dale_experiment_rig:/data/dh1723/SIRD-Simulator/scripts/r2p2/post-process/experiment_app_trace_paths/FCT_Incast_incast_3to1_3flo_16GbpsFlo/3flo/SSIRD_app_traces.txt
INFO:dale_experiment_rig:-----
Backing up app trace file paths
DEBUG:dale_experiment_rig:/data/dh1723/SIRD-Simulator/scripts/r2p2/post-process/experiment_app_trace_paths/FCT_Incast_incast_3to1_3flo_16GbpsFlo/3flo/DCTCP-50_app_traces.txt
INFO:dale_experiment_rig:Simulations ended at: 2025-07-28 14:46:19.114368
INFO:dale_experiment_rig:
##### POST PROCESS RESULTS #####
INFO:dale_experiment_rig:=====
** Num Byteloads Per Flow: 10, Byteload Size (B): 2000, Inter-Byteload Interval (us): 1.0, ssird_sim_dur (s): 0.0002, dctcp_sim_dur (s): 0.0002
INFO:dale_experiment_rig:Processing SIRD results exp_id 0:: 3flo-10#-2000B
INFO:dale_experiment_rig:Processing results from /data/dh1723/SIRD-Simulator/scripts/r2p2/coord/results/SSIRD-3flo-10#-2000B-1000ns_incast_3to1_3flo_16GbpsFlo/data/SSIRD/60/applications_trace.str
INFO:dale_experiment_rig:Flow 0:: num of byteloads: 10, num srq events: 10, num rrq events: 1
DEBUG:dale_experiment_rig:Flow 0:: first_event_name: srq, final_event_name: rrq, expected_data_B: 20000, recv_data_B: 20000
INFO:dale_experiment_rig:Flow 1:: num of byteloads: 10, num srq events: 10, num rrq events: 1
DEBUG:dale_experiment_rig:Flow 1:: first_event_name: srq, final_event_name: rrq, expected_data_B: 20000, recv_data_B: 20000
INFO:dale_experiment_rig:Flow 2:: num of byteloads: 10, num srq events: 10, num rrq events: 1
DEBUG:dale_experiment_rig:Flow 2:: first_event_name: srq, final_event_name: rrq, expected_data_B: 20000, recv_data_B: 20000
INFO:dale_experiment_rig:Flow 0:: num of byteloads: 10, num srq events: 10, num rrq events: 1
DEBUG:dale_experiment_rig:Flow 0:: first_event_name: srq, final_event_name: rrq, expected_data_B: 20000, recv_data_B: 20000
INFO:dale_experiment_rig:Flow 1:: num of byteloads: 10, num srq events: 10, num rrq events: 1
DEBUG:dale_experiment_rig:Flow 1:: first_event_name: srq, final_event_name: rrq, expected_data_B: 20000, recv_data_B: 20000
INFO:dale_experiment_rig:Flow 2:: num of byteloads: 10, num srq events: 10, num rrq events: 1
DEBUG:dale_experiment_rig:Flow 2:: first_event_name: srq, final_event_name: rrq, expected_data_B: 20000, recv_data_B: 20000
INFO:dale_experiment_rig:Flow 0:: num of byteloads: 10, num srq events: 10, num rrq events: 1
DEBUG:dale_experiment_rig:Flow 0:: first_event_name: srq, final_event_name: rrq, expected_data_B: 20000, recv_data_B: 20000
INFO:dale_experiment_rig:Flow 1:: num of byteloads: 10, num srq events: 10, num rrq events: 1
DEBUG:dale_experiment_rig:Flow 1:: first_event_name: srq, final_event_name: rrq, expected_data_B: 20000, recv_data_B: 20000
INFO:dale_experiment_rig:Flow 2:: num of byteloads: 10, num srq events: 10, num rrq events: 1
DEBUG:dale_experiment_rig:Flow 2:: first_event_name: srq, final_event_name: rrq, expected_data_B: 20000, recv_data_B: 20000
INFO:dale_experiment_rig:SSIRD FCT: [1.3657000000222297e-05, 1.787100000072428e-05, 2.2125000000983164e-05, 1.4485000001229764e-05, 2.1051000000937847e-05, 2.342600000027062e-05, 1.2337000001139131e-05, 1.7036000000913987e-05, 2.2591000000460326e-05] ms, Gdpt (overall): 158.22222221572065 Gbps, Gdpt (per flow): [15.999999999342538, 15.999999999342538, 15.999999999342538, 15.999999999342538, 15.999999999342538, 15.999999999342538, 15.999999999342538, 15.999999999342538, 15.999999999342538]
INFO:dale_experiment_rig:Processing DCTCP results exp_id 0:: 3flo-10#-2000B
INFO:dale_experiment_rig:Processing results from /data/dh1723/SIRD-Simulator/scripts/r2p2/coord/results/DCTCP-50-3flo-10#-2000B-1000ns_incast_3to1_3flo_16GbpsFlo/data/DCTCP-50/60/applications_trace.str
INFO:dale_experiment_rig:Flow 0:: num of byteloads: 10, num srq events: 10, num rrq events: 10
DEBUG:dale_experiment_rig:Flow 0:: first_event_name: srq, final_event_name: rrq, expected_data_B: 20000, recv_data_B: 20000
INFO:dale_experiment_rig:Flow 1:: num of byteloads: 10, num srq events: 10, num rrq events: 10
DEBUG:dale_experiment_rig:Flow 1:: first_event_name: srq, final_event_name: rrq, expected_data_B: 20000, recv_data_B: 20000
INFO:dale_experiment_rig:Flow 2:: num of byteloads: 10, num srq events: 10, num rrq events: 10
DEBUG:dale_experiment_rig:Flow 2:: first_event_name: srq, final_event_name: rrq, expected_data_B: 20000, recv_data_B: 20000
INFO:dale_experiment_rig:Flow 0:: num of byteloads: 10, num srq events: 10, num rrq events: 10
DEBUG:dale_experiment_rig:Flow 0:: first_event_name: srq, final_event_name: rrq, expected_data_B: 20000, recv_data_B: 20000
INFO:dale_experiment_rig:Flow 1:: num of byteloads: 10, num srq events: 10, num rrq events: 10
DEBUG:dale_experiment_rig:Flow 1:: first_event_name: srq, final_event_name: rrq, expected_data_B: 20000, recv_data_B: 20000
INFO:dale_experiment_rig:Flow 2:: num of byteloads: 10, num srq events: 10, num rrq events: 10
DEBUG:dale_experiment_rig:Flow 2:: first_event_name: srq, final_event_name: rrq, expected_data_B: 20000, recv_data_B: 20000
INFO:dale_experiment_rig:Flow 0:: num of byteloads: 10, num srq events: 10, num rrq events: 10
DEBUG:dale_experiment_rig:Flow 0:: first_event_name: srq, final_event_name: rrq, expected_data_B: 20000, recv_data_B: 20000
INFO:dale_experiment_rig:Flow 1:: num of byteloads: 10, num srq events: 10, num rrq events: 10
DEBUG:dale_experiment_rig:Flow 1:: first_event_name: srq, final_event_name: rrq, expected_data_B: 20000, recv_data_B: 20000
INFO:dale_experiment_rig:Flow 2:: num of byteloads: 10, num srq events: 10, num rrq events: 10
DEBUG:dale_experiment_rig:Flow 2:: first_event_name: srq, final_event_name: rrq, expected_data_B: 20000, recv_data_B: 20000
INFO:dale_experiment_rig:DCTCP FCT: [1.7144000000968163e-05, 1.766100000111237e-05, 1.8178000001256578e-05, 1.7193000001469727e-05, 1.7710000001613935e-05, 1.8228000000064526e-05, 1.7242000000194935e-05, 1.7760000000421883e-05, 1.827700000056609e-05] ms, Gtpt (overall): 158.22222221572065 Gbps, Gdpt (per flow): [15.999999999342538, 15.999999999342538, 15.999999999342538, 15.999999999342538, 15.999999999342538, 15.999999999342538, 15.999999999342538, 15.999999999342538, 15.999999999342538]
INFO:dale_experiment_rig:
##### GENERATE METRICS #####
INFO:__main__:Src-Dst Pairs: [(1, 0), (2, 0), (3, 0)]
INFO:__main__:Total Flow Size (Bytes): 20000
INFO:__main__:Total Injection Period (us): 10
INFO:__main__:Byteload Size (Bytes): [2000]
INFO:__main__:Num Byteloads: [10]
INFO:__main__:Intervals (us): [1.0]
INFO:__main__:Num flows per Sendr/Recvr Pair: 3
DEBUG:__main__:Flow start times (us): [0, 0, 0]
INFO:__main__:Gdpt Gbps theoretical: [144.0]
INFO:__main__:Gdpt Gbps measured (SSIRD): [158.22222221572065]
INFO:__main__:Gdpt Gbps measured (DCTCP): [158.22222221572065]
DEBUG:__main__:Gdpt Gbps measured per flow (SSIRD): [[15.999999999342538, 15.999999999342538, 15.999999999342538, 15.999999999342538, 15.999999999342538, 15.999999999342538, 15.999999999342538, 15.999999999342538, 15.999999999342538]]
DEBUG:__main__:Gdpt Gbps measured per flow (DCTCP): [[15.999999999342538, 15.999999999342538, 15.999999999342538, 15.999999999342538, 15.999999999342538, 15.999999999342538, 15.999999999342538, 15.999999999342538, 15.999999999342538]]
INFO:__main__:* Sim duration (SSIRD): [0.0002]
INFO:__main__:* Sim duration (DCTCP): [0.0002]
INFO:__main__:* SSIRD FCT: [[1.3657000000222297e-05, 1.787100000072428e-05, 2.2125000000983164e-05, 1.4485000001229764e-05, 2.1051000000937847e-05, 2.342600000027062e-05, 1.2337000001139131e-05, 1.7036000000913987e-05, 2.2591000000460326e-05]]
INFO:__main__:* DCTCP FCT: [[1.7144000000968163e-05, 1.766100000111237e-05, 1.8178000001256578e-05, 1.7193000001469727e-05, 1.7710000001613935e-05, 1.8228000000064526e-05, 1.7242000000194935e-05, 1.7760000000421883e-05, 1.827700000056609e-05]]
