INFO:__main__:Protos tested: ['SSIRD', 'DCTCP-50']
INFO:__main__:Num Flows: 50
INFO:__main__:Target Flow Rate (Gbps): 2
INFO:__main__:Flow Start Times (us): [0, 0, 0, 0, 0, 0, 0, 0, 0, 0, 0, 0, 0, 0, 0, 0, 0, 0, 0, 0, 0, 0, 0, 0, 0, 0, 0, 0, 0, 0, 0, 0, 0, 0, 0, 0, 0, 0, 0, 0, 0, 0, 0, 0, 0, 0, 0, 0, 0, 0]
INFO:__main__:Flow Rate (Gbps): [1.999997, 1.999997, 1.999998, 1.999999, 1.999995, 2.0, 2.0, 2.000002, 2.0, 1.999999, 2.000003, 1.999997, 2.000003, 2.000003, 2.000003, 2.000002, 1.999998, 2.0, 2.000001, 1.999998, 1.999999, 1.999999, 1.999994, 1.999999, 1.999999, 2.00001, 2.000001, 2.000001, 1.999998, 2.000002, 1.999999, 1.999997, 2.000003, 2.000002, 2.000003, 2.000002, 1.999999, 2.000001, 2.0, 2.000002, 2.000006, 2.000006, 1.999999, 2.000003, 2.000006, 2.000002, 2.000001, 2.000007, 1.999997, 1.999997]
INFO:__main__:Flow Size (B): [3340278, 1479870, 2189916, 1648998, 1468206, 1701486, 2286144, 3185730, 1691280, 2926206, 1657746, 1733562, 1592136, 1535274, 3834540, 1971216, 1472580, 3614382, 2240946, 2662308, 3137616, 2391120, 1621296, 2975778, 2799360, 2229282, 1713150, 1969758, 2165130, 2468394, 1753974, 1498824, 2309472, 2074734, 2019330, 2010582, 2013498, 1825416, 3713526, 1783134, 1542564, 1485702, 2809566, 2198664, 1863324, 2169504, 2256984, 1527984, 2181168, 1797714]
INFO:__main__:Num Byteloads: [2291, 1015, 1502, 1131, 1007, 1167, 1568, 2185, 1160, 2007, 1137, 1189, 1092, 1053, 2630, 1352, 1010, 2479, 1537, 1826, 2152, 1640, 1112, 2041, 1920, 1529, 1175, 1351, 1485, 1693, 1203, 1028, 1584, 1423, 1385, 1379, 1381, 1252, 2547, 1223, 1058, 1019, 1927, 1508, 1278, 1488, 1548, 1048, 1496, 1233]
INFO:__main__:Flow Send Durations (us): [13361.112, 5919.4800000000005, 8759.664, 6595.992, 5872.824, 6805.944, 9144.576, 12742.92, 6765.12, 11704.824, 6630.984, 6934.248, 6368.544, 6141.0960000000005, 15338.16, 7884.8640000000005, 5890.32, 14457.528, 8963.784000000001, 10649.232, 12550.464, 9564.48, 6485.183999999999, 11903.112000000001, 11197.439999999999, 8917.128, 6852.6, 7879.031999999999, 8660.52, 9873.576000000001, 7015.896, 5995.295999999999, 9237.887999999999, 8298.936, 8077.320000000001, 8042.3279999999995, 8053.991999999999, 7301.664000000001, 14854.104, 7132.536, 6170.255999999999, 5942.808, 11238.264, 8794.655999999999, 7453.296, 8678.016, 9027.936, 6111.936, 8724.671999999999, 7190.856]
INFO:__main__:Flow Min Byteload Size (B): [1458, 1458, 1458, 1458, 1458, 1458, 1458, 1458, 1458, 1458, 1458, 1458, 1458, 1458, 1458, 1458, 1458, 1458, 1458, 1458, 1458, 1458, 1458, 1458, 1458, 1458, 1458, 1458, 1458, 1458, 1458, 1458, 1458, 1458, 1458, 1458, 1458, 1458, 1458, 1458, 1458, 1458, 1458, 1458, 1458, 1458, 1458, 1458, 1458, 1458]
INFO:__main__:Flow Max Byteload Size (B): [1458, 1458, 1458, 1458, 1458, 1458, 1458, 1458, 1458, 1458, 1458, 1458, 1458, 1458, 1458, 1458, 1458, 1458, 1458, 1458, 1458, 1458, 1458, 1458, 1458, 1458, 1458, 1458, 1458, 1458, 1458, 1458, 1458, 1458, 1458, 1458, 1458, 1458, 1458, 1458, 1458, 1458, 1458, 1458, 1458, 1458, 1458, 1458, 1458, 1458]
INFO:__main__:Flow Min Interval (us): [0.001, 0.007, 0.005, 0.017, 0.011, 0.003, 0.01, 0.007, 0.004, 0.001, 0.007, 0.001, 0.002, 0.001, 0.001, 0.009, 0.021, 0.001, 0.002, 0.003, 0.001, 0.002, 0.008, 0.001, 0.001, 0.005, 0.002, 0.004, 0.001, 0.001, 0.008, 0.009, 0.003, 0.002, 0.004, 0.002, 0.008, 0.005, 0.002, 0.003, 0.011, 0.008, 0.002, 0.006, 0.017, 0.001, 0.001, 0.006, 0.001, 0.001]
INFO:__main__:Flow Max Interval (us): [48.786, 42.65, 39.418, 37.292, 58.408, 36.28, 61.4, 46.926, 48.617, 48.083, 38.236, 38.597, 45.097, 36.99, 40.257, 40.658, 36.04, 61.975, 39.113, 42.5, 42.46, 41.264, 39.791, 51.142, 67.769, 46.985, 54.109, 70.772, 37.48, 49.723, 54.847, 61.479, 51.442, 41.59, 34.957, 41.665, 49.804, 54.0, 44.647, 54.906, 61.905, 45.13, 41.749, 51.278, 39.895, 44.219, 51.426, 46.649, 43.489, 35.946]
DEBUG:__main__:Max flow send durations (us): 15338.16
INFO:__main__:* Sim duration (SSIRD): [0.04]
INFO:__main__:* Sim duration (DCTCP): [0.04]
INFO:dale_experiment_rig:Experiment started at: 2025-08-09 08:23:50.377477
INFO:dale_experiment_rig:
##### RUN GROUP #####
INFO:dale_experiment_rig:
=====
Execute experiment 50flo-2Gbps-2025-08-09T_08-23-50Z_poisson_50flo_2GbpsFlo_40conn
INFO:dale_experiment_rig:
=====
Execute experiment 50flo-2Gbps-2025-08-09T_08-23-50Z_poisson_50flo_2GbpsFlo_40conn
INFO:dale_experiment_rig:Flags: 1, 1, 1, 1, 0
INFO:dale_experiment_rig:Flags: 1, 1, 1, 1, 0
INFO:dale_experiment_rig:ssird_sim_duration=0.040000; dctcp_sim_duration=0.040000
INFO:dale_experiment_rig:ssird_sim_duration=0.040000; dctcp_sim_duration=0.040000
INFO:dale_experiment_rig:-----
Preparing experiment input MRIs
INFO:dale_experiment_rig:-----
Preparing experiment input MRIs
INFO:dale_experiment_rig:### Creating MRI inputs parent dir: /data/dh1723/SIRD-Simulator/scripts/r2p2/coord/config/manual-req-intervals/dale_experiments/Poisson_Intervals_poisson_50flo_2GbpsFlo_40conn/
INFO:dale_experiment_rig:### Creating MRI inputs parent dir: /data/dh1723/SIRD-Simulator/scripts/r2p2/coord/config/manual-req-intervals/dale_experiments/Poisson_Intervals_poisson_50flo_2GbpsFlo_40conn/
INFO:dale_experiment_rig:File /data/dh1723/SIRD-Simulator/scripts/r2p2/coord/config/manual-req-intervals/dale_experiments/Poisson_Intervals_poisson_50flo_2GbpsFlo_40conn/ aready exists.
INFO:dale_experiment_rig:File /data/dh1723/SIRD-Simulator/scripts/r2p2/coord/config/manual-req-intervals/dale_experiments/Poisson_Intervals_poisson_50flo_2GbpsFlo_40conn/ aready exists.
DEBUG:dale_experiment_rig:num flows: 50
DEBUG:dale_experiment_rig:num flows: 50
INFO:dale_experiment_rig:-----
Preparing experiment spec scripts
INFO:dale_experiment_rig:-----
Preparing experiment spec scripts
INFO:dale_experiment_rig:### Creating spec scripts parent dir: /data/dh1723/SIRD-Simulator/scripts/r2p2/coord/config/dale_experiments/Poisson_Intervals_poisson_50flo_2GbpsFlo_40conn/
INFO:dale_experiment_rig:### Creating spec scripts parent dir: /data/dh1723/SIRD-Simulator/scripts/r2p2/coord/config/dale_experiments/Poisson_Intervals_poisson_50flo_2GbpsFlo_40conn/
INFO:dale_experiment_rig:#### WARNING: File /data/dh1723/SIRD-Simulator/scripts/r2p2/coord/config/dale_experiments/Poisson_Intervals_poisson_50flo_2GbpsFlo_40conn/ aready exists.
INFO:dale_experiment_rig:#### WARNING: File /data/dh1723/SIRD-Simulator/scripts/r2p2/coord/config/dale_experiments/Poisson_Intervals_poisson_50flo_2GbpsFlo_40conn/ aready exists.
INFO:dale_experiment_rig:-----
Running experiment for SSIRD
INFO:dale_experiment_rig:### Script:/data/dh1723/SIRD-Simulator/scripts/r2p2/coord/config/dale_experiments/Poisson_Intervals_poisson_50flo_2GbpsFlo_40conn/SSIRD-50flo-2Gbps-2025-08-09T_08-23-50Z_poisson_50flo_2GbpsFlo_40conn.sh
INFO:dale_experiment_rig:### Output path (stdout): /data/dh1723/SIRD-Simulator/scripts/r2p2/coord/outputs/Poisson_Intervals_poisson_50flo_2GbpsFlo_40conn/ssird_50flo-2Gbps-2025-08-09T_08-23-50Z_poisson_50flo_2GbpsFlo_40conn_stdout.out
INFO:dale_experiment_rig:### Output path (stderr): /data/dh1723/SIRD-Simulator/scripts/r2p2/coord/outputs/Poisson_Intervals_poisson_50flo_2GbpsFlo_40conn/ssird_50flo-2Gbps-2025-08-09T_08-23-50Z_poisson_50flo_2GbpsFlo_40conn_stderr.out
INFO:dale_experiment_rig:-----
Running experiment for DCTCP-50
INFO:dale_experiment_rig:### Script:/data/dh1723/SIRD-Simulator/scripts/r2p2/coord/config/dale_experiments/Poisson_Intervals_poisson_50flo_2GbpsFlo_40conn/DCTCP-50-50flo-2Gbps-2025-08-09T_08-23-50Z_poisson_50flo_2GbpsFlo_40conn.sh
INFO:dale_experiment_rig:### Output path (stdout): /data/dh1723/SIRD-Simulator/scripts/r2p2/coord/outputs/Poisson_Intervals_poisson_50flo_2GbpsFlo_40conn/DCTCP-50_50flo-2Gbps-2025-08-09T_08-23-50Z_poisson_50flo_2GbpsFlo_40conn_stdout.out
INFO:dale_experiment_rig:### Output path (stderr): /data/dh1723/SIRD-Simulator/scripts/r2p2/coord/outputs/Poisson_Intervals_poisson_50flo_2GbpsFlo_40conn/DCTCP-50_50flo-2Gbps-2025-08-09T_08-23-50Z_poisson_50flo_2GbpsFlo_40conn_stderr.out
INFO:dale_experiment_rig:-----
Backing up app trace file paths
DEBUG:dale_experiment_rig:/data/dh1723/SIRD-Simulator/scripts/r2p2/post-process/experiment_app_trace_paths/Poisson_Intervals_poisson_50flo_2GbpsFlo_40conn/50flo_2Gbps_2025-08-09T_12-46-53Z/SSIRD_app_traces.txt
INFO:dale_experiment_rig:-----
Backing up app trace file paths
DEBUG:dale_experiment_rig:/data/dh1723/SIRD-Simulator/scripts/r2p2/post-process/experiment_app_trace_paths/Poisson_Intervals_poisson_50flo_2GbpsFlo_40conn/50flo_2Gbps_2025-08-09T_12-46-53Z/DCTCP-50_app_traces.txt
INFO:dale_experiment_rig:Simulations ended at: 2025-08-09 12:46:53.474331
INFO:dale_experiment_rig:
##### POST PROCESS RESULTS #####
INFO:dale_experiment_rig:=====
** Num Flows: 50, Target Flow Rate (Gbps): 2, ssird_sim_dur (s): 0.04, dctcp_sim_dur (s): 0.04
INFO:dale_experiment_rig:Processing SIRD results exp_id 0:: 50flo-2Gbps_target
INFO:dale_experiment_rig:Processing results from /data/dh1723/SIRD-Simulator/scripts/r2p2/coord/results/SSIRD-50flo-2Gbps-2025-08-09T_08-23-50Z_poisson_50flo_2GbpsFlo_40conn/data/SSIRD/60/applications_trace.str
INFO:dale_experiment_rig:Flow 0:: num of byteloads: 2291, num srq events: 2291, num rrq events: 1874
DEBUG:dale_experiment_rig:Flow 0:: first_event_name: srq, final_event_name: rrq, expected_data_B: 3340278, recv_data_B: 3340278
INFO:dale_experiment_rig:Flow 1:: num of byteloads: 1015, num srq events: 1015, num rrq events: 921
DEBUG:dale_experiment_rig:Flow 1:: first_event_name: srq, final_event_name: rrq, expected_data_B: 1479870, recv_data_B: 1479870
INFO:dale_experiment_rig:Flow 2:: num of byteloads: 1502, num srq events: 1502, num rrq events: 1361
DEBUG:dale_experiment_rig:Flow 2:: first_event_name: srq, final_event_name: rrq, expected_data_B: 2189916, recv_data_B: 2189916
INFO:dale_experiment_rig:Flow 3:: num of byteloads: 1131, num srq events: 1131, num rrq events: 66
DEBUG:dale_experiment_rig:Flow 3:: first_event_name: srq, final_event_name: rrq, expected_data_B: 1648998, recv_data_B: 1648998
INFO:dale_experiment_rig:Flow 4:: num of byteloads: 1007, num srq events: 1007, num rrq events: 860
DEBUG:dale_experiment_rig:Flow 4:: first_event_name: srq, final_event_name: rrq, expected_data_B: 1468206, recv_data_B: 1468206
INFO:dale_experiment_rig:Flow 5:: num of byteloads: 1167, num srq events: 1167, num rrq events: 976
DEBUG:dale_experiment_rig:Flow 5:: first_event_name: srq, final_event_name: rrq, expected_data_B: 1701486, recv_data_B: 1701486
INFO:dale_experiment_rig:Flow 6:: num of byteloads: 1568, num srq events: 1568, num rrq events: 1399
DEBUG:dale_experiment_rig:Flow 6:: first_event_name: srq, final_event_name: rrq, expected_data_B: 2286144, recv_data_B: 2286144
INFO:dale_experiment_rig:Flow 7:: num of byteloads: 2185, num srq events: 2185, num rrq events: 1822
DEBUG:dale_experiment_rig:Flow 7:: first_event_name: srq, final_event_name: rrq, expected_data_B: 3185730, recv_data_B: 3185730
INFO:dale_experiment_rig:Flow 8:: num of byteloads: 1160, num srq events: 1160, num rrq events: 1050
DEBUG:dale_experiment_rig:Flow 8:: first_event_name: srq, final_event_name: rrq, expected_data_B: 1691280, recv_data_B: 1691280
INFO:dale_experiment_rig:Flow 9:: num of byteloads: 2007, num srq events: 2007, num rrq events: 394
DEBUG:dale_experiment_rig:Flow 9:: first_event_name: srq, final_event_name: rrq, expected_data_B: 2926206, recv_data_B: 2926206
INFO:dale_experiment_rig:Flow 10:: num of byteloads: 1137, num srq events: 1137, num rrq events: 901
DEBUG:dale_experiment_rig:Flow 10:: first_event_name: srq, final_event_name: rrq, expected_data_B: 1657746, recv_data_B: 1657746
INFO:dale_experiment_rig:Flow 11:: num of byteloads: 1189, num srq events: 1189, num rrq events: 1004
DEBUG:dale_experiment_rig:Flow 11:: first_event_name: srq, final_event_name: rrq, expected_data_B: 1733562, recv_data_B: 1733562
INFO:dale_experiment_rig:Flow 12:: num of byteloads: 1092, num srq events: 1092, num rrq events: 963
DEBUG:dale_experiment_rig:Flow 12:: first_event_name: srq, final_event_name: rrq, expected_data_B: 1592136, recv_data_B: 1592136
INFO:dale_experiment_rig:Flow 13:: num of byteloads: 1053, num srq events: 1053, num rrq events: 898
DEBUG:dale_experiment_rig:Flow 13:: first_event_name: srq, final_event_name: rrq, expected_data_B: 1535274, recv_data_B: 1535274
INFO:dale_experiment_rig:Flow 14:: num of byteloads: 2630, num srq events: 2630, num rrq events: 2129
DEBUG:dale_experiment_rig:Flow 14:: first_event_name: srq, final_event_name: rrq, expected_data_B: 3834540, recv_data_B: 3834540
INFO:dale_experiment_rig:Flow 15:: num of byteloads: 1352, num srq events: 1352, num rrq events: 1256
DEBUG:dale_experiment_rig:Flow 15:: first_event_name: srq, final_event_name: rrq, expected_data_B: 1971216, recv_data_B: 1971216
INFO:dale_experiment_rig:Flow 16:: num of byteloads: 1010, num srq events: 1010, num rrq events: 922
DEBUG:dale_experiment_rig:Flow 16:: first_event_name: srq, final_event_name: rrq, expected_data_B: 1472580, recv_data_B: 1472580
INFO:dale_experiment_rig:Flow 17:: num of byteloads: 2479, num srq events: 2479, num rrq events: 2046
DEBUG:dale_experiment_rig:Flow 17:: first_event_name: srq, final_event_name: rrq, expected_data_B: 3614382, recv_data_B: 3614382
INFO:dale_experiment_rig:Flow 18:: num of byteloads: 1537, num srq events: 1537, num rrq events: 1
DEBUG:dale_experiment_rig:Flow 18:: first_event_name: srq, final_event_name: rrq, expected_data_B: 2240946, recv_data_B: 2240946
INFO:dale_experiment_rig:Flow 19:: num of byteloads: 1826, num srq events: 1826, num rrq events: 1608
DEBUG:dale_experiment_rig:Flow 19:: first_event_name: srq, final_event_name: rrq, expected_data_B: 2662308, recv_data_B: 2662308
INFO:dale_experiment_rig:Flow 20:: num of byteloads: 2152, num srq events: 2152, num rrq events: 1733
DEBUG:dale_experiment_rig:Flow 20:: first_event_name: srq, final_event_name: rrq, expected_data_B: 3137616, recv_data_B: 3137616
INFO:dale_experiment_rig:Flow 21:: num of byteloads: 1640, num srq events: 1640, num rrq events: 1411
DEBUG:dale_experiment_rig:Flow 21:: first_event_name: srq, final_event_name: rrq, expected_data_B: 2391120, recv_data_B: 2391120
INFO:dale_experiment_rig:Flow 22:: num of byteloads: 1112, num srq events: 1112, num rrq events: 1031
DEBUG:dale_experiment_rig:Flow 22:: first_event_name: srq, final_event_name: rrq, expected_data_B: 1621296, recv_data_B: 1621296
INFO:dale_experiment_rig:Flow 23:: num of byteloads: 2041, num srq events: 2041, num rrq events: 586
DEBUG:dale_experiment_rig:Flow 23:: first_event_name: srq, final_event_name: rrq, expected_data_B: 2975778, recv_data_B: 2975778
INFO:dale_experiment_rig:Flow 24:: num of byteloads: 1920, num srq events: 1920, num rrq events: 1672
DEBUG:dale_experiment_rig:Flow 24:: first_event_name: srq, final_event_name: rrq, expected_data_B: 2799360, recv_data_B: 2799360
INFO:dale_experiment_rig:Flow 25:: num of byteloads: 1529, num srq events: 1529, num rrq events: 1423
DEBUG:dale_experiment_rig:Flow 25:: first_event_name: srq, final_event_name: rrq, expected_data_B: 2229282, recv_data_B: 2229282
INFO:dale_experiment_rig:Flow 26:: num of byteloads: 1175, num srq events: 1175, num rrq events: 1070
DEBUG:dale_experiment_rig:Flow 26:: first_event_name: srq, final_event_name: rrq, expected_data_B: 1713150, recv_data_B: 1713150
INFO:dale_experiment_rig:Flow 27:: num of byteloads: 1351, num srq events: 1351, num rrq events: 1248
DEBUG:dale_experiment_rig:Flow 27:: first_event_name: srq, final_event_name: rrq, expected_data_B: 1969758, recv_data_B: 1969758
INFO:dale_experiment_rig:Flow 28:: num of byteloads: 1485, num srq events: 1485, num rrq events: 1383
DEBUG:dale_experiment_rig:Flow 28:: first_event_name: srq, final_event_name: rrq, expected_data_B: 2165130, recv_data_B: 2165130
INFO:dale_experiment_rig:Flow 29:: num of byteloads: 1693, num srq events: 1693, num rrq events: 1541
DEBUG:dale_experiment_rig:Flow 29:: first_event_name: srq, final_event_name: rrq, expected_data_B: 2468394, recv_data_B: 2468394
INFO:dale_experiment_rig:Flow 30:: num of byteloads: 1203, num srq events: 1203, num rrq events: 1113
DEBUG:dale_experiment_rig:Flow 30:: first_event_name: srq, final_event_name: rrq, expected_data_B: 1753974, recv_data_B: 1753974
INFO:dale_experiment_rig:Flow 31:: num of byteloads: 1028, num srq events: 1028, num rrq events: 933
DEBUG:dale_experiment_rig:Flow 31:: first_event_name: srq, final_event_name: rrq, expected_data_B: 1498824, recv_data_B: 1498824
INFO:dale_experiment_rig:Flow 32:: num of byteloads: 1584, num srq events: 1584, num rrq events: 1395
DEBUG:dale_experiment_rig:Flow 32:: first_event_name: srq, final_event_name: rrq, expected_data_B: 2309472, recv_data_B: 2309472
INFO:dale_experiment_rig:Flow 33:: num of byteloads: 1423, num srq events: 1423, num rrq events: 1284
DEBUG:dale_experiment_rig:Flow 33:: first_event_name: srq, final_event_name: rrq, expected_data_B: 2074734, recv_data_B: 2074734
INFO:dale_experiment_rig:Flow 34:: num of byteloads: 1385, num srq events: 1385, num rrq events: 1287
DEBUG:dale_experiment_rig:Flow 34:: first_event_name: srq, final_event_name: rrq, expected_data_B: 2019330, recv_data_B: 2019330
INFO:dale_experiment_rig:Flow 35:: num of byteloads: 1379, num srq events: 1379, num rrq events: 1283
DEBUG:dale_experiment_rig:Flow 35:: first_event_name: srq, final_event_name: rrq, expected_data_B: 2010582, recv_data_B: 2010582
INFO:dale_experiment_rig:Flow 36:: num of byteloads: 1381, num srq events: 1381, num rrq events: 1252
DEBUG:dale_experiment_rig:Flow 36:: first_event_name: srq, final_event_name: rrq, expected_data_B: 2013498, recv_data_B: 2013498
INFO:dale_experiment_rig:Flow 37:: num of byteloads: 1252, num srq events: 1252, num rrq events: 1147
DEBUG:dale_experiment_rig:Flow 37:: first_event_name: srq, final_event_name: rrq, expected_data_B: 1825416, recv_data_B: 1825416
INFO:dale_experiment_rig:Flow 38:: num of byteloads: 2547, num srq events: 2547, num rrq events: 2030
DEBUG:dale_experiment_rig:Flow 38:: first_event_name: srq, final_event_name: rrq, expected_data_B: 3713526, recv_data_B: 3713526
INFO:dale_experiment_rig:Flow 39:: num of byteloads: 1223, num srq events: 1223, num rrq events: 1
DEBUG:dale_experiment_rig:Flow 39:: first_event_name: srq, final_event_name: rrq, expected_data_B: 1783134, recv_data_B: 1783134
INFO:dale_experiment_rig:Flow 40:: num of byteloads: 1058, num srq events: 1058, num rrq events: 948
DEBUG:dale_experiment_rig:Flow 40:: first_event_name: srq, final_event_name: rrq, expected_data_B: 1542564, recv_data_B: 1542564
INFO:dale_experiment_rig:Flow 41:: num of byteloads: 1019, num srq events: 1019, num rrq events: 906
DEBUG:dale_experiment_rig:Flow 41:: first_event_name: srq, final_event_name: rrq, expected_data_B: 1485702, recv_data_B: 1485702
INFO:dale_experiment_rig:Flow 42:: num of byteloads: 1927, num srq events: 1927, num rrq events: 1615
DEBUG:dale_experiment_rig:Flow 42:: first_event_name: srq, final_event_name: rrq, expected_data_B: 2809566, recv_data_B: 2809566
INFO:dale_experiment_rig:Flow 43:: num of byteloads: 1508, num srq events: 1508, num rrq events: 1354
DEBUG:dale_experiment_rig:Flow 43:: first_event_name: srq, final_event_name: rrq, expected_data_B: 2198664, recv_data_B: 2198664
INFO:dale_experiment_rig:Flow 44:: num of byteloads: 1278, num srq events: 1278, num rrq events: 1099
DEBUG:dale_experiment_rig:Flow 44:: first_event_name: srq, final_event_name: rrq, expected_data_B: 1863324, recv_data_B: 1863324
INFO:dale_experiment_rig:Flow 45:: num of byteloads: 1488, num srq events: 1488, num rrq events: 1326
DEBUG:dale_experiment_rig:Flow 45:: first_event_name: srq, final_event_name: rrq, expected_data_B: 2169504, recv_data_B: 2169504
INFO:dale_experiment_rig:Flow 46:: num of byteloads: 1548, num srq events: 1548, num rrq events: 1376
DEBUG:dale_experiment_rig:Flow 46:: first_event_name: srq, final_event_name: rrq, expected_data_B: 2256984, recv_data_B: 2256984
INFO:dale_experiment_rig:Flow 47:: num of byteloads: 1048, num srq events: 1048, num rrq events: 927
DEBUG:dale_experiment_rig:Flow 47:: first_event_name: srq, final_event_name: rrq, expected_data_B: 1527984, recv_data_B: 1527984
INFO:dale_experiment_rig:Flow 48:: num of byteloads: 1496, num srq events: 1496, num rrq events: 1382
DEBUG:dale_experiment_rig:Flow 48:: first_event_name: srq, final_event_name: rrq, expected_data_B: 2181168, recv_data_B: 2181168
INFO:dale_experiment_rig:Flow 49:: num of byteloads: 1233, num srq events: 1233, num rrq events: 50
DEBUG:dale_experiment_rig:Flow 49:: first_event_name: srq, final_event_name: rrq, expected_data_B: 1797714, recv_data_B: 1797714
INFO:dale_experiment_rig:SSIRD FCT (ms): [0.013365676000001159, 0.005922844000000538, 0.00876277900000133, 0.006599209000000883, 0.005967555000001568, 0.006808845000000119, 0.00915416200000152, 0.012756706000001117, 0.00676803200000009, 0.011708656000001483, 0.006633825000001536, 0.006937114000001188, 0.006371761000000475, 0.0061447450000002846, 0.015345946000000055, 0.007887757000000661, 0.00589347800000084, 0.014478046000000688, 0.009208556000000812, 0.010655776000000117, 0.012554236000001495, 0.009567316000000048, 0.006488240000001255, 0.01192795900000121, 0.011201626000000076, 0.008919886000001043, 0.006855384000001408, 0.007881876000000787, 0.00866330300000051, 0.009876556000000036, 0.0070187070000002905, 0.005998321999999945, 0.009240705999999932, 0.008301805000000329, 0.008080152999999868, 0.008045158999999913, 0.00805682100000027, 0.007304464000000621, 0.014861896000001096, 0.007335722000000544, 0.006175091000001132, 0.005945593999999943, 0.011241346000000263, 0.00879740300000087, 0.007456163000000515, 0.008680856000001569, 0.009030746000000534, 0.006114812999999941, 0.008727513000000187, 0.00719374800000061]
App Gdpt (overall): 56.610734968054444 Gbps
App Gdpt (per flow): [1.9991238766951756, 1.9980265188430775, 1.998666844907767, 1.9982310475111635, 1.998009139703783, 1.9982859103328108, 1.9987242712263873, 1.9990867076089343, 1.9982755666895489, 1.9990022923011548, 1.9982436971937898, 1.9983153205884776, 1.998171008219129, 1.9981032676941095, 1.9992426719908538, 1.9985222308377388, 1.9980181059615274, 1.9991932230736518, 1.9986998787006875, 1.998903208116051, 1.99906919842766, 1.9987792339284367, 1.9981955846253578, 1.9990190805466097, 1.9989577977757311, 1.998702266055204, 1.998298455563848, 1.9985206297016849, 1.998650890880761, 1.9988202846222367, 1.9983363502898444, 1.9980511420098106, 1.9987401864605936, 1.9985969268794177, 1.9985586783913285, 1.998551413204882, 1.9985510296440652, 1.9984033769846612, 1.9992148970555654, 1.9983666382565017, 1.9981151459445476, 1.9980430070649553, 1.9989615836674286, 1.9986771489588968, 1.9984409535993752, 1.9986575261674686, 1.998708674510436, 1.9980984683196779, 1.998660581708124, 1.9983748830286345]
Network Gdpt (overall): 56.58268418251941
Network Gdpt (per flow): [1.999317056615594, 1.9988640592254203, 1.9992890383287472, 1.9990250346667664, 1.9682513190070163, 1.9991478730973848, 1.9979056520954035, 1.9978386269933455, 1.9991394839740444, 1.9993454415260843, 1.9991434805707007, 1.9991737197914907, 1.9989902320565776, 1.9988123184931892, 1.998985269464645, 1.9992664581323536, 1.9989283068501014, 1.9971656396172957, 1.9468381361853497, 1.9987717459525958, 1.999399087287909, 1.9994071482534814, 1.9990579879901933, 1.9958338220308762, 1.9992526085052162, 1.9993816064463061, 1.9991877916681526, 1.9992783443939524, 1.9993575198742306, 1.9993965507814595, 1.9991989977640356, 1.998991051163994, 1.999390089891415, 1.9993088250084583, 1.9992987756544047, 1.9992962227347122, 1.9992977379042507, 1.9992333455266202, 1.9989514123903043, 1.9446036804555766, 1.9984340311742352, 1.9990628354374878, 1.999451667086795, 1.9993754975187863, 1.999230971747663, 1.9993456866462092, 1.9993776815336115, 1.9990590063833709, 1.9993489554240282, 1.999195968499144]
INFO:dale_experiment_rig:Processing DCTCP results exp_id 0:: 50flo-2Gbps_target
INFO:dale_experiment_rig:Processing results from /data/dh1723/SIRD-Simulator/scripts/r2p2/coord/results/DCTCP-50-50flo-2Gbps-2025-08-09T_08-23-50Z_poisson_50flo_2GbpsFlo_40conn/data/DCTCP-50/60/applications_trace.str
INFO:dale_experiment_rig:Flow 0:: num of byteloads: 2291, num srq events: 2291, num rrq events: 1
DEBUG:dale_experiment_rig:Flow 0:: first_event_name: srq, final_event_name: rrq, expected_data_B: 3340278, recv_data_B: 3340278
INFO:dale_experiment_rig:Flow 1:: num of byteloads: 1015, num srq events: 1015, num rrq events: 1
DEBUG:dale_experiment_rig:Flow 1:: first_event_name: srq, final_event_name: rrq, expected_data_B: 1479870, recv_data_B: 1479870
INFO:dale_experiment_rig:Flow 2:: num of byteloads: 1502, num srq events: 1502, num rrq events: 1
DEBUG:dale_experiment_rig:Flow 2:: first_event_name: srq, final_event_name: rrq, expected_data_B: 2189916, recv_data_B: 2189916
INFO:dale_experiment_rig:Flow 3:: num of byteloads: 1131, num srq events: 1131, num rrq events: 1
DEBUG:dale_experiment_rig:Flow 3:: first_event_name: srq, final_event_name: rrq, expected_data_B: 1648998, recv_data_B: 1648998
INFO:dale_experiment_rig:Flow 4:: num of byteloads: 1007, num srq events: 1007, num rrq events: 1
DEBUG:dale_experiment_rig:Flow 4:: first_event_name: srq, final_event_name: rrq, expected_data_B: 1468206, recv_data_B: 1468206
INFO:dale_experiment_rig:Flow 5:: num of byteloads: 1167, num srq events: 1167, num rrq events: 1
DEBUG:dale_experiment_rig:Flow 5:: first_event_name: srq, final_event_name: rrq, expected_data_B: 1701486, recv_data_B: 1701486
INFO:dale_experiment_rig:Flow 6:: num of byteloads: 1568, num srq events: 1568, num rrq events: 1
DEBUG:dale_experiment_rig:Flow 6:: first_event_name: srq, final_event_name: rrq, expected_data_B: 2286144, recv_data_B: 2286144
INFO:dale_experiment_rig:Flow 7:: num of byteloads: 2185, num srq events: 2185, num rrq events: 1
DEBUG:dale_experiment_rig:Flow 7:: first_event_name: srq, final_event_name: rrq, expected_data_B: 3185730, recv_data_B: 3185730
INFO:dale_experiment_rig:Flow 8:: num of byteloads: 1160, num srq events: 1160, num rrq events: 1
DEBUG:dale_experiment_rig:Flow 8:: first_event_name: srq, final_event_name: rrq, expected_data_B: 1691280, recv_data_B: 1691280
INFO:dale_experiment_rig:Flow 9:: num of byteloads: 2007, num srq events: 2007, num rrq events: 1
DEBUG:dale_experiment_rig:Flow 9:: first_event_name: srq, final_event_name: rrq, expected_data_B: 2926206, recv_data_B: 2926206
INFO:dale_experiment_rig:Flow 10:: num of byteloads: 1137, num srq events: 1137, num rrq events: 1
DEBUG:dale_experiment_rig:Flow 10:: first_event_name: srq, final_event_name: rrq, expected_data_B: 1657746, recv_data_B: 1657746
INFO:dale_experiment_rig:Flow 11:: num of byteloads: 1189, num srq events: 1189, num rrq events: 1
DEBUG:dale_experiment_rig:Flow 11:: first_event_name: srq, final_event_name: rrq, expected_data_B: 1733562, recv_data_B: 1733562
INFO:dale_experiment_rig:Flow 12:: num of byteloads: 1092, num srq events: 1092, num rrq events: 1
DEBUG:dale_experiment_rig:Flow 12:: first_event_name: srq, final_event_name: rrq, expected_data_B: 1592136, recv_data_B: 1592136
INFO:dale_experiment_rig:Flow 13:: num of byteloads: 1053, num srq events: 1053, num rrq events: 1
DEBUG:dale_experiment_rig:Flow 13:: first_event_name: srq, final_event_name: rrq, expected_data_B: 1535274, recv_data_B: 1535274
INFO:dale_experiment_rig:Flow 14:: num of byteloads: 2630, num srq events: 2630, num rrq events: 1
DEBUG:dale_experiment_rig:Flow 14:: first_event_name: srq, final_event_name: rrq, expected_data_B: 3834540, recv_data_B: 3834540
INFO:dale_experiment_rig:Flow 15:: num of byteloads: 1352, num srq events: 1352, num rrq events: 1
DEBUG:dale_experiment_rig:Flow 15:: first_event_name: srq, final_event_name: rrq, expected_data_B: 1971216, recv_data_B: 1971216
INFO:dale_experiment_rig:Flow 16:: num of byteloads: 1010, num srq events: 1010, num rrq events: 1
DEBUG:dale_experiment_rig:Flow 16:: first_event_name: srq, final_event_name: rrq, expected_data_B: 1472580, recv_data_B: 1472580
INFO:dale_experiment_rig:Flow 17:: num of byteloads: 2479, num srq events: 2479, num rrq events: 1
DEBUG:dale_experiment_rig:Flow 17:: first_event_name: srq, final_event_name: rrq, expected_data_B: 3614382, recv_data_B: 3614382
INFO:dale_experiment_rig:Flow 18:: num of byteloads: 1537, num srq events: 1537, num rrq events: 1
DEBUG:dale_experiment_rig:Flow 18:: first_event_name: srq, final_event_name: rrq, expected_data_B: 2240946, recv_data_B: 2240946
INFO:dale_experiment_rig:Flow 19:: num of byteloads: 1826, num srq events: 1826, num rrq events: 1
DEBUG:dale_experiment_rig:Flow 19:: first_event_name: srq, final_event_name: rrq, expected_data_B: 2662308, recv_data_B: 2662308
INFO:dale_experiment_rig:Flow 20:: num of byteloads: 2152, num srq events: 2152, num rrq events: 1
DEBUG:dale_experiment_rig:Flow 20:: first_event_name: srq, final_event_name: rrq, expected_data_B: 3137616, recv_data_B: 3137616
INFO:dale_experiment_rig:Flow 21:: num of byteloads: 1640, num srq events: 1640, num rrq events: 1
DEBUG:dale_experiment_rig:Flow 21:: first_event_name: srq, final_event_name: rrq, expected_data_B: 2391120, recv_data_B: 2391120
INFO:dale_experiment_rig:Flow 22:: num of byteloads: 1112, num srq events: 1112, num rrq events: 1
DEBUG:dale_experiment_rig:Flow 22:: first_event_name: srq, final_event_name: rrq, expected_data_B: 1621296, recv_data_B: 1621296
INFO:dale_experiment_rig:Flow 23:: num of byteloads: 2041, num srq events: 2041, num rrq events: 1
DEBUG:dale_experiment_rig:Flow 23:: first_event_name: srq, final_event_name: rrq, expected_data_B: 2975778, recv_data_B: 2975778
INFO:dale_experiment_rig:Flow 24:: num of byteloads: 1920, num srq events: 1920, num rrq events: 1
DEBUG:dale_experiment_rig:Flow 24:: first_event_name: srq, final_event_name: rrq, expected_data_B: 2799360, recv_data_B: 2799360
INFO:dale_experiment_rig:Flow 25:: num of byteloads: 1529, num srq events: 1529, num rrq events: 1
DEBUG:dale_experiment_rig:Flow 25:: first_event_name: srq, final_event_name: rrq, expected_data_B: 2229282, recv_data_B: 2229282
INFO:dale_experiment_rig:Flow 26:: num of byteloads: 1175, num srq events: 1175, num rrq events: 1
DEBUG:dale_experiment_rig:Flow 26:: first_event_name: srq, final_event_name: rrq, expected_data_B: 1713150, recv_data_B: 1713150
INFO:dale_experiment_rig:Flow 27:: num of byteloads: 1351, num srq events: 1351, num rrq events: 1
DEBUG:dale_experiment_rig:Flow 27:: first_event_name: srq, final_event_name: rrq, expected_data_B: 1969758, recv_data_B: 1969758
INFO:dale_experiment_rig:Flow 28:: num of byteloads: 1485, num srq events: 1485, num rrq events: 1
DEBUG:dale_experiment_rig:Flow 28:: first_event_name: srq, final_event_name: rrq, expected_data_B: 2165130, recv_data_B: 2165130
INFO:dale_experiment_rig:Flow 29:: num of byteloads: 1693, num srq events: 1693, num rrq events: 1
DEBUG:dale_experiment_rig:Flow 29:: first_event_name: srq, final_event_name: rrq, expected_data_B: 2468394, recv_data_B: 2468394
INFO:dale_experiment_rig:Flow 30:: num of byteloads: 1203, num srq events: 1203, num rrq events: 1
DEBUG:dale_experiment_rig:Flow 30:: first_event_name: srq, final_event_name: rrq, expected_data_B: 1753974, recv_data_B: 1753974
INFO:dale_experiment_rig:Flow 31:: num of byteloads: 1028, num srq events: 1028, num rrq events: 1
DEBUG:dale_experiment_rig:Flow 31:: first_event_name: srq, final_event_name: rrq, expected_data_B: 1498824, recv_data_B: 1498824
INFO:dale_experiment_rig:Flow 32:: num of byteloads: 1584, num srq events: 1584, num rrq events: 1
DEBUG:dale_experiment_rig:Flow 32:: first_event_name: srq, final_event_name: rrq, expected_data_B: 2309472, recv_data_B: 2309472
INFO:dale_experiment_rig:Flow 33:: num of byteloads: 1423, num srq events: 1423, num rrq events: 1
DEBUG:dale_experiment_rig:Flow 33:: first_event_name: srq, final_event_name: rrq, expected_data_B: 2074734, recv_data_B: 2074734
INFO:dale_experiment_rig:Flow 34:: num of byteloads: 1385, num srq events: 1385, num rrq events: 1
DEBUG:dale_experiment_rig:Flow 34:: first_event_name: srq, final_event_name: rrq, expected_data_B: 2019330, recv_data_B: 2019330
INFO:dale_experiment_rig:Flow 35:: num of byteloads: 1379, num srq events: 1379, num rrq events: 1
DEBUG:dale_experiment_rig:Flow 35:: first_event_name: srq, final_event_name: rrq, expected_data_B: 2010582, recv_data_B: 2010582
INFO:dale_experiment_rig:Flow 36:: num of byteloads: 1381, num srq events: 1381, num rrq events: 1
DEBUG:dale_experiment_rig:Flow 36:: first_event_name: srq, final_event_name: rrq, expected_data_B: 2013498, recv_data_B: 2013498
INFO:dale_experiment_rig:Flow 37:: num of byteloads: 1252, num srq events: 1252, num rrq events: 1
DEBUG:dale_experiment_rig:Flow 37:: first_event_name: srq, final_event_name: rrq, expected_data_B: 1825416, recv_data_B: 1825416
INFO:dale_experiment_rig:Flow 38:: num of byteloads: 2547, num srq events: 2547, num rrq events: 1
DEBUG:dale_experiment_rig:Flow 38:: first_event_name: srq, final_event_name: rrq, expected_data_B: 3713526, recv_data_B: 3713526
INFO:dale_experiment_rig:Flow 39:: num of byteloads: 1223, num srq events: 1223, num rrq events: 1
DEBUG:dale_experiment_rig:Flow 39:: first_event_name: srq, final_event_name: rrq, expected_data_B: 1783134, recv_data_B: 1783134
INFO:dale_experiment_rig:Flow 40:: num of byteloads: 1058, num srq events: 1058, num rrq events: 1
DEBUG:dale_experiment_rig:Flow 40:: first_event_name: srq, final_event_name: rrq, expected_data_B: 1542564, recv_data_B: 1542564
INFO:dale_experiment_rig:Flow 41:: num of byteloads: 1019, num srq events: 1019, num rrq events: 1
DEBUG:dale_experiment_rig:Flow 41:: first_event_name: srq, final_event_name: rrq, expected_data_B: 1485702, recv_data_B: 1485702
INFO:dale_experiment_rig:Flow 42:: num of byteloads: 1927, num srq events: 1927, num rrq events: 1
DEBUG:dale_experiment_rig:Flow 42:: first_event_name: srq, final_event_name: rrq, expected_data_B: 2809566, recv_data_B: 2809566
INFO:dale_experiment_rig:Flow 43:: num of byteloads: 1508, num srq events: 1508, num rrq events: 1
DEBUG:dale_experiment_rig:Flow 43:: first_event_name: srq, final_event_name: rrq, expected_data_B: 2198664, recv_data_B: 2198664
INFO:dale_experiment_rig:Flow 44:: num of byteloads: 1278, num srq events: 1278, num rrq events: 1
DEBUG:dale_experiment_rig:Flow 44:: first_event_name: srq, final_event_name: rrq, expected_data_B: 1863324, recv_data_B: 1863324
INFO:dale_experiment_rig:Flow 45:: num of byteloads: 1488, num srq events: 1488, num rrq events: 1
DEBUG:dale_experiment_rig:Flow 45:: first_event_name: srq, final_event_name: rrq, expected_data_B: 2169504, recv_data_B: 2169504
INFO:dale_experiment_rig:Flow 46:: num of byteloads: 1548, num srq events: 1548, num rrq events: 1
DEBUG:dale_experiment_rig:Flow 46:: first_event_name: srq, final_event_name: rrq, expected_data_B: 2256984, recv_data_B: 2256984
INFO:dale_experiment_rig:Flow 47:: num of byteloads: 1048, num srq events: 1048, num rrq events: 1
DEBUG:dale_experiment_rig:Flow 47:: first_event_name: srq, final_event_name: rrq, expected_data_B: 1527984, recv_data_B: 1527984
INFO:dale_experiment_rig:Flow 48:: num of byteloads: 1496, num srq events: 1496, num rrq events: 1
DEBUG:dale_experiment_rig:Flow 48:: first_event_name: srq, final_event_name: rrq, expected_data_B: 2181168, recv_data_B: 2181168
INFO:dale_experiment_rig:Flow 49:: num of byteloads: 1233, num srq events: 1233, num rrq events: 1
DEBUG:dale_experiment_rig:Flow 49:: first_event_name: srq, final_event_name: rrq, expected_data_B: 1797714, recv_data_B: 1797714
INFO:dale_experiment_rig:DCTCP-50 FCT (ms): [0.013363878999999912, 0.005949441000000277, 0.00876557300000158, 0.006722168000001361, 0.005875583999999989, 0.006950318000001232, 0.009150154000000299, 0.012745653000001411, 0.0069106090000001785, 0.011707577000001024, 0.006758179000000197, 0.007087889000001013, 0.006471400000000571, 0.006230709000000445, 0.015340882000000278, 0.007981414000001408, 0.005905311000001134, 0.01446027400000105, 0.008974627000000623, 0.010651986000000946, 0.012553286000001052, 0.009567232000000203, 0.006606615000000815, 0.011905864000000932, 0.011200189000000194, 0.008928784000000078, 0.006994576000000308, 0.007975635000001091, 0.008683779000000058, 0.00987631400000133, 0.007168181000000828, 0.006051228000000464, 0.009246217000001167, 0.008356633000000002, 0.00815922399999991, 0.008126638000000241, 0.008137336000000772, 0.007431679000001523, 0.014856849000000949, 0.007282040000001544, 0.008939810000001103, 0.009133048000000699, 0.011241013000001132, 0.008802721000000346, 0.009127426000000938, 0.008694352000000904, 0.009039196000001581, 0.009253679000000403, 0.00872766200000008, 0.0092753890000008]
App Gdpt (overall): 56.610734968054444 Gbps
App Gdpt (per flow): [1.9991238766951756, 1.9980265188430775, 1.998666844907767, 1.9982310475111635, 1.998009139703783, 1.9982859103328108, 1.9987242712263873, 1.9990867076089343, 1.9982755666895489, 1.9990022923011548, 1.9982436971937898, 1.9983153205884776, 1.998171008219129, 1.9981032676941095, 1.9992426719908538, 1.9985222308377388, 1.9980181059615274, 1.9991932230736518, 1.9986998787006875, 1.998903208116051, 1.99906919842766, 1.9987792339284367, 1.9981955846253578, 1.9990190805466097, 1.9989577977757311, 1.998702266055204, 1.998298455563848, 1.9985206297016849, 1.998650890880761, 1.9988202846222367, 1.9983363502898444, 1.9980511420098106, 1.9987401864605936, 1.9985969268794177, 1.9985586783913285, 1.998551413204882, 1.9985510296440652, 1.9984033769846612, 1.9992148970555654, 1.9983666382565017, 1.9981151459445476, 1.9980430070649553, 1.9989615836674286, 1.9986771489588968, 1.9984409535993752, 1.9986575261674686, 1.998708674510436, 1.9980984683196779, 1.998660581708124, 1.9983748830286345]
Network Gdpt (overall): 56.60136203381163
Network Gdpt (per flow): [1.9995858986750912, 1.9899281293821467, 1.9986517709677214, 1.962459730253295, 1.9990605189203359, 1.9584554260679277, 1.9987807855473694, 1.9995711479040876, 1.957894014840031, 1.999529706274659, 1.9623582032970144, 1.956646894441775, 1.9682121333867288, 1.9712350552720603, 1.9996451312251438, 1.9758062919674657, 1.9949228753570705, 1.9996202008342236, 1.9975836321664127, 1.9994829133269711, 1.9995503966051518, 1.9994247029861507, 1.9632395712476662, 1.9995377067970992, 1.9995091154265, 1.9973891181598573, 1.9594039724494234, 1.97577547116911, 1.9946431156297144, 1.99944554213215, 1.957510838523522, 1.9815138348776615, 1.9981983983284917, 1.9861913284931858, 1.979923580968016, 1.9792509522387391, 1.9795156547546362, 1.965010598546709, 1.9996304734602945, 1.958938978637439, 1.380399807154568, 1.3013854739402544, 1.9995108981724101, 1.998167612037154, 1.6331649251386393, 1.9962421581272756, 1.9975086279793957, 1.320974284930293, 1.9993148222284318, 1.5505238648210615]
INFO:dale_experiment_rig:
##### GENERATE METRICS #####
INFO:__main__:Protos tested: ['SSIRD', 'DCTCP-50']
INFO:__main__:Num Flows: 50
INFO:__main__:Target Flow Rate (Gbps): 2
INFO:__main__:Flow Start Times (us): [0, 0, 0, 0, 0, 0, 0, 0, 0, 0, 0, 0, 0, 0, 0, 0, 0, 0, 0, 0, 0, 0, 0, 0, 0, 0, 0, 0, 0, 0, 0, 0, 0, 0, 0, 0, 0, 0, 0, 0, 0, 0, 0, 0, 0, 0, 0, 0, 0, 0]
INFO:__main__:Flow Rate (Gbps): [1.999997, 1.999997, 1.999998, 1.999999, 1.999995, 2.0, 2.0, 2.000002, 2.0, 1.999999, 2.000003, 1.999997, 2.000003, 2.000003, 2.000003, 2.000002, 1.999998, 2.0, 2.000001, 1.999998, 1.999999, 1.999999, 1.999994, 1.999999, 1.999999, 2.00001, 2.000001, 2.000001, 1.999998, 2.000002, 1.999999, 1.999997, 2.000003, 2.000002, 2.000003, 2.000002, 1.999999, 2.000001, 2.0, 2.000002, 2.000006, 2.000006, 1.999999, 2.000003, 2.000006, 2.000002, 2.000001, 2.000007, 1.999997, 1.999997]
INFO:__main__:Flow Size (B): [3340278, 1479870, 2189916, 1648998, 1468206, 1701486, 2286144, 3185730, 1691280, 2926206, 1657746, 1733562, 1592136, 1535274, 3834540, 1971216, 1472580, 3614382, 2240946, 2662308, 3137616, 2391120, 1621296, 2975778, 2799360, 2229282, 1713150, 1969758, 2165130, 2468394, 1753974, 1498824, 2309472, 2074734, 2019330, 2010582, 2013498, 1825416, 3713526, 1783134, 1542564, 1485702, 2809566, 2198664, 1863324, 2169504, 2256984, 1527984, 2181168, 1797714]
INFO:__main__:Num Byteloads: [2291, 1015, 1502, 1131, 1007, 1167, 1568, 2185, 1160, 2007, 1137, 1189, 1092, 1053, 2630, 1352, 1010, 2479, 1537, 1826, 2152, 1640, 1112, 2041, 1920, 1529, 1175, 1351, 1485, 1693, 1203, 1028, 1584, 1423, 1385, 1379, 1381, 1252, 2547, 1223, 1058, 1019, 1927, 1508, 1278, 1488, 1548, 1048, 1496, 1233]
INFO:__main__:Flow Send Durations (us): [13361.112, 5919.4800000000005, 8759.664, 6595.992, 5872.824, 6805.944, 9144.576, 12742.92, 6765.12, 11704.824, 6630.984, 6934.248, 6368.544, 6141.0960000000005, 15338.16, 7884.8640000000005, 5890.32, 14457.528, 8963.784000000001, 10649.232, 12550.464, 9564.48, 6485.183999999999, 11903.112000000001, 11197.439999999999, 8917.128, 6852.6, 7879.031999999999, 8660.52, 9873.576000000001, 7015.896, 5995.295999999999, 9237.887999999999, 8298.936, 8077.320000000001, 8042.3279999999995, 8053.991999999999, 7301.664000000001, 14854.104, 7132.536, 6170.255999999999, 5942.808, 11238.264, 8794.655999999999, 7453.296, 8678.016, 9027.936, 6111.936, 8724.671999999999, 7190.856]
INFO:__main__:Flow Min Byteload Size (B): [1458, 1458, 1458, 1458, 1458, 1458, 1458, 1458, 1458, 1458, 1458, 1458, 1458, 1458, 1458, 1458, 1458, 1458, 1458, 1458, 1458, 1458, 1458, 1458, 1458, 1458, 1458, 1458, 1458, 1458, 1458, 1458, 1458, 1458, 1458, 1458, 1458, 1458, 1458, 1458, 1458, 1458, 1458, 1458, 1458, 1458, 1458, 1458, 1458, 1458]
INFO:__main__:Flow Max Byteload Size (B): [1458, 1458, 1458, 1458, 1458, 1458, 1458, 1458, 1458, 1458, 1458, 1458, 1458, 1458, 1458, 1458, 1458, 1458, 1458, 1458, 1458, 1458, 1458, 1458, 1458, 1458, 1458, 1458, 1458, 1458, 1458, 1458, 1458, 1458, 1458, 1458, 1458, 1458, 1458, 1458, 1458, 1458, 1458, 1458, 1458, 1458, 1458, 1458, 1458, 1458]
INFO:__main__:Flow Min Interval (us): [0.001, 0.007, 0.005, 0.017, 0.011, 0.003, 0.01, 0.007, 0.004, 0.001, 0.007, 0.001, 0.002, 0.001, 0.001, 0.009, 0.021, 0.001, 0.002, 0.003, 0.001, 0.002, 0.008, 0.001, 0.001, 0.005, 0.002, 0.004, 0.001, 0.001, 0.008, 0.009, 0.003, 0.002, 0.004, 0.002, 0.008, 0.005, 0.002, 0.003, 0.011, 0.008, 0.002, 0.006, 0.017, 0.001, 0.001, 0.006, 0.001, 0.001]
INFO:__main__:Flow Max Interval (us): [48.786, 42.65, 39.418, 37.292, 58.408, 36.28, 61.4, 46.926, 48.617, 48.083, 38.236, 38.597, 45.097, 36.99, 40.257, 40.658, 36.04, 61.975, 39.113, 42.5, 42.46, 41.264, 39.791, 51.142, 67.769, 46.985, 54.109, 70.772, 37.48, 49.723, 54.847, 61.479, 51.442, 41.59, 34.957, 41.665, 49.804, 54.0, 44.647, 54.906, 61.905, 45.13, 41.749, 51.278, 39.895, 44.219, 51.426, 46.649, 43.489, 35.946]
INFO:__main__:APP Gdpt Gbps measured (SSIRD): [56.610734968054444]
INFO:__main__:APP Gdpt Gbps measured (DCTCP): [56.610734968054444]
DEBUG:__main__:APP Gdpt Gbps measured per flow (SSIRD): [[1.9991238766951756, 1.9980265188430775, 1.998666844907767, 1.9982310475111635, 1.998009139703783, 1.9982859103328108, 1.9987242712263873, 1.9990867076089343, 1.9982755666895489, 1.9990022923011548, 1.9982436971937898, 1.9983153205884776, 1.998171008219129, 1.9981032676941095, 1.9992426719908538, 1.9985222308377388, 1.9980181059615274, 1.9991932230736518, 1.9986998787006875, 1.998903208116051, 1.99906919842766, 1.9987792339284367, 1.9981955846253578, 1.9990190805466097, 1.9989577977757311, 1.998702266055204, 1.998298455563848, 1.9985206297016849, 1.998650890880761, 1.9988202846222367, 1.9983363502898444, 1.9980511420098106, 1.9987401864605936, 1.9985969268794177, 1.9985586783913285, 1.998551413204882, 1.9985510296440652, 1.9984033769846612, 1.9992148970555654, 1.9983666382565017, 1.9981151459445476, 1.9980430070649553, 1.9989615836674286, 1.9986771489588968, 1.9984409535993752, 1.9986575261674686, 1.998708674510436, 1.9980984683196779, 1.998660581708124, 1.9983748830286345]]
DEBUG:__main__:APP Gdpt Gbps measured per flow (DCTCP): [[1.9991238766951756, 1.9980265188430775, 1.998666844907767, 1.9982310475111635, 1.998009139703783, 1.9982859103328108, 1.9987242712263873, 1.9990867076089343, 1.9982755666895489, 1.9990022923011548, 1.9982436971937898, 1.9983153205884776, 1.998171008219129, 1.9981032676941095, 1.9992426719908538, 1.9985222308377388, 1.9980181059615274, 1.9991932230736518, 1.9986998787006875, 1.998903208116051, 1.99906919842766, 1.9987792339284367, 1.9981955846253578, 1.9990190805466097, 1.9989577977757311, 1.998702266055204, 1.998298455563848, 1.9985206297016849, 1.998650890880761, 1.9988202846222367, 1.9983363502898444, 1.9980511420098106, 1.9987401864605936, 1.9985969268794177, 1.9985586783913285, 1.998551413204882, 1.9985510296440652, 1.9984033769846612, 1.9992148970555654, 1.9983666382565017, 1.9981151459445476, 1.9980430070649553, 1.9989615836674286, 1.9986771489588968, 1.9984409535993752, 1.9986575261674686, 1.998708674510436, 1.9980984683196779, 1.998660581708124, 1.9983748830286345]]
INFO:__main__:NW Gdpt Gbps measured (SSIRD): [56.58268418251941]
INFO:__main__:NW Gdpt Gbps measured (DCTCP): [56.60136203381163]
DEBUG:__main__:NW Gdpt Gbps measured per flow (SSIRD): [[1.999317056615594, 1.9988640592254203, 1.9992890383287472, 1.9990250346667664, 1.9682513190070163, 1.9991478730973848, 1.9979056520954035, 1.9978386269933455, 1.9991394839740444, 1.9993454415260843, 1.9991434805707007, 1.9991737197914907, 1.9989902320565776, 1.9988123184931892, 1.998985269464645, 1.9992664581323536, 1.9989283068501014, 1.9971656396172957, 1.9468381361853497, 1.9987717459525958, 1.999399087287909, 1.9994071482534814, 1.9990579879901933, 1.9958338220308762, 1.9992526085052162, 1.9993816064463061, 1.9991877916681526, 1.9992783443939524, 1.9993575198742306, 1.9993965507814595, 1.9991989977640356, 1.998991051163994, 1.999390089891415, 1.9993088250084583, 1.9992987756544047, 1.9992962227347122, 1.9992977379042507, 1.9992333455266202, 1.9989514123903043, 1.9446036804555766, 1.9984340311742352, 1.9990628354374878, 1.999451667086795, 1.9993754975187863, 1.999230971747663, 1.9993456866462092, 1.9993776815336115, 1.9990590063833709, 1.9993489554240282, 1.999195968499144]]
DEBUG:__main__:NW Gdpt Gbps measured per flow (DCTCP): [[1.9995858986750912, 1.9899281293821467, 1.9986517709677214, 1.962459730253295, 1.9990605189203359, 1.9584554260679277, 1.9987807855473694, 1.9995711479040876, 1.957894014840031, 1.999529706274659, 1.9623582032970144, 1.956646894441775, 1.9682121333867288, 1.9712350552720603, 1.9996451312251438, 1.9758062919674657, 1.9949228753570705, 1.9996202008342236, 1.9975836321664127, 1.9994829133269711, 1.9995503966051518, 1.9994247029861507, 1.9632395712476662, 1.9995377067970992, 1.9995091154265, 1.9973891181598573, 1.9594039724494234, 1.97577547116911, 1.9946431156297144, 1.99944554213215, 1.957510838523522, 1.9815138348776615, 1.9981983983284917, 1.9861913284931858, 1.979923580968016, 1.9792509522387391, 1.9795156547546362, 1.965010598546709, 1.9996304734602945, 1.958938978637439, 1.380399807154568, 1.3013854739402544, 1.9995108981724101, 1.998167612037154, 1.6331649251386393, 1.9962421581272756, 1.9975086279793957, 1.320974284930293, 1.9993148222284318, 1.5505238648210615]]
INFO:__main__:* Sim duration (SSIRD): [0.04]
INFO:__main__:* Sim duration (DCTCP): [0.04]
INFO:__main__:* SSIRD FCT: [[0.013365676000001159, 0.005922844000000538, 0.00876277900000133, 0.006599209000000883, 0.005967555000001568, 0.006808845000000119, 0.00915416200000152, 0.012756706000001117, 0.00676803200000009, 0.011708656000001483, 0.006633825000001536, 0.006937114000001188, 0.006371761000000475, 0.0061447450000002846, 0.015345946000000055, 0.007887757000000661, 0.00589347800000084, 0.014478046000000688, 0.009208556000000812, 0.010655776000000117, 0.012554236000001495, 0.009567316000000048, 0.006488240000001255, 0.01192795900000121, 0.011201626000000076, 0.008919886000001043, 0.006855384000001408, 0.007881876000000787, 0.00866330300000051, 0.009876556000000036, 0.0070187070000002905, 0.005998321999999945, 0.009240705999999932, 0.008301805000000329, 0.008080152999999868, 0.008045158999999913, 0.00805682100000027, 0.007304464000000621, 0.014861896000001096, 0.007335722000000544, 0.006175091000001132, 0.005945593999999943, 0.011241346000000263, 0.00879740300000087, 0.007456163000000515, 0.008680856000001569, 0.009030746000000534, 0.006114812999999941, 0.008727513000000187, 0.00719374800000061]]
INFO:__main__:* DCTCP FCT: [[0.013363878999999912, 0.005949441000000277, 0.00876557300000158, 0.006722168000001361, 0.005875583999999989, 0.006950318000001232, 0.009150154000000299, 0.012745653000001411, 0.0069106090000001785, 0.011707577000001024, 0.006758179000000197, 0.007087889000001013, 0.006471400000000571, 0.006230709000000445, 0.015340882000000278, 0.007981414000001408, 0.005905311000001134, 0.01446027400000105, 0.008974627000000623, 0.010651986000000946, 0.012553286000001052, 0.009567232000000203, 0.006606615000000815, 0.011905864000000932, 0.011200189000000194, 0.008928784000000078, 0.006994576000000308, 0.007975635000001091, 0.008683779000000058, 0.00987631400000133, 0.007168181000000828, 0.006051228000000464, 0.009246217000001167, 0.008356633000000002, 0.00815922399999991, 0.008126638000000241, 0.008137336000000772, 0.007431679000001523, 0.014856849000000949, 0.007282040000001544, 0.008939810000001103, 0.009133048000000699, 0.011241013000001132, 0.008802721000000346, 0.009127426000000938, 0.008694352000000904, 0.009039196000001581, 0.009253679000000403, 0.00872766200000008, 0.0092753890000008]]
