DEBUG:root:Total_flow_size_B: 40000
DEBUG:root:Byteload sizes list: [4, 40, 400, 4000]
DEBUG:root:Num Flows: 1
DEBUG:root:Inter-flow spacing (us): 1
DEBUG:root:Flow start times (us): [0]
DEBUG:__main__:Num Byteloads list: [10000, 1000, 100, 10]
DEBUG:__main__:Total injection period (us): 10000
DEBUG:__main__:Inter-Byteload Periods list: [1, 10, 100, 1000]
DEBUG:__main__:Sim Durations list: [0.02, 0.02, 0.02, 0.02]
INFO:__main__:Total Flow Size (Bytes): 40000
INFO:__main__:Total Injection Period (us): 10000
INFO:__main__:Byteload Size (Bytes): [4, 40, 400, 4000]
INFO:__main__:Num Byteloads: [10000, 1000, 100, 10]
INFO:__main__:Intervals (us): [1, 10, 100, 1000]
INFO:__main__:Num flows: 1
INFO:__main__:Thrpt GBps theoretical: [0.032, 0.03200000000000001, 0.03200000000000001, 0.032]
INFO:__main__:* Sim duration (SSIRD): [0.02, 0.02, 0.02, 0.02]
INFO:__main__:* Sim duration (DCTCP): [0.02, 0.02, 0.02, 0.02]
INFO:dale_multiflow_serialiser:
=====
INFO:dale_multiflow_serialiser:Execute experiment 1flo-10#-4B-1us_subpkt_multiflow
INFO:dale_multiflow_serialiser:Flags: 1, 1, 1, 1, 0
INFO:dale_multiflow_serialiser:ssird_sim_duration=0.020000; dctcp_sim_duration=0.020000
INFO:dale_multiflow_serialiser:-----
INFO:dale_multiflow_serialiser:Preparing experiment input MRIs
INFO:dale_multiflow_serialiser:### Creating MRI inputs parent dir: /data/dh1723/SIRD-Simulator/scripts/r2p2/coord/config/manual-req-intervals/dale_experiments/FCT_Subpkt_Byteloads_subpkt_multiflow/
INFO:dale_multiflow_serialiser:File /data/dh1723/SIRD-Simulator/scripts/r2p2/coord/config/manual-req-intervals/dale_experiments/FCT_Subpkt_Byteloads_subpkt_multiflow/ aready exists.
INFO:dale_fct_experiment:-----
INFO:dale_fct_experiment:Preparing experiment spec scripts
INFO:dale_fct_experiment:### Creating spec scripts parent dir: /data/dh1723/SIRD-Simulator/scripts/r2p2/coord/config/dale_experiments/FCT_Subpkt_Byteloads_subpkt_multiflow/
INFO:dale_fct_experiment:#### WARNING: File /data/dh1723/SIRD-Simulator/scripts/r2p2/coord/config/dale_experiments/FCT_Subpkt_Byteloads_subpkt_multiflow/ aready exists.
INFO:dale_fct_experiment:-----
INFO:dale_fct_experiment:Running experiment for SSIRD
INFO:dale_fct_experiment:### Script:/data/dh1723/SIRD-Simulator/scripts/r2p2/coord/config/dale_experiments/FCT_Subpkt_Byteloads_subpkt_multiflow/SSIRD-1flo-10#-4B-1us_subpkt_multiflow.sh
INFO:dale_fct_experiment:### Output path (stdout): /data/dh1723/SIRD-Simulator/scripts/r2p2/coord/outputs/FCT_Subpkt_Byteloads_subpkt_multiflow/ssird_1flo-10#-4B-1us_subpkt_multiflow_stdout.out
INFO:dale_fct_experiment:### Output path (stderr): /data/dh1723/SIRD-Simulator/scripts/r2p2/coord/outputs/FCT_Subpkt_Byteloads_subpkt_multiflow/ssird_1flo-10#-4B-1us_subpkt_multiflow_stderr.out
INFO:dale_multiflow_serialiser:Processing results
INFO:dale_multiflow_serialiser:/data/dh1723/SIRD-Simulator/scripts/r2p2/coord/results/SSIRD-1flo-10#-4B-1us_subpkt_multiflow/data/SSIRD/60/applications_trace.str
INFO:dale_fct_experiment:flow_id: 0, num of byteloads: 10000, num srq events: 10000, num rrq events: 9994
INFO:dale_fct_experiment:TESTING: flow: 0, first_event_name: srq, final_event_name: rrq
INFO:dale_multiflow_serialiser:SSIRD FCT: [0.010001574000000346] ms, Throughput: 0.03199999999999829 Gbps
INFO:dale_fct_experiment:-----
INFO:dale_fct_experiment:Running experiment for DCTCP-50
INFO:dale_fct_experiment:### Script:/data/dh1723/SIRD-Simulator/scripts/r2p2/coord/config/dale_experiments/FCT_Subpkt_Byteloads_subpkt_multiflow/DCTCP-50-1flo-10#-4B-1us_subpkt_multiflow.sh
INFO:dale_fct_experiment:### Output path (stdout): /data/dh1723/SIRD-Simulator/scripts/r2p2/coord/outputs/FCT_Subpkt_Byteloads_subpkt_multiflow/DCTCP-50-1flo-10#-4B-1us_subpkt_multiflow_stdout.out
INFO:dale_fct_experiment:### Output path (stderr): /data/dh1723/SIRD-Simulator/scripts/r2p2/coord/outputs/FCT_Subpkt_Byteloads_subpkt_multiflow/DCTCP-50-1flo-10#-4B-1us_subpkt_multiflow_stderr.out
INFO:dale_multiflow_serialiser:Processing results
INFO:dale_multiflow_serialiser:/data/dh1723/SIRD-Simulator/scripts/r2p2/coord/results/DCTCP-50-1flo-10#-4B-1us_subpkt_multiflow/data/DCTCP-50/60/applications_trace.str
INFO:dale_fct_experiment:flow_id: 0, num of byteloads: 10000, num srq events: 10000, num rrq events: 10000
INFO:dale_fct_experiment:TESTING: flow: 0, first_event_name: srq, final_event_name: rrq
INFO:dale_multiflow_serialiser:DCTCP FCT: [0.010001513000000628] ms, Throughput: 0.03199999999999829 Gbps
INFO:dale_multiflow_serialiser:-----
INFO:dale_multiflow_serialiser:Backing up app trace file paths
DEBUG:dale_multiflow_serialiser:/data/dh1723/SIRD-Simulator/scripts/r2p2/post-process/experiment_app_trace_paths/FCT_Subpkt_Byteloads_subpkt_multiflow/1flo-10#-4B-1us_subpkt_multiflow_traces.txt
INFO:dale_multiflow_serialiser:
=====
INFO:dale_multiflow_serialiser:Execute experiment 1flo-10#-40B-10us_subpkt_multiflow
INFO:dale_multiflow_serialiser:Flags: 1, 1, 1, 1, 0
INFO:dale_multiflow_serialiser:ssird_sim_duration=0.020000; dctcp_sim_duration=0.020000
INFO:dale_multiflow_serialiser:-----
INFO:dale_multiflow_serialiser:Preparing experiment input MRIs
INFO:dale_multiflow_serialiser:### Creating MRI inputs parent dir: /data/dh1723/SIRD-Simulator/scripts/r2p2/coord/config/manual-req-intervals/dale_experiments/FCT_Subpkt_Byteloads_subpkt_multiflow/
INFO:dale_multiflow_serialiser:File /data/dh1723/SIRD-Simulator/scripts/r2p2/coord/config/manual-req-intervals/dale_experiments/FCT_Subpkt_Byteloads_subpkt_multiflow/ aready exists.
INFO:dale_fct_experiment:-----
INFO:dale_fct_experiment:Preparing experiment spec scripts
INFO:dale_fct_experiment:### Creating spec scripts parent dir: /data/dh1723/SIRD-Simulator/scripts/r2p2/coord/config/dale_experiments/FCT_Subpkt_Byteloads_subpkt_multiflow/
INFO:dale_fct_experiment:#### WARNING: File /data/dh1723/SIRD-Simulator/scripts/r2p2/coord/config/dale_experiments/FCT_Subpkt_Byteloads_subpkt_multiflow/ aready exists.
INFO:dale_fct_experiment:-----
INFO:dale_fct_experiment:Running experiment for SSIRD
INFO:dale_fct_experiment:### Script:/data/dh1723/SIRD-Simulator/scripts/r2p2/coord/config/dale_experiments/FCT_Subpkt_Byteloads_subpkt_multiflow/SSIRD-1flo-10#-40B-10us_subpkt_multiflow.sh
INFO:dale_fct_experiment:### Output path (stdout): /data/dh1723/SIRD-Simulator/scripts/r2p2/coord/outputs/FCT_Subpkt_Byteloads_subpkt_multiflow/ssird_1flo-10#-40B-10us_subpkt_multiflow_stdout.out
INFO:dale_fct_experiment:### Output path (stderr): /data/dh1723/SIRD-Simulator/scripts/r2p2/coord/outputs/FCT_Subpkt_Byteloads_subpkt_multiflow/ssird_1flo-10#-40B-10us_subpkt_multiflow_stderr.out
INFO:dale_multiflow_serialiser:Processing results
INFO:dale_multiflow_serialiser:/data/dh1723/SIRD-Simulator/scripts/r2p2/coord/results/SSIRD-1flo-10#-40B-10us_subpkt_multiflow/data/SSIRD/60/applications_trace.str
INFO:dale_fct_experiment:flow_id: 0, num of byteloads: 1000, num srq events: 1000, num rrq events: 1000
INFO:dale_fct_experiment:TESTING: flow: 0, first_event_name: srq, final_event_name: rrq
INFO:dale_multiflow_serialiser:SSIRD FCT: [0.009997559000000322] ms, Throughput: 0.03199999999999947 Gbps
INFO:dale_fct_experiment:-----
INFO:dale_fct_experiment:Running experiment for DCTCP-50
INFO:dale_fct_experiment:### Script:/data/dh1723/SIRD-Simulator/scripts/r2p2/coord/config/dale_experiments/FCT_Subpkt_Byteloads_subpkt_multiflow/DCTCP-50-1flo-10#-40B-10us_subpkt_multiflow.sh
INFO:dale_fct_experiment:### Output path (stdout): /data/dh1723/SIRD-Simulator/scripts/r2p2/coord/outputs/FCT_Subpkt_Byteloads_subpkt_multiflow/DCTCP-50-1flo-10#-40B-10us_subpkt_multiflow_stdout.out
INFO:dale_fct_experiment:### Output path (stderr): /data/dh1723/SIRD-Simulator/scripts/r2p2/coord/outputs/FCT_Subpkt_Byteloads_subpkt_multiflow/DCTCP-50-1flo-10#-40B-10us_subpkt_multiflow_stderr.out
INFO:dale_multiflow_serialiser:Processing results
INFO:dale_multiflow_serialiser:/data/dh1723/SIRD-Simulator/scripts/r2p2/coord/results/DCTCP-50-1flo-10#-40B-10us_subpkt_multiflow/data/DCTCP-50/60/applications_trace.str
INFO:dale_fct_experiment:flow_id: 0, num of byteloads: 1000, num srq events: 1000, num rrq events: 1000
INFO:dale_fct_experiment:TESTING: flow: 0, first_event_name: srq, final_event_name: rrq
INFO:dale_multiflow_serialiser:DCTCP FCT: [0.009992519000000755] ms, Throughput: 0.03199999999999947 Gbps
INFO:dale_multiflow_serialiser:-----
INFO:dale_multiflow_serialiser:Backing up app trace file paths
DEBUG:dale_multiflow_serialiser:/data/dh1723/SIRD-Simulator/scripts/r2p2/post-process/experiment_app_trace_paths/FCT_Subpkt_Byteloads_subpkt_multiflow/1flo-10#-40B-10us_subpkt_multiflow_traces.txt
INFO:dale_multiflow_serialiser:
=====
INFO:dale_multiflow_serialiser:Execute experiment 1flo-10#-400B-100us_subpkt_multiflow
INFO:dale_multiflow_serialiser:Flags: 1, 1, 1, 1, 0
INFO:dale_multiflow_serialiser:ssird_sim_duration=0.020000; dctcp_sim_duration=0.020000
INFO:dale_multiflow_serialiser:-----
INFO:dale_multiflow_serialiser:Preparing experiment input MRIs
INFO:dale_multiflow_serialiser:### Creating MRI inputs parent dir: /data/dh1723/SIRD-Simulator/scripts/r2p2/coord/config/manual-req-intervals/dale_experiments/FCT_Subpkt_Byteloads_subpkt_multiflow/
INFO:dale_multiflow_serialiser:File /data/dh1723/SIRD-Simulator/scripts/r2p2/coord/config/manual-req-intervals/dale_experiments/FCT_Subpkt_Byteloads_subpkt_multiflow/ aready exists.
INFO:dale_fct_experiment:-----
INFO:dale_fct_experiment:Preparing experiment spec scripts
INFO:dale_fct_experiment:### Creating spec scripts parent dir: /data/dh1723/SIRD-Simulator/scripts/r2p2/coord/config/dale_experiments/FCT_Subpkt_Byteloads_subpkt_multiflow/
INFO:dale_fct_experiment:#### WARNING: File /data/dh1723/SIRD-Simulator/scripts/r2p2/coord/config/dale_experiments/FCT_Subpkt_Byteloads_subpkt_multiflow/ aready exists.
INFO:dale_fct_experiment:-----
INFO:dale_fct_experiment:Running experiment for SSIRD
INFO:dale_fct_experiment:### Script:/data/dh1723/SIRD-Simulator/scripts/r2p2/coord/config/dale_experiments/FCT_Subpkt_Byteloads_subpkt_multiflow/SSIRD-1flo-10#-400B-100us_subpkt_multiflow.sh
INFO:dale_fct_experiment:### Output path (stdout): /data/dh1723/SIRD-Simulator/scripts/r2p2/coord/outputs/FCT_Subpkt_Byteloads_subpkt_multiflow/ssird_1flo-10#-400B-100us_subpkt_multiflow_stdout.out
INFO:dale_fct_experiment:### Output path (stderr): /data/dh1723/SIRD-Simulator/scripts/r2p2/coord/outputs/FCT_Subpkt_Byteloads_subpkt_multiflow/ssird_1flo-10#-400B-100us_subpkt_multiflow_stderr.out
INFO:dale_multiflow_serialiser:Processing results
INFO:dale_multiflow_serialiser:/data/dh1723/SIRD-Simulator/scripts/r2p2/coord/results/SSIRD-1flo-10#-400B-100us_subpkt_multiflow/data/SSIRD/60/applications_trace.str
INFO:dale_fct_experiment:flow_id: 0, num of byteloads: 100, num srq events: 100, num rrq events: 100
INFO:dale_fct_experiment:TESTING: flow: 0, first_event_name: srq, final_event_name: rrq
INFO:dale_multiflow_serialiser:SSIRD FCT: [0.009907617000001423] ms, Throughput: 0.03199999999999994 Gbps
INFO:dale_fct_experiment:-----
INFO:dale_fct_experiment:Running experiment for DCTCP-50
INFO:dale_fct_experiment:### Script:/data/dh1723/SIRD-Simulator/scripts/r2p2/coord/config/dale_experiments/FCT_Subpkt_Byteloads_subpkt_multiflow/DCTCP-50-1flo-10#-400B-100us_subpkt_multiflow.sh
INFO:dale_fct_experiment:### Output path (stdout): /data/dh1723/SIRD-Simulator/scripts/r2p2/coord/outputs/FCT_Subpkt_Byteloads_subpkt_multiflow/DCTCP-50-1flo-10#-400B-100us_subpkt_multiflow_stdout.out
INFO:dale_fct_experiment:### Output path (stderr): /data/dh1723/SIRD-Simulator/scripts/r2p2/coord/outputs/FCT_Subpkt_Byteloads_subpkt_multiflow/DCTCP-50-1flo-10#-400B-100us_subpkt_multiflow_stderr.out
INFO:dale_multiflow_serialiser:Processing results
INFO:dale_multiflow_serialiser:/data/dh1723/SIRD-Simulator/scripts/r2p2/coord/results/DCTCP-50-1flo-10#-400B-100us_subpkt_multiflow/data/DCTCP-50/60/applications_trace.str
INFO:dale_fct_experiment:flow_id: 0, num of byteloads: 100, num srq events: 100, num rrq events: 100
INFO:dale_fct_experiment:TESTING: flow: 0, first_event_name: srq, final_event_name: rrq
INFO:dale_multiflow_serialiser:DCTCP FCT: [0.009902575999999996] ms, Throughput: 0.03199999999999994 Gbps
INFO:dale_multiflow_serialiser:-----
INFO:dale_multiflow_serialiser:Backing up app trace file paths
DEBUG:dale_multiflow_serialiser:/data/dh1723/SIRD-Simulator/scripts/r2p2/post-process/experiment_app_trace_paths/FCT_Subpkt_Byteloads_subpkt_multiflow/1flo-10#-400B-100us_subpkt_multiflow_traces.txt
INFO:dale_multiflow_serialiser:
=====
INFO:dale_multiflow_serialiser:Execute experiment 1flo-10#-4000B-1000us_subpkt_multiflow
INFO:dale_multiflow_serialiser:Flags: 1, 1, 1, 1, 0
INFO:dale_multiflow_serialiser:ssird_sim_duration=0.020000; dctcp_sim_duration=0.020000
INFO:dale_multiflow_serialiser:-----
INFO:dale_multiflow_serialiser:Preparing experiment input MRIs
INFO:dale_multiflow_serialiser:### Creating MRI inputs parent dir: /data/dh1723/SIRD-Simulator/scripts/r2p2/coord/config/manual-req-intervals/dale_experiments/FCT_Subpkt_Byteloads_subpkt_multiflow/
INFO:dale_multiflow_serialiser:File /data/dh1723/SIRD-Simulator/scripts/r2p2/coord/config/manual-req-intervals/dale_experiments/FCT_Subpkt_Byteloads_subpkt_multiflow/ aready exists.
INFO:dale_fct_experiment:-----
INFO:dale_fct_experiment:Preparing experiment spec scripts
INFO:dale_fct_experiment:### Creating spec scripts parent dir: /data/dh1723/SIRD-Simulator/scripts/r2p2/coord/config/dale_experiments/FCT_Subpkt_Byteloads_subpkt_multiflow/
INFO:dale_fct_experiment:#### WARNING: File /data/dh1723/SIRD-Simulator/scripts/r2p2/coord/config/dale_experiments/FCT_Subpkt_Byteloads_subpkt_multiflow/ aready exists.
INFO:dale_fct_experiment:-----
INFO:dale_fct_experiment:Running experiment for SSIRD
INFO:dale_fct_experiment:### Script:/data/dh1723/SIRD-Simulator/scripts/r2p2/coord/config/dale_experiments/FCT_Subpkt_Byteloads_subpkt_multiflow/SSIRD-1flo-10#-4000B-1000us_subpkt_multiflow.sh
INFO:dale_fct_experiment:### Output path (stdout): /data/dh1723/SIRD-Simulator/scripts/r2p2/coord/outputs/FCT_Subpkt_Byteloads_subpkt_multiflow/ssird_1flo-10#-4000B-1000us_subpkt_multiflow_stdout.out
INFO:dale_fct_experiment:### Output path (stderr): /data/dh1723/SIRD-Simulator/scripts/r2p2/coord/outputs/FCT_Subpkt_Byteloads_subpkt_multiflow/ssird_1flo-10#-4000B-1000us_subpkt_multiflow_stderr.out
INFO:dale_multiflow_serialiser:Processing results
INFO:dale_multiflow_serialiser:/data/dh1723/SIRD-Simulator/scripts/r2p2/coord/results/SSIRD-1flo-10#-4000B-1000us_subpkt_multiflow/data/SSIRD/60/applications_trace.str
INFO:dale_fct_experiment:flow_id: 0, num of byteloads: 10, num srq events: 10, num rrq events: 10
INFO:dale_fct_experiment:TESTING: flow: 0, first_event_name: srq, final_event_name: rrq
INFO:dale_multiflow_serialiser:SSIRD FCT: [0.009008002000001625] ms, Throughput: 0.031999999999998786 Gbps
INFO:dale_fct_experiment:-----
INFO:dale_fct_experiment:Running experiment for DCTCP-50
INFO:dale_fct_experiment:### Script:/data/dh1723/SIRD-Simulator/scripts/r2p2/coord/config/dale_experiments/FCT_Subpkt_Byteloads_subpkt_multiflow/DCTCP-50-1flo-10#-4000B-1000us_subpkt_multiflow.sh
INFO:dale_fct_experiment:### Output path (stdout): /data/dh1723/SIRD-Simulator/scripts/r2p2/coord/outputs/FCT_Subpkt_Byteloads_subpkt_multiflow/DCTCP-50-1flo-10#-4000B-1000us_subpkt_multiflow_stdout.out
INFO:dale_fct_experiment:### Output path (stderr): /data/dh1723/SIRD-Simulator/scripts/r2p2/coord/outputs/FCT_Subpkt_Byteloads_subpkt_multiflow/DCTCP-50-1flo-10#-4000B-1000us_subpkt_multiflow_stderr.out
INFO:dale_multiflow_serialiser:Processing results
INFO:dale_multiflow_serialiser:/data/dh1723/SIRD-Simulator/scripts/r2p2/coord/results/DCTCP-50-1flo-10#-4000B-1000us_subpkt_multiflow/data/DCTCP-50/60/applications_trace.str
INFO:dale_fct_experiment:flow_id: 0, num of byteloads: 10, num srq events: 10, num rrq events: 10
INFO:dale_fct_experiment:TESTING: flow: 0, first_event_name: srq, final_event_name: rrq
INFO:dale_multiflow_serialiser:DCTCP FCT: [0.00900296200000028] ms, Throughput: 0.031999999999998786 Gbps
INFO:dale_multiflow_serialiser:-----
INFO:dale_multiflow_serialiser:Backing up app trace file paths
DEBUG:dale_multiflow_serialiser:/data/dh1723/SIRD-Simulator/scripts/r2p2/post-process/experiment_app_trace_paths/FCT_Subpkt_Byteloads_subpkt_multiflow/1flo-10#-4000B-1000us_subpkt_multiflow_traces.txt
INFO:__main__:Total Flow Size (Bytes): 40000
INFO:__main__:Total Injection Period (us): 10000
INFO:__main__:Byteload Size (Bytes): [4, 40, 400, 4000]
INFO:__main__:Num Byteloads: 10
INFO:__main__:Intervals (us): [1, 10, 100, 1000]
INFO:__main__:Num flows: 1
DEBUG:__main__:Flow start times (us): [0]
INFO:__main__:Thrpt Gbps theoretical: [0.032, 0.03200000000000001, 0.03200000000000001, 0.032]
INFO:__main__:Thrpt Gbps measured (SSIRD): [0.03199999999999829, 0.03199999999999947, 0.03199999999999994, 0.031999999999998786]
INFO:__main__:Thrpt Gbps measured (DCTCP): [0.03199999999999829, 0.03199999999999947, 0.03199999999999994, 0.031999999999998786]
DEBUG:__main__:Thrpt Gbps measured per flow (SSIRD): [[0.03199999999999829], [0.03199999999999947], [0.03199999999999994], [0.031999999999998786]]
DEBUG:__main__:Thrpt Gbps measured per flow (DCTCP): [[0.03199999999999829], [0.03199999999999947], [0.03199999999999994], [0.031999999999998786]]
INFO:__main__:* Sim duration (SSIRD): [0.02, 0.02, 0.02, 0.02]
INFO:__main__:* Sim duration (DCTCP): [0.02, 0.02, 0.02, 0.02]
INFO:__main__:* SSIRD FCT: [[0.010001574000000346], [0.009997559000000322], [0.009907617000001423], [0.009008002000001625]]
INFO:__main__:* DCTCP FCT: [[0.010001513000000628], [0.009992519000000755], [0.009902575999999996], [0.00900296200000028]]
