INFO:__main__:Protos tested: ['SSIRD', 'DCTCP-50']
INFO:__main__:Topo Yaml File: 4-hosts.yaml
INFO:__main__:Src-Dst pairs list: [(1, 0), (2, 0), (3, 0)]
INFO:__main__:Num Flows: 8
INFO:__main__:Byteload Size (B): 1560
INFO:__main__:Target Mean Byteload Interval (ns): 1000
INFO:__main__:  is_use_poisson_byteload_intervals=False
INFO:__main__:Target Mean Flow Interarrival (ns): 0
INFO:__main__:  is_use_poisson_flow_interarr=False
INFO:__main__:Target Flow Rate (Gbps): 12.479999999999999
INFO:__main__:Num Byteloads: [295, 253, 420, 367, 607, 116, 790, 55]
INFO:__main__:  is_use_poisson_num_byteloads=True
INFO:__main__:Flow Start Times (us): [0.0, 0.0, 0.0, 0.0, 0.0, 0.0, 0.0, 0.0]
INFO:__main__:Flow Rate (Gbps): [12.48, 12.48, 12.48, 12.48, 12.48, 12.48, 12.48, 12.48]
INFO:__main__:Flow Size (B): [460200, 394680, 655200, 572520, 946920, 180960, 1232400, 85800]
INFO:__main__:Flow Send Durations (us): [294.0, 252.0, 419.0, 366.0, 606.0, 115.0, 789.0, 54.0]
INFO:__main__:Flow Min Byteload Size (B): [1560, 1560, 1560, 1560, 1560, 1560, 1560, 1560]
INFO:__main__:Flow Max Byteload Size (B): [1560, 1560, 1560, 1560, 1560, 1560, 1560, 1560]
INFO:__main__:Flow Min Interval (us): [1.0, 1.0, 1.0, 1.0, 1.0, 1.0, 1.0, 1.0]
INFO:__main__:Flow Max Interval (us): [1.0, 1.0, 1.0, 1.0, 1.0, 1.0, 1.0, 1.0]
DEBUG:__main__:Max flow send durations (us): 789.0
INFO:__main__:* Sim duration (SSIRD): [0.01]
INFO:__main__:* Sim duration (DCTCP): [0.01]
INFO:dale_experiment_rig:Experiment started at: 2025-08-12 18:33:42.207571
INFO:dale_experiment_rig:
##### RUN GROUP #####
INFO:dale_experiment_rig:
=====
Execute experiment 8flo-12Gbps-1560B-1000ns-2025-08-12T_18-33-42Z_incast_poisson_3to1_8flo_1560B_1us_99pt84Gbps_same_flo_interarr_same_interval
INFO:dale_experiment_rig:Flags: 1, 1, 1, 1, 0
INFO:dale_experiment_rig:ssird_sim_duration=0.010000; dctcp_sim_duration=0.010000
INFO:dale_experiment_rig:
=====
Execute experiment 8flo-12Gbps-1560B-1000ns-2025-08-12T_18-33-42Z_incast_poisson_3to1_8flo_1560B_1us_99pt84Gbps_same_flo_interarr_same_interval
INFO:dale_experiment_rig:-----
Preparing experiment input MRIs
INFO:dale_experiment_rig:Flags: 1, 1, 1, 1, 0
INFO:dale_experiment_rig:### Creating MRI inputs parent dir: /data/dh1723/SIRD-Simulator/scripts/r2p2/coord/config/manual-req-intervals/dale_experiments/Poisson_Flows_incast_poisson_3to1_8flo_1560B_1us_99pt84Gbps_same_flo_interarr_same_interval/
INFO:dale_experiment_rig:ssird_sim_duration=0.010000; dctcp_sim_duration=0.010000
INFO:dale_experiment_rig:-----
Preparing experiment input MRIs
INFO:dale_experiment_rig:### Creating MRI inputs parent dir: /data/dh1723/SIRD-Simulator/scripts/r2p2/coord/config/manual-req-intervals/dale_experiments/Poisson_Flows_incast_poisson_3to1_8flo_1560B_1us_99pt84Gbps_same_flo_interarr_same_interval/
DEBUG:dale_experiment_rig:num flows: 8
INFO:dale_experiment_rig:File /data/dh1723/SIRD-Simulator/scripts/r2p2/coord/config/manual-req-intervals/dale_experiments/Poisson_Flows_incast_poisson_3to1_8flo_1560B_1us_99pt84Gbps_same_flo_interarr_same_interval/ aready exists.
DEBUG:dale_experiment_rig:num flows: 8
DEBUG:dale_experiment_rig:num flows: 8
DEBUG:dale_experiment_rig:num flows: 8
DEBUG:dale_experiment_rig:num flows: 8
DEBUG:dale_experiment_rig:num flows: 8
INFO:dale_experiment_rig:-----
Preparing experiment spec scripts
INFO:dale_experiment_rig:### Creating spec scripts parent dir: /data/dh1723/SIRD-Simulator/scripts/r2p2/coord/config/dale_experiments/Poisson_Flows_incast_poisson_3to1_8flo_1560B_1us_99pt84Gbps_same_flo_interarr_same_interval/
INFO:dale_experiment_rig:-----
Preparing experiment spec scripts
INFO:dale_experiment_rig:### Creating spec scripts parent dir: /data/dh1723/SIRD-Simulator/scripts/r2p2/coord/config/dale_experiments/Poisson_Flows_incast_poisson_3to1_8flo_1560B_1us_99pt84Gbps_same_flo_interarr_same_interval/
INFO:dale_experiment_rig:#### WARNING: File /data/dh1723/SIRD-Simulator/scripts/r2p2/coord/config/dale_experiments/Poisson_Flows_incast_poisson_3to1_8flo_1560B_1us_99pt84Gbps_same_flo_interarr_same_interval/ aready exists.
INFO:dale_experiment_rig:-----
Running experiment for SSIRD
INFO:dale_experiment_rig:-----
Running experiment for DCTCP-50
INFO:dale_experiment_rig:### Script:/data/dh1723/SIRD-Simulator/scripts/r2p2/coord/config/dale_experiments/Poisson_Flows_incast_poisson_3to1_8flo_1560B_1us_99pt84Gbps_same_flo_interarr_same_interval/SSIRD-8flo-12Gbps-1560B-1000ns-2025-08-12T_18-33-42Z_incast_poisson_3to1_8flo_1560B_1us_99pt84Gbps_same_flo_interarr_same_interval.sh
INFO:dale_experiment_rig:### Script:/data/dh1723/SIRD-Simulator/scripts/r2p2/coord/config/dale_experiments/Poisson_Flows_incast_poisson_3to1_8flo_1560B_1us_99pt84Gbps_same_flo_interarr_same_interval/DCTCP-50-8flo-12Gbps-1560B-1000ns-2025-08-12T_18-33-42Z_incast_poisson_3to1_8flo_1560B_1us_99pt84Gbps_same_flo_interarr_same_interval.sh
INFO:dale_experiment_rig:### Output path (stdout): /data/dh1723/SIRD-Simulator/scripts/r2p2/coord/outputs/Poisson_Flows_incast_poisson_3to1_8flo_1560B_1us_99pt84Gbps_same_flo_interarr_same_interval/ssird_8flo-12Gbps-1560B-1000ns-2025-08-12T_18-33-42Z_incast_poisson_3to1_8flo_1560B_1us_99pt84Gbps_same_flo_interarr_same_interval_stdout.out
INFO:dale_experiment_rig:### Output path (stdout): /data/dh1723/SIRD-Simulator/scripts/r2p2/coord/outputs/Poisson_Flows_incast_poisson_3to1_8flo_1560B_1us_99pt84Gbps_same_flo_interarr_same_interval/DCTCP-50_8flo-12Gbps-1560B-1000ns-2025-08-12T_18-33-42Z_incast_poisson_3to1_8flo_1560B_1us_99pt84Gbps_same_flo_interarr_same_interval_stdout.out
INFO:dale_experiment_rig:### Output path (stderr): /data/dh1723/SIRD-Simulator/scripts/r2p2/coord/outputs/Poisson_Flows_incast_poisson_3to1_8flo_1560B_1us_99pt84Gbps_same_flo_interarr_same_interval/ssird_8flo-12Gbps-1560B-1000ns-2025-08-12T_18-33-42Z_incast_poisson_3to1_8flo_1560B_1us_99pt84Gbps_same_flo_interarr_same_interval_stderr.out
INFO:dale_experiment_rig:### Output path (stderr): /data/dh1723/SIRD-Simulator/scripts/r2p2/coord/outputs/Poisson_Flows_incast_poisson_3to1_8flo_1560B_1us_99pt84Gbps_same_flo_interarr_same_interval/DCTCP-50_8flo-12Gbps-1560B-1000ns-2025-08-12T_18-33-42Z_incast_poisson_3to1_8flo_1560B_1us_99pt84Gbps_same_flo_interarr_same_interval_stderr.out
INFO:dale_experiment_rig:-----
Backing up app trace file paths
DEBUG:dale_experiment_rig:/data/dh1723/SIRD-Simulator/scripts/r2p2/post-process/experiment_app_trace_paths/Poisson_Flows_incast_poisson_3to1_8flo_1560B_1us_99pt84Gbps_same_flo_interarr_same_interval/8flo_12Gbps_2025-08-12T_18-50-26Z/SSIRD_app_traces.txt
INFO:dale_experiment_rig:-----
Backing up app trace file paths
DEBUG:dale_experiment_rig:/data/dh1723/SIRD-Simulator/scripts/r2p2/post-process/experiment_app_trace_paths/Poisson_Flows_incast_poisson_3to1_8flo_1560B_1us_99pt84Gbps_same_flo_interarr_same_interval/8flo_12Gbps_2025-08-12T_18-50-26Z/DCTCP-50_app_traces.txt
INFO:dale_experiment_rig:Simulations ended at: 2025-08-12 18:50:26.733815
INFO:dale_experiment_rig:
##### POST PROCESS RESULTS #####
INFO:dale_experiment_rig:=====
** Num Flows: 8, Target Flow Rate (Gbps): 12.479999999999999, ssird_sim_dur (s): 0.01, dctcp_sim_dur (s): 0.01
INFO:dale_experiment_rig:Processing SIRD results exp_id 0:: 8flo-12.479999999999999Gbps_target
INFO:dale_experiment_rig:Processing results from /data/dh1723/SIRD-Simulator/scripts/r2p2/coord/results/SSIRD-8flo-12Gbps-1560B-1000ns-2025-08-12T_18-33-42Z_incast_poisson_3to1_8flo_1560B_1us_99pt84Gbps_same_flo_interarr_same_interval/data/SSIRD/60/applications_trace.str
INFO:dale_experiment_rig:Flow 0:: num of byteloads: 295, num srq events: 295, num rrq events: 2
DEBUG:dale_experiment_rig:Flow 0:: first_event_name: srq, final_event_name: rrq, expected_data_B: 460200, recv_data_B: 460200
INFO:dale_experiment_rig:Flow 1:: num of byteloads: 253, num srq events: 253, num rrq events: 1
DEBUG:dale_experiment_rig:Flow 1:: first_event_name: srq, final_event_name: rrq, expected_data_B: 394680, recv_data_B: 394680
INFO:dale_experiment_rig:Flow 2:: num of byteloads: 420, num srq events: 420, num rrq events: 1
DEBUG:dale_experiment_rig:Flow 2:: first_event_name: srq, final_event_name: rrq, expected_data_B: 655200, recv_data_B: 655200
INFO:dale_experiment_rig:Flow 3:: num of byteloads: 367, num srq events: 367, num rrq events: 1
DEBUG:dale_experiment_rig:Flow 3:: first_event_name: srq, final_event_name: rrq, expected_data_B: 572520, recv_data_B: 572520
INFO:dale_experiment_rig:Flow 4:: num of byteloads: 607, num srq events: 607, num rrq events: 1
DEBUG:dale_experiment_rig:Flow 4:: first_event_name: srq, final_event_name: rrq, expected_data_B: 946920, recv_data_B: 946920
INFO:dale_experiment_rig:Flow 5:: num of byteloads: 116, num srq events: 116, num rrq events: 1
DEBUG:dale_experiment_rig:Flow 5:: first_event_name: srq, final_event_name: rrq, expected_data_B: 180960, recv_data_B: 180960
INFO:dale_experiment_rig:Flow 6:: num of byteloads: 790, num srq events: 790, num rrq events: 1
DEBUG:dale_experiment_rig:Flow 6:: first_event_name: srq, final_event_name: rrq, expected_data_B: 1232400, recv_data_B: 1232400
INFO:dale_experiment_rig:Flow 7:: num of byteloads: 55, num srq events: 55, num rrq events: 1
DEBUG:dale_experiment_rig:Flow 7:: first_event_name: srq, final_event_name: rrq, expected_data_B: 85800, recv_data_B: 85800
INFO:dale_experiment_rig:Flow 0:: num of byteloads: 295, num srq events: 295, num rrq events: 2
DEBUG:dale_experiment_rig:Flow 0:: first_event_name: srq, final_event_name: rrq, expected_data_B: 460200, recv_data_B: 460200
INFO:dale_experiment_rig:Flow 1:: num of byteloads: 253, num srq events: 253, num rrq events: 1
DEBUG:dale_experiment_rig:Flow 1:: first_event_name: srq, final_event_name: rrq, expected_data_B: 394680, recv_data_B: 394680
INFO:dale_experiment_rig:Flow 2:: num of byteloads: 420, num srq events: 420, num rrq events: 1
DEBUG:dale_experiment_rig:Flow 2:: first_event_name: srq, final_event_name: rrq, expected_data_B: 655200, recv_data_B: 655200
INFO:dale_experiment_rig:Flow 3:: num of byteloads: 367, num srq events: 367, num rrq events: 1
DEBUG:dale_experiment_rig:Flow 3:: first_event_name: srq, final_event_name: rrq, expected_data_B: 572520, recv_data_B: 572520
INFO:dale_experiment_rig:Flow 4:: num of byteloads: 607, num srq events: 607, num rrq events: 1
DEBUG:dale_experiment_rig:Flow 4:: first_event_name: srq, final_event_name: rrq, expected_data_B: 946920, recv_data_B: 946920
INFO:dale_experiment_rig:Flow 5:: num of byteloads: 116, num srq events: 116, num rrq events: 1
DEBUG:dale_experiment_rig:Flow 5:: first_event_name: srq, final_event_name: rrq, expected_data_B: 180960, recv_data_B: 180960
INFO:dale_experiment_rig:Flow 6:: num of byteloads: 790, num srq events: 790, num rrq events: 1
DEBUG:dale_experiment_rig:Flow 6:: first_event_name: srq, final_event_name: rrq, expected_data_B: 1232400, recv_data_B: 1232400
INFO:dale_experiment_rig:Flow 7:: num of byteloads: 55, num srq events: 55, num rrq events: 1
DEBUG:dale_experiment_rig:Flow 7:: first_event_name: srq, final_event_name: rrq, expected_data_B: 85800, recv_data_B: 85800
INFO:dale_experiment_rig:Flow 0:: num of byteloads: 295, num srq events: 295, num rrq events: 1
DEBUG:dale_experiment_rig:Flow 0:: first_event_name: srq, final_event_name: rrq, expected_data_B: 460200, recv_data_B: 460200
INFO:dale_experiment_rig:Flow 1:: num of byteloads: 253, num srq events: 253, num rrq events: 1
DEBUG:dale_experiment_rig:Flow 1:: first_event_name: srq, final_event_name: rrq, expected_data_B: 394680, recv_data_B: 394680
INFO:dale_experiment_rig:Flow 2:: num of byteloads: 420, num srq events: 420, num rrq events: 1
DEBUG:dale_experiment_rig:Flow 2:: first_event_name: srq, final_event_name: rrq, expected_data_B: 655200, recv_data_B: 655200
INFO:dale_experiment_rig:Flow 3:: num of byteloads: 367, num srq events: 367, num rrq events: 1
DEBUG:dale_experiment_rig:Flow 3:: first_event_name: srq, final_event_name: rrq, expected_data_B: 572520, recv_data_B: 572520
INFO:dale_experiment_rig:Flow 4:: num of byteloads: 607, num srq events: 607, num rrq events: 1
DEBUG:dale_experiment_rig:Flow 4:: first_event_name: srq, final_event_name: rrq, expected_data_B: 946920, recv_data_B: 946920
INFO:dale_experiment_rig:Flow 5:: num of byteloads: 116, num srq events: 116, num rrq events: 1
DEBUG:dale_experiment_rig:Flow 5:: first_event_name: srq, final_event_name: rrq, expected_data_B: 180960, recv_data_B: 180960
INFO:dale_experiment_rig:Flow 6:: num of byteloads: 790, num srq events: 790, num rrq events: 1
DEBUG:dale_experiment_rig:Flow 6:: first_event_name: srq, final_event_name: rrq, expected_data_B: 1232400, recv_data_B: 1232400
INFO:dale_experiment_rig:Flow 7:: num of byteloads: 55, num srq events: 55, num rrq events: 1
DEBUG:dale_experiment_rig:Flow 7:: first_event_name: srq, final_event_name: rrq, expected_data_B: 85800, recv_data_B: 85800
INFO:dale_experiment_rig:SSIRD FCT (ms): [0.0003013240000004913, 0.00025940400000123987, 0.0004860280000009709, 0.000645412000000789, 0.0008818829999999167, 0.0003214339999999538, 0.001189969000000346, 0.0002638990000001229, 0.0003014910000000981, 0.0002600410000006548, 0.00043583700000127124, 0.0005428300000005493, 0.0008038639999998765, 0.0003370490000005333, 0.001087182000000908, 0.0002802200000004973, 0.00030184700000113196, 0.00026138000000131, 0.0007080520000002366, 0.0005974330000011463, 0.0009676080000016185, 0.00035630200000014156, 0.0012637230000009936, 0.0003023970000004539]
App Gdpt (overall): 137.73870722415325 Gbps
App Gdpt (per flow): [12.479999999989877, 12.479999999927038, 12.479999999975119, 12.479999999951556, 12.479999999974943, 12.479999999894146, 12.47999999998357, 12.479999999897716, 12.479999999989877, 12.479999999927038, 12.479999999975119, 12.479999999951556, 12.479999999974943, 12.479999999894146, 12.47999999998357, 12.479999999897716, 12.479999999989877, 12.479999999927038, 12.479999999975119, 12.479999999951556, 12.479999999974943, 12.479999999894146, 12.47999999998357, 12.479999999897716]
Network Gdpt (overall): 86.00644286755448
Network Gdpt (per flow): [12.21807755105467, 12.171901743939603, 10.784563852266803, 7.096490303859242, 8.589983024959905, 4.503817268864551, 8.28525785125254, 2.6009950776610764, 12.211309790338028, 12.142085286520395, 12.026514499651732, 8.437558720032728, 9.423683608173976, 4.295161831062277, 9.068582813173661, 2.449503961169017, 12.196907704851114, 12.079883694177731, 7.40284611864418, 7.666399412136946, 7.828955527431903, 4.063070092223521, 7.801709710112302, 2.2698637883278265]
INFO:dale_experiment_rig:Processing DCTCP results exp_id 0:: 8flo-12.479999999999999Gbps_target
INFO:dale_experiment_rig:Processing results from /data/dh1723/SIRD-Simulator/scripts/r2p2/coord/results/DCTCP-50-8flo-12Gbps-1560B-1000ns-2025-08-12T_18-33-42Z_incast_poisson_3to1_8flo_1560B_1us_99pt84Gbps_same_flo_interarr_same_interval/data/DCTCP-50/60/applications_trace.str
INFO:dale_experiment_rig:Flow 0:: num of byteloads: 295, num srq events: 295, num rrq events: 1
DEBUG:dale_experiment_rig:Flow 0:: first_event_name: srq, final_event_name: rrq, expected_data_B: 460200, recv_data_B: 460200
INFO:dale_experiment_rig:Flow 1:: num of byteloads: 253, num srq events: 253, num rrq events: 1
DEBUG:dale_experiment_rig:Flow 1:: first_event_name: srq, final_event_name: rrq, expected_data_B: 394680, recv_data_B: 394680
INFO:dale_experiment_rig:Flow 2:: num of byteloads: 420, num srq events: 420, num rrq events: 1
DEBUG:dale_experiment_rig:Flow 2:: first_event_name: srq, final_event_name: rrq, expected_data_B: 655200, recv_data_B: 655200
INFO:dale_experiment_rig:Flow 3:: num of byteloads: 367, num srq events: 367, num rrq events: 1
DEBUG:dale_experiment_rig:Flow 3:: first_event_name: srq, final_event_name: rrq, expected_data_B: 572520, recv_data_B: 572520
INFO:dale_experiment_rig:Flow 4:: num of byteloads: 607, num srq events: 607, num rrq events: 1
DEBUG:dale_experiment_rig:Flow 4:: first_event_name: srq, final_event_name: rrq, expected_data_B: 946920, recv_data_B: 946920
INFO:dale_experiment_rig:Flow 5:: num of byteloads: 116, num srq events: 116, num rrq events: 1
DEBUG:dale_experiment_rig:Flow 5:: first_event_name: srq, final_event_name: rrq, expected_data_B: 180960, recv_data_B: 180960
INFO:dale_experiment_rig:Flow 6:: num of byteloads: 790, num srq events: 790, num rrq events: 1
DEBUG:dale_experiment_rig:Flow 6:: first_event_name: srq, final_event_name: rrq, expected_data_B: 1232400, recv_data_B: 1232400
INFO:dale_experiment_rig:Flow 7:: num of byteloads: 55, num srq events: 55, num rrq events: 1
DEBUG:dale_experiment_rig:Flow 7:: first_event_name: srq, final_event_name: rrq, expected_data_B: 85800, recv_data_B: 85800
INFO:dale_experiment_rig:Flow 0:: num of byteloads: 295, num srq events: 295, num rrq events: 1
DEBUG:dale_experiment_rig:Flow 0:: first_event_name: srq, final_event_name: rrq, expected_data_B: 460200, recv_data_B: 460200
INFO:dale_experiment_rig:Flow 1:: num of byteloads: 253, num srq events: 253, num rrq events: 1
DEBUG:dale_experiment_rig:Flow 1:: first_event_name: srq, final_event_name: rrq, expected_data_B: 394680, recv_data_B: 394680
INFO:dale_experiment_rig:Flow 2:: num of byteloads: 420, num srq events: 420, num rrq events: 1
DEBUG:dale_experiment_rig:Flow 2:: first_event_name: srq, final_event_name: rrq, expected_data_B: 655200, recv_data_B: 655200
INFO:dale_experiment_rig:Flow 3:: num of byteloads: 367, num srq events: 367, num rrq events: 1
DEBUG:dale_experiment_rig:Flow 3:: first_event_name: srq, final_event_name: rrq, expected_data_B: 572520, recv_data_B: 572520
INFO:dale_experiment_rig:Flow 4:: num of byteloads: 607, num srq events: 607, num rrq events: 1
DEBUG:dale_experiment_rig:Flow 4:: first_event_name: srq, final_event_name: rrq, expected_data_B: 946920, recv_data_B: 946920
INFO:dale_experiment_rig:Flow 5:: num of byteloads: 116, num srq events: 116, num rrq events: 1
DEBUG:dale_experiment_rig:Flow 5:: first_event_name: srq, final_event_name: rrq, expected_data_B: 180960, recv_data_B: 180960
INFO:dale_experiment_rig:Flow 6:: num of byteloads: 790, num srq events: 790, num rrq events: 1
DEBUG:dale_experiment_rig:Flow 6:: first_event_name: srq, final_event_name: rrq, expected_data_B: 1232400, recv_data_B: 1232400
INFO:dale_experiment_rig:Flow 7:: num of byteloads: 55, num srq events: 55, num rrq events: 1
DEBUG:dale_experiment_rig:Flow 7:: first_event_name: srq, final_event_name: rrq, expected_data_B: 85800, recv_data_B: 85800
INFO:dale_experiment_rig:Flow 0:: num of byteloads: 295, num srq events: 295, num rrq events: 1
DEBUG:dale_experiment_rig:Flow 0:: first_event_name: srq, final_event_name: rrq, expected_data_B: 460200, recv_data_B: 460200
INFO:dale_experiment_rig:Flow 1:: num of byteloads: 253, num srq events: 253, num rrq events: 1
DEBUG:dale_experiment_rig:Flow 1:: first_event_name: srq, final_event_name: rrq, expected_data_B: 394680, recv_data_B: 394680
INFO:dale_experiment_rig:Flow 2:: num of byteloads: 420, num srq events: 420, num rrq events: 1
DEBUG:dale_experiment_rig:Flow 2:: first_event_name: srq, final_event_name: rrq, expected_data_B: 655200, recv_data_B: 655200
INFO:dale_experiment_rig:Flow 3:: num of byteloads: 367, num srq events: 367, num rrq events: 1
DEBUG:dale_experiment_rig:Flow 3:: first_event_name: srq, final_event_name: rrq, expected_data_B: 572520, recv_data_B: 572520
INFO:dale_experiment_rig:Flow 4:: num of byteloads: 607, num srq events: 607, num rrq events: 1
DEBUG:dale_experiment_rig:Flow 4:: first_event_name: srq, final_event_name: rrq, expected_data_B: 946920, recv_data_B: 946920
INFO:dale_experiment_rig:Flow 5:: num of byteloads: 116, num srq events: 116, num rrq events: 1
DEBUG:dale_experiment_rig:Flow 5:: first_event_name: srq, final_event_name: rrq, expected_data_B: 180960, recv_data_B: 180960
INFO:dale_experiment_rig:Flow 6:: num of byteloads: 790, num srq events: 790, num rrq events: 1
DEBUG:dale_experiment_rig:Flow 6:: first_event_name: srq, final_event_name: rrq, expected_data_B: 1232400, recv_data_B: 1232400
INFO:dale_experiment_rig:Flow 7:: num of byteloads: 55, num srq events: 55, num rrq events: 1
DEBUG:dale_experiment_rig:Flow 7:: first_event_name: srq, final_event_name: rrq, expected_data_B: 85800, recv_data_B: 85800
INFO:dale_experiment_rig:DCTCP-50 FCT (ms): [0.0007777149999999011, 0.0007317860000011223, 0.0009965919999999073, 0.0009182620000007802, 0.0011021280000012013, 0.00035342500000012933, 0.0011578660000015617, 0.00018380400000062025, 0.0007777579999999062, 0.0007318440000005921, 0.0009966999999999615, 0.0009261800000004428, 0.0011038210000009485, 0.0003534460000000905, 0.0011591760000015938, 0.00018381800000000226, 0.0007778009999999114, 0.0007319009999999793, 0.0009952530000010285, 0.0009262230000004479, 0.0011045310000010744, 0.000353590000001347, 0.0011590130000005416, 0.00018383300000124336]
App Gdpt (overall): 137.73870722415325 Gbps
App Gdpt (per flow): [12.479999999989877, 12.479999999927038, 12.479999999975119, 12.479999999951556, 12.479999999974943, 12.479999999894146, 12.47999999998357, 12.479999999897716, 12.479999999989877, 12.479999999927038, 12.479999999975119, 12.479999999951556, 12.479999999974943, 12.479999999894146, 12.47999999998357, 12.479999999897716, 12.479999999989877, 12.479999999927038, 12.479999999975119, 12.479999999951556, 12.479999999974943, 12.479999999894146, 12.47999999998357, 12.479999999897716]
Network Gdpt (overall): 93.76343195498403
Network Gdpt (per flow): [4.733867805044867, 4.314704025487175, 5.25952445935798, 4.987857496004526, 6.873394015932582, 4.0961448680751795, 8.51497496254895, 3.734412743997322, 4.733606083126684, 4.314362077160495, 5.258954550015253, 4.9452158327731235, 6.862851857315173, 4.095901495559801, 8.505352077671073, 3.7341283225798976, 4.733344390146605, 4.314026077297462, 5.266600552818814, 4.944986250608963, 6.858440369706809, 4.094233434187859, 8.506548244062312, 3.7338236333811534]
INFO:dale_experiment_rig:
##### GENERATE METRICS #####
INFO:dale_experiment_rig:Poisson_Flows_incast_poisson_3to1_8flo_1560B_1us_99pt84Gbps_same_flo_interarr_same_interval
INFO:__main__:Protos tested: ['SSIRD', 'DCTCP-50']
INFO:__main__:Topo Yaml File: 4-hosts.yaml
INFO:__main__:Src-Dst pairs list: [(1, 0), (2, 0), (3, 0)]
INFO:__main__:Num Flows: 8
INFO:__main__:Byteload Size (B): 1560
INFO:__main__:Target Mean Byteload Interval (ns): 1000
INFO:__main__:  is_use_poisson_byteload_intervals=False
INFO:__main__:Target Mean Flow Interarrival (ns): 0
INFO:__main__:  is_use_poisson_flow_interarr=False
INFO:__main__:Target Flow Rate (Gbps): 12.479999999999999
INFO:__main__:Num Byteloads: [295, 253, 420, 367, 607, 116, 790, 55]
INFO:__main__:  is_use_poisson_num_byteloads=True
INFO:__main__:Flow Start Times (us): [0.0, 0.0, 0.0, 0.0, 0.0, 0.0, 0.0, 0.0]
INFO:__main__:Flow Rate (Gbps): [12.48, 12.48, 12.48, 12.48, 12.48, 12.48, 12.48, 12.48]
INFO:__main__:Flow Size (B): [460200, 394680, 655200, 572520, 946920, 180960, 1232400, 85800]
INFO:__main__:Flow Send Durations (us): [294.0, 252.0, 419.0, 366.0, 606.0, 115.0, 789.0, 54.0]
INFO:__main__:Flow Min Byteload Size (B): [1560, 1560, 1560, 1560, 1560, 1560, 1560, 1560]
INFO:__main__:Flow Max Byteload Size (B): [1560, 1560, 1560, 1560, 1560, 1560, 1560, 1560]
INFO:__main__:Flow Min Interval (us): [1.0, 1.0, 1.0, 1.0, 1.0, 1.0, 1.0, 1.0]
INFO:__main__:Flow Max Interval (us): [1.0, 1.0, 1.0, 1.0, 1.0, 1.0, 1.0, 1.0]
INFO:__main__:APP Gdpt Gbps measured (SSIRD): [137.73870722415325]
INFO:__main__:APP Gdpt Gbps measured (DCTCP): [137.73870722415325]
DEBUG:__main__:APP Gdpt Gbps measured per flow (SSIRD): [[12.479999999989877, 12.479999999927038, 12.479999999975119, 12.479999999951556, 12.479999999974943, 12.479999999894146, 12.47999999998357, 12.479999999897716, 12.479999999989877, 12.479999999927038, 12.479999999975119, 12.479999999951556, 12.479999999974943, 12.479999999894146, 12.47999999998357, 12.479999999897716, 12.479999999989877, 12.479999999927038, 12.479999999975119, 12.479999999951556, 12.479999999974943, 12.479999999894146, 12.47999999998357, 12.479999999897716]]
DEBUG:__main__:APP Gdpt Gbps measured per flow (DCTCP): [[12.479999999989877, 12.479999999927038, 12.479999999975119, 12.479999999951556, 12.479999999974943, 12.479999999894146, 12.47999999998357, 12.479999999897716, 12.479999999989877, 12.479999999927038, 12.479999999975119, 12.479999999951556, 12.479999999974943, 12.479999999894146, 12.47999999998357, 12.479999999897716, 12.479999999989877, 12.479999999927038, 12.479999999975119, 12.479999999951556, 12.479999999974943, 12.479999999894146, 12.47999999998357, 12.479999999897716]]
INFO:__main__:NW Gdpt Gbps measured (SSIRD): [86.00644286755448]
INFO:__main__:NW Gdpt Gbps measured (DCTCP): [93.76343195498403]
DEBUG:__main__:NW Gdpt Gbps measured per flow (SSIRD): [[12.21807755105467, 12.171901743939603, 10.784563852266803, 7.096490303859242, 8.589983024959905, 4.503817268864551, 8.28525785125254, 2.6009950776610764, 12.211309790338028, 12.142085286520395, 12.026514499651732, 8.437558720032728, 9.423683608173976, 4.295161831062277, 9.068582813173661, 2.449503961169017, 12.196907704851114, 12.079883694177731, 7.40284611864418, 7.666399412136946, 7.828955527431903, 4.063070092223521, 7.801709710112302, 2.2698637883278265]]
DEBUG:__main__:NW Gdpt Gbps measured per flow (DCTCP): [[4.733867805044867, 4.314704025487175, 5.25952445935798, 4.987857496004526, 6.873394015932582, 4.0961448680751795, 8.51497496254895, 3.734412743997322, 4.733606083126684, 4.314362077160495, 5.258954550015253, 4.9452158327731235, 6.862851857315173, 4.095901495559801, 8.505352077671073, 3.7341283225798976, 4.733344390146605, 4.314026077297462, 5.266600552818814, 4.944986250608963, 6.858440369706809, 4.094233434187859, 8.506548244062312, 3.7338236333811534]]
INFO:__main__:* Sim duration (SSIRD): [0.01]
INFO:__main__:* Sim duration (DCTCP): [0.01]
INFO:__main__:* SSIRD FCT: [[0.0003013240000004913, 0.00025940400000123987, 0.0004860280000009709, 0.000645412000000789, 0.0008818829999999167, 0.0003214339999999538, 0.001189969000000346, 0.0002638990000001229, 0.0003014910000000981, 0.0002600410000006548, 0.00043583700000127124, 0.0005428300000005493, 0.0008038639999998765, 0.0003370490000005333, 0.001087182000000908, 0.0002802200000004973, 0.00030184700000113196, 0.00026138000000131, 0.0007080520000002366, 0.0005974330000011463, 0.0009676080000016185, 0.00035630200000014156, 0.0012637230000009936, 0.0003023970000004539]]
INFO:__main__:* DCTCP FCT: [[0.0007777149999999011, 0.0007317860000011223, 0.0009965919999999073, 0.0009182620000007802, 0.0011021280000012013, 0.00035342500000012933, 0.0011578660000015617, 0.00018380400000062025, 0.0007777579999999062, 0.0007318440000005921, 0.0009966999999999615, 0.0009261800000004428, 0.0011038210000009485, 0.0003534460000000905, 0.0011591760000015938, 0.00018381800000000226, 0.0007778009999999114, 0.0007319009999999793, 0.0009952530000010285, 0.0009262230000004479, 0.0011045310000010744, 0.000353590000001347, 0.0011590130000005416, 0.00018383300000124336]]
