INFO:root:PoissonIntervalGenerator: Genrate Byteload Intervals:
target_mean_ns=1000
min_interval_ns=1
max_interval_ns=10000
num_intervals=422
num_samples_needed=1
DEBUG:root:Step 1) λ solving for mean=1000 is 0.001000
DEBUG:root:Generated samples: shape=(1, 422)
DEBUG:root:Step 2) Generated 1 samples, taking first 1 samples needed
DEBUG:root:sample unique means (ns): [1000.]
INFO:root:PoissonIntervalGenerator: Genrate Byteload Intervals:
target_mean_ns=1000
min_interval_ns=1
max_interval_ns=10000
num_intervals=818
num_samples_needed=1
DEBUG:root:Step 1) λ solving for mean=1000 is 0.001000
DEBUG:root:Generated samples: shape=(1, 818)
DEBUG:root:Step 2) Generated 1 samples, taking first 1 samples needed
DEBUG:root:sample unique means (ns): [1000.]
INFO:root:PoissonIntervalGenerator: Genrate Byteload Intervals:
target_mean_ns=1000
min_interval_ns=1
max_interval_ns=10000
num_intervals=591
num_samples_needed=1
DEBUG:root:Step 1) λ solving for mean=1000 is 0.001000
DEBUG:root:Generated samples: shape=(1, 591)
DEBUG:root:Step 2) Generated 1 samples, taking first 1 samples needed
DEBUG:root:sample unique means (ns): [1000.]
INFO:root:PoissonIntervalGenerator: Genrate Byteload Intervals:
target_mean_ns=1000
min_interval_ns=1
max_interval_ns=10000
num_intervals=685
num_samples_needed=1
DEBUG:root:Step 1) λ solving for mean=1000 is 0.001000
DEBUG:root:Generated samples: shape=(1, 685)
DEBUG:root:Step 2) Generated 1 samples, taking first 1 samples needed
DEBUG:root:sample unique means (ns): [1000.]
INFO:root:PoissonIntervalGenerator: Genrate Byteload Intervals:
target_mean_ns=1000
min_interval_ns=1
max_interval_ns=10000
num_intervals=198
num_samples_needed=1
DEBUG:root:Step 1) λ solving for mean=1000 is 0.001000
DEBUG:root:Generated samples: shape=(1, 198)
DEBUG:root:Step 2) Generated 1 samples, taking first 1 samples needed
DEBUG:root:sample unique means (ns): [1000.]
INFO:root:PoissonIntervalGenerator: Genrate Byteload Intervals:
target_mean_ns=1000
min_interval_ns=1
max_interval_ns=10000
num_intervals=13
num_samples_needed=1
DEBUG:root:Step 1) λ solving for mean=1000 is 0.001000
DEBUG:root:Generated samples: shape=(1, 13)
DEBUG:root:Step 2) Generated 1 samples, taking first 1 samples needed
DEBUG:root:sample unique means (ns): [1000.]
INFO:root:PoissonIntervalGenerator: Genrate Byteload Intervals:
target_mean_ns=1000
min_interval_ns=1
max_interval_ns=10000
num_intervals=361
num_samples_needed=1
DEBUG:root:Step 1) λ solving for mean=1000 is 0.001000
DEBUG:root:Generated samples: shape=(1, 361)
DEBUG:root:Step 2) Generated 1 samples, taking first 1 samples needed
DEBUG:root:sample unique means (ns): [1000.]
INFO:root:PoissonIntervalGenerator: Genrate Byteload Intervals:
target_mean_ns=1000
min_interval_ns=1
max_interval_ns=10000
num_intervals=1700
num_samples_needed=1
DEBUG:root:Step 1) λ solving for mean=1000 is 0.001000
DEBUG:root:Generated samples: shape=(1, 1700)
DEBUG:root:Step 2) Generated 1 samples, taking first 1 samples needed
DEBUG:root:sample unique means (ns): [1000.]
INFO:__main__:Protos tested: ['SSIRD', 'DCTCP-50']
INFO:__main__:Topo Yaml File: 4-hosts.yaml
INFO:__main__:Src-Dst pairs list: [(1, 0), (2, 0), (3, 0)]
INFO:__main__:Num Flows: 8
INFO:__main__:Byteload Size (B): 1458
INFO:__main__:Target Mean Byteload Interval (ns): 1000
INFO:__main__:  is_use_poisson_num_byteloads=True
INFO:__main__:Target Mean Flow Interarrival (ns): 0
INFO:__main__:  is_use_poisson_flow_interarr=False
INFO:__main__:Target Flow Rate (Gbps): 11.664
INFO:__main__:Flow Start Times (us): [0.0, 0.0, 0.0, 0.0, 0.0, 0.0, 0.0, 0.0]
INFO:__main__:Flow Rate (Gbps): [11.664, 11.664, 11.664, 11.664, 11.664, 11.664, 11.664, 11.664]
INFO:__main__:Flow Size (B): [616734, 1194102, 863136, 1000188, 290142, 20412, 527796, 2480058]
INFO:__main__:Num Byteloads: [423, 819, 592, 686, 199, 14, 362, 1701]
INFO:__main__:Flow Send Durations (us): [422.0, 818.0, 591.0, 685.0, 198.0, 13.0, 361.0, 1700.0]
INFO:__main__:Flow Min Byteload Size (B): [1458, 1458, 1458, 1458, 1458, 1458, 1458, 1458]
INFO:__main__:Flow Max Byteload Size (B): [1458, 1458, 1458, 1458, 1458, 1458, 1458, 1458]
INFO:__main__:Flow Min Interval (us): [0.003, 0.003, 0.002, 0.003, 0.001, 0.016, 0.004, 0.001]
INFO:__main__:Flow Max Interval (us): [7.533, 7.924, 7.517, 5.386, 6.317, 3.414, 5.432, 7.265]
DEBUG:__main__:Max flow send durations (us): 1700.0
INFO:__main__:* Sim duration (SSIRD): [0.01]
INFO:__main__:* Sim duration (DCTCP): [0.01]
INFO:dale_experiment_rig:Experiment started at: 2025-08-12 16:57:01.004561
INFO:dale_experiment_rig:
##### RUN GROUP #####
INFO:dale_experiment_rig:
=====
Execute experiment 8flo-12Gbps-1458B-1000ns-2025-08-12T_16-57-01Z_incast_poisson_3to1_8flo_1458B_1us_93pt312Gbps_same_flo_interarr
INFO:dale_experiment_rig:Flags: 1, 1, 1, 1, 0
INFO:dale_experiment_rig:ssird_sim_duration=0.010000; dctcp_sim_duration=0.010000
INFO:dale_experiment_rig:
=====
Execute experiment 8flo-12Gbps-1458B-1000ns-2025-08-12T_16-57-01Z_incast_poisson_3to1_8flo_1458B_1us_93pt312Gbps_same_flo_interarr
INFO:dale_experiment_rig:-----
Preparing experiment input MRIs
INFO:dale_experiment_rig:Flags: 1, 1, 1, 1, 0
INFO:dale_experiment_rig:### Creating MRI inputs parent dir: /data/dh1723/SIRD-Simulator/scripts/r2p2/coord/config/manual-req-intervals/dale_experiments/Poisson_Flows_incast_poisson_3to1_8flo_1458B_1us_93pt312Gbps_same_flo_interarr/
INFO:dale_experiment_rig:ssird_sim_duration=0.010000; dctcp_sim_duration=0.010000
INFO:dale_experiment_rig:-----
Preparing experiment input MRIs
INFO:dale_experiment_rig:### Creating MRI inputs parent dir: /data/dh1723/SIRD-Simulator/scripts/r2p2/coord/config/manual-req-intervals/dale_experiments/Poisson_Flows_incast_poisson_3to1_8flo_1458B_1us_93pt312Gbps_same_flo_interarr/
INFO:dale_experiment_rig:File /data/dh1723/SIRD-Simulator/scripts/r2p2/coord/config/manual-req-intervals/dale_experiments/Poisson_Flows_incast_poisson_3to1_8flo_1458B_1us_93pt312Gbps_same_flo_interarr/ aready exists.
DEBUG:dale_experiment_rig:num flows: 8
DEBUG:dale_experiment_rig:num flows: 8
DEBUG:dale_experiment_rig:num flows: 8
DEBUG:dale_experiment_rig:num flows: 8
DEBUG:dale_experiment_rig:num flows: 8
DEBUG:dale_experiment_rig:num flows: 8
INFO:dale_experiment_rig:-----
Preparing experiment spec scripts
INFO:dale_experiment_rig:### Creating spec scripts parent dir: /data/dh1723/SIRD-Simulator/scripts/r2p2/coord/config/dale_experiments/Poisson_Flows_incast_poisson_3to1_8flo_1458B_1us_93pt312Gbps_same_flo_interarr/
INFO:dale_experiment_rig:-----
Preparing experiment spec scripts
INFO:dale_experiment_rig:### Creating spec scripts parent dir: /data/dh1723/SIRD-Simulator/scripts/r2p2/coord/config/dale_experiments/Poisson_Flows_incast_poisson_3to1_8flo_1458B_1us_93pt312Gbps_same_flo_interarr/
INFO:dale_experiment_rig:#### WARNING: File /data/dh1723/SIRD-Simulator/scripts/r2p2/coord/config/dale_experiments/Poisson_Flows_incast_poisson_3to1_8flo_1458B_1us_93pt312Gbps_same_flo_interarr/ aready exists.
INFO:dale_experiment_rig:-----
Running experiment for DCTCP-50
INFO:dale_experiment_rig:-----
Running experiment for SSIRD
INFO:dale_experiment_rig:### Script:/data/dh1723/SIRD-Simulator/scripts/r2p2/coord/config/dale_experiments/Poisson_Flows_incast_poisson_3to1_8flo_1458B_1us_93pt312Gbps_same_flo_interarr/DCTCP-50-8flo-12Gbps-1458B-1000ns-2025-08-12T_16-57-01Z_incast_poisson_3to1_8flo_1458B_1us_93pt312Gbps_same_flo_interarr.sh
INFO:dale_experiment_rig:### Script:/data/dh1723/SIRD-Simulator/scripts/r2p2/coord/config/dale_experiments/Poisson_Flows_incast_poisson_3to1_8flo_1458B_1us_93pt312Gbps_same_flo_interarr/SSIRD-8flo-12Gbps-1458B-1000ns-2025-08-12T_16-57-01Z_incast_poisson_3to1_8flo_1458B_1us_93pt312Gbps_same_flo_interarr.sh
INFO:dale_experiment_rig:### Output path (stdout): /data/dh1723/SIRD-Simulator/scripts/r2p2/coord/outputs/Poisson_Flows_incast_poisson_3to1_8flo_1458B_1us_93pt312Gbps_same_flo_interarr/DCTCP-50_8flo-12Gbps-1458B-1000ns-2025-08-12T_16-57-01Z_incast_poisson_3to1_8flo_1458B_1us_93pt312Gbps_same_flo_interarr_stdout.out
INFO:dale_experiment_rig:### Output path (stdout): /data/dh1723/SIRD-Simulator/scripts/r2p2/coord/outputs/Poisson_Flows_incast_poisson_3to1_8flo_1458B_1us_93pt312Gbps_same_flo_interarr/ssird_8flo-12Gbps-1458B-1000ns-2025-08-12T_16-57-01Z_incast_poisson_3to1_8flo_1458B_1us_93pt312Gbps_same_flo_interarr_stdout.out
INFO:dale_experiment_rig:### Output path (stderr): /data/dh1723/SIRD-Simulator/scripts/r2p2/coord/outputs/Poisson_Flows_incast_poisson_3to1_8flo_1458B_1us_93pt312Gbps_same_flo_interarr/DCTCP-50_8flo-12Gbps-1458B-1000ns-2025-08-12T_16-57-01Z_incast_poisson_3to1_8flo_1458B_1us_93pt312Gbps_same_flo_interarr_stderr.out
INFO:dale_experiment_rig:### Output path (stderr): /data/dh1723/SIRD-Simulator/scripts/r2p2/coord/outputs/Poisson_Flows_incast_poisson_3to1_8flo_1458B_1us_93pt312Gbps_same_flo_interarr/ssird_8flo-12Gbps-1458B-1000ns-2025-08-12T_16-57-01Z_incast_poisson_3to1_8flo_1458B_1us_93pt312Gbps_same_flo_interarr_stderr.out
INFO:dale_experiment_rig:-----
Backing up app trace file paths
DEBUG:dale_experiment_rig:/data/dh1723/SIRD-Simulator/scripts/r2p2/post-process/experiment_app_trace_paths/Poisson_Flows_incast_poisson_3to1_8flo_1458B_1us_93pt312Gbps_same_flo_interarr/8flo_12Gbps_2025-08-12T_17-16-37Z/SSIRD_app_traces.txt
INFO:dale_experiment_rig:-----
Backing up app trace file paths
DEBUG:dale_experiment_rig:/data/dh1723/SIRD-Simulator/scripts/r2p2/post-process/experiment_app_trace_paths/Poisson_Flows_incast_poisson_3to1_8flo_1458B_1us_93pt312Gbps_same_flo_interarr/8flo_12Gbps_2025-08-12T_17-16-37Z/DCTCP-50_app_traces.txt
INFO:dale_experiment_rig:Simulations ended at: 2025-08-12 17:16:38.000123
INFO:dale_experiment_rig:
##### POST PROCESS RESULTS #####
INFO:dale_experiment_rig:=====
** Num Flows: 8, Target Flow Rate (Gbps): 11.664, ssird_sim_dur (s): 0.01, dctcp_sim_dur (s): 0.01
INFO:dale_experiment_rig:Processing SIRD results exp_id 0:: 8flo-11.664Gbps_target
INFO:dale_experiment_rig:Processing results from /data/dh1723/SIRD-Simulator/scripts/r2p2/coord/results/SSIRD-8flo-12Gbps-1458B-1000ns-2025-08-12T_16-57-01Z_incast_poisson_3to1_8flo_1458B_1us_93pt312Gbps_same_flo_interarr/data/SSIRD/60/applications_trace.str
INFO:dale_experiment_rig:Flow 0:: num of byteloads: 423, num srq events: 423, num rrq events: 1
DEBUG:dale_experiment_rig:Flow 0:: first_event_name: srq, final_event_name: rrq, expected_data_B: 616734, recv_data_B: 616734
INFO:dale_experiment_rig:Flow 1:: num of byteloads: 819, num srq events: 819, num rrq events: 9
DEBUG:dale_experiment_rig:Flow 1:: first_event_name: srq, final_event_name: rrq, expected_data_B: 1194102, recv_data_B: 1194102
INFO:dale_experiment_rig:Flow 2:: num of byteloads: 592, num srq events: 592, num rrq events: 7
DEBUG:dale_experiment_rig:Flow 2:: first_event_name: srq, final_event_name: rrq, expected_data_B: 863136, recv_data_B: 863136
INFO:dale_experiment_rig:Flow 3:: num of byteloads: 686, num srq events: 686, num rrq events: 1
DEBUG:dale_experiment_rig:Flow 3:: first_event_name: srq, final_event_name: rrq, expected_data_B: 1000188, recv_data_B: 1000188
INFO:dale_experiment_rig:Flow 4:: num of byteloads: 199, num srq events: 199, num rrq events: 1
DEBUG:dale_experiment_rig:Flow 4:: first_event_name: srq, final_event_name: rrq, expected_data_B: 290142, recv_data_B: 290142
INFO:dale_experiment_rig:Flow 5:: num of byteloads: 14, num srq events: 14, num rrq events: 1
DEBUG:dale_experiment_rig:Flow 5:: first_event_name: srq, final_event_name: rrq, expected_data_B: 20412, recv_data_B: 20412
INFO:dale_experiment_rig:Flow 6:: num of byteloads: 362, num srq events: 362, num rrq events: 1
DEBUG:dale_experiment_rig:Flow 6:: first_event_name: srq, final_event_name: rrq, expected_data_B: 527796, recv_data_B: 527796
INFO:dale_experiment_rig:Flow 7:: num of byteloads: 1701, num srq events: 1701, num rrq events: 1
DEBUG:dale_experiment_rig:Flow 7:: first_event_name: srq, final_event_name: rrq, expected_data_B: 2480058, recv_data_B: 2480058
INFO:dale_experiment_rig:Flow 0:: num of byteloads: 423, num srq events: 423, num rrq events: 1
DEBUG:dale_experiment_rig:Flow 0:: first_event_name: srq, final_event_name: rrq, expected_data_B: 616734, recv_data_B: 616734
INFO:dale_experiment_rig:Flow 1:: num of byteloads: 819, num srq events: 819, num rrq events: 1
DEBUG:dale_experiment_rig:Flow 1:: first_event_name: srq, final_event_name: rrq, expected_data_B: 1194102, recv_data_B: 1194102
INFO:dale_experiment_rig:Flow 2:: num of byteloads: 592, num srq events: 592, num rrq events: 6
DEBUG:dale_experiment_rig:Flow 2:: first_event_name: srq, final_event_name: rrq, expected_data_B: 863136, recv_data_B: 863136
INFO:dale_experiment_rig:Flow 3:: num of byteloads: 686, num srq events: 686, num rrq events: 7
DEBUG:dale_experiment_rig:Flow 3:: first_event_name: srq, final_event_name: rrq, expected_data_B: 1000188, recv_data_B: 1000188
INFO:dale_experiment_rig:Flow 4:: num of byteloads: 199, num srq events: 199, num rrq events: 1
DEBUG:dale_experiment_rig:Flow 4:: first_event_name: srq, final_event_name: rrq, expected_data_B: 290142, recv_data_B: 290142
INFO:dale_experiment_rig:Flow 5:: num of byteloads: 14, num srq events: 14, num rrq events: 1
DEBUG:dale_experiment_rig:Flow 5:: first_event_name: srq, final_event_name: rrq, expected_data_B: 20412, recv_data_B: 20412
INFO:dale_experiment_rig:Flow 6:: num of byteloads: 362, num srq events: 362, num rrq events: 1
DEBUG:dale_experiment_rig:Flow 6:: first_event_name: srq, final_event_name: rrq, expected_data_B: 527796, recv_data_B: 527796
INFO:dale_experiment_rig:Flow 7:: num of byteloads: 1701, num srq events: 1701, num rrq events: 19
DEBUG:dale_experiment_rig:Flow 7:: first_event_name: srq, final_event_name: rrq, expected_data_B: 2480058, recv_data_B: 2480058
INFO:dale_experiment_rig:Flow 0:: num of byteloads: 423, num srq events: 423, num rrq events: 1
DEBUG:dale_experiment_rig:Flow 0:: first_event_name: srq, final_event_name: rrq, expected_data_B: 616734, recv_data_B: 616734
INFO:dale_experiment_rig:Flow 1:: num of byteloads: 819, num srq events: 819, num rrq events: 1
DEBUG:dale_experiment_rig:Flow 1:: first_event_name: srq, final_event_name: rrq, expected_data_B: 1194102, recv_data_B: 1194102
INFO:dale_experiment_rig:Flow 2:: num of byteloads: 592, num srq events: 592, num rrq events: 6
DEBUG:dale_experiment_rig:Flow 2:: first_event_name: srq, final_event_name: rrq, expected_data_B: 863136, recv_data_B: 863136
INFO:dale_experiment_rig:Flow 3:: num of byteloads: 686, num srq events: 686, num rrq events: 2
DEBUG:dale_experiment_rig:Flow 3:: first_event_name: srq, final_event_name: rrq, expected_data_B: 1000188, recv_data_B: 1000188
INFO:dale_experiment_rig:Flow 4:: num of byteloads: 199, num srq events: 199, num rrq events: 1
DEBUG:dale_experiment_rig:Flow 4:: first_event_name: srq, final_event_name: rrq, expected_data_B: 290142, recv_data_B: 290142
INFO:dale_experiment_rig:Flow 5:: num of byteloads: 14, num srq events: 14, num rrq events: 1
DEBUG:dale_experiment_rig:Flow 5:: first_event_name: srq, final_event_name: rrq, expected_data_B: 20412, recv_data_B: 20412
INFO:dale_experiment_rig:Flow 6:: num of byteloads: 362, num srq events: 362, num rrq events: 1
DEBUG:dale_experiment_rig:Flow 6:: first_event_name: srq, final_event_name: rrq, expected_data_B: 527796, recv_data_B: 527796
INFO:dale_experiment_rig:Flow 7:: num of byteloads: 1701, num srq events: 1701, num rrq events: 25
DEBUG:dale_experiment_rig:Flow 7:: first_event_name: srq, final_event_name: rrq, expected_data_B: 2480058, recv_data_B: 2480058
INFO:dale_experiment_rig:SSIRD FCT (ms): [0.0010482730000003215, 0.000824580000001518, 0.000605168999999961, 0.0006927310000008902, 0.0007427520000007348, 4.381600000158414e-05, 0.000862527000000668, 0.0018726600000000815, 0.0011393320000010476, 0.0015653340000003624, 0.0013090690000012728, 0.000692095000001558, 0.0006964000000007076, 4.743600000089998e-05, 0.0009234960000004122, 0.0017101240000005902, 0.0012065000000003323, 0.0016894600000014748, 0.0013975250000015649, 0.0007033459999998826, 0.000794208000000296, 6.978000000046336e-05, 0.0009843710000012607, 0.0017100010000010712]
App Gdpt (overall): 98.71174588227356 Gbps
App Gdpt (per flow): [11.663999999989871, 11.66399999999071, 11.663999999999838, 11.663999999987862, 11.663999999939284, 11.663999999166531, 11.663999999947979, 11.66399999999062, 11.663999999989871, 11.66399999999071, 11.663999999999838, 11.663999999987862, 11.663999999939284, 11.663999999166531, 11.663999999947979, 11.66399999999062, 11.663999999989871, 11.66399999999071, 11.663999999999838, 11.663999999987862, 11.663999999939284, 11.663999999166531, 11.663999999947979, 11.66399999999062]
Network Gdpt (overall): 89.6167120566428
Network Gdpt (per flow): [4.706667060964546, 11.58506876225765, 11.410181288202875, 11.550665409790696, 3.1250484683955126, 3.726857768716819, 4.895345884820685, 10.59480311428617, 4.330495413097731, 6.102733346364283, 5.274808279772332, 11.561279882071085, 3.333049971277487, 3.4424487730184223, 4.572156241064516, 11.601769228426217, 4.08940903439589, 5.654360564909298, 4.940940591397125, 11.376341089593652, 2.9225794754008207, 2.3401547721254756, 4.289407144252109, 11.602603741160134]
INFO:dale_experiment_rig:Processing DCTCP results exp_id 0:: 8flo-11.664Gbps_target
INFO:dale_experiment_rig:Processing results from /data/dh1723/SIRD-Simulator/scripts/r2p2/coord/results/DCTCP-50-8flo-12Gbps-1458B-1000ns-2025-08-12T_16-57-01Z_incast_poisson_3to1_8flo_1458B_1us_93pt312Gbps_same_flo_interarr/data/DCTCP-50/60/applications_trace.str
INFO:dale_experiment_rig:Flow 0:: num of byteloads: 423, num srq events: 423, num rrq events: 1
DEBUG:dale_experiment_rig:Flow 0:: first_event_name: srq, final_event_name: rrq, expected_data_B: 616734, recv_data_B: 616734
INFO:dale_experiment_rig:Flow 1:: num of byteloads: 819, num srq events: 819, num rrq events: 1
DEBUG:dale_experiment_rig:Flow 1:: first_event_name: srq, final_event_name: rrq, expected_data_B: 1194102, recv_data_B: 1194102
INFO:dale_experiment_rig:Flow 2:: num of byteloads: 592, num srq events: 592, num rrq events: 1
DEBUG:dale_experiment_rig:Flow 2:: first_event_name: srq, final_event_name: rrq, expected_data_B: 863136, recv_data_B: 863136
INFO:dale_experiment_rig:Flow 3:: num of byteloads: 686, num srq events: 686, num rrq events: 1
DEBUG:dale_experiment_rig:Flow 3:: first_event_name: srq, final_event_name: rrq, expected_data_B: 1000188, recv_data_B: 1000188
INFO:dale_experiment_rig:Flow 4:: num of byteloads: 199, num srq events: 199, num rrq events: 1
DEBUG:dale_experiment_rig:Flow 4:: first_event_name: srq, final_event_name: rrq, expected_data_B: 290142, recv_data_B: 290142
INFO:dale_experiment_rig:Flow 5:: num of byteloads: 14, num srq events: 14, num rrq events: 1
DEBUG:dale_experiment_rig:Flow 5:: first_event_name: srq, final_event_name: rrq, expected_data_B: 20412, recv_data_B: 20412
INFO:dale_experiment_rig:Flow 6:: num of byteloads: 362, num srq events: 362, num rrq events: 1
DEBUG:dale_experiment_rig:Flow 6:: first_event_name: srq, final_event_name: rrq, expected_data_B: 527796, recv_data_B: 527796
INFO:dale_experiment_rig:Flow 7:: num of byteloads: 1701, num srq events: 1701, num rrq events: 1
DEBUG:dale_experiment_rig:Flow 7:: first_event_name: srq, final_event_name: rrq, expected_data_B: 2480058, recv_data_B: 2480058
INFO:dale_experiment_rig:Flow 0:: num of byteloads: 423, num srq events: 423, num rrq events: 1
DEBUG:dale_experiment_rig:Flow 0:: first_event_name: srq, final_event_name: rrq, expected_data_B: 616734, recv_data_B: 616734
INFO:dale_experiment_rig:Flow 1:: num of byteloads: 819, num srq events: 819, num rrq events: 1
DEBUG:dale_experiment_rig:Flow 1:: first_event_name: srq, final_event_name: rrq, expected_data_B: 1194102, recv_data_B: 1194102
INFO:dale_experiment_rig:Flow 2:: num of byteloads: 592, num srq events: 592, num rrq events: 1
DEBUG:dale_experiment_rig:Flow 2:: first_event_name: srq, final_event_name: rrq, expected_data_B: 863136, recv_data_B: 863136
INFO:dale_experiment_rig:Flow 3:: num of byteloads: 686, num srq events: 686, num rrq events: 1
DEBUG:dale_experiment_rig:Flow 3:: first_event_name: srq, final_event_name: rrq, expected_data_B: 1000188, recv_data_B: 1000188
INFO:dale_experiment_rig:Flow 4:: num of byteloads: 199, num srq events: 199, num rrq events: 1
DEBUG:dale_experiment_rig:Flow 4:: first_event_name: srq, final_event_name: rrq, expected_data_B: 290142, recv_data_B: 290142
INFO:dale_experiment_rig:Flow 5:: num of byteloads: 14, num srq events: 14, num rrq events: 1
DEBUG:dale_experiment_rig:Flow 5:: first_event_name: srq, final_event_name: rrq, expected_data_B: 20412, recv_data_B: 20412
INFO:dale_experiment_rig:Flow 6:: num of byteloads: 362, num srq events: 362, num rrq events: 1
DEBUG:dale_experiment_rig:Flow 6:: first_event_name: srq, final_event_name: rrq, expected_data_B: 527796, recv_data_B: 527796
INFO:dale_experiment_rig:Flow 7:: num of byteloads: 1701, num srq events: 1701, num rrq events: 1
DEBUG:dale_experiment_rig:Flow 7:: first_event_name: srq, final_event_name: rrq, expected_data_B: 2480058, recv_data_B: 2480058
INFO:dale_experiment_rig:Flow 0:: num of byteloads: 423, num srq events: 423, num rrq events: 1
DEBUG:dale_experiment_rig:Flow 0:: first_event_name: srq, final_event_name: rrq, expected_data_B: 616734, recv_data_B: 616734
INFO:dale_experiment_rig:Flow 1:: num of byteloads: 819, num srq events: 819, num rrq events: 1
DEBUG:dale_experiment_rig:Flow 1:: first_event_name: srq, final_event_name: rrq, expected_data_B: 1194102, recv_data_B: 1194102
INFO:dale_experiment_rig:Flow 2:: num of byteloads: 592, num srq events: 592, num rrq events: 1
DEBUG:dale_experiment_rig:Flow 2:: first_event_name: srq, final_event_name: rrq, expected_data_B: 863136, recv_data_B: 863136
INFO:dale_experiment_rig:Flow 3:: num of byteloads: 686, num srq events: 686, num rrq events: 1
DEBUG:dale_experiment_rig:Flow 3:: first_event_name: srq, final_event_name: rrq, expected_data_B: 1000188, recv_data_B: 1000188
INFO:dale_experiment_rig:Flow 4:: num of byteloads: 199, num srq events: 199, num rrq events: 1
DEBUG:dale_experiment_rig:Flow 4:: first_event_name: srq, final_event_name: rrq, expected_data_B: 290142, recv_data_B: 290142
INFO:dale_experiment_rig:Flow 5:: num of byteloads: 14, num srq events: 14, num rrq events: 1
DEBUG:dale_experiment_rig:Flow 5:: first_event_name: srq, final_event_name: rrq, expected_data_B: 20412, recv_data_B: 20412
INFO:dale_experiment_rig:Flow 6:: num of byteloads: 362, num srq events: 362, num rrq events: 1
DEBUG:dale_experiment_rig:Flow 6:: first_event_name: srq, final_event_name: rrq, expected_data_B: 527796, recv_data_B: 527796
INFO:dale_experiment_rig:Flow 7:: num of byteloads: 1701, num srq events: 1701, num rrq events: 1
DEBUG:dale_experiment_rig:Flow 7:: first_event_name: srq, final_event_name: rrq, expected_data_B: 2480058, recv_data_B: 2480058
INFO:dale_experiment_rig:DCTCP-50 FCT (ms): [0.0010764960000013701, 0.0017737210000010606, 0.0016996260000006203, 0.0017396600000001428, 0.0005342989999999048, 3.518600000163019e-05, 0.00092292900000146, 0.0017053680000014282, 0.0010832140000012203, 0.0017735900000008797, 0.0017014330000009181, 0.001743873000000562, 0.0005344059999998763, 3.5309000001149116e-05, 0.000925596000000084, 0.0017058600000012802, 0.0010832880000002376, 0.0017757730000003136, 0.0017011440000000988, 0.001744148000000223, 0.000534513000001624, 3.543200000066804e-05, 0.0009256799999999288, 0.0017054910000009471]
App Gdpt (overall): 98.71174588227356 Gbps
App Gdpt (per flow): [11.663999999989871, 11.66399999999071, 11.663999999999838, 11.663999999987862, 11.663999999939284, 11.663999999166531, 11.663999999947979, 11.66399999999062, 11.663999999989871, 11.66399999999071, 11.663999999999838, 11.663999999987862, 11.663999999939284, 11.663999999166531, 11.663999999947979, 11.66399999999062, 11.663999999989871, 11.66399999999071, 11.663999999999838, 11.663999999987862, 11.663999999939284, 11.663999999166531, 11.663999999947979, 11.66399999999062]
Network Gdpt (overall): 94.506241507203
Network Gdpt (per flow): [4.583270165419769, 5.385748942474204, 4.0627102668454596, 4.5994642631315, 4.344264166693955, 4.64093673598688, 4.574965138156153, 11.63412471676693, 4.5548451183186724, 5.386146741916261, 4.058395481923928, 4.588352477501184, 4.3433943481183555, 4.624769888546422, 4.561782894480547, 11.630769230760503, 4.554533974343774, 5.379525423575149, 4.05908494518959, 4.587629031480687, 4.342524877772753, 4.608715285530628, 4.561368939590706, 11.633285663770131]
INFO:dale_experiment_rig:
##### GENERATE METRICS #####
INFO:dale_experiment_rig:Poisson_Flows_incast_poisson_3to1_8flo_1458B_1us_93pt312Gbps_same_flo_interarr
INFO:__main__:Protos tested: ['SSIRD', 'DCTCP-50']
INFO:__main__:Topo Yaml File: 4-hosts.yaml
INFO:__main__:Src-Dst pairs list: [(1, 0), (2, 0), (3, 0)]
INFO:__main__:Num Flows: 8
INFO:__main__:Byteload Size (B): 1458
INFO:__main__:Target Mean Byteload Interval (ns): 1000
INFO:__main__:  is_use_poisson_num_byteloads=True
INFO:__main__:Target Mean Flow Interarrival (ns): 0
INFO:__main__:  is_use_poisson_flow_interarr=False
INFO:__main__:Target Flow Rate (Gbps): 11.664
INFO:__main__:Num Byteloads: [423, 819, 592, 686, 199, 14, 362, 1701]
INFO:__main__:  is_use_poisson_num_byteloads=True
INFO:__main__:Flow Start Times (us): [0.0, 0.0, 0.0, 0.0, 0.0, 0.0, 0.0, 0.0]
INFO:__main__:Flow Rate (Gbps): [11.664, 11.664, 11.664, 11.664, 11.664, 11.664, 11.664, 11.664]
INFO:__main__:Flow Size (B): [616734, 1194102, 863136, 1000188, 290142, 20412, 527796, 2480058]
INFO:__main__:Flow Send Durations (us): [422.0, 818.0, 591.0, 685.0, 198.0, 13.0, 361.0, 1700.0]
INFO:__main__:Flow Min Byteload Size (B): [1458, 1458, 1458, 1458, 1458, 1458, 1458, 1458]
INFO:__main__:Flow Max Byteload Size (B): [1458, 1458, 1458, 1458, 1458, 1458, 1458, 1458]
INFO:__main__:Flow Min Interval (us): [0.003, 0.003, 0.002, 0.003, 0.001, 0.016, 0.004, 0.001]
INFO:__main__:Flow Max Interval (us): [7.533, 7.924, 7.517, 5.386, 6.317, 3.414, 5.432, 7.265]
INFO:__main__:APP Gdpt Gbps measured (SSIRD): [98.71174588227356]
INFO:__main__:APP Gdpt Gbps measured (DCTCP): [98.71174588227356]
DEBUG:__main__:APP Gdpt Gbps measured per flow (SSIRD): [[11.663999999989871, 11.66399999999071, 11.663999999999838, 11.663999999987862, 11.663999999939284, 11.663999999166531, 11.663999999947979, 11.66399999999062, 11.663999999989871, 11.66399999999071, 11.663999999999838, 11.663999999987862, 11.663999999939284, 11.663999999166531, 11.663999999947979, 11.66399999999062, 11.663999999989871, 11.66399999999071, 11.663999999999838, 11.663999999987862, 11.663999999939284, 11.663999999166531, 11.663999999947979, 11.66399999999062]]
DEBUG:__main__:APP Gdpt Gbps measured per flow (DCTCP): [[11.663999999989871, 11.66399999999071, 11.663999999999838, 11.663999999987862, 11.663999999939284, 11.663999999166531, 11.663999999947979, 11.66399999999062, 11.663999999989871, 11.66399999999071, 11.663999999999838, 11.663999999987862, 11.663999999939284, 11.663999999166531, 11.663999999947979, 11.66399999999062, 11.663999999989871, 11.66399999999071, 11.663999999999838, 11.663999999987862, 11.663999999939284, 11.663999999166531, 11.663999999947979, 11.66399999999062]]
INFO:__main__:NW Gdpt Gbps measured (SSIRD): [89.6167120566428]
INFO:__main__:NW Gdpt Gbps measured (DCTCP): [94.506241507203]
DEBUG:__main__:NW Gdpt Gbps measured per flow (SSIRD): [[4.706667060964546, 11.58506876225765, 11.410181288202875, 11.550665409790696, 3.1250484683955126, 3.726857768716819, 4.895345884820685, 10.59480311428617, 4.330495413097731, 6.102733346364283, 5.274808279772332, 11.561279882071085, 3.333049971277487, 3.4424487730184223, 4.572156241064516, 11.601769228426217, 4.08940903439589, 5.654360564909298, 4.940940591397125, 11.376341089593652, 2.9225794754008207, 2.3401547721254756, 4.289407144252109, 11.602603741160134]]
DEBUG:__main__:NW Gdpt Gbps measured per flow (DCTCP): [[4.583270165419769, 5.385748942474204, 4.0627102668454596, 4.5994642631315, 4.344264166693955, 4.64093673598688, 4.574965138156153, 11.63412471676693, 4.5548451183186724, 5.386146741916261, 4.058395481923928, 4.588352477501184, 4.3433943481183555, 4.624769888546422, 4.561782894480547, 11.630769230760503, 4.554533974343774, 5.379525423575149, 4.05908494518959, 4.587629031480687, 4.342524877772753, 4.608715285530628, 4.561368939590706, 11.633285663770131]]
INFO:__main__:* Sim duration (SSIRD): [0.01]
INFO:__main__:* Sim duration (DCTCP): [0.01]
INFO:__main__:* SSIRD FCT: [[0.0010482730000003215, 0.000824580000001518, 0.000605168999999961, 0.0006927310000008902, 0.0007427520000007348, 4.381600000158414e-05, 0.000862527000000668, 0.0018726600000000815, 0.0011393320000010476, 0.0015653340000003624, 0.0013090690000012728, 0.000692095000001558, 0.0006964000000007076, 4.743600000089998e-05, 0.0009234960000004122, 0.0017101240000005902, 0.0012065000000003323, 0.0016894600000014748, 0.0013975250000015649, 0.0007033459999998826, 0.000794208000000296, 6.978000000046336e-05, 0.0009843710000012607, 0.0017100010000010712]]
INFO:__main__:* DCTCP FCT: [[0.0010764960000013701, 0.0017737210000010606, 0.0016996260000006203, 0.0017396600000001428, 0.0005342989999999048, 3.518600000163019e-05, 0.00092292900000146, 0.0017053680000014282, 0.0010832140000012203, 0.0017735900000008797, 0.0017014330000009181, 0.001743873000000562, 0.0005344059999998763, 3.5309000001149116e-05, 0.000925596000000084, 0.0017058600000012802, 0.0010832880000002376, 0.0017757730000003136, 0.0017011440000000988, 0.001744148000000223, 0.000534513000001624, 3.543200000066804e-05, 0.0009256799999999288, 0.0017054910000009471]]
