INFO:root:PoissonIntervalGenerator: Genrate Byteload Intervals:
target_mean_ns=1000
min_interval_ns=1
max_interval_ns=10000
num_intervals=998
num_samples_needed=1
DEBUG:root:Step 1) λ solving for mean=1000 is 0.001000
DEBUG:root:Generated samples: shape=(1, 998)
DEBUG:root:Step 2) Generated 1 samples, taking first 1 samples needed
DEBUG:root:sample unique means (ns): [1000.]
INFO:root:PoissonIntervalGenerator: Genrate Byteload Intervals:
target_mean_ns=1000
min_interval_ns=1
max_interval_ns=10000
num_intervals=74
num_samples_needed=1
DEBUG:root:Step 1) λ solving for mean=1000 is 0.001000
DEBUG:root:Generated samples: shape=(1, 74)
DEBUG:root:Step 2) Generated 1 samples, taking first 1 samples needed
DEBUG:root:sample unique means (ns): [1000.]
INFO:root:PoissonIntervalGenerator: Genrate Byteload Intervals:
target_mean_ns=1000
min_interval_ns=1
max_interval_ns=10000
num_intervals=47
num_samples_needed=1
DEBUG:root:Step 1) λ solving for mean=1000 is 0.001000
DEBUG:root:Generated samples: shape=(1, 47)
DEBUG:root:Step 2) Generated 1 samples, taking first 1 samples needed
DEBUG:root:sample unique means (ns): [1000.]
INFO:root:PoissonIntervalGenerator: Genrate Byteload Intervals:
target_mean_ns=1000
min_interval_ns=1
max_interval_ns=10000
num_intervals=661
num_samples_needed=1
DEBUG:root:Step 1) λ solving for mean=1000 is 0.001000
DEBUG:root:Generated samples: shape=(1, 661)
DEBUG:root:Step 2) Generated 1 samples, taking first 1 samples needed
DEBUG:root:sample unique means (ns): [1000.]
INFO:root:PoissonIntervalGenerator: Genrate Byteload Intervals:
target_mean_ns=1000
min_interval_ns=1
max_interval_ns=10000
num_intervals=598
num_samples_needed=1
DEBUG:root:Step 1) λ solving for mean=1000 is 0.001000
DEBUG:root:Generated samples: shape=(1, 598)
DEBUG:root:Step 2) Generated 1 samples, taking first 1 samples needed
DEBUG:root:sample unique means (ns): [1000.]
INFO:root:PoissonIntervalGenerator: Genrate Byteload Intervals:
target_mean_ns=1000
min_interval_ns=1
max_interval_ns=10000
num_intervals=37
num_samples_needed=1
DEBUG:root:Step 1) λ solving for mean=1000 is 0.001000
DEBUG:root:Generated samples: shape=(1, 37)
DEBUG:root:Step 2) Generated 1 samples, taking first 1 samples needed
DEBUG:root:sample unique means (ns): [1000.]
INFO:root:PoissonIntervalGenerator: Genrate Byteload Intervals:
target_mean_ns=1000
min_interval_ns=1
max_interval_ns=10000
num_intervals=899
num_samples_needed=1
DEBUG:root:Step 1) λ solving for mean=1000 is 0.001000
DEBUG:root:Generated samples: shape=(1, 899)
DEBUG:root:Step 2) Generated 1 samples, taking first 1 samples needed
DEBUG:root:sample unique means (ns): [1000.]
INFO:root:PoissonIntervalGenerator: Genrate Byteload Intervals:
target_mean_ns=1000
min_interval_ns=1
max_interval_ns=10000
num_intervals=69
num_samples_needed=1
DEBUG:root:Step 1) λ solving for mean=1000 is 0.001000
DEBUG:root:Generated samples: shape=(1, 69)
DEBUG:root:Step 2) Generated 1 samples, taking first 1 samples needed
DEBUG:root:sample unique means (ns): [1000.]
INFO:__main__:Protos tested: ['SSIRD', 'DCTCP-50']
INFO:__main__:Topo Yaml File: 10-hosts-dumbbell.yaml
INFO:__main__:Src-Dst pairs list: [(1, 0), (2, 0), (3, 0), (4, 0), (5, 0), (6, 0), (7, 0), (8, 0), (9, 0)]
INFO:__main__:Num Flows: 8
INFO:__main__:Byteload Size (B): 1458
INFO:__main__:Target Mean Byteload Interval (ns): 1000
INFO:__main__:  is_use_poisson_byteload_intervals=True
INFO:__main__:Target Mean Flow Interarrival (ns): 1000
INFO:__main__:  is_use_poisson_flow_interarr=True
INFO:__main__:Target Flow Rate (Gbps): 11.664
INFO:__main__:Num Byteloads: [999, 75, 48, 662, 599, 38, 900, 70]
INFO:__main__:  is_use_poisson_num_byteloads=True
INFO:__main__:Flow Start Times (us): [0.417, 0.623, 0.682, 0.726, 4.102, 4.51, 4.518, 5.449]
INFO:__main__:Flow Rate (Gbps): [11.664, 11.664, 11.664, 11.664, 11.664, 11.664, 11.664, 11.664]
INFO:__main__:Flow Size (B): [1456542, 109350, 69984, 965196, 873342, 55404, 1312200, 102060]
INFO:__main__:Flow Send Durations (us): [998.417, 74.623, 47.682, 661.726, 602.102, 41.51, 903.518, 74.449]
INFO:__main__:Flow Min Byteload Size (B): [1458, 1458, 1458, 1458, 1458, 1458, 1458, 1458]
INFO:__main__:Flow Max Byteload Size (B): [1458, 1458, 1458, 1458, 1458, 1458, 1458, 1458]
INFO:__main__:Flow Min Interval (us): [0.004, 0.017, 0.042, 0.002, 0.003, 0.03, 0.001, 0.042]
INFO:__main__:Flow Max Interval (us): [7.687, 4.213, 4.407, 6.377, 8.924, 4.638, 7.743, 3.053]
DEBUG:__main__:Max flow send durations (us): 998.417
INFO:__main__:* Sim duration (SSIRD): [0.1]
INFO:__main__:* Sim duration (DCTCP): [0.1]
INFO:dale_experiment_rig:Experiment started at: 2025-08-12 18:35:49.281595
INFO:dale_experiment_rig:
##### RUN GROUP #####
INFO:dale_experiment_rig:
=====
Execute experiment 8flo-12Gbps-1458B-1000ns-2025-08-12T_18-35-13Z_incast_poisson_9to1_8flo_1458B_1us_93pt312Gbps
INFO:dale_experiment_rig:Flags: 1, 1, 1, 1, 0
INFO:dale_experiment_rig:
=====
Execute experiment 8flo-12Gbps-1458B-1000ns-2025-08-12T_18-35-13Z_incast_poisson_9to1_8flo_1458B_1us_93pt312Gbps
INFO:dale_experiment_rig:ssird_sim_duration=0.100000; dctcp_sim_duration=0.100000
INFO:dale_experiment_rig:Flags: 1, 1, 1, 1, 0
INFO:dale_experiment_rig:-----
Preparing experiment input MRIs
INFO:dale_experiment_rig:ssird_sim_duration=0.100000; dctcp_sim_duration=0.100000
INFO:dale_experiment_rig:### Creating MRI inputs parent dir: /data/dh1723/SIRD-Simulator/scripts/r2p2/coord/config/manual-req-intervals/dale_experiments/Poisson_Flows_incast_poisson_9to1_8flo_1458B_1us_93pt312Gbps/
INFO:dale_experiment_rig:-----
Preparing experiment input MRIs
INFO:dale_experiment_rig:### Creating MRI inputs parent dir: /data/dh1723/SIRD-Simulator/scripts/r2p2/coord/config/manual-req-intervals/dale_experiments/Poisson_Flows_incast_poisson_9to1_8flo_1458B_1us_93pt312Gbps/
INFO:dale_experiment_rig:File /data/dh1723/SIRD-Simulator/scripts/r2p2/coord/config/manual-req-intervals/dale_experiments/Poisson_Flows_incast_poisson_9to1_8flo_1458B_1us_93pt312Gbps/ aready exists.
DEBUG:dale_experiment_rig:num flows: 8
DEBUG:dale_experiment_rig:num flows: 8
DEBUG:dale_experiment_rig:num flows: 8
DEBUG:dale_experiment_rig:num flows: 8
DEBUG:dale_experiment_rig:num flows: 8
DEBUG:dale_experiment_rig:num flows: 8
DEBUG:dale_experiment_rig:num flows: 8
DEBUG:dale_experiment_rig:num flows: 8
DEBUG:dale_experiment_rig:num flows: 8
DEBUG:dale_experiment_rig:num flows: 8
DEBUG:dale_experiment_rig:num flows: 8
DEBUG:dale_experiment_rig:num flows: 8
DEBUG:dale_experiment_rig:num flows: 8
DEBUG:dale_experiment_rig:num flows: 8
DEBUG:dale_experiment_rig:num flows: 8
DEBUG:dale_experiment_rig:num flows: 8
DEBUG:dale_experiment_rig:num flows: 8
DEBUG:dale_experiment_rig:num flows: 8
INFO:dale_experiment_rig:-----
Preparing experiment spec scripts
INFO:dale_experiment_rig:### Creating spec scripts parent dir: /data/dh1723/SIRD-Simulator/scripts/r2p2/coord/config/dale_experiments/Poisson_Flows_incast_poisson_9to1_8flo_1458B_1us_93pt312Gbps/
INFO:dale_experiment_rig:-----
Preparing experiment spec scripts
INFO:dale_experiment_rig:### Creating spec scripts parent dir: /data/dh1723/SIRD-Simulator/scripts/r2p2/coord/config/dale_experiments/Poisson_Flows_incast_poisson_9to1_8flo_1458B_1us_93pt312Gbps/
INFO:dale_experiment_rig:#### WARNING: File /data/dh1723/SIRD-Simulator/scripts/r2p2/coord/config/dale_experiments/Poisson_Flows_incast_poisson_9to1_8flo_1458B_1us_93pt312Gbps/ aready exists.
INFO:dale_experiment_rig:-----
Running experiment for DCTCP-50
INFO:dale_experiment_rig:### Script:/data/dh1723/SIRD-Simulator/scripts/r2p2/coord/config/dale_experiments/Poisson_Flows_incast_poisson_9to1_8flo_1458B_1us_93pt312Gbps/DCTCP-50-8flo-12Gbps-1458B-1000ns-2025-08-12T_18-35-13Z_incast_poisson_9to1_8flo_1458B_1us_93pt312Gbps.sh
INFO:dale_experiment_rig:### Output path (stdout): /data/dh1723/SIRD-Simulator/scripts/r2p2/coord/outputs/Poisson_Flows_incast_poisson_9to1_8flo_1458B_1us_93pt312Gbps/DCTCP-50_8flo-12Gbps-1458B-1000ns-2025-08-12T_18-35-13Z_incast_poisson_9to1_8flo_1458B_1us_93pt312Gbps_stdout.out
INFO:dale_experiment_rig:### Output path (stderr): /data/dh1723/SIRD-Simulator/scripts/r2p2/coord/outputs/Poisson_Flows_incast_poisson_9to1_8flo_1458B_1us_93pt312Gbps/DCTCP-50_8flo-12Gbps-1458B-1000ns-2025-08-12T_18-35-13Z_incast_poisson_9to1_8flo_1458B_1us_93pt312Gbps_stderr.out
INFO:dale_experiment_rig:-----
Running experiment for SSIRD
INFO:dale_experiment_rig:### Script:/data/dh1723/SIRD-Simulator/scripts/r2p2/coord/config/dale_experiments/Poisson_Flows_incast_poisson_9to1_8flo_1458B_1us_93pt312Gbps/SSIRD-8flo-12Gbps-1458B-1000ns-2025-08-12T_18-35-13Z_incast_poisson_9to1_8flo_1458B_1us_93pt312Gbps.sh
INFO:dale_experiment_rig:### Output path (stdout): /data/dh1723/SIRD-Simulator/scripts/r2p2/coord/outputs/Poisson_Flows_incast_poisson_9to1_8flo_1458B_1us_93pt312Gbps/ssird_8flo-12Gbps-1458B-1000ns-2025-08-12T_18-35-13Z_incast_poisson_9to1_8flo_1458B_1us_93pt312Gbps_stdout.out
INFO:dale_experiment_rig:### Output path (stderr): /data/dh1723/SIRD-Simulator/scripts/r2p2/coord/outputs/Poisson_Flows_incast_poisson_9to1_8flo_1458B_1us_93pt312Gbps/ssird_8flo-12Gbps-1458B-1000ns-2025-08-12T_18-35-13Z_incast_poisson_9to1_8flo_1458B_1us_93pt312Gbps_stderr.out
INFO:dale_experiment_rig:-----
Backing up app trace file paths
DEBUG:dale_experiment_rig:/data/dh1723/SIRD-Simulator/scripts/r2p2/post-process/experiment_app_trace_paths/Poisson_Flows_incast_poisson_9to1_8flo_1458B_1us_93pt312Gbps/8flo_12Gbps_2025-08-13T_14-40-27Z/SSIRD_app_traces.txt
INFO:dale_experiment_rig:-----
Backing up app trace file paths
DEBUG:dale_experiment_rig:/data/dh1723/SIRD-Simulator/scripts/r2p2/post-process/experiment_app_trace_paths/Poisson_Flows_incast_poisson_9to1_8flo_1458B_1us_93pt312Gbps/8flo_12Gbps_2025-08-13T_14-40-27Z/DCTCP-50_app_traces.txt
INFO:dale_experiment_rig:Simulations ended at: 2025-08-13 14:40:27.197676
INFO:dale_experiment_rig:
##### POST PROCESS RESULTS #####
INFO:dale_experiment_rig:=====
** Num Flows: 8, Target Flow Rate (Gbps): 11.664, ssird_sim_dur (s): 0.1, dctcp_sim_dur (s): 0.1
INFO:dale_experiment_rig:Processing SIRD results exp_id 0:: 8flo-11.664Gbps_target
INFO:dale_experiment_rig:Processing results from /data/dh1723/SIRD-Simulator/scripts/r2p2/coord/results/SSIRD-8flo-12Gbps-1458B-1000ns-2025-08-12T_18-35-13Z_incast_poisson_9to1_8flo_1458B_1us_93pt312Gbps/data/SSIRD/60/applications_trace.str
INFO:dale_experiment_rig:Flow 0:: num of byteloads: 999, num srq events: 999, num rrq events: 1
DEBUG:dale_experiment_rig:Flow 0:: first_event_name: srq, final_event_name: rrq, expected_data_B: 1456542, recv_data_B: 1456542
INFO:dale_experiment_rig:Flow 1:: num of byteloads: 75, num srq events: 75, num rrq events: 1
DEBUG:dale_experiment_rig:Flow 1:: first_event_name: srq, final_event_name: rrq, expected_data_B: 109350, recv_data_B: 109350
INFO:dale_experiment_rig:Flow 2:: num of byteloads: 48, num srq events: 48, num rrq events: 1
DEBUG:dale_experiment_rig:Flow 2:: first_event_name: srq, final_event_name: rrq, expected_data_B: 69984, recv_data_B: 69984
INFO:dale_experiment_rig:Flow 3:: num of byteloads: 662, num srq events: 662, num rrq events: 1
DEBUG:dale_experiment_rig:Flow 3:: first_event_name: srq, final_event_name: rrq, expected_data_B: 965196, recv_data_B: 965196
INFO:dale_experiment_rig:Flow 4:: num of byteloads: 599, num srq events: 599, num rrq events: 5
DEBUG:dale_experiment_rig:Flow 4:: first_event_name: srq, final_event_name: rrq, expected_data_B: 873342, recv_data_B: 873342
INFO:dale_experiment_rig:Flow 5:: num of byteloads: 38, num srq events: 38, num rrq events: 1
DEBUG:dale_experiment_rig:Flow 5:: first_event_name: srq, final_event_name: rrq, expected_data_B: 55404, recv_data_B: 55404
INFO:dale_experiment_rig:Flow 6:: num of byteloads: 900, num srq events: 900, num rrq events: 1
DEBUG:dale_experiment_rig:Flow 6:: first_event_name: srq, final_event_name: rrq, expected_data_B: 1312200, recv_data_B: 1312200
INFO:dale_experiment_rig:Flow 7:: num of byteloads: 70, num srq events: 70, num rrq events: 2
DEBUG:dale_experiment_rig:Flow 7:: first_event_name: srq, final_event_name: rrq, expected_data_B: 102060, recv_data_B: 102060
INFO:dale_experiment_rig:Flow 0:: num of byteloads: 999, num srq events: 999, num rrq events: 1
DEBUG:dale_experiment_rig:Flow 0:: first_event_name: srq, final_event_name: rrq, expected_data_B: 1456542, recv_data_B: 1456542
INFO:dale_experiment_rig:Flow 1:: num of byteloads: 75, num srq events: 75, num rrq events: 1
DEBUG:dale_experiment_rig:Flow 1:: first_event_name: srq, final_event_name: rrq, expected_data_B: 109350, recv_data_B: 109350
INFO:dale_experiment_rig:Flow 2:: num of byteloads: 48, num srq events: 48, num rrq events: 1
DEBUG:dale_experiment_rig:Flow 2:: first_event_name: srq, final_event_name: rrq, expected_data_B: 69984, recv_data_B: 69984
INFO:dale_experiment_rig:Flow 3:: num of byteloads: 662, num srq events: 662, num rrq events: 1
DEBUG:dale_experiment_rig:Flow 3:: first_event_name: srq, final_event_name: rrq, expected_data_B: 965196, recv_data_B: 965196
INFO:dale_experiment_rig:Flow 4:: num of byteloads: 599, num srq events: 599, num rrq events: 1
DEBUG:dale_experiment_rig:Flow 4:: first_event_name: srq, final_event_name: rrq, expected_data_B: 873342, recv_data_B: 873342
INFO:dale_experiment_rig:Flow 5:: num of byteloads: 38, num srq events: 38, num rrq events: 1
DEBUG:dale_experiment_rig:Flow 5:: first_event_name: srq, final_event_name: rrq, expected_data_B: 55404, recv_data_B: 55404
INFO:dale_experiment_rig:Flow 6:: num of byteloads: 900, num srq events: 900, num rrq events: 1
DEBUG:dale_experiment_rig:Flow 6:: first_event_name: srq, final_event_name: rrq, expected_data_B: 1312200, recv_data_B: 1312200
INFO:dale_experiment_rig:Flow 7:: num of byteloads: 70, num srq events: 70, num rrq events: 1
DEBUG:dale_experiment_rig:Flow 7:: first_event_name: srq, final_event_name: rrq, expected_data_B: 102060, recv_data_B: 102060
INFO:dale_experiment_rig:Flow 0:: num of byteloads: 999, num srq events: 999, num rrq events: 1
DEBUG:dale_experiment_rig:Flow 0:: first_event_name: srq, final_event_name: rrq, expected_data_B: 1456542, recv_data_B: 1456542
INFO:dale_experiment_rig:Flow 1:: num of byteloads: 75, num srq events: 75, num rrq events: 1
DEBUG:dale_experiment_rig:Flow 1:: first_event_name: srq, final_event_name: rrq, expected_data_B: 109350, recv_data_B: 109350
INFO:dale_experiment_rig:Flow 2:: num of byteloads: 48, num srq events: 48, num rrq events: 1
DEBUG:dale_experiment_rig:Flow 2:: first_event_name: srq, final_event_name: rrq, expected_data_B: 69984, recv_data_B: 69984
INFO:dale_experiment_rig:Flow 3:: num of byteloads: 662, num srq events: 662, num rrq events: 1
DEBUG:dale_experiment_rig:Flow 3:: first_event_name: srq, final_event_name: rrq, expected_data_B: 965196, recv_data_B: 965196
INFO:dale_experiment_rig:Flow 4:: num of byteloads: 599, num srq events: 599, num rrq events: 2
DEBUG:dale_experiment_rig:Flow 4:: first_event_name: srq, final_event_name: rrq, expected_data_B: 873342, recv_data_B: 873342
INFO:dale_experiment_rig:Flow 5:: num of byteloads: 38, num srq events: 38, num rrq events: 1
DEBUG:dale_experiment_rig:Flow 5:: first_event_name: srq, final_event_name: rrq, expected_data_B: 55404, recv_data_B: 55404
INFO:dale_experiment_rig:Flow 6:: num of byteloads: 900, num srq events: 900, num rrq events: 1
DEBUG:dale_experiment_rig:Flow 6:: first_event_name: srq, final_event_name: rrq, expected_data_B: 1312200, recv_data_B: 1312200
INFO:dale_experiment_rig:Flow 7:: num of byteloads: 70, num srq events: 70, num rrq events: 1
DEBUG:dale_experiment_rig:Flow 7:: first_event_name: srq, final_event_name: rrq, expected_data_B: 102060, recv_data_B: 102060
INFO:dale_experiment_rig:Flow 0:: num of byteloads: 999, num srq events: 999, num rrq events: 1
DEBUG:dale_experiment_rig:Flow 0:: first_event_name: srq, final_event_name: rrq, expected_data_B: 1456542, recv_data_B: 1456542
INFO:dale_experiment_rig:Flow 1:: num of byteloads: 75, num srq events: 75, num rrq events: 1
DEBUG:dale_experiment_rig:Flow 1:: first_event_name: srq, final_event_name: rrq, expected_data_B: 109350, recv_data_B: 109350
INFO:dale_experiment_rig:Flow 2:: num of byteloads: 48, num srq events: 48, num rrq events: 1
DEBUG:dale_experiment_rig:Flow 2:: first_event_name: srq, final_event_name: rrq, expected_data_B: 69984, recv_data_B: 69984
INFO:dale_experiment_rig:Flow 3:: num of byteloads: 662, num srq events: 662, num rrq events: 1
DEBUG:dale_experiment_rig:Flow 3:: first_event_name: srq, final_event_name: rrq, expected_data_B: 965196, recv_data_B: 965196
INFO:dale_experiment_rig:Flow 4:: num of byteloads: 599, num srq events: 599, num rrq events: 3
DEBUG:dale_experiment_rig:Flow 4:: first_event_name: srq, final_event_name: rrq, expected_data_B: 873342, recv_data_B: 873342
INFO:dale_experiment_rig:Flow 5:: num of byteloads: 38, num srq events: 38, num rrq events: 1
DEBUG:dale_experiment_rig:Flow 5:: first_event_name: srq, final_event_name: rrq, expected_data_B: 55404, recv_data_B: 55404
INFO:dale_experiment_rig:Flow 6:: num of byteloads: 900, num srq events: 900, num rrq events: 1
DEBUG:dale_experiment_rig:Flow 6:: first_event_name: srq, final_event_name: rrq, expected_data_B: 1312200, recv_data_B: 1312200
INFO:dale_experiment_rig:Flow 7:: num of byteloads: 70, num srq events: 70, num rrq events: 1
DEBUG:dale_experiment_rig:Flow 7:: first_event_name: srq, final_event_name: rrq, expected_data_B: 102060, recv_data_B: 102060
INFO:dale_experiment_rig:Flow 0:: num of byteloads: 999, num srq events: 999, num rrq events: 1
DEBUG:dale_experiment_rig:Flow 0:: first_event_name: srq, final_event_name: rrq, expected_data_B: 1456542, recv_data_B: 1456542
INFO:dale_experiment_rig:Flow 1:: num of byteloads: 75, num srq events: 75, num rrq events: 1
DEBUG:dale_experiment_rig:Flow 1:: first_event_name: srq, final_event_name: rrq, expected_data_B: 109350, recv_data_B: 109350
INFO:dale_experiment_rig:Flow 2:: num of byteloads: 48, num srq events: 48, num rrq events: 1
DEBUG:dale_experiment_rig:Flow 2:: first_event_name: srq, final_event_name: rrq, expected_data_B: 69984, recv_data_B: 69984
INFO:dale_experiment_rig:Flow 3:: num of byteloads: 662, num srq events: 662, num rrq events: 1
DEBUG:dale_experiment_rig:Flow 3:: first_event_name: srq, final_event_name: rrq, expected_data_B: 965196, recv_data_B: 965196
INFO:dale_experiment_rig:Flow 4:: num of byteloads: 599, num srq events: 599, num rrq events: 1
DEBUG:dale_experiment_rig:Flow 4:: first_event_name: srq, final_event_name: rrq, expected_data_B: 873342, recv_data_B: 873342
INFO:dale_experiment_rig:Flow 5:: num of byteloads: 38, num srq events: 38, num rrq events: 1
DEBUG:dale_experiment_rig:Flow 5:: first_event_name: srq, final_event_name: rrq, expected_data_B: 55404, recv_data_B: 55404
INFO:dale_experiment_rig:Flow 6:: num of byteloads: 900, num srq events: 900, num rrq events: 1
DEBUG:dale_experiment_rig:Flow 6:: first_event_name: srq, final_event_name: rrq, expected_data_B: 1312200, recv_data_B: 1312200
INFO:dale_experiment_rig:Flow 7:: num of byteloads: 70, num srq events: 70, num rrq events: 1
DEBUG:dale_experiment_rig:Flow 7:: first_event_name: srq, final_event_name: rrq, expected_data_B: 102060, recv_data_B: 102060
INFO:dale_experiment_rig:Flow 0:: num of byteloads: 999, num srq events: 999, num rrq events: 1
DEBUG:dale_experiment_rig:Flow 0:: first_event_name: srq, final_event_name: rrq, expected_data_B: 1456542, recv_data_B: 1456542
INFO:dale_experiment_rig:Flow 1:: num of byteloads: 75, num srq events: 75, num rrq events: 1
DEBUG:dale_experiment_rig:Flow 1:: first_event_name: srq, final_event_name: rrq, expected_data_B: 109350, recv_data_B: 109350
INFO:dale_experiment_rig:Flow 2:: num of byteloads: 48, num srq events: 48, num rrq events: 1
DEBUG:dale_experiment_rig:Flow 2:: first_event_name: srq, final_event_name: rrq, expected_data_B: 69984, recv_data_B: 69984
INFO:dale_experiment_rig:Flow 3:: num of byteloads: 662, num srq events: 662, num rrq events: 1
DEBUG:dale_experiment_rig:Flow 3:: first_event_name: srq, final_event_name: rrq, expected_data_B: 965196, recv_data_B: 965196
INFO:dale_experiment_rig:Flow 4:: num of byteloads: 599, num srq events: 599, num rrq events: 3
DEBUG:dale_experiment_rig:Flow 4:: first_event_name: srq, final_event_name: rrq, expected_data_B: 873342, recv_data_B: 873342
INFO:dale_experiment_rig:Flow 5:: num of byteloads: 38, num srq events: 38, num rrq events: 1
DEBUG:dale_experiment_rig:Flow 5:: first_event_name: srq, final_event_name: rrq, expected_data_B: 55404, recv_data_B: 55404
INFO:dale_experiment_rig:Flow 6:: num of byteloads: 900, num srq events: 900, num rrq events: 1
DEBUG:dale_experiment_rig:Flow 6:: first_event_name: srq, final_event_name: rrq, expected_data_B: 1312200, recv_data_B: 1312200
INFO:dale_experiment_rig:Flow 7:: num of byteloads: 70, num srq events: 70, num rrq events: 1
DEBUG:dale_experiment_rig:Flow 7:: first_event_name: srq, final_event_name: rrq, expected_data_B: 102060, recv_data_B: 102060
INFO:dale_experiment_rig:Flow 0:: num of byteloads: 999, num srq events: 999, num rrq events: 1
DEBUG:dale_experiment_rig:Flow 0:: first_event_name: srq, final_event_name: rrq, expected_data_B: 1456542, recv_data_B: 1456542
INFO:dale_experiment_rig:Flow 1:: num of byteloads: 75, num srq events: 75, num rrq events: 1
DEBUG:dale_experiment_rig:Flow 1:: first_event_name: srq, final_event_name: rrq, expected_data_B: 109350, recv_data_B: 109350
INFO:dale_experiment_rig:Flow 2:: num of byteloads: 48, num srq events: 48, num rrq events: 1
DEBUG:dale_experiment_rig:Flow 2:: first_event_name: srq, final_event_name: rrq, expected_data_B: 69984, recv_data_B: 69984
INFO:dale_experiment_rig:Flow 3:: num of byteloads: 662, num srq events: 662, num rrq events: 1
DEBUG:dale_experiment_rig:Flow 3:: first_event_name: srq, final_event_name: rrq, expected_data_B: 965196, recv_data_B: 965196
INFO:dale_experiment_rig:Flow 4:: num of byteloads: 599, num srq events: 599, num rrq events: 1
DEBUG:dale_experiment_rig:Flow 4:: first_event_name: srq, final_event_name: rrq, expected_data_B: 873342, recv_data_B: 873342
INFO:dale_experiment_rig:Flow 5:: num of byteloads: 38, num srq events: 38, num rrq events: 1
DEBUG:dale_experiment_rig:Flow 5:: first_event_name: srq, final_event_name: rrq, expected_data_B: 55404, recv_data_B: 55404
INFO:dale_experiment_rig:Flow 6:: num of byteloads: 900, num srq events: 900, num rrq events: 1
DEBUG:dale_experiment_rig:Flow 6:: first_event_name: srq, final_event_name: rrq, expected_data_B: 1312200, recv_data_B: 1312200
INFO:dale_experiment_rig:Flow 7:: num of byteloads: 70, num srq events: 70, num rrq events: 1
DEBUG:dale_experiment_rig:Flow 7:: first_event_name: srq, final_event_name: rrq, expected_data_B: 102060, recv_data_B: 102060
INFO:dale_experiment_rig:Flow 0:: num of byteloads: 999, num srq events: 999, num rrq events: 1
DEBUG:dale_experiment_rig:Flow 0:: first_event_name: srq, final_event_name: rrq, expected_data_B: 1456542, recv_data_B: 1456542
INFO:dale_experiment_rig:Flow 1:: num of byteloads: 75, num srq events: 75, num rrq events: 1
DEBUG:dale_experiment_rig:Flow 1:: first_event_name: srq, final_event_name: rrq, expected_data_B: 109350, recv_data_B: 109350
INFO:dale_experiment_rig:Flow 2:: num of byteloads: 48, num srq events: 48, num rrq events: 1
DEBUG:dale_experiment_rig:Flow 2:: first_event_name: srq, final_event_name: rrq, expected_data_B: 69984, recv_data_B: 69984
INFO:dale_experiment_rig:Flow 3:: num of byteloads: 662, num srq events: 662, num rrq events: 1
DEBUG:dale_experiment_rig:Flow 3:: first_event_name: srq, final_event_name: rrq, expected_data_B: 965196, recv_data_B: 965196
INFO:dale_experiment_rig:Flow 4:: num of byteloads: 599, num srq events: 599, num rrq events: 1
DEBUG:dale_experiment_rig:Flow 4:: first_event_name: srq, final_event_name: rrq, expected_data_B: 873342, recv_data_B: 873342
INFO:dale_experiment_rig:Flow 5:: num of byteloads: 38, num srq events: 38, num rrq events: 1
DEBUG:dale_experiment_rig:Flow 5:: first_event_name: srq, final_event_name: rrq, expected_data_B: 55404, recv_data_B: 55404
INFO:dale_experiment_rig:Flow 6:: num of byteloads: 900, num srq events: 900, num rrq events: 1
DEBUG:dale_experiment_rig:Flow 6:: first_event_name: srq, final_event_name: rrq, expected_data_B: 1312200, recv_data_B: 1312200
INFO:dale_experiment_rig:Flow 7:: num of byteloads: 70, num srq events: 70, num rrq events: 1
DEBUG:dale_experiment_rig:Flow 7:: first_event_name: srq, final_event_name: rrq, expected_data_B: 102060, recv_data_B: 102060
INFO:dale_experiment_rig:Flow 0:: num of byteloads: 999, num srq events: 999, num rrq events: 1
DEBUG:dale_experiment_rig:Flow 0:: first_event_name: srq, final_event_name: rrq, expected_data_B: 1456542, recv_data_B: 1456542
INFO:dale_experiment_rig:Flow 1:: num of byteloads: 75, num srq events: 75, num rrq events: 1
DEBUG:dale_experiment_rig:Flow 1:: first_event_name: srq, final_event_name: rrq, expected_data_B: 109350, recv_data_B: 109350
INFO:dale_experiment_rig:Flow 2:: num of byteloads: 48, num srq events: 48, num rrq events: 1
DEBUG:dale_experiment_rig:Flow 2:: first_event_name: srq, final_event_name: rrq, expected_data_B: 69984, recv_data_B: 69984
INFO:dale_experiment_rig:Flow 3:: num of byteloads: 662, num srq events: 662, num rrq events: 1
DEBUG:dale_experiment_rig:Flow 3:: first_event_name: srq, final_event_name: rrq, expected_data_B: 965196, recv_data_B: 965196
INFO:dale_experiment_rig:Flow 4:: num of byteloads: 599, num srq events: 599, num rrq events: 2
DEBUG:dale_experiment_rig:Flow 4:: first_event_name: srq, final_event_name: rrq, expected_data_B: 873342, recv_data_B: 873342
INFO:dale_experiment_rig:Flow 5:: num of byteloads: 38, num srq events: 38, num rrq events: 1
DEBUG:dale_experiment_rig:Flow 5:: first_event_name: srq, final_event_name: rrq, expected_data_B: 55404, recv_data_B: 55404
INFO:dale_experiment_rig:Flow 6:: num of byteloads: 900, num srq events: 900, num rrq events: 3
DEBUG:dale_experiment_rig:Flow 6:: first_event_name: srq, final_event_name: rrq, expected_data_B: 1312200, recv_data_B: 1312200
INFO:dale_experiment_rig:Flow 7:: num of byteloads: 70, num srq events: 70, num rrq events: 1
DEBUG:dale_experiment_rig:Flow 7:: first_event_name: srq, final_event_name: rrq, expected_data_B: 102060, recv_data_B: 102060
INFO:dale_experiment_rig:SSIRD FCT (ms): [0.0038730739999994768, 0.0014377830000000813, 0.000409950999999964, 0.0015933249999999788, 0.0006132770000011334, 0.00024989899999994236, 0.0027774849999993023, 0.0005708919999989348, 0.0032567659999998, 0.0006877960000011285, 0.0004613439999996416, 0.0019183969999989614, 0.0015938870000002936, 0.0003486630000004709, 0.0021106080000006244, 0.0004813909999992205, 0.003964246000000671, 0.000778723000001591, 0.00046122100000012267, 0.0016806840000000989, 0.0009631180000013728, 0.00014140300000065054, 0.0028869900000003668, 0.0006249220000000832, 0.0036257630000005037, 0.0007688360000006611, 0.0005717329999992415, 0.002240269999999711, 0.0017527309999998408, 0.00034734699999994234, 0.0024393709999994684, 0.0007055309999994819, 0.0033974010000008548, 0.0007515240000000034, 0.00035453899999993155, 0.00202015099999997, 0.001755437999999998, 0.000235906000000341, 0.0022332790000003655, 0.000638217999998858, 0.0031556269999999387, 0.0007154329999998765, 0.00033138399999899093, 0.0014333729999993494, 0.0006107950000000528, 0.00021562300000077528, 0.0026783140000006256, 0.000650438999999281, 0.00352241000000042, 0.0007623110000007927, 0.00038603099999967583, 0.002119813999998499, 0.001681614000000664, 0.0001648300000010039, 0.002347828999999635, 0.0006619419999989162, 0.0037800550000000044, 0.0007031990000001542, 0.0003194610000001319, 0.0013521669999985164, 0.0006158120000012701, 0.000196200000001312, 0.002564502000000246, 0.0005603849999999966, 0.0030292650000003363, 0.0006863370000012026, 0.00028121899999966615, 0.0015230699999992936, 0.0010483270000012368, 0.0001271130000013443, 0.000908463000000026, 0.0005144149999996017]
App Gdpt (overall): 356.6753026055084 Gbps
App Gdpt (per flow): [11.664000000009745, 11.66399999976959, 11.664000000353406, 11.664000000015273, 11.66399999999808, 11.66399999976959, 11.663999999994457, 11.66400000002118, 11.664000000009745, 11.66399999976959, 11.664000000353406, 11.664000000015273, 11.66399999999808, 11.66399999976959, 11.663999999994457, 11.66400000002118, 11.664000000009745, 11.66399999976959, 11.664000000353406, 11.664000000015273, 11.66399999999808, 11.66399999976959, 11.663999999994457, 11.66400000002118, 11.664000000009745, 11.66399999976959, 11.664000000353406, 11.664000000015273, 11.66399999999808, 11.66399999976959, 11.663999999994457, 11.66400000002118, 11.664000000009745, 11.66399999976959, 11.664000000353406, 11.664000000015273, 11.66399999999808, 11.66399999976959, 11.663999999994457, 11.66400000002118, 11.664000000009745, 11.66399999976959, 11.664000000353406, 11.664000000015273, 11.66399999999808, 11.66399999976959, 11.663999999994457, 11.66400000002118, 11.664000000009745, 11.66399999976959, 11.664000000353406, 11.664000000015273, 11.66399999999808, 11.66399999976959, 11.663999999994457, 11.66400000002118, 11.664000000009745, 11.66399999976959, 11.664000000353406, 11.664000000015273, 11.66399999999808, 11.66399999976959, 11.663999999994457, 11.66400000002118, 11.664000000009745, 11.66399999976959, 11.664000000353406, 11.664000000015273, 11.66399999999808, 11.66399999976959, 11.663999999994457, 11.66400000002118]
Network Gdpt (overall): 89.79604595676953
Network Gdpt (per flow): [3.008549797912866, 0.6084367390628145, 1.365704681779162, 4.846197731159746, 11.392463764313822, 1.7736445523995785, 3.7795343629228015, 1.430182941785002, 3.57788554658232, 1.2718887577109559, 1.2135673163635703, 4.025010464468085, 4.383457547491581, 1.2712332538852742, 4.973732687451624, 1.6960848873396515, 2.939357446535364, 1.1233776323522136, 1.2138909546613252, 4.594300891779505, 7.254288674897616, 3.1345303847723236, 3.6361747009856864, 1.3065310550754994, 3.2137610759441206, 1.137823931240535, 0.9792543022717646, 3.446713119401231, 3.9861998218783343, 1.2760495988163814, 4.303404443195516, 1.1572560241868886, 3.4297794107899153, 1.1640346815271316, 1.5791549025639158, 3.822272691496881, 3.980052841513063, 1.878850050441105, 4.700532266679748, 1.279312084587807, 3.6925580875053443, 1.222756009298077, 1.689496173628494, 5.3869913832641645, 11.438757684655892, 2.0555877619660534, 3.919480688223094, 1.2552752833100453, 3.3080578354020718, 1.147563133680467, 1.4503291186471299, 3.6425686404587707, 4.154779872192573, 2.6890250561020475, 4.471194452407579, 1.2334615419498034, 3.082583719019958, 1.244029072851082, 1.7525519546979722, 5.71051356822676, 11.345566504039528, 2.259082568792233, 4.093426326046536, 1.456998313659368, 3.8465885289001482, 1.274592510674009, 1.9908754387173864, 5.0697394079087506, 6.664653299964379, 3.4869132189100456, 11.555341274217772, 1.5872009953065758]
INFO:dale_experiment_rig:Processing DCTCP results exp_id 0:: 8flo-11.664Gbps_target
INFO:dale_experiment_rig:Processing results from /data/dh1723/SIRD-Simulator/scripts/r2p2/coord/results/DCTCP-50-8flo-12Gbps-1458B-1000ns-2025-08-12T_18-35-13Z_incast_poisson_9to1_8flo_1458B_1us_93pt312Gbps/data/DCTCP-50/60/applications_trace.str
INFO:dale_experiment_rig:Flow 0:: num of byteloads: 999, num srq events: 999, num rrq events: 1
DEBUG:dale_experiment_rig:Flow 0:: first_event_name: srq, final_event_name: rrq, expected_data_B: 1456542, recv_data_B: 1456542
INFO:dale_experiment_rig:Flow 1:: num of byteloads: 75, num srq events: 75, num rrq events: 1
DEBUG:dale_experiment_rig:Flow 1:: first_event_name: srq, final_event_name: rrq, expected_data_B: 109350, recv_data_B: 109350
INFO:dale_experiment_rig:Flow 2:: num of byteloads: 48, num srq events: 48, num rrq events: 1
DEBUG:dale_experiment_rig:Flow 2:: first_event_name: srq, final_event_name: rrq, expected_data_B: 69984, recv_data_B: 69984
INFO:dale_experiment_rig:Flow 3:: num of byteloads: 662, num srq events: 662, num rrq events: 1
DEBUG:dale_experiment_rig:Flow 3:: first_event_name: srq, final_event_name: rrq, expected_data_B: 965196, recv_data_B: 965196
INFO:dale_experiment_rig:Flow 4:: num of byteloads: 599, num srq events: 599, num rrq events: 1
DEBUG:dale_experiment_rig:Flow 4:: first_event_name: srq, final_event_name: rrq, expected_data_B: 873342, recv_data_B: 873342
INFO:dale_experiment_rig:Flow 5:: num of byteloads: 38, num srq events: 38, num rrq events: 1
DEBUG:dale_experiment_rig:Flow 5:: first_event_name: srq, final_event_name: rrq, expected_data_B: 55404, recv_data_B: 55404
INFO:dale_experiment_rig:Flow 6:: num of byteloads: 900, num srq events: 900, num rrq events: 1
DEBUG:dale_experiment_rig:Flow 6:: first_event_name: srq, final_event_name: rrq, expected_data_B: 1312200, recv_data_B: 1312200
INFO:dale_experiment_rig:Flow 7:: num of byteloads: 70, num srq events: 70, num rrq events: 1
DEBUG:dale_experiment_rig:Flow 7:: first_event_name: srq, final_event_name: rrq, expected_data_B: 102060, recv_data_B: 102060
INFO:dale_experiment_rig:Flow 0:: num of byteloads: 999, num srq events: 999, num rrq events: 1
DEBUG:dale_experiment_rig:Flow 0:: first_event_name: srq, final_event_name: rrq, expected_data_B: 1456542, recv_data_B: 1456542
INFO:dale_experiment_rig:Flow 1:: num of byteloads: 75, num srq events: 75, num rrq events: 1
DEBUG:dale_experiment_rig:Flow 1:: first_event_name: srq, final_event_name: rrq, expected_data_B: 109350, recv_data_B: 109350
INFO:dale_experiment_rig:Flow 2:: num of byteloads: 48, num srq events: 48, num rrq events: 1
DEBUG:dale_experiment_rig:Flow 2:: first_event_name: srq, final_event_name: rrq, expected_data_B: 69984, recv_data_B: 69984
INFO:dale_experiment_rig:Flow 3:: num of byteloads: 662, num srq events: 662, num rrq events: 1
DEBUG:dale_experiment_rig:Flow 3:: first_event_name: srq, final_event_name: rrq, expected_data_B: 965196, recv_data_B: 965196
INFO:dale_experiment_rig:Flow 4:: num of byteloads: 599, num srq events: 599, num rrq events: 1
DEBUG:dale_experiment_rig:Flow 4:: first_event_name: srq, final_event_name: rrq, expected_data_B: 873342, recv_data_B: 873342
INFO:dale_experiment_rig:Flow 5:: num of byteloads: 38, num srq events: 38, num rrq events: 1
DEBUG:dale_experiment_rig:Flow 5:: first_event_name: srq, final_event_name: rrq, expected_data_B: 55404, recv_data_B: 55404
INFO:dale_experiment_rig:Flow 6:: num of byteloads: 900, num srq events: 900, num rrq events: 1
DEBUG:dale_experiment_rig:Flow 6:: first_event_name: srq, final_event_name: rrq, expected_data_B: 1312200, recv_data_B: 1312200
INFO:dale_experiment_rig:Flow 7:: num of byteloads: 70, num srq events: 70, num rrq events: 1
DEBUG:dale_experiment_rig:Flow 7:: first_event_name: srq, final_event_name: rrq, expected_data_B: 102060, recv_data_B: 102060
INFO:dale_experiment_rig:Flow 0:: num of byteloads: 999, num srq events: 999, num rrq events: 1
DEBUG:dale_experiment_rig:Flow 0:: first_event_name: srq, final_event_name: rrq, expected_data_B: 1456542, recv_data_B: 1456542
INFO:dale_experiment_rig:Flow 1:: num of byteloads: 75, num srq events: 75, num rrq events: 1
DEBUG:dale_experiment_rig:Flow 1:: first_event_name: srq, final_event_name: rrq, expected_data_B: 109350, recv_data_B: 109350
INFO:dale_experiment_rig:Flow 2:: num of byteloads: 48, num srq events: 48, num rrq events: 1
DEBUG:dale_experiment_rig:Flow 2:: first_event_name: srq, final_event_name: rrq, expected_data_B: 69984, recv_data_B: 69984
INFO:dale_experiment_rig:Flow 3:: num of byteloads: 662, num srq events: 662, num rrq events: 1
DEBUG:dale_experiment_rig:Flow 3:: first_event_name: srq, final_event_name: rrq, expected_data_B: 965196, recv_data_B: 965196
INFO:dale_experiment_rig:Flow 4:: num of byteloads: 599, num srq events: 599, num rrq events: 1
DEBUG:dale_experiment_rig:Flow 4:: first_event_name: srq, final_event_name: rrq, expected_data_B: 873342, recv_data_B: 873342
INFO:dale_experiment_rig:Flow 5:: num of byteloads: 38, num srq events: 38, num rrq events: 1
DEBUG:dale_experiment_rig:Flow 5:: first_event_name: srq, final_event_name: rrq, expected_data_B: 55404, recv_data_B: 55404
INFO:dale_experiment_rig:Flow 6:: num of byteloads: 900, num srq events: 900, num rrq events: 1
DEBUG:dale_experiment_rig:Flow 6:: first_event_name: srq, final_event_name: rrq, expected_data_B: 1312200, recv_data_B: 1312200
INFO:dale_experiment_rig:Flow 7:: num of byteloads: 70, num srq events: 70, num rrq events: 1
DEBUG:dale_experiment_rig:Flow 7:: first_event_name: srq, final_event_name: rrq, expected_data_B: 102060, recv_data_B: 102060
INFO:dale_experiment_rig:Flow 0:: num of byteloads: 999, num srq events: 999, num rrq events: 1
DEBUG:dale_experiment_rig:Flow 0:: first_event_name: srq, final_event_name: rrq, expected_data_B: 1456542, recv_data_B: 1456542
INFO:dale_experiment_rig:Flow 1:: num of byteloads: 75, num srq events: 75, num rrq events: 1
DEBUG:dale_experiment_rig:Flow 1:: first_event_name: srq, final_event_name: rrq, expected_data_B: 109350, recv_data_B: 109350
INFO:dale_experiment_rig:Flow 2:: num of byteloads: 48, num srq events: 48, num rrq events: 1
DEBUG:dale_experiment_rig:Flow 2:: first_event_name: srq, final_event_name: rrq, expected_data_B: 69984, recv_data_B: 69984
INFO:dale_experiment_rig:Flow 3:: num of byteloads: 662, num srq events: 662, num rrq events: 1
DEBUG:dale_experiment_rig:Flow 3:: first_event_name: srq, final_event_name: rrq, expected_data_B: 965196, recv_data_B: 965196
INFO:dale_experiment_rig:Flow 4:: num of byteloads: 599, num srq events: 599, num rrq events: 1
DEBUG:dale_experiment_rig:Flow 4:: first_event_name: srq, final_event_name: rrq, expected_data_B: 873342, recv_data_B: 873342
INFO:dale_experiment_rig:Flow 5:: num of byteloads: 38, num srq events: 38, num rrq events: 1
DEBUG:dale_experiment_rig:Flow 5:: first_event_name: srq, final_event_name: rrq, expected_data_B: 55404, recv_data_B: 55404
INFO:dale_experiment_rig:Flow 6:: num of byteloads: 900, num srq events: 900, num rrq events: 1
DEBUG:dale_experiment_rig:Flow 6:: first_event_name: srq, final_event_name: rrq, expected_data_B: 1312200, recv_data_B: 1312200
INFO:dale_experiment_rig:Flow 7:: num of byteloads: 70, num srq events: 70, num rrq events: 1
DEBUG:dale_experiment_rig:Flow 7:: first_event_name: srq, final_event_name: rrq, expected_data_B: 102060, recv_data_B: 102060
INFO:dale_experiment_rig:Flow 0:: num of byteloads: 999, num srq events: 999, num rrq events: 1
DEBUG:dale_experiment_rig:Flow 0:: first_event_name: srq, final_event_name: rrq, expected_data_B: 1456542, recv_data_B: 1456542
INFO:dale_experiment_rig:Flow 1:: num of byteloads: 75, num srq events: 75, num rrq events: 1
DEBUG:dale_experiment_rig:Flow 1:: first_event_name: srq, final_event_name: rrq, expected_data_B: 109350, recv_data_B: 109350
INFO:dale_experiment_rig:Flow 2:: num of byteloads: 48, num srq events: 48, num rrq events: 1
DEBUG:dale_experiment_rig:Flow 2:: first_event_name: srq, final_event_name: rrq, expected_data_B: 69984, recv_data_B: 69984
INFO:dale_experiment_rig:Flow 3:: num of byteloads: 662, num srq events: 662, num rrq events: 1
DEBUG:dale_experiment_rig:Flow 3:: first_event_name: srq, final_event_name: rrq, expected_data_B: 965196, recv_data_B: 965196
INFO:dale_experiment_rig:Flow 4:: num of byteloads: 599, num srq events: 599, num rrq events: 1
DEBUG:dale_experiment_rig:Flow 4:: first_event_name: srq, final_event_name: rrq, expected_data_B: 873342, recv_data_B: 873342
INFO:dale_experiment_rig:Flow 5:: num of byteloads: 38, num srq events: 38, num rrq events: 1
DEBUG:dale_experiment_rig:Flow 5:: first_event_name: srq, final_event_name: rrq, expected_data_B: 55404, recv_data_B: 55404
INFO:dale_experiment_rig:Flow 6:: num of byteloads: 900, num srq events: 900, num rrq events: 1
DEBUG:dale_experiment_rig:Flow 6:: first_event_name: srq, final_event_name: rrq, expected_data_B: 1312200, recv_data_B: 1312200
INFO:dale_experiment_rig:Flow 7:: num of byteloads: 70, num srq events: 70, num rrq events: 1
DEBUG:dale_experiment_rig:Flow 7:: first_event_name: srq, final_event_name: rrq, expected_data_B: 102060, recv_data_B: 102060
INFO:dale_experiment_rig:Flow 0:: num of byteloads: 999, num srq events: 999, num rrq events: 1
DEBUG:dale_experiment_rig:Flow 0:: first_event_name: srq, final_event_name: rrq, expected_data_B: 1456542, recv_data_B: 1456542
INFO:dale_experiment_rig:Flow 1:: num of byteloads: 75, num srq events: 75, num rrq events: 1
DEBUG:dale_experiment_rig:Flow 1:: first_event_name: srq, final_event_name: rrq, expected_data_B: 109350, recv_data_B: 109350
INFO:dale_experiment_rig:Flow 2:: num of byteloads: 48, num srq events: 48, num rrq events: 1
DEBUG:dale_experiment_rig:Flow 2:: first_event_name: srq, final_event_name: rrq, expected_data_B: 69984, recv_data_B: 69984
INFO:dale_experiment_rig:Flow 3:: num of byteloads: 662, num srq events: 662, num rrq events: 1
DEBUG:dale_experiment_rig:Flow 3:: first_event_name: srq, final_event_name: rrq, expected_data_B: 965196, recv_data_B: 965196
INFO:dale_experiment_rig:Flow 4:: num of byteloads: 599, num srq events: 599, num rrq events: 1
DEBUG:dale_experiment_rig:Flow 4:: first_event_name: srq, final_event_name: rrq, expected_data_B: 873342, recv_data_B: 873342
INFO:dale_experiment_rig:Flow 5:: num of byteloads: 38, num srq events: 38, num rrq events: 1
DEBUG:dale_experiment_rig:Flow 5:: first_event_name: srq, final_event_name: rrq, expected_data_B: 55404, recv_data_B: 55404
INFO:dale_experiment_rig:Flow 6:: num of byteloads: 900, num srq events: 900, num rrq events: 1
DEBUG:dale_experiment_rig:Flow 6:: first_event_name: srq, final_event_name: rrq, expected_data_B: 1312200, recv_data_B: 1312200
INFO:dale_experiment_rig:Flow 7:: num of byteloads: 70, num srq events: 70, num rrq events: 1
DEBUG:dale_experiment_rig:Flow 7:: first_event_name: srq, final_event_name: rrq, expected_data_B: 102060, recv_data_B: 102060
INFO:dale_experiment_rig:Flow 0:: num of byteloads: 999, num srq events: 999, num rrq events: 1
DEBUG:dale_experiment_rig:Flow 0:: first_event_name: srq, final_event_name: rrq, expected_data_B: 1456542, recv_data_B: 1456542
INFO:dale_experiment_rig:Flow 1:: num of byteloads: 75, num srq events: 75, num rrq events: 1
DEBUG:dale_experiment_rig:Flow 1:: first_event_name: srq, final_event_name: rrq, expected_data_B: 109350, recv_data_B: 109350
INFO:dale_experiment_rig:Flow 2:: num of byteloads: 48, num srq events: 48, num rrq events: 1
DEBUG:dale_experiment_rig:Flow 2:: first_event_name: srq, final_event_name: rrq, expected_data_B: 69984, recv_data_B: 69984
INFO:dale_experiment_rig:Flow 3:: num of byteloads: 662, num srq events: 662, num rrq events: 1
DEBUG:dale_experiment_rig:Flow 3:: first_event_name: srq, final_event_name: rrq, expected_data_B: 965196, recv_data_B: 965196
INFO:dale_experiment_rig:Flow 4:: num of byteloads: 599, num srq events: 599, num rrq events: 1
DEBUG:dale_experiment_rig:Flow 4:: first_event_name: srq, final_event_name: rrq, expected_data_B: 873342, recv_data_B: 873342
INFO:dale_experiment_rig:Flow 5:: num of byteloads: 38, num srq events: 38, num rrq events: 1
DEBUG:dale_experiment_rig:Flow 5:: first_event_name: srq, final_event_name: rrq, expected_data_B: 55404, recv_data_B: 55404
INFO:dale_experiment_rig:Flow 6:: num of byteloads: 900, num srq events: 900, num rrq events: 1
DEBUG:dale_experiment_rig:Flow 6:: first_event_name: srq, final_event_name: rrq, expected_data_B: 1312200, recv_data_B: 1312200
INFO:dale_experiment_rig:Flow 7:: num of byteloads: 70, num srq events: 70, num rrq events: 1
DEBUG:dale_experiment_rig:Flow 7:: first_event_name: srq, final_event_name: rrq, expected_data_B: 102060, recv_data_B: 102060
INFO:dale_experiment_rig:Flow 0:: num of byteloads: 999, num srq events: 999, num rrq events: 1
DEBUG:dale_experiment_rig:Flow 0:: first_event_name: srq, final_event_name: rrq, expected_data_B: 1456542, recv_data_B: 1456542
INFO:dale_experiment_rig:Flow 1:: num of byteloads: 75, num srq events: 75, num rrq events: 1
DEBUG:dale_experiment_rig:Flow 1:: first_event_name: srq, final_event_name: rrq, expected_data_B: 109350, recv_data_B: 109350
INFO:dale_experiment_rig:Flow 2:: num of byteloads: 48, num srq events: 48, num rrq events: 1
DEBUG:dale_experiment_rig:Flow 2:: first_event_name: srq, final_event_name: rrq, expected_data_B: 69984, recv_data_B: 69984
INFO:dale_experiment_rig:Flow 3:: num of byteloads: 662, num srq events: 662, num rrq events: 1
DEBUG:dale_experiment_rig:Flow 3:: first_event_name: srq, final_event_name: rrq, expected_data_B: 965196, recv_data_B: 965196
INFO:dale_experiment_rig:Flow 4:: num of byteloads: 599, num srq events: 599, num rrq events: 1
DEBUG:dale_experiment_rig:Flow 4:: first_event_name: srq, final_event_name: rrq, expected_data_B: 873342, recv_data_B: 873342
INFO:dale_experiment_rig:Flow 5:: num of byteloads: 38, num srq events: 38, num rrq events: 1
DEBUG:dale_experiment_rig:Flow 5:: first_event_name: srq, final_event_name: rrq, expected_data_B: 55404, recv_data_B: 55404
INFO:dale_experiment_rig:Flow 6:: num of byteloads: 900, num srq events: 900, num rrq events: 1
DEBUG:dale_experiment_rig:Flow 6:: first_event_name: srq, final_event_name: rrq, expected_data_B: 1312200, recv_data_B: 1312200
INFO:dale_experiment_rig:Flow 7:: num of byteloads: 70, num srq events: 70, num rrq events: 1
DEBUG:dale_experiment_rig:Flow 7:: first_event_name: srq, final_event_name: rrq, expected_data_B: 102060, recv_data_B: 102060
INFO:dale_experiment_rig:Flow 0:: num of byteloads: 999, num srq events: 999, num rrq events: 1
DEBUG:dale_experiment_rig:Flow 0:: first_event_name: srq, final_event_name: rrq, expected_data_B: 1456542, recv_data_B: 1456542
INFO:dale_experiment_rig:Flow 1:: num of byteloads: 75, num srq events: 75, num rrq events: 1
DEBUG:dale_experiment_rig:Flow 1:: first_event_name: srq, final_event_name: rrq, expected_data_B: 109350, recv_data_B: 109350
INFO:dale_experiment_rig:Flow 2:: num of byteloads: 48, num srq events: 48, num rrq events: 1
DEBUG:dale_experiment_rig:Flow 2:: first_event_name: srq, final_event_name: rrq, expected_data_B: 69984, recv_data_B: 69984
INFO:dale_experiment_rig:Flow 3:: num of byteloads: 662, num srq events: 662, num rrq events: 1
DEBUG:dale_experiment_rig:Flow 3:: first_event_name: srq, final_event_name: rrq, expected_data_B: 965196, recv_data_B: 965196
INFO:dale_experiment_rig:Flow 4:: num of byteloads: 599, num srq events: 599, num rrq events: 1
DEBUG:dale_experiment_rig:Flow 4:: first_event_name: srq, final_event_name: rrq, expected_data_B: 873342, recv_data_B: 873342
INFO:dale_experiment_rig:Flow 5:: num of byteloads: 38, num srq events: 38, num rrq events: 1
DEBUG:dale_experiment_rig:Flow 5:: first_event_name: srq, final_event_name: rrq, expected_data_B: 55404, recv_data_B: 55404
INFO:dale_experiment_rig:Flow 6:: num of byteloads: 900, num srq events: 900, num rrq events: 1
DEBUG:dale_experiment_rig:Flow 6:: first_event_name: srq, final_event_name: rrq, expected_data_B: 1312200, recv_data_B: 1312200
INFO:dale_experiment_rig:Flow 7:: num of byteloads: 70, num srq events: 70, num rrq events: 1
DEBUG:dale_experiment_rig:Flow 7:: first_event_name: srq, final_event_name: rrq, expected_data_B: 102060, recv_data_B: 102060
INFO:dale_experiment_rig:DCTCP-50 FCT (ms): [0.003525144999999341, 0.0005718440000013203, 0.00037112099999880854, 0.0031218939999995143, 0.0031198159999998865, 0.0003153149999999272, 0.00357980299999916, 0.0005660349999985215, 0.0035653349999993367, 0.0005719670000008392, 0.0003712440000001038, 0.003095606999998779, 0.003106924000000788, 0.0003154370000011397, 0.0034717289999992573, 0.0005661579999998168, 0.0036908830000008663, 0.0005720900000003581, 0.00037136699999962275, 0.0030215389999987963, 0.0031489170000007505, 0.00031556000000065865, 0.0035469799999994223, 0.0005662809999993357, 0.003692435999999688, 0.0005722129999998771, 0.00037148899999905893, 0.0031224149999999895, 0.0029752470000001807, 0.00031568300000017757, 0.003535423000000648, 0.0005664039999988546, 0.0037464440000007926, 0.0005772510000010556, 0.0003807049999995371, 0.0030581289999993544, 0.0029737320000009504, 0.00032489900000065575, 0.0036879970000001094, 0.0005718109999985899, 0.0037387960000003773, 0.0005773740000005745, 0.00038082799999905603, 0.003010408999999825, 0.003077191000000923, 0.00032502200000017467, 0.0037118439999996866, 0.0005719339999998851, 0.0037640180000000356, 0.0005774970000000934, 0.00038095099999857496, 0.0029087409999988267, 0.0031570760000008136, 0.00032514500000146995, 0.0036746319999991783, 0.0005720569999994041, 0.003758060999999202, 0.0005776200000013887, 0.0003815659999997223, 0.0030110519999997365, 0.0032438710000004534, 0.0003257590000007582, 0.003740953999999519, 0.000572179999998923, 0.003658810999999318, 0.0005777430000009076, 0.0003816879999991585, 0.002910122999999487, 0.0032616330000010407, 0.0003258820000002771, 0.0037153960000004815, 0.0005723029999984419]
App Gdpt (overall): 356.6753026055084 Gbps
App Gdpt (per flow): [11.664000000009745, 11.66399999976959, 11.664000000353406, 11.664000000015273, 11.66399999999808, 11.66399999976959, 11.663999999994457, 11.66400000002118, 11.664000000009745, 11.66399999976959, 11.664000000353406, 11.664000000015273, 11.66399999999808, 11.66399999976959, 11.663999999994457, 11.66400000002118, 11.664000000009745, 11.66399999976959, 11.664000000353406, 11.664000000015273, 11.66399999999808, 11.66399999976959, 11.663999999994457, 11.66400000002118, 11.664000000009745, 11.66399999976959, 11.664000000353406, 11.664000000015273, 11.66399999999808, 11.66399999976959, 11.663999999994457, 11.66400000002118, 11.664000000009745, 11.66399999976959, 11.664000000353406, 11.664000000015273, 11.66399999999808, 11.66399999976959, 11.663999999994457, 11.66400000002118, 11.664000000009745, 11.66399999976959, 11.664000000353406, 11.664000000015273, 11.66399999999808, 11.66399999976959, 11.663999999994457, 11.66400000002118, 11.664000000009745, 11.66399999976959, 11.664000000353406, 11.664000000015273, 11.66399999999808, 11.66399999976959, 11.663999999994457, 11.66400000002118, 11.664000000009745, 11.66399999976959, 11.664000000353406, 11.664000000015273, 11.66399999999808, 11.66399999976959, 11.663999999994457, 11.66400000002118, 11.664000000009745, 11.66399999976959, 11.664000000353406, 11.664000000015273, 11.66399999999808, 11.66399999976959, 11.663999999994457, 11.66400000002118]
Network Gdpt (overall): 94.57277196867727
Network Gdpt (per flow): [3.30549126348056, 1.5297878442337076, 1.5085969266136852, 2.473360082053139, 2.2394705328776614, 1.4056800342517874, 2.9324518695588733, 1.4424549718694653, 3.2682303345974977, 1.5294588673799652, 1.5080971005587793, 2.494363141058618, 2.2487630852889313, 1.4051363663691911, 3.0237383159809554, 1.4421415929833443, 3.157059164432269, 1.5291300319870167, 1.5075976056046143, 2.5555083022271354, 2.218774264294148, 1.4045886677623112, 2.959588156685888, 1.4418283502377052, 3.1557313383362597, 1.5288013379636394, 1.507102498328129, 2.4729473820744605, 2.3482877219940317, 1.4040413959565474, 2.969262801084361, 1.4415152435393308, 3.110238935907633, 1.5154586133214156, 1.470618983204005, 2.524932074481368, 2.349484082626735, 1.3642147251887677, 2.846423139715051, 1.4278843883766028, 3.116601173211597, 1.5151357698807526, 1.4701440020203027, 2.564956456083027, 2.270491496952222, 1.363698457334463, 2.828136096237042, 1.4275773078714746, 3.0957173956128505, 1.5148130639637238, 1.4696693275568102, 2.6546082996056075, 2.2130401675468696, 1.363182580073494, 2.8567758621822126, 1.4272703594237124, 3.1006244975806605, 1.5144904954778173, 1.4673005456471684, 2.564408718282074, 2.153826708891637, 1.3606132140599905, 2.8061291317672845, 1.4269635429437186, 3.184732963796756, 1.5141680643445714, 1.4668315482835048, 2.653347642007352, 2.1420975321250952, 1.3600996679768231, 2.8254323361489977, 1.4266568583464057]
INFO:dale_experiment_rig:
##### GENERATE METRICS #####
INFO:dale_experiment_rig:Poisson_Flows_incast_poisson_9to1_8flo_1458B_1us_93pt312Gbps
INFO:__main__:Protos tested: ['SSIRD', 'DCTCP-50']
INFO:__main__:Topo Yaml File: 10-hosts-dumbbell.yaml
INFO:__main__:Src-Dst pairs list: [(1, 0), (2, 0), (3, 0), (4, 0), (5, 0), (6, 0), (7, 0), (8, 0), (9, 0)]
INFO:__main__:Num Flows: 8
INFO:__main__:Byteload Size (B): 1458
INFO:__main__:Target Mean Byteload Interval (ns): 1000
INFO:__main__:  is_use_poisson_byteload_intervals=True
INFO:__main__:Target Mean Flow Interarrival (ns): 1000
INFO:__main__:  is_use_poisson_flow_interarr=True
INFO:__main__:Target Flow Rate (Gbps): 11.664
INFO:__main__:Num Byteloads: [999, 75, 48, 662, 599, 38, 900, 70]
INFO:__main__:  is_use_poisson_num_byteloads=True
INFO:__main__:Flow Start Times (us): [0.417, 0.623, 0.682, 0.726, 4.102, 4.51, 4.518, 5.449]
INFO:__main__:Flow Rate (Gbps): [11.664, 11.664, 11.664, 11.664, 11.664, 11.664, 11.664, 11.664]
INFO:__main__:Flow Size (B): [1456542, 109350, 69984, 965196, 873342, 55404, 1312200, 102060]
INFO:__main__:Flow Send Durations (us): [998.417, 74.623, 47.682, 661.726, 602.102, 41.51, 903.518, 74.449]
INFO:__main__:Flow Min Byteload Size (B): [1458, 1458, 1458, 1458, 1458, 1458, 1458, 1458]
INFO:__main__:Flow Max Byteload Size (B): [1458, 1458, 1458, 1458, 1458, 1458, 1458, 1458]
INFO:__main__:Flow Min Interval (us): [0.004, 0.017, 0.042, 0.002, 0.003, 0.03, 0.001, 0.042]
INFO:__main__:Flow Max Interval (us): [7.687, 4.213, 4.407, 6.377, 8.924, 4.638, 7.743, 3.053]
INFO:__main__:APP Gdpt Gbps measured (SSIRD): [356.6753026055084]
INFO:__main__:APP Gdpt Gbps measured (DCTCP): [356.6753026055084]
DEBUG:__main__:APP Gdpt Gbps measured per flow (SSIRD): [[11.664000000009745, 11.66399999976959, 11.664000000353406, 11.664000000015273, 11.66399999999808, 11.66399999976959, 11.663999999994457, 11.66400000002118, 11.664000000009745, 11.66399999976959, 11.664000000353406, 11.664000000015273, 11.66399999999808, 11.66399999976959, 11.663999999994457, 11.66400000002118, 11.664000000009745, 11.66399999976959, 11.664000000353406, 11.664000000015273, 11.66399999999808, 11.66399999976959, 11.663999999994457, 11.66400000002118, 11.664000000009745, 11.66399999976959, 11.664000000353406, 11.664000000015273, 11.66399999999808, 11.66399999976959, 11.663999999994457, 11.66400000002118, 11.664000000009745, 11.66399999976959, 11.664000000353406, 11.664000000015273, 11.66399999999808, 11.66399999976959, 11.663999999994457, 11.66400000002118, 11.664000000009745, 11.66399999976959, 11.664000000353406, 11.664000000015273, 11.66399999999808, 11.66399999976959, 11.663999999994457, 11.66400000002118, 11.664000000009745, 11.66399999976959, 11.664000000353406, 11.664000000015273, 11.66399999999808, 11.66399999976959, 11.663999999994457, 11.66400000002118, 11.664000000009745, 11.66399999976959, 11.664000000353406, 11.664000000015273, 11.66399999999808, 11.66399999976959, 11.663999999994457, 11.66400000002118, 11.664000000009745, 11.66399999976959, 11.664000000353406, 11.664000000015273, 11.66399999999808, 11.66399999976959, 11.663999999994457, 11.66400000002118]]
DEBUG:__main__:APP Gdpt Gbps measured per flow (DCTCP): [[11.664000000009745, 11.66399999976959, 11.664000000353406, 11.664000000015273, 11.66399999999808, 11.66399999976959, 11.663999999994457, 11.66400000002118, 11.664000000009745, 11.66399999976959, 11.664000000353406, 11.664000000015273, 11.66399999999808, 11.66399999976959, 11.663999999994457, 11.66400000002118, 11.664000000009745, 11.66399999976959, 11.664000000353406, 11.664000000015273, 11.66399999999808, 11.66399999976959, 11.663999999994457, 11.66400000002118, 11.664000000009745, 11.66399999976959, 11.664000000353406, 11.664000000015273, 11.66399999999808, 11.66399999976959, 11.663999999994457, 11.66400000002118, 11.664000000009745, 11.66399999976959, 11.664000000353406, 11.664000000015273, 11.66399999999808, 11.66399999976959, 11.663999999994457, 11.66400000002118, 11.664000000009745, 11.66399999976959, 11.664000000353406, 11.664000000015273, 11.66399999999808, 11.66399999976959, 11.663999999994457, 11.66400000002118, 11.664000000009745, 11.66399999976959, 11.664000000353406, 11.664000000015273, 11.66399999999808, 11.66399999976959, 11.663999999994457, 11.66400000002118, 11.664000000009745, 11.66399999976959, 11.664000000353406, 11.664000000015273, 11.66399999999808, 11.66399999976959, 11.663999999994457, 11.66400000002118, 11.664000000009745, 11.66399999976959, 11.664000000353406, 11.664000000015273, 11.66399999999808, 11.66399999976959, 11.663999999994457, 11.66400000002118]]
INFO:__main__:NW Gdpt Gbps measured (SSIRD): [89.79604595676953]
INFO:__main__:NW Gdpt Gbps measured (DCTCP): [94.57277196867727]
DEBUG:__main__:NW Gdpt Gbps measured per flow (SSIRD): [[3.008549797912866, 0.6084367390628145, 1.365704681779162, 4.846197731159746, 11.392463764313822, 1.7736445523995785, 3.7795343629228015, 1.430182941785002, 3.57788554658232, 1.2718887577109559, 1.2135673163635703, 4.025010464468085, 4.383457547491581, 1.2712332538852742, 4.973732687451624, 1.6960848873396515, 2.939357446535364, 1.1233776323522136, 1.2138909546613252, 4.594300891779505, 7.254288674897616, 3.1345303847723236, 3.6361747009856864, 1.3065310550754994, 3.2137610759441206, 1.137823931240535, 0.9792543022717646, 3.446713119401231, 3.9861998218783343, 1.2760495988163814, 4.303404443195516, 1.1572560241868886, 3.4297794107899153, 1.1640346815271316, 1.5791549025639158, 3.822272691496881, 3.980052841513063, 1.878850050441105, 4.700532266679748, 1.279312084587807, 3.6925580875053443, 1.222756009298077, 1.689496173628494, 5.3869913832641645, 11.438757684655892, 2.0555877619660534, 3.919480688223094, 1.2552752833100453, 3.3080578354020718, 1.147563133680467, 1.4503291186471299, 3.6425686404587707, 4.154779872192573, 2.6890250561020475, 4.471194452407579, 1.2334615419498034, 3.082583719019958, 1.244029072851082, 1.7525519546979722, 5.71051356822676, 11.345566504039528, 2.259082568792233, 4.093426326046536, 1.456998313659368, 3.8465885289001482, 1.274592510674009, 1.9908754387173864, 5.0697394079087506, 6.664653299964379, 3.4869132189100456, 11.555341274217772, 1.5872009953065758]]
DEBUG:__main__:NW Gdpt Gbps measured per flow (DCTCP): [[3.30549126348056, 1.5297878442337076, 1.5085969266136852, 2.473360082053139, 2.2394705328776614, 1.4056800342517874, 2.9324518695588733, 1.4424549718694653, 3.2682303345974977, 1.5294588673799652, 1.5080971005587793, 2.494363141058618, 2.2487630852889313, 1.4051363663691911, 3.0237383159809554, 1.4421415929833443, 3.157059164432269, 1.5291300319870167, 1.5075976056046143, 2.5555083022271354, 2.218774264294148, 1.4045886677623112, 2.959588156685888, 1.4418283502377052, 3.1557313383362597, 1.5288013379636394, 1.507102498328129, 2.4729473820744605, 2.3482877219940317, 1.4040413959565474, 2.969262801084361, 1.4415152435393308, 3.110238935907633, 1.5154586133214156, 1.470618983204005, 2.524932074481368, 2.349484082626735, 1.3642147251887677, 2.846423139715051, 1.4278843883766028, 3.116601173211597, 1.5151357698807526, 1.4701440020203027, 2.564956456083027, 2.270491496952222, 1.363698457334463, 2.828136096237042, 1.4275773078714746, 3.0957173956128505, 1.5148130639637238, 1.4696693275568102, 2.6546082996056075, 2.2130401675468696, 1.363182580073494, 2.8567758621822126, 1.4272703594237124, 3.1006244975806605, 1.5144904954778173, 1.4673005456471684, 2.564408718282074, 2.153826708891637, 1.3606132140599905, 2.8061291317672845, 1.4269635429437186, 3.184732963796756, 1.5141680643445714, 1.4668315482835048, 2.653347642007352, 2.1420975321250952, 1.3600996679768231, 2.8254323361489977, 1.4266568583464057]]
INFO:__main__:* Sim duration (SSIRD): [0.1]
INFO:__main__:* Sim duration (DCTCP): [0.1]
INFO:__main__:* SSIRD FCT: [[0.0038730739999994768, 0.0014377830000000813, 0.000409950999999964, 0.0015933249999999788, 0.0006132770000011334, 0.00024989899999994236, 0.0027774849999993023, 0.0005708919999989348, 0.0032567659999998, 0.0006877960000011285, 0.0004613439999996416, 0.0019183969999989614, 0.0015938870000002936, 0.0003486630000004709, 0.0021106080000006244, 0.0004813909999992205, 0.003964246000000671, 0.000778723000001591, 0.00046122100000012267, 0.0016806840000000989, 0.0009631180000013728, 0.00014140300000065054, 0.0028869900000003668, 0.0006249220000000832, 0.0036257630000005037, 0.0007688360000006611, 0.0005717329999992415, 0.002240269999999711, 0.0017527309999998408, 0.00034734699999994234, 0.0024393709999994684, 0.0007055309999994819, 0.0033974010000008548, 0.0007515240000000034, 0.00035453899999993155, 0.00202015099999997, 0.001755437999999998, 0.000235906000000341, 0.0022332790000003655, 0.000638217999998858, 0.0031556269999999387, 0.0007154329999998765, 0.00033138399999899093, 0.0014333729999993494, 0.0006107950000000528, 0.00021562300000077528, 0.0026783140000006256, 0.000650438999999281, 0.00352241000000042, 0.0007623110000007927, 0.00038603099999967583, 0.002119813999998499, 0.001681614000000664, 0.0001648300000010039, 0.002347828999999635, 0.0006619419999989162, 0.0037800550000000044, 0.0007031990000001542, 0.0003194610000001319, 0.0013521669999985164, 0.0006158120000012701, 0.000196200000001312, 0.002564502000000246, 0.0005603849999999966, 0.0030292650000003363, 0.0006863370000012026, 0.00028121899999966615, 0.0015230699999992936, 0.0010483270000012368, 0.0001271130000013443, 0.000908463000000026, 0.0005144149999996017]]
INFO:__main__:* DCTCP FCT: [[0.003525144999999341, 0.0005718440000013203, 0.00037112099999880854, 0.0031218939999995143, 0.0031198159999998865, 0.0003153149999999272, 0.00357980299999916, 0.0005660349999985215, 0.0035653349999993367, 0.0005719670000008392, 0.0003712440000001038, 0.003095606999998779, 0.003106924000000788, 0.0003154370000011397, 0.0034717289999992573, 0.0005661579999998168, 0.0036908830000008663, 0.0005720900000003581, 0.00037136699999962275, 0.0030215389999987963, 0.0031489170000007505, 0.00031556000000065865, 0.0035469799999994223, 0.0005662809999993357, 0.003692435999999688, 0.0005722129999998771, 0.00037148899999905893, 0.0031224149999999895, 0.0029752470000001807, 0.00031568300000017757, 0.003535423000000648, 0.0005664039999988546, 0.0037464440000007926, 0.0005772510000010556, 0.0003807049999995371, 0.0030581289999993544, 0.0029737320000009504, 0.00032489900000065575, 0.0036879970000001094, 0.0005718109999985899, 0.0037387960000003773, 0.0005773740000005745, 0.00038082799999905603, 0.003010408999999825, 0.003077191000000923, 0.00032502200000017467, 0.0037118439999996866, 0.0005719339999998851, 0.0037640180000000356, 0.0005774970000000934, 0.00038095099999857496, 0.0029087409999988267, 0.0031570760000008136, 0.00032514500000146995, 0.0036746319999991783, 0.0005720569999994041, 0.003758060999999202, 0.0005776200000013887, 0.0003815659999997223, 0.0030110519999997365, 0.0032438710000004534, 0.0003257590000007582, 0.003740953999999519, 0.000572179999998923, 0.003658810999999318, 0.0005777430000009076, 0.0003816879999991585, 0.002910122999999487, 0.0032616330000010407, 0.0003258820000002771, 0.0037153960000004815, 0.0005723029999984419]]
