INFO:root:PoissonIntervalGenerator: Genrate Byteload Intervals:
target_mean_ns=1000
min_interval_ns=1
max_interval_ns=10000
num_intervals=499
num_samples_needed=1
DEBUG:root:Step 1) λ solving for mean=1000 is 0.001000
DEBUG:root:Generated samples: shape=(1, 499)
DEBUG:root:Step 2) Generated 1 samples, taking first 1 samples needed
DEBUG:root:sample unique means (ns): [1000.]
INFO:root:PoissonIntervalGenerator: Genrate Byteload Intervals:
target_mean_ns=1000
min_interval_ns=1
max_interval_ns=10000
num_intervals=499
num_samples_needed=1
DEBUG:root:Step 1) λ solving for mean=1000 is 0.001000
DEBUG:root:Generated samples: shape=(1, 499)
DEBUG:root:Step 2) Generated 1 samples, taking first 1 samples needed
DEBUG:root:sample unique means (ns): [1000.]
INFO:root:PoissonIntervalGenerator: Genrate Byteload Intervals:
target_mean_ns=1000
min_interval_ns=1
max_interval_ns=10000
num_intervals=499
num_samples_needed=1
DEBUG:root:Step 1) λ solving for mean=1000 is 0.001000
DEBUG:root:Generated samples: shape=(1, 499)
DEBUG:root:Step 2) Generated 1 samples, taking first 1 samples needed
DEBUG:root:sample unique means (ns): [1000.]
INFO:root:PoissonIntervalGenerator: Genrate Byteload Intervals:
target_mean_ns=1000
min_interval_ns=1
max_interval_ns=10000
num_intervals=499
num_samples_needed=1
DEBUG:root:Step 1) λ solving for mean=1000 is 0.001000
DEBUG:root:Generated samples: shape=(1, 499)
DEBUG:root:Step 2) Generated 1 samples, taking first 1 samples needed
DEBUG:root:sample unique means (ns): [1000.]
INFO:root:PoissonIntervalGenerator: Genrate Byteload Intervals:
target_mean_ns=1000
min_interval_ns=1
max_interval_ns=10000
num_intervals=499
num_samples_needed=1
DEBUG:root:Step 1) λ solving for mean=1000 is 0.001000
DEBUG:root:Generated samples: shape=(1, 499)
DEBUG:root:Step 2) Generated 1 samples, taking first 1 samples needed
DEBUG:root:sample unique means (ns): [1000.]
INFO:root:PoissonIntervalGenerator: Genrate Byteload Intervals:
target_mean_ns=1000
min_interval_ns=1
max_interval_ns=10000
num_intervals=499
num_samples_needed=1
DEBUG:root:Step 1) λ solving for mean=1000 is 0.001000
DEBUG:root:Generated samples: shape=(1, 499)
DEBUG:root:Step 2) Generated 1 samples, taking first 1 samples needed
DEBUG:root:sample unique means (ns): [1000.]
INFO:root:PoissonIntervalGenerator: Genrate Byteload Intervals:
target_mean_ns=1000
min_interval_ns=1
max_interval_ns=10000
num_intervals=499
num_samples_needed=1
DEBUG:root:Step 1) λ solving for mean=1000 is 0.001000
DEBUG:root:Generated samples: shape=(1, 499)
DEBUG:root:Step 2) Generated 1 samples, taking first 1 samples needed
DEBUG:root:sample unique means (ns): [1000.]
INFO:root:PoissonIntervalGenerator: Genrate Byteload Intervals:
target_mean_ns=1000
min_interval_ns=1
max_interval_ns=10000
num_intervals=499
num_samples_needed=1
DEBUG:root:Step 1) λ solving for mean=1000 is 0.001000
DEBUG:root:Generated samples: shape=(1, 499)
DEBUG:root:Step 2) Generated 1 samples, taking first 1 samples needed
DEBUG:root:sample unique means (ns): [1000.]
INFO:__main__:Protos tested: ['SSIRD', 'DCTCP-50']
INFO:__main__:Num Flows: 8
INFO:__main__:Byteload Size (B): 1560
INFO:__main__:Target Mean Byteload Interval (ns): 1000
INFO:__main__:  is_use_poisson_num_byteloads=False
INFO:__main__:Target Mean Flow Interarrival (ns): 1000
INFO:__main__:  is_use_poisson_flow_interarr=True
INFO:__main__:Target Flow Rate (Gbps): 12.479999999999999
INFO:__main__:Flow Start Times (us): [0.638, 0.71, 0.883, 3.035, 3.289, 3.317, 3.415, 4.021]
INFO:__main__:Flow Rate (Gbps): [12.48, 12.48, 12.48, 12.48, 12.48, 12.48, 12.48, 12.48]
INFO:__main__:Flow Size (B): [780000, 780000, 780000, 780000, 780000, 780000, 780000, 780000]
INFO:__main__:Num Byteloads: [500, 500, 500, 500, 500, 500, 500, 500]
INFO:__main__:Flow Send Durations (us): [499.638, 499.71, 499.883, 502.035, 502.289, 502.317, 502.415, 503.021]
INFO:__main__:Flow Min Byteload Size (B): [1560, 1560, 1560, 1560, 1560, 1560, 1560, 1560]
INFO:__main__:Flow Max Byteload Size (B): [1560, 1560, 1560, 1560, 1560, 1560, 1560, 1560]
INFO:__main__:Flow Min Interval (us): [0.003, 0.003, 0.003, 0.003, 0.003, 0.003, 0.003, 0.003]
INFO:__main__:Flow Max Interval (us): [5.664, 5.664, 5.664, 5.664, 5.664, 5.664, 5.664, 5.664]
DEBUG:__main__:Max flow send durations (us): 503.021
INFO:__main__:* Sim duration (SSIRD): [0.06]
INFO:__main__:* Sim duration (DCTCP): [0.06]
INFO:dale_experiment_rig:Experiment started at: 2025-08-12 10:09:58.663319
INFO:dale_experiment_rig:
##### RUN GROUP #####
INFO:dale_experiment_rig:
=====
Execute experiment 8flo-12Gbps-1560B-1000ns-2025-08-12T_10-09-58Z_incast_poisson_3to1_8flo_1560B_1us_99pt84Gbps_fixed_bload
INFO:dale_experiment_rig:Flags: 1, 1, 1, 1, 0
INFO:dale_experiment_rig:
=====
Execute experiment 8flo-12Gbps-1560B-1000ns-2025-08-12T_10-09-58Z_incast_poisson_3to1_8flo_1560B_1us_99pt84Gbps_fixed_bload
INFO:dale_experiment_rig:ssird_sim_duration=0.060000; dctcp_sim_duration=0.060000
INFO:dale_experiment_rig:Flags: 1, 1, 1, 1, 0
INFO:dale_experiment_rig:-----
Preparing experiment input MRIs
INFO:dale_experiment_rig:ssird_sim_duration=0.060000; dctcp_sim_duration=0.060000
INFO:dale_experiment_rig:### Creating MRI inputs parent dir: /data/dh1723/SIRD-Simulator/scripts/r2p2/coord/config/manual-req-intervals/dale_experiments/Poisson_Flows_incast_poisson_3to1_8flo_1560B_1us_99pt84Gbps_fixed_bload/
INFO:dale_experiment_rig:-----
Preparing experiment input MRIs
INFO:dale_experiment_rig:### Creating MRI inputs parent dir: /data/dh1723/SIRD-Simulator/scripts/r2p2/coord/config/manual-req-intervals/dale_experiments/Poisson_Flows_incast_poisson_3to1_8flo_1560B_1us_99pt84Gbps_fixed_bload/
INFO:dale_experiment_rig:File /data/dh1723/SIRD-Simulator/scripts/r2p2/coord/config/manual-req-intervals/dale_experiments/Poisson_Flows_incast_poisson_3to1_8flo_1560B_1us_99pt84Gbps_fixed_bload/ aready exists.
DEBUG:dale_experiment_rig:num flows: 8
DEBUG:dale_experiment_rig:num flows: 8
DEBUG:dale_experiment_rig:num flows: 8
DEBUG:dale_experiment_rig:num flows: 8
DEBUG:dale_experiment_rig:num flows: 8
DEBUG:dale_experiment_rig:num flows: 8
INFO:dale_experiment_rig:-----
Preparing experiment spec scripts
INFO:dale_experiment_rig:-----
Preparing experiment spec scripts
INFO:dale_experiment_rig:### Creating spec scripts parent dir: /data/dh1723/SIRD-Simulator/scripts/r2p2/coord/config/dale_experiments/Poisson_Flows_incast_poisson_3to1_8flo_1560B_1us_99pt84Gbps_fixed_bload/
INFO:dale_experiment_rig:### Creating spec scripts parent dir: /data/dh1723/SIRD-Simulator/scripts/r2p2/coord/config/dale_experiments/Poisson_Flows_incast_poisson_3to1_8flo_1560B_1us_99pt84Gbps_fixed_bload/
INFO:dale_experiment_rig:#### WARNING: File /data/dh1723/SIRD-Simulator/scripts/r2p2/coord/config/dale_experiments/Poisson_Flows_incast_poisson_3to1_8flo_1560B_1us_99pt84Gbps_fixed_bload/ aready exists.
INFO:dale_experiment_rig:-----
Running experiment for SSIRD
INFO:dale_experiment_rig:-----
Running experiment for DCTCP-50
INFO:dale_experiment_rig:### Script:/data/dh1723/SIRD-Simulator/scripts/r2p2/coord/config/dale_experiments/Poisson_Flows_incast_poisson_3to1_8flo_1560B_1us_99pt84Gbps_fixed_bload/SSIRD-8flo-12Gbps-1560B-1000ns-2025-08-12T_10-09-58Z_incast_poisson_3to1_8flo_1560B_1us_99pt84Gbps_fixed_bload.sh
INFO:dale_experiment_rig:### Script:/data/dh1723/SIRD-Simulator/scripts/r2p2/coord/config/dale_experiments/Poisson_Flows_incast_poisson_3to1_8flo_1560B_1us_99pt84Gbps_fixed_bload/DCTCP-50-8flo-12Gbps-1560B-1000ns-2025-08-12T_10-09-58Z_incast_poisson_3to1_8flo_1560B_1us_99pt84Gbps_fixed_bload.sh
INFO:dale_experiment_rig:### Output path (stdout): /data/dh1723/SIRD-Simulator/scripts/r2p2/coord/outputs/Poisson_Flows_incast_poisson_3to1_8flo_1560B_1us_99pt84Gbps_fixed_bload/ssird_8flo-12Gbps-1560B-1000ns-2025-08-12T_10-09-58Z_incast_poisson_3to1_8flo_1560B_1us_99pt84Gbps_fixed_bload_stdout.out
INFO:dale_experiment_rig:### Output path (stdout): /data/dh1723/SIRD-Simulator/scripts/r2p2/coord/outputs/Poisson_Flows_incast_poisson_3to1_8flo_1560B_1us_99pt84Gbps_fixed_bload/DCTCP-50_8flo-12Gbps-1560B-1000ns-2025-08-12T_10-09-58Z_incast_poisson_3to1_8flo_1560B_1us_99pt84Gbps_fixed_bload_stdout.out
INFO:dale_experiment_rig:### Output path (stderr): /data/dh1723/SIRD-Simulator/scripts/r2p2/coord/outputs/Poisson_Flows_incast_poisson_3to1_8flo_1560B_1us_99pt84Gbps_fixed_bload/ssird_8flo-12Gbps-1560B-1000ns-2025-08-12T_10-09-58Z_incast_poisson_3to1_8flo_1560B_1us_99pt84Gbps_fixed_bload_stderr.out
INFO:dale_experiment_rig:### Output path (stderr): /data/dh1723/SIRD-Simulator/scripts/r2p2/coord/outputs/Poisson_Flows_incast_poisson_3to1_8flo_1560B_1us_99pt84Gbps_fixed_bload/DCTCP-50_8flo-12Gbps-1560B-1000ns-2025-08-12T_10-09-58Z_incast_poisson_3to1_8flo_1560B_1us_99pt84Gbps_fixed_bload_stderr.out
INFO:dale_experiment_rig:-----
Backing up app trace file paths
DEBUG:dale_experiment_rig:/data/dh1723/SIRD-Simulator/scripts/r2p2/post-process/experiment_app_trace_paths/Poisson_Flows_incast_poisson_3to1_8flo_1560B_1us_99pt84Gbps_fixed_bload/8flo_12Gbps_2025-08-12T_12-35-23Z/SSIRD_app_traces.txt
INFO:dale_experiment_rig:-----
Backing up app trace file paths
DEBUG:dale_experiment_rig:/data/dh1723/SIRD-Simulator/scripts/r2p2/post-process/experiment_app_trace_paths/Poisson_Flows_incast_poisson_3to1_8flo_1560B_1us_99pt84Gbps_fixed_bload/8flo_12Gbps_2025-08-12T_12-35-23Z/DCTCP-50_app_traces.txt
INFO:dale_experiment_rig:Simulations ended at: 2025-08-12 12:35:23.615144
INFO:dale_experiment_rig:
##### POST PROCESS RESULTS #####
INFO:dale_experiment_rig:=====
** Num Flows: 8, Target Flow Rate (Gbps): 12.479999999999999, ssird_sim_dur (s): 0.06, dctcp_sim_dur (s): 0.06
INFO:dale_experiment_rig:Processing SIRD results exp_id 0:: 8flo-12.479999999999999Gbps_target
INFO:dale_experiment_rig:Processing results from /data/dh1723/SIRD-Simulator/scripts/r2p2/coord/results/SSIRD-8flo-12Gbps-1560B-1000ns-2025-08-12T_10-09-58Z_incast_poisson_3to1_8flo_1560B_1us_99pt84Gbps_fixed_bload/data/SSIRD/60/applications_trace.str
INFO:dale_experiment_rig:Flow 0:: num of byteloads: 500, num srq events: 500, num rrq events: 1
DEBUG:dale_experiment_rig:Flow 0:: first_event_name: srq, final_event_name: rrq, expected_data_B: 780000, recv_data_B: 780000
INFO:dale_experiment_rig:Flow 1:: num of byteloads: 500, num srq events: 500, num rrq events: 1
DEBUG:dale_experiment_rig:Flow 1:: first_event_name: srq, final_event_name: rrq, expected_data_B: 780000, recv_data_B: 780000
INFO:dale_experiment_rig:Flow 2:: num of byteloads: 500, num srq events: 500, num rrq events: 1
DEBUG:dale_experiment_rig:Flow 2:: first_event_name: srq, final_event_name: rrq, expected_data_B: 780000, recv_data_B: 780000
INFO:dale_experiment_rig:Flow 3:: num of byteloads: 500, num srq events: 500, num rrq events: 1
DEBUG:dale_experiment_rig:Flow 3:: first_event_name: srq, final_event_name: rrq, expected_data_B: 780000, recv_data_B: 780000
INFO:dale_experiment_rig:Flow 4:: num of byteloads: 500, num srq events: 500, num rrq events: 4
DEBUG:dale_experiment_rig:Flow 4:: first_event_name: srq, final_event_name: rrq, expected_data_B: 780000, recv_data_B: 780000
INFO:dale_experiment_rig:Flow 5:: num of byteloads: 500, num srq events: 500, num rrq events: 1
DEBUG:dale_experiment_rig:Flow 5:: first_event_name: srq, final_event_name: rrq, expected_data_B: 780000, recv_data_B: 780000
INFO:dale_experiment_rig:Flow 6:: num of byteloads: 500, num srq events: 500, num rrq events: 1
DEBUG:dale_experiment_rig:Flow 6:: first_event_name: srq, final_event_name: rrq, expected_data_B: 780000, recv_data_B: 780000
INFO:dale_experiment_rig:Flow 7:: num of byteloads: 500, num srq events: 500, num rrq events: 7
DEBUG:dale_experiment_rig:Flow 7:: first_event_name: srq, final_event_name: rrq, expected_data_B: 780000, recv_data_B: 780000
INFO:dale_experiment_rig:Flow 0:: num of byteloads: 500, num srq events: 500, num rrq events: 1
DEBUG:dale_experiment_rig:Flow 0:: first_event_name: srq, final_event_name: rrq, expected_data_B: 780000, recv_data_B: 780000
INFO:dale_experiment_rig:Flow 1:: num of byteloads: 500, num srq events: 500, num rrq events: 1
DEBUG:dale_experiment_rig:Flow 1:: first_event_name: srq, final_event_name: rrq, expected_data_B: 780000, recv_data_B: 780000
INFO:dale_experiment_rig:Flow 2:: num of byteloads: 500, num srq events: 500, num rrq events: 1
DEBUG:dale_experiment_rig:Flow 2:: first_event_name: srq, final_event_name: rrq, expected_data_B: 780000, recv_data_B: 780000
INFO:dale_experiment_rig:Flow 3:: num of byteloads: 500, num srq events: 500, num rrq events: 1
DEBUG:dale_experiment_rig:Flow 3:: first_event_name: srq, final_event_name: rrq, expected_data_B: 780000, recv_data_B: 780000
INFO:dale_experiment_rig:Flow 4:: num of byteloads: 500, num srq events: 500, num rrq events: 1
DEBUG:dale_experiment_rig:Flow 4:: first_event_name: srq, final_event_name: rrq, expected_data_B: 780000, recv_data_B: 780000
INFO:dale_experiment_rig:Flow 5:: num of byteloads: 500, num srq events: 500, num rrq events: 1
DEBUG:dale_experiment_rig:Flow 5:: first_event_name: srq, final_event_name: rrq, expected_data_B: 780000, recv_data_B: 780000
INFO:dale_experiment_rig:Flow 6:: num of byteloads: 500, num srq events: 500, num rrq events: 6
DEBUG:dale_experiment_rig:Flow 6:: first_event_name: srq, final_event_name: rrq, expected_data_B: 780000, recv_data_B: 780000
INFO:dale_experiment_rig:Flow 7:: num of byteloads: 500, num srq events: 500, num rrq events: 8
DEBUG:dale_experiment_rig:Flow 7:: first_event_name: srq, final_event_name: rrq, expected_data_B: 780000, recv_data_B: 780000
INFO:dale_experiment_rig:Flow 0:: num of byteloads: 500, num srq events: 500, num rrq events: 1
DEBUG:dale_experiment_rig:Flow 0:: first_event_name: srq, final_event_name: rrq, expected_data_B: 780000, recv_data_B: 780000
INFO:dale_experiment_rig:Flow 1:: num of byteloads: 500, num srq events: 500, num rrq events: 1
DEBUG:dale_experiment_rig:Flow 1:: first_event_name: srq, final_event_name: rrq, expected_data_B: 780000, recv_data_B: 780000
INFO:dale_experiment_rig:Flow 2:: num of byteloads: 500, num srq events: 500, num rrq events: 1
DEBUG:dale_experiment_rig:Flow 2:: first_event_name: srq, final_event_name: rrq, expected_data_B: 780000, recv_data_B: 780000
INFO:dale_experiment_rig:Flow 3:: num of byteloads: 500, num srq events: 500, num rrq events: 1
DEBUG:dale_experiment_rig:Flow 3:: first_event_name: srq, final_event_name: rrq, expected_data_B: 780000, recv_data_B: 780000
INFO:dale_experiment_rig:Flow 4:: num of byteloads: 500, num srq events: 500, num rrq events: 1
DEBUG:dale_experiment_rig:Flow 4:: first_event_name: srq, final_event_name: rrq, expected_data_B: 780000, recv_data_B: 780000
INFO:dale_experiment_rig:Flow 5:: num of byteloads: 500, num srq events: 500, num rrq events: 1
DEBUG:dale_experiment_rig:Flow 5:: first_event_name: srq, final_event_name: rrq, expected_data_B: 780000, recv_data_B: 780000
INFO:dale_experiment_rig:Flow 6:: num of byteloads: 500, num srq events: 500, num rrq events: 5
DEBUG:dale_experiment_rig:Flow 6:: first_event_name: srq, final_event_name: rrq, expected_data_B: 780000, recv_data_B: 780000
INFO:dale_experiment_rig:Flow 7:: num of byteloads: 500, num srq events: 500, num rrq events: 7
DEBUG:dale_experiment_rig:Flow 7:: first_event_name: srq, final_event_name: rrq, expected_data_B: 780000, recv_data_B: 780000
INFO:dale_experiment_rig:SSIRD FCT (ms): [0.0017369140000003114, 0.0015578000000004977, 0.0013510459999999114, 0.0011416979999996357, 0.0005145320000004006, 0.0009357199999993071, 0.0007307880000002598, 0.0005071799999996074, 0.0016253969999997508, 0.0014188190000012924, 0.0012123170000002403, 0.0010061260000000516, 0.0007978630000007314, 0.0006030199999997876, 0.0005102780000001417, 0.0005069049999999464, 0.0016918070000002672, 0.0014863250000001216, 0.0012798270000011769, 0.0010719859999994696, 0.0008681060000004237, 0.0005080359999993789, 0.0005071130000011692, 0.0006595340000004057]
App Gdpt (overall): 298.074417327714 Gbps
App Gdpt (per flow): [12.480000000010426, 12.479999999966001, 12.479999999966001, 12.480000000010426, 12.480000000010426, 12.480000000010426, 12.479999999966001, 12.480000000010426, 12.480000000010426, 12.479999999966001, 12.479999999966001, 12.480000000010426, 12.480000000010426, 12.480000000010426, 12.479999999966001, 12.480000000010426, 12.480000000010426, 12.479999999966001, 12.479999999966001, 12.480000000010426, 12.480000000010426, 12.480000000010426, 12.479999999966001, 12.480000000010426]
Network Gdpt (overall): 86.22188548193702
Network Gdpt (per flow): [3.5925785617473758, 4.005648992167163, 4.618643628714648, 5.465543427423007, 12.127525596066215, 6.668661565430493, 8.538728057928951, 12.303324263584589, 3.839062087601341, 4.3980239903710885, 5.147168603590285, 6.202006508130871, 7.8208915565633195, 10.347915492027127, 12.228628316326136, 12.309998914985371, 3.688363980051516, 4.198274267067761, 4.875658975778962, 5.820971542541682, 7.188062287320851, 12.282594146886499, 12.304949784339216, 9.461225653258454]
INFO:dale_experiment_rig:Processing DCTCP results exp_id 0:: 8flo-12.479999999999999Gbps_target
INFO:dale_experiment_rig:Processing results from /data/dh1723/SIRD-Simulator/scripts/r2p2/coord/results/DCTCP-50-8flo-12Gbps-1560B-1000ns-2025-08-12T_10-09-58Z_incast_poisson_3to1_8flo_1560B_1us_99pt84Gbps_fixed_bload/data/DCTCP-50/60/applications_trace.str
INFO:dale_experiment_rig:Flow 0:: num of byteloads: 500, num srq events: 500, num rrq events: 1
DEBUG:dale_experiment_rig:Flow 0:: first_event_name: srq, final_event_name: rrq, expected_data_B: 780000, recv_data_B: 780000
INFO:dale_experiment_rig:Flow 1:: num of byteloads: 500, num srq events: 500, num rrq events: 1
DEBUG:dale_experiment_rig:Flow 1:: first_event_name: srq, final_event_name: rrq, expected_data_B: 780000, recv_data_B: 780000
INFO:dale_experiment_rig:Flow 2:: num of byteloads: 500, num srq events: 500, num rrq events: 1
DEBUG:dale_experiment_rig:Flow 2:: first_event_name: srq, final_event_name: rrq, expected_data_B: 780000, recv_data_B: 780000
INFO:dale_experiment_rig:Flow 3:: num of byteloads: 500, num srq events: 500, num rrq events: 1
DEBUG:dale_experiment_rig:Flow 3:: first_event_name: srq, final_event_name: rrq, expected_data_B: 780000, recv_data_B: 780000
INFO:dale_experiment_rig:Flow 4:: num of byteloads: 500, num srq events: 500, num rrq events: 1
DEBUG:dale_experiment_rig:Flow 4:: first_event_name: srq, final_event_name: rrq, expected_data_B: 780000, recv_data_B: 780000
INFO:dale_experiment_rig:Flow 5:: num of byteloads: 500, num srq events: 500, num rrq events: 1
DEBUG:dale_experiment_rig:Flow 5:: first_event_name: srq, final_event_name: rrq, expected_data_B: 780000, recv_data_B: 780000
INFO:dale_experiment_rig:Flow 6:: num of byteloads: 500, num srq events: 500, num rrq events: 1
DEBUG:dale_experiment_rig:Flow 6:: first_event_name: srq, final_event_name: rrq, expected_data_B: 780000, recv_data_B: 780000
INFO:dale_experiment_rig:Flow 7:: num of byteloads: 500, num srq events: 500, num rrq events: 1
DEBUG:dale_experiment_rig:Flow 7:: first_event_name: srq, final_event_name: rrq, expected_data_B: 780000, recv_data_B: 780000
INFO:dale_experiment_rig:Flow 0:: num of byteloads: 500, num srq events: 500, num rrq events: 1
DEBUG:dale_experiment_rig:Flow 0:: first_event_name: srq, final_event_name: rrq, expected_data_B: 780000, recv_data_B: 780000
INFO:dale_experiment_rig:Flow 1:: num of byteloads: 500, num srq events: 500, num rrq events: 1
DEBUG:dale_experiment_rig:Flow 1:: first_event_name: srq, final_event_name: rrq, expected_data_B: 780000, recv_data_B: 780000
INFO:dale_experiment_rig:Flow 2:: num of byteloads: 500, num srq events: 500, num rrq events: 1
DEBUG:dale_experiment_rig:Flow 2:: first_event_name: srq, final_event_name: rrq, expected_data_B: 780000, recv_data_B: 780000
INFO:dale_experiment_rig:Flow 3:: num of byteloads: 500, num srq events: 500, num rrq events: 1
DEBUG:dale_experiment_rig:Flow 3:: first_event_name: srq, final_event_name: rrq, expected_data_B: 780000, recv_data_B: 780000
INFO:dale_experiment_rig:Flow 4:: num of byteloads: 500, num srq events: 500, num rrq events: 1
DEBUG:dale_experiment_rig:Flow 4:: first_event_name: srq, final_event_name: rrq, expected_data_B: 780000, recv_data_B: 780000
INFO:dale_experiment_rig:Flow 5:: num of byteloads: 500, num srq events: 500, num rrq events: 1
DEBUG:dale_experiment_rig:Flow 5:: first_event_name: srq, final_event_name: rrq, expected_data_B: 780000, recv_data_B: 780000
INFO:dale_experiment_rig:Flow 6:: num of byteloads: 500, num srq events: 500, num rrq events: 1
DEBUG:dale_experiment_rig:Flow 6:: first_event_name: srq, final_event_name: rrq, expected_data_B: 780000, recv_data_B: 780000
INFO:dale_experiment_rig:Flow 7:: num of byteloads: 500, num srq events: 500, num rrq events: 1
DEBUG:dale_experiment_rig:Flow 7:: first_event_name: srq, final_event_name: rrq, expected_data_B: 780000, recv_data_B: 780000
INFO:dale_experiment_rig:Flow 0:: num of byteloads: 500, num srq events: 500, num rrq events: 1
DEBUG:dale_experiment_rig:Flow 0:: first_event_name: srq, final_event_name: rrq, expected_data_B: 780000, recv_data_B: 780000
INFO:dale_experiment_rig:Flow 1:: num of byteloads: 500, num srq events: 500, num rrq events: 1
DEBUG:dale_experiment_rig:Flow 1:: first_event_name: srq, final_event_name: rrq, expected_data_B: 780000, recv_data_B: 780000
INFO:dale_experiment_rig:Flow 2:: num of byteloads: 500, num srq events: 500, num rrq events: 1
DEBUG:dale_experiment_rig:Flow 2:: first_event_name: srq, final_event_name: rrq, expected_data_B: 780000, recv_data_B: 780000
INFO:dale_experiment_rig:Flow 3:: num of byteloads: 500, num srq events: 500, num rrq events: 1
DEBUG:dale_experiment_rig:Flow 3:: first_event_name: srq, final_event_name: rrq, expected_data_B: 780000, recv_data_B: 780000
INFO:dale_experiment_rig:Flow 4:: num of byteloads: 500, num srq events: 500, num rrq events: 1
DEBUG:dale_experiment_rig:Flow 4:: first_event_name: srq, final_event_name: rrq, expected_data_B: 780000, recv_data_B: 780000
INFO:dale_experiment_rig:Flow 5:: num of byteloads: 500, num srq events: 500, num rrq events: 1
DEBUG:dale_experiment_rig:Flow 5:: first_event_name: srq, final_event_name: rrq, expected_data_B: 780000, recv_data_B: 780000
INFO:dale_experiment_rig:Flow 6:: num of byteloads: 500, num srq events: 500, num rrq events: 1
DEBUG:dale_experiment_rig:Flow 6:: first_event_name: srq, final_event_name: rrq, expected_data_B: 780000, recv_data_B: 780000
INFO:dale_experiment_rig:Flow 7:: num of byteloads: 500, num srq events: 500, num rrq events: 1
DEBUG:dale_experiment_rig:Flow 7:: first_event_name: srq, final_event_name: rrq, expected_data_B: 780000, recv_data_B: 780000
INFO:dale_experiment_rig:DCTCP-50 FCT (ms): [0.0015954699999998212, 0.0015834899999997987, 0.00158494500000117, 0.0015738689999995614, 0.0015885530000012693, 0.0015897989999995588, 0.0015898690000000215, 0.0015848040000001617, 0.001593051999998707, 0.0015840300000000695, 0.0015868460000003637, 0.00157417099999968, 0.001588608000000491, 0.001589910999999944, 0.0015899250000011023, 0.0015849830000007614, 0.001593098999999043, 0.0015845700000003404, 0.0015870250000009634, 0.0015744729999997986, 0.0015892790000009427, 0.0015898550000006395, 0.0015899810000004067, 0.00158528500000088]
App Gdpt (overall): 298.074417327714 Gbps
App Gdpt (per flow): [12.480000000010426, 12.479999999966001, 12.479999999966001, 12.480000000010426, 12.480000000010426, 12.480000000010426, 12.479999999966001, 12.480000000010426, 12.480000000010426, 12.479999999966001, 12.479999999966001, 12.480000000010426, 12.480000000010426, 12.480000000010426, 12.479999999966001, 12.480000000010426, 12.480000000010426, 12.479999999966001, 12.479999999966001, 12.480000000010426, 12.480000000010426, 12.480000000010426, 12.479999999966001, 12.480000000010426]
Network Gdpt (overall): 93.86575742572207
Network Gdpt (per flow): [3.911073226071753, 3.940662713374125, 3.9370451340553734, 3.9647518313161636, 3.928103122775894, 3.925024484228341, 3.924851670168999, 3.937395412933942, 3.9170096142530597, 3.939319331073102, 3.9323286569702227, 3.9639912055305735, 3.9279671259354556, 3.9247479890385186, 3.9247134298760473, 3.9369507433183846, 3.916894053667568, 3.937976864385076, 3.931885130981687, 3.9632308715365703, 3.9263087223805884, 3.9248862317616955, 3.9245751993252775, 3.9362007462358735]
INFO:dale_experiment_rig:
##### GENERATE METRICS #####
INFO:dale_experiment_rig:Poisson_Flows_incast_poisson_3to1_8flo_1560B_1us_99pt84Gbps_fixed_bload
INFO:__main__:Protos tested: ['SSIRD', 'DCTCP-50']
INFO:__main__:Num Flows: 8
INFO:__main__:Byteload Size (B): 1560
INFO:__main__:Target Mean Byteload Interval (ns): 1000
INFO:__main__:  is_use_poisson_num_byteloads=False
INFO:__main__:Target Mean Flow Interarrival (ns): 1000
INFO:__main__:  is_use_poisson_flow_interarr=True
INFO:__main__:Target Flow Rate (Gbps): 12.479999999999999
INFO:__main__:Num Byteloads: [500, 500, 500, 500, 500, 500, 500, 500]
INFO:__main__:  is_use_poisson_num_byteloads=False
INFO:__main__:Flow Start Times (us): [0.638, 0.71, 0.883, 3.035, 3.289, 3.317, 3.415, 4.021]
INFO:__main__:Flow Rate (Gbps): [12.48, 12.48, 12.48, 12.48, 12.48, 12.48, 12.48, 12.48]
INFO:__main__:Flow Size (B): [780000, 780000, 780000, 780000, 780000, 780000, 780000, 780000]
INFO:__main__:Flow Send Durations (us): [499.638, 499.71, 499.883, 502.035, 502.289, 502.317, 502.415, 503.021]
INFO:__main__:Flow Min Byteload Size (B): [1560, 1560, 1560, 1560, 1560, 1560, 1560, 1560]
INFO:__main__:Flow Max Byteload Size (B): [1560, 1560, 1560, 1560, 1560, 1560, 1560, 1560]
INFO:__main__:Flow Min Interval (us): [0.003, 0.003, 0.003, 0.003, 0.003, 0.003, 0.003, 0.003]
INFO:__main__:Flow Max Interval (us): [5.664, 5.664, 5.664, 5.664, 5.664, 5.664, 5.664, 5.664]
INFO:__main__:APP Gdpt Gbps measured (SSIRD): [298.074417327714]
INFO:__main__:APP Gdpt Gbps measured (DCTCP): [298.074417327714]
DEBUG:__main__:APP Gdpt Gbps measured per flow (SSIRD): [[12.480000000010426, 12.479999999966001, 12.479999999966001, 12.480000000010426, 12.480000000010426, 12.480000000010426, 12.479999999966001, 12.480000000010426, 12.480000000010426, 12.479999999966001, 12.479999999966001, 12.480000000010426, 12.480000000010426, 12.480000000010426, 12.479999999966001, 12.480000000010426, 12.480000000010426, 12.479999999966001, 12.479999999966001, 12.480000000010426, 12.480000000010426, 12.480000000010426, 12.479999999966001, 12.480000000010426]]
DEBUG:__main__:APP Gdpt Gbps measured per flow (DCTCP): [[12.480000000010426, 12.479999999966001, 12.479999999966001, 12.480000000010426, 12.480000000010426, 12.480000000010426, 12.479999999966001, 12.480000000010426, 12.480000000010426, 12.479999999966001, 12.479999999966001, 12.480000000010426, 12.480000000010426, 12.480000000010426, 12.479999999966001, 12.480000000010426, 12.480000000010426, 12.479999999966001, 12.479999999966001, 12.480000000010426, 12.480000000010426, 12.480000000010426, 12.479999999966001, 12.480000000010426]]
INFO:__main__:NW Gdpt Gbps measured (SSIRD): [86.22188548193702]
INFO:__main__:NW Gdpt Gbps measured (DCTCP): [93.86575742572207]
DEBUG:__main__:NW Gdpt Gbps measured per flow (SSIRD): [[3.5925785617473758, 4.005648992167163, 4.618643628714648, 5.465543427423007, 12.127525596066215, 6.668661565430493, 8.538728057928951, 12.303324263584589, 3.839062087601341, 4.3980239903710885, 5.147168603590285, 6.202006508130871, 7.8208915565633195, 10.347915492027127, 12.228628316326136, 12.309998914985371, 3.688363980051516, 4.198274267067761, 4.875658975778962, 5.820971542541682, 7.188062287320851, 12.282594146886499, 12.304949784339216, 9.461225653258454]]
DEBUG:__main__:NW Gdpt Gbps measured per flow (DCTCP): [[3.911073226071753, 3.940662713374125, 3.9370451340553734, 3.9647518313161636, 3.928103122775894, 3.925024484228341, 3.924851670168999, 3.937395412933942, 3.9170096142530597, 3.939319331073102, 3.9323286569702227, 3.9639912055305735, 3.9279671259354556, 3.9247479890385186, 3.9247134298760473, 3.9369507433183846, 3.916894053667568, 3.937976864385076, 3.931885130981687, 3.9632308715365703, 3.9263087223805884, 3.9248862317616955, 3.9245751993252775, 3.9362007462358735]]
INFO:__main__:* Sim duration (SSIRD): [0.06]
INFO:__main__:* Sim duration (DCTCP): [0.06]
INFO:__main__:* SSIRD FCT: [[0.0017369140000003114, 0.0015578000000004977, 0.0013510459999999114, 0.0011416979999996357, 0.0005145320000004006, 0.0009357199999993071, 0.0007307880000002598, 0.0005071799999996074, 0.0016253969999997508, 0.0014188190000012924, 0.0012123170000002403, 0.0010061260000000516, 0.0007978630000007314, 0.0006030199999997876, 0.0005102780000001417, 0.0005069049999999464, 0.0016918070000002672, 0.0014863250000001216, 0.0012798270000011769, 0.0010719859999994696, 0.0008681060000004237, 0.0005080359999993789, 0.0005071130000011692, 0.0006595340000004057]]
INFO:__main__:* DCTCP FCT: [[0.0015954699999998212, 0.0015834899999997987, 0.00158494500000117, 0.0015738689999995614, 0.0015885530000012693, 0.0015897989999995588, 0.0015898690000000215, 0.0015848040000001617, 0.001593051999998707, 0.0015840300000000695, 0.0015868460000003637, 0.00157417099999968, 0.001588608000000491, 0.001589910999999944, 0.0015899250000011023, 0.0015849830000007614, 0.001593098999999043, 0.0015845700000003404, 0.0015870250000009634, 0.0015744729999997986, 0.0015892790000009427, 0.0015898550000006395, 0.0015899810000004067, 0.00158528500000088]]
