DEBUG:__main__:Protos tested: ['SSIRD', 'DCTCP-50']
DEBUG:__main__:Total_flow_size_B: 200000
DEBUG:__main__:Byteload sizes list: [20, 200, 2000, 20000, 200000]
DEBUG:__main__:Num Flows: 1
DEBUG:__main__:Inter-flow spacing (us): 0
DEBUG:__main__:Flow start times (us): [0]
DEBUG:__main__:Num Byteloads list: [10000, 1000, 100, 10, 1]
DEBUG:__main__:Total injection period (us): 1000.0
DEBUG:__main__:Inter-Byteload Periods list: [0.1, 1.0, 10.0, 100.0, 1000.0]
INFO:__main__:Total Flow Size (Bytes): 200000
INFO:__main__:Total Injection Period (us): 1000.0
INFO:__main__:Byteload Size (Bytes): [20, 200, 2000, 20000, 200000]
INFO:__main__:Num Byteloads: [10000, 1000, 100, 10, 1]
INFO:__main__:Intervals (us): [0.1, 1.0, 10.0, 100.0, 1000.0]
INFO:__main__:Num flows: 1
INFO:__main__:Gdpt GBps theoretical: [1.6, 1.6, 1.6, 1.6, 1.6]
INFO:__main__:* Sim duration (SSIRD): [0.003, 0.003, 0.003, 0.003, 0.003]
INFO:__main__:* Sim duration (DCTCP): [0.003, 0.003, 0.003, 0.003, 0.003]
INFO:dale_experiment_rig:Experiment started at: 2025-07-31 19:37:10.359531
INFO:dale_experiment_rig:
##### RUN GROUP #####
INFO:dale_experiment_rig:
=====
Execute experiment 1flo-10000#-20B-100ns_fullrange_1flo_1pt6gbps_total_1msRTT_credit_steal
INFO:dale_experiment_rig:Flags: 1, 1, 1, 1, 0
INFO:dale_experiment_rig:
=====
Execute experiment 1flo-10000#-20B-100ns_fullrange_1flo_1pt6gbps_total_1msRTT_credit_steal
INFO:dale_experiment_rig:ssird_sim_duration=0.003000; dctcp_sim_duration=0.003000
INFO:dale_experiment_rig:
=====
Execute experiment 1flo-1000#-200B-1000ns_fullrange_1flo_1pt6gbps_total_1msRTT_credit_steal
INFO:dale_experiment_rig:Flags: 1, 1, 1, 1, 0
INFO:dale_experiment_rig:-----
Preparing experiment input MRIs
INFO:dale_experiment_rig:
=====
Execute experiment 1flo-1000#-200B-1000ns_fullrange_1flo_1pt6gbps_total_1msRTT_credit_steal
INFO:dale_experiment_rig:Flags: 1, 1, 1, 1, 0
INFO:dale_experiment_rig:ssird_sim_duration=0.003000; dctcp_sim_duration=0.003000
INFO:dale_experiment_rig:### Creating MRI inputs parent dir: /data/dh1723/SIRD-Simulator/scripts/r2p2/coord/config/manual-req-intervals/dale_experiments/FCT_Fullrange_Byteloads_fullrange_1flo_1pt6gbps_total_1msRTT_credit_steal/
INFO:dale_experiment_rig:
=====
Execute experiment 1flo-100#-2000B-10000ns_fullrange_1flo_1pt6gbps_total_1msRTT_credit_steal
INFO:dale_experiment_rig:Flags: 1, 1, 1, 1, 0
INFO:dale_experiment_rig:
=====
Execute experiment 1flo-100#-2000B-10000ns_fullrange_1flo_1pt6gbps_total_1msRTT_credit_steal
INFO:dale_experiment_rig:ssird_sim_duration=0.003000; dctcp_sim_duration=0.003000
INFO:dale_experiment_rig:
=====
Execute experiment 1flo-10#-20000B-100000ns_fullrange_1flo_1pt6gbps_total_1msRTT_credit_steal
INFO:dale_experiment_rig:-----
Preparing experiment input MRIs
INFO:dale_experiment_rig:
=====
Execute experiment 1flo-10#-20000B-100000ns_fullrange_1flo_1pt6gbps_total_1msRTT_credit_steal
INFO:dale_experiment_rig:File /data/dh1723/SIRD-Simulator/scripts/r2p2/coord/config/manual-req-intervals/dale_experiments/FCT_Fullrange_Byteloads_fullrange_1flo_1pt6gbps_total_1msRTT_credit_steal/ aready exists.
INFO:dale_experiment_rig:Flags: 1, 1, 1, 1, 0
INFO:dale_experiment_rig:
=====
Execute experiment 1flo-1#-200000B-1000000ns_fullrange_1flo_1pt6gbps_total_1msRTT_credit_steal
INFO:dale_experiment_rig:ssird_sim_duration=0.003000; dctcp_sim_duration=0.003000
INFO:dale_experiment_rig:
=====
Execute experiment 1flo-1#-200000B-1000000ns_fullrange_1flo_1pt6gbps_total_1msRTT_credit_steal
INFO:dale_experiment_rig:Flags: 1, 1, 1, 1, 0
INFO:dale_experiment_rig:-----
Preparing experiment input MRIs
INFO:dale_experiment_rig:Flags: 1, 1, 1, 1, 0
INFO:dale_experiment_rig:### Creating MRI inputs parent dir: /data/dh1723/SIRD-Simulator/scripts/r2p2/coord/config/manual-req-intervals/dale_experiments/FCT_Fullrange_Byteloads_fullrange_1flo_1pt6gbps_total_1msRTT_credit_steal/
INFO:dale_experiment_rig:Flags: 1, 1, 1, 1, 0
DEBUG:dale_experiment_rig:num flows: 1
INFO:dale_experiment_rig:ssird_sim_duration=0.003000; dctcp_sim_duration=0.003000
INFO:dale_experiment_rig:Flags: 1, 1, 1, 1, 0
INFO:dale_experiment_rig:-----
Preparing experiment input MRIs
INFO:dale_experiment_rig:Flags: 1, 1, 1, 1, 0
INFO:dale_experiment_rig:ssird_sim_duration=0.003000; dctcp_sim_duration=0.003000
INFO:dale_experiment_rig:### Creating MRI inputs parent dir: /data/dh1723/SIRD-Simulator/scripts/r2p2/coord/config/manual-req-intervals/dale_experiments/FCT_Fullrange_Byteloads_fullrange_1flo_1pt6gbps_total_1msRTT_credit_steal/
INFO:dale_experiment_rig:ssird_sim_duration=0.003000; dctcp_sim_duration=0.003000
INFO:dale_experiment_rig:File /data/dh1723/SIRD-Simulator/scripts/r2p2/coord/config/manual-req-intervals/dale_experiments/FCT_Fullrange_Byteloads_fullrange_1flo_1pt6gbps_total_1msRTT_credit_steal/ aready exists.
INFO:dale_experiment_rig:ssird_sim_duration=0.003000; dctcp_sim_duration=0.003000
INFO:dale_experiment_rig:-----
Preparing experiment input MRIs
INFO:dale_experiment_rig:ssird_sim_duration=0.003000; dctcp_sim_duration=0.003000
INFO:dale_experiment_rig:### Creating MRI inputs parent dir: /data/dh1723/SIRD-Simulator/scripts/r2p2/coord/config/manual-req-intervals/dale_experiments/FCT_Fullrange_Byteloads_fullrange_1flo_1pt6gbps_total_1msRTT_credit_steal/
INFO:dale_experiment_rig:ssird_sim_duration=0.003000; dctcp_sim_duration=0.003000
INFO:dale_experiment_rig:-----
Preparing experiment input MRIs
INFO:dale_experiment_rig:File /data/dh1723/SIRD-Simulator/scripts/r2p2/coord/config/manual-req-intervals/dale_experiments/FCT_Fullrange_Byteloads_fullrange_1flo_1pt6gbps_total_1msRTT_credit_steal/ aready exists.
INFO:dale_experiment_rig:-----
Preparing experiment spec scripts
INFO:dale_experiment_rig:-----
Preparing experiment input MRIs
DEBUG:dale_experiment_rig:num flows: 1
INFO:dale_experiment_rig:-----
Preparing experiment input MRIs
INFO:dale_experiment_rig:### Creating MRI inputs parent dir: /data/dh1723/SIRD-Simulator/scripts/r2p2/coord/config/manual-req-intervals/dale_experiments/FCT_Fullrange_Byteloads_fullrange_1flo_1pt6gbps_total_1msRTT_credit_steal/
INFO:dale_experiment_rig:-----
Preparing experiment input MRIs
INFO:dale_experiment_rig:### Creating MRI inputs parent dir: /data/dh1723/SIRD-Simulator/scripts/r2p2/coord/config/manual-req-intervals/dale_experiments/FCT_Fullrange_Byteloads_fullrange_1flo_1pt6gbps_total_1msRTT_credit_steal/
INFO:dale_experiment_rig:-----
Preparing experiment input MRIs
INFO:dale_experiment_rig:### Creating MRI inputs parent dir: /data/dh1723/SIRD-Simulator/scripts/r2p2/coord/config/manual-req-intervals/dale_experiments/FCT_Fullrange_Byteloads_fullrange_1flo_1pt6gbps_total_1msRTT_credit_steal/
DEBUG:dale_experiment_rig:num flows: 1
INFO:dale_experiment_rig:### Creating spec scripts parent dir: /data/dh1723/SIRD-Simulator/scripts/r2p2/coord/config/dale_experiments/FCT_Fullrange_Byteloads_fullrange_1flo_1pt6gbps_total_1msRTT_credit_steal/
INFO:dale_experiment_rig:### Creating MRI inputs parent dir: /data/dh1723/SIRD-Simulator/scripts/r2p2/coord/config/manual-req-intervals/dale_experiments/FCT_Fullrange_Byteloads_fullrange_1flo_1pt6gbps_total_1msRTT_credit_steal/
INFO:dale_experiment_rig:### Creating MRI inputs parent dir: /data/dh1723/SIRD-Simulator/scripts/r2p2/coord/config/manual-req-intervals/dale_experiments/FCT_Fullrange_Byteloads_fullrange_1flo_1pt6gbps_total_1msRTT_credit_steal/
INFO:dale_experiment_rig:File /data/dh1723/SIRD-Simulator/scripts/r2p2/coord/config/manual-req-intervals/dale_experiments/FCT_Fullrange_Byteloads_fullrange_1flo_1pt6gbps_total_1msRTT_credit_steal/ aready exists.
INFO:dale_experiment_rig:File /data/dh1723/SIRD-Simulator/scripts/r2p2/coord/config/manual-req-intervals/dale_experiments/FCT_Fullrange_Byteloads_fullrange_1flo_1pt6gbps_total_1msRTT_credit_steal/ aready exists.
INFO:dale_experiment_rig:File /data/dh1723/SIRD-Simulator/scripts/r2p2/coord/config/manual-req-intervals/dale_experiments/FCT_Fullrange_Byteloads_fullrange_1flo_1pt6gbps_total_1msRTT_credit_steal/ aready exists.
INFO:dale_experiment_rig:-----
Preparing experiment spec scripts
INFO:dale_experiment_rig:### Creating MRI inputs parent dir: /data/dh1723/SIRD-Simulator/scripts/r2p2/coord/config/manual-req-intervals/dale_experiments/FCT_Fullrange_Byteloads_fullrange_1flo_1pt6gbps_total_1msRTT_credit_steal/
INFO:dale_experiment_rig:File /data/dh1723/SIRD-Simulator/scripts/r2p2/coord/config/manual-req-intervals/dale_experiments/FCT_Fullrange_Byteloads_fullrange_1flo_1pt6gbps_total_1msRTT_credit_steal/ aready exists.
INFO:dale_experiment_rig:File /data/dh1723/SIRD-Simulator/scripts/r2p2/coord/config/manual-req-intervals/dale_experiments/FCT_Fullrange_Byteloads_fullrange_1flo_1pt6gbps_total_1msRTT_credit_steal/ aready exists.
INFO:dale_experiment_rig:#### WARNING: File /data/dh1723/SIRD-Simulator/scripts/r2p2/coord/config/dale_experiments/FCT_Fullrange_Byteloads_fullrange_1flo_1pt6gbps_total_1msRTT_credit_steal/ aready exists.
INFO:dale_experiment_rig:-----
Preparing experiment spec scripts
INFO:dale_experiment_rig:File /data/dh1723/SIRD-Simulator/scripts/r2p2/coord/config/manual-req-intervals/dale_experiments/FCT_Fullrange_Byteloads_fullrange_1flo_1pt6gbps_total_1msRTT_credit_steal/ aready exists.
DEBUG:dale_experiment_rig:num flows: 1
DEBUG:dale_experiment_rig:num flows: 1
DEBUG:dale_experiment_rig:num flows: 1
INFO:dale_experiment_rig:### Creating spec scripts parent dir: /data/dh1723/SIRD-Simulator/scripts/r2p2/coord/config/dale_experiments/FCT_Fullrange_Byteloads_fullrange_1flo_1pt6gbps_total_1msRTT_credit_steal/
INFO:dale_experiment_rig:File /data/dh1723/SIRD-Simulator/scripts/r2p2/coord/config/manual-req-intervals/dale_experiments/FCT_Fullrange_Byteloads_fullrange_1flo_1pt6gbps_total_1msRTT_credit_steal/ aready exists.
DEBUG:dale_experiment_rig:num flows: 1
DEBUG:dale_experiment_rig:num flows: 1
INFO:dale_experiment_rig:### Creating spec scripts parent dir: /data/dh1723/SIRD-Simulator/scripts/r2p2/coord/config/dale_experiments/FCT_Fullrange_Byteloads_fullrange_1flo_1pt6gbps_total_1msRTT_credit_steal/
DEBUG:dale_experiment_rig:num flows: 1
INFO:dale_experiment_rig:-----
Preparing experiment spec scripts
INFO:dale_experiment_rig:-----
Running experiment for SSIRD
DEBUG:dale_experiment_rig:num flows: 1
INFO:dale_experiment_rig:-----
Preparing experiment spec scripts
INFO:dale_experiment_rig:#### WARNING: File /data/dh1723/SIRD-Simulator/scripts/r2p2/coord/config/dale_experiments/FCT_Fullrange_Byteloads_fullrange_1flo_1pt6gbps_total_1msRTT_credit_steal/ aready exists.
INFO:dale_experiment_rig:-----
Preparing experiment spec scripts
INFO:dale_experiment_rig:-----
Preparing experiment spec scripts
INFO:dale_experiment_rig:#### WARNING: File /data/dh1723/SIRD-Simulator/scripts/r2p2/coord/config/dale_experiments/FCT_Fullrange_Byteloads_fullrange_1flo_1pt6gbps_total_1msRTT_credit_steal/ aready exists.
INFO:dale_experiment_rig:-----
Preparing experiment spec scripts
INFO:dale_experiment_rig:### Creating spec scripts parent dir: /data/dh1723/SIRD-Simulator/scripts/r2p2/coord/config/dale_experiments/FCT_Fullrange_Byteloads_fullrange_1flo_1pt6gbps_total_1msRTT_credit_steal/
INFO:dale_experiment_rig:-----
Preparing experiment spec scripts
INFO:dale_experiment_rig:### Script:/data/dh1723/SIRD-Simulator/scripts/r2p2/coord/config/dale_experiments/FCT_Fullrange_Byteloads_fullrange_1flo_1pt6gbps_total_1msRTT_credit_steal/SSIRD-1flo-10000#-20B-100ns_fullrange_1flo_1pt6gbps_total_1msRTT_credit_steal.sh
INFO:dale_experiment_rig:### Creating spec scripts parent dir: /data/dh1723/SIRD-Simulator/scripts/r2p2/coord/config/dale_experiments/FCT_Fullrange_Byteloads_fullrange_1flo_1pt6gbps_total_1msRTT_credit_steal/
INFO:dale_experiment_rig:-----
Preparing experiment spec scripts
INFO:dale_experiment_rig:### Creating spec scripts parent dir: /data/dh1723/SIRD-Simulator/scripts/r2p2/coord/config/dale_experiments/FCT_Fullrange_Byteloads_fullrange_1flo_1pt6gbps_total_1msRTT_credit_steal/
INFO:dale_experiment_rig:### Creating spec scripts parent dir: /data/dh1723/SIRD-Simulator/scripts/r2p2/coord/config/dale_experiments/FCT_Fullrange_Byteloads_fullrange_1flo_1pt6gbps_total_1msRTT_credit_steal/
INFO:dale_experiment_rig:### Creating spec scripts parent dir: /data/dh1723/SIRD-Simulator/scripts/r2p2/coord/config/dale_experiments/FCT_Fullrange_Byteloads_fullrange_1flo_1pt6gbps_total_1msRTT_credit_steal/
INFO:dale_experiment_rig:### Creating spec scripts parent dir: /data/dh1723/SIRD-Simulator/scripts/r2p2/coord/config/dale_experiments/FCT_Fullrange_Byteloads_fullrange_1flo_1pt6gbps_total_1msRTT_credit_steal/
INFO:dale_experiment_rig:### Output path (stdout): /data/dh1723/SIRD-Simulator/scripts/r2p2/coord/outputs/FCT_Fullrange_Byteloads_fullrange_1flo_1pt6gbps_total_1msRTT_credit_steal/ssird_1flo-10000#-20B-100ns_fullrange_1flo_1pt6gbps_total_1msRTT_credit_steal_stdout.out
INFO:dale_experiment_rig:-----
Running experiment for DCTCP-50
INFO:dale_experiment_rig:#### WARNING: File /data/dh1723/SIRD-Simulator/scripts/r2p2/coord/config/dale_experiments/FCT_Fullrange_Byteloads_fullrange_1flo_1pt6gbps_total_1msRTT_credit_steal/ aready exists.
INFO:dale_experiment_rig:#### WARNING: File /data/dh1723/SIRD-Simulator/scripts/r2p2/coord/config/dale_experiments/FCT_Fullrange_Byteloads_fullrange_1flo_1pt6gbps_total_1msRTT_credit_steal/ aready exists.
INFO:dale_experiment_rig:### Creating spec scripts parent dir: /data/dh1723/SIRD-Simulator/scripts/r2p2/coord/config/dale_experiments/FCT_Fullrange_Byteloads_fullrange_1flo_1pt6gbps_total_1msRTT_credit_steal/
INFO:dale_experiment_rig:#### WARNING: File /data/dh1723/SIRD-Simulator/scripts/r2p2/coord/config/dale_experiments/FCT_Fullrange_Byteloads_fullrange_1flo_1pt6gbps_total_1msRTT_credit_steal/ aready exists.
INFO:dale_experiment_rig:#### WARNING: File /data/dh1723/SIRD-Simulator/scripts/r2p2/coord/config/dale_experiments/FCT_Fullrange_Byteloads_fullrange_1flo_1pt6gbps_total_1msRTT_credit_steal/ aready exists.
INFO:dale_experiment_rig:#### WARNING: File /data/dh1723/SIRD-Simulator/scripts/r2p2/coord/config/dale_experiments/FCT_Fullrange_Byteloads_fullrange_1flo_1pt6gbps_total_1msRTT_credit_steal/ aready exists.
INFO:dale_experiment_rig:-----
Running experiment for SSIRD
INFO:dale_experiment_rig:### Output path (stderr): /data/dh1723/SIRD-Simulator/scripts/r2p2/coord/outputs/FCT_Fullrange_Byteloads_fullrange_1flo_1pt6gbps_total_1msRTT_credit_steal/ssird_1flo-10000#-20B-100ns_fullrange_1flo_1pt6gbps_total_1msRTT_credit_steal_stderr.out
INFO:dale_experiment_rig:#### WARNING: File /data/dh1723/SIRD-Simulator/scripts/r2p2/coord/config/dale_experiments/FCT_Fullrange_Byteloads_fullrange_1flo_1pt6gbps_total_1msRTT_credit_steal/ aready exists.
INFO:dale_experiment_rig:### Script:/data/dh1723/SIRD-Simulator/scripts/r2p2/coord/config/dale_experiments/FCT_Fullrange_Byteloads_fullrange_1flo_1pt6gbps_total_1msRTT_credit_steal/DCTCP-50-1flo-10000#-20B-100ns_fullrange_1flo_1pt6gbps_total_1msRTT_credit_steal.sh
INFO:dale_experiment_rig:#### WARNING: File /data/dh1723/SIRD-Simulator/scripts/r2p2/coord/config/dale_experiments/FCT_Fullrange_Byteloads_fullrange_1flo_1pt6gbps_total_1msRTT_credit_steal/ aready exists.
INFO:dale_experiment_rig:### Script:/data/dh1723/SIRD-Simulator/scripts/r2p2/coord/config/dale_experiments/FCT_Fullrange_Byteloads_fullrange_1flo_1pt6gbps_total_1msRTT_credit_steal/SSIRD-1flo-1000#-200B-1000ns_fullrange_1flo_1pt6gbps_total_1msRTT_credit_steal.sh
INFO:dale_experiment_rig:### Output path (stdout): /data/dh1723/SIRD-Simulator/scripts/r2p2/coord/outputs/FCT_Fullrange_Byteloads_fullrange_1flo_1pt6gbps_total_1msRTT_credit_steal/DCTCP-50_1flo-10000#-20B-100ns_fullrange_1flo_1pt6gbps_total_1msRTT_credit_steal_stdout.out
INFO:dale_experiment_rig:-----
Running experiment for DCTCP-50
INFO:dale_experiment_rig:-----
Running experiment for SSIRD
INFO:dale_experiment_rig:### Output path (stdout): /data/dh1723/SIRD-Simulator/scripts/r2p2/coord/outputs/FCT_Fullrange_Byteloads_fullrange_1flo_1pt6gbps_total_1msRTT_credit_steal/ssird_1flo-1000#-200B-1000ns_fullrange_1flo_1pt6gbps_total_1msRTT_credit_steal_stdout.out
INFO:dale_experiment_rig:-----
Running experiment for DCTCP-50
INFO:dale_experiment_rig:### Output path (stderr): /data/dh1723/SIRD-Simulator/scripts/r2p2/coord/outputs/FCT_Fullrange_Byteloads_fullrange_1flo_1pt6gbps_total_1msRTT_credit_steal/DCTCP-50_1flo-10000#-20B-100ns_fullrange_1flo_1pt6gbps_total_1msRTT_credit_steal_stderr.out
INFO:dale_experiment_rig:### Script:/data/dh1723/SIRD-Simulator/scripts/r2p2/coord/config/dale_experiments/FCT_Fullrange_Byteloads_fullrange_1flo_1pt6gbps_total_1msRTT_credit_steal/DCTCP-50-1flo-100#-2000B-10000ns_fullrange_1flo_1pt6gbps_total_1msRTT_credit_steal.sh
INFO:dale_experiment_rig:### Script:/data/dh1723/SIRD-Simulator/scripts/r2p2/coord/config/dale_experiments/FCT_Fullrange_Byteloads_fullrange_1flo_1pt6gbps_total_1msRTT_credit_steal/SSIRD-1flo-100#-2000B-10000ns_fullrange_1flo_1pt6gbps_total_1msRTT_credit_steal.sh
INFO:dale_experiment_rig:### Output path (stderr): /data/dh1723/SIRD-Simulator/scripts/r2p2/coord/outputs/FCT_Fullrange_Byteloads_fullrange_1flo_1pt6gbps_total_1msRTT_credit_steal/ssird_1flo-1000#-200B-1000ns_fullrange_1flo_1pt6gbps_total_1msRTT_credit_steal_stderr.out
INFO:dale_experiment_rig:-----
Running experiment for DCTCP-50
INFO:dale_experiment_rig:-----
Running experiment for SSIRD
INFO:dale_experiment_rig:-----
Running experiment for SSIRD
INFO:dale_experiment_rig:### Script:/data/dh1723/SIRD-Simulator/scripts/r2p2/coord/config/dale_experiments/FCT_Fullrange_Byteloads_fullrange_1flo_1pt6gbps_total_1msRTT_credit_steal/DCTCP-50-1flo-1000#-200B-1000ns_fullrange_1flo_1pt6gbps_total_1msRTT_credit_steal.sh
INFO:dale_experiment_rig:### Output path (stdout): /data/dh1723/SIRD-Simulator/scripts/r2p2/coord/outputs/FCT_Fullrange_Byteloads_fullrange_1flo_1pt6gbps_total_1msRTT_credit_steal/DCTCP-50_1flo-100#-2000B-10000ns_fullrange_1flo_1pt6gbps_total_1msRTT_credit_steal_stdout.out
INFO:dale_experiment_rig:-----
Running experiment for DCTCP-50
INFO:dale_experiment_rig:### Output path (stdout): /data/dh1723/SIRD-Simulator/scripts/r2p2/coord/outputs/FCT_Fullrange_Byteloads_fullrange_1flo_1pt6gbps_total_1msRTT_credit_steal/ssird_1flo-100#-2000B-10000ns_fullrange_1flo_1pt6gbps_total_1msRTT_credit_steal_stdout.out
INFO:dale_experiment_rig:### Script:/data/dh1723/SIRD-Simulator/scripts/r2p2/coord/config/dale_experiments/FCT_Fullrange_Byteloads_fullrange_1flo_1pt6gbps_total_1msRTT_credit_steal/DCTCP-50-1flo-10#-20000B-100000ns_fullrange_1flo_1pt6gbps_total_1msRTT_credit_steal.sh
INFO:dale_experiment_rig:### Script:/data/dh1723/SIRD-Simulator/scripts/r2p2/coord/config/dale_experiments/FCT_Fullrange_Byteloads_fullrange_1flo_1pt6gbps_total_1msRTT_credit_steal/SSIRD-1flo-1#-200000B-1000000ns_fullrange_1flo_1pt6gbps_total_1msRTT_credit_steal.sh
INFO:dale_experiment_rig:### Script:/data/dh1723/SIRD-Simulator/scripts/r2p2/coord/config/dale_experiments/FCT_Fullrange_Byteloads_fullrange_1flo_1pt6gbps_total_1msRTT_credit_steal/SSIRD-1flo-10#-20000B-100000ns_fullrange_1flo_1pt6gbps_total_1msRTT_credit_steal.sh
INFO:dale_experiment_rig:### Output path (stdout): /data/dh1723/SIRD-Simulator/scripts/r2p2/coord/outputs/FCT_Fullrange_Byteloads_fullrange_1flo_1pt6gbps_total_1msRTT_credit_steal/DCTCP-50_1flo-1000#-200B-1000ns_fullrange_1flo_1pt6gbps_total_1msRTT_credit_steal_stdout.out
INFO:dale_experiment_rig:### Output path (stderr): /data/dh1723/SIRD-Simulator/scripts/r2p2/coord/outputs/FCT_Fullrange_Byteloads_fullrange_1flo_1pt6gbps_total_1msRTT_credit_steal/DCTCP-50_1flo-100#-2000B-10000ns_fullrange_1flo_1pt6gbps_total_1msRTT_credit_steal_stderr.out
INFO:dale_experiment_rig:### Script:/data/dh1723/SIRD-Simulator/scripts/r2p2/coord/config/dale_experiments/FCT_Fullrange_Byteloads_fullrange_1flo_1pt6gbps_total_1msRTT_credit_steal/DCTCP-50-1flo-1#-200000B-1000000ns_fullrange_1flo_1pt6gbps_total_1msRTT_credit_steal.sh
INFO:dale_experiment_rig:### Output path (stderr): /data/dh1723/SIRD-Simulator/scripts/r2p2/coord/outputs/FCT_Fullrange_Byteloads_fullrange_1flo_1pt6gbps_total_1msRTT_credit_steal/ssird_1flo-100#-2000B-10000ns_fullrange_1flo_1pt6gbps_total_1msRTT_credit_steal_stderr.out
INFO:dale_experiment_rig:### Output path (stdout): /data/dh1723/SIRD-Simulator/scripts/r2p2/coord/outputs/FCT_Fullrange_Byteloads_fullrange_1flo_1pt6gbps_total_1msRTT_credit_steal/DCTCP-50_1flo-10#-20000B-100000ns_fullrange_1flo_1pt6gbps_total_1msRTT_credit_steal_stdout.out
INFO:dale_experiment_rig:### Output path (stdout): /data/dh1723/SIRD-Simulator/scripts/r2p2/coord/outputs/FCT_Fullrange_Byteloads_fullrange_1flo_1pt6gbps_total_1msRTT_credit_steal/ssird_1flo-1#-200000B-1000000ns_fullrange_1flo_1pt6gbps_total_1msRTT_credit_steal_stdout.out
INFO:dale_experiment_rig:### Output path (stdout): /data/dh1723/SIRD-Simulator/scripts/r2p2/coord/outputs/FCT_Fullrange_Byteloads_fullrange_1flo_1pt6gbps_total_1msRTT_credit_steal/ssird_1flo-10#-20000B-100000ns_fullrange_1flo_1pt6gbps_total_1msRTT_credit_steal_stdout.out
INFO:dale_experiment_rig:### Output path (stderr): /data/dh1723/SIRD-Simulator/scripts/r2p2/coord/outputs/FCT_Fullrange_Byteloads_fullrange_1flo_1pt6gbps_total_1msRTT_credit_steal/ssird_1flo-10#-20000B-100000ns_fullrange_1flo_1pt6gbps_total_1msRTT_credit_steal_stderr.out
INFO:dale_experiment_rig:### Output path (stdout): /data/dh1723/SIRD-Simulator/scripts/r2p2/coord/outputs/FCT_Fullrange_Byteloads_fullrange_1flo_1pt6gbps_total_1msRTT_credit_steal/DCTCP-50_1flo-1#-200000B-1000000ns_fullrange_1flo_1pt6gbps_total_1msRTT_credit_steal_stdout.out
INFO:dale_experiment_rig:### Output path (stderr): /data/dh1723/SIRD-Simulator/scripts/r2p2/coord/outputs/FCT_Fullrange_Byteloads_fullrange_1flo_1pt6gbps_total_1msRTT_credit_steal/DCTCP-50_1flo-10#-20000B-100000ns_fullrange_1flo_1pt6gbps_total_1msRTT_credit_steal_stderr.out
INFO:dale_experiment_rig:### Output path (stderr): /data/dh1723/SIRD-Simulator/scripts/r2p2/coord/outputs/FCT_Fullrange_Byteloads_fullrange_1flo_1pt6gbps_total_1msRTT_credit_steal/ssird_1flo-1#-200000B-1000000ns_fullrange_1flo_1pt6gbps_total_1msRTT_credit_steal_stderr.out
INFO:dale_experiment_rig:### Output path (stderr): /data/dh1723/SIRD-Simulator/scripts/r2p2/coord/outputs/FCT_Fullrange_Byteloads_fullrange_1flo_1pt6gbps_total_1msRTT_credit_steal/DCTCP-50_1flo-1000#-200B-1000ns_fullrange_1flo_1pt6gbps_total_1msRTT_credit_steal_stderr.out
INFO:dale_experiment_rig:### Output path (stderr): /data/dh1723/SIRD-Simulator/scripts/r2p2/coord/outputs/FCT_Fullrange_Byteloads_fullrange_1flo_1pt6gbps_total_1msRTT_credit_steal/DCTCP-50_1flo-1#-200000B-1000000ns_fullrange_1flo_1pt6gbps_total_1msRTT_credit_steal_stderr.out
INFO:dale_experiment_rig:-----
Backing up app trace file paths
DEBUG:dale_experiment_rig:/data/dh1723/SIRD-Simulator/scripts/r2p2/post-process/experiment_app_trace_paths/FCT_Fullrange_Byteloads_fullrange_1flo_1pt6gbps_total_1msRTT_credit_steal/1flo/SSIRD_app_traces.txt
INFO:dale_experiment_rig:-----
Backing up app trace file paths
DEBUG:dale_experiment_rig:/data/dh1723/SIRD-Simulator/scripts/r2p2/post-process/experiment_app_trace_paths/FCT_Fullrange_Byteloads_fullrange_1flo_1pt6gbps_total_1msRTT_credit_steal/1flo/DCTCP-50_app_traces.txt
INFO:dale_experiment_rig:Simulations ended at: 2025-07-31 19:38:20.025519
INFO:dale_experiment_rig:
##### POST PROCESS RESULTS #####
INFO:dale_experiment_rig:=====
** Num Byteloads Per Flow: 10000, Byteload Size (B): 20, Inter-Byteload Interval (us): 0.1, ssird_sim_dur (s): 0.003, dctcp_sim_dur (s): 0.003
INFO:dale_experiment_rig:Processing SIRD results exp_id 0:: 1flo-10000#-20B
INFO:dale_experiment_rig:Processing results from /data/dh1723/SIRD-Simulator/scripts/r2p2/coord/results/SSIRD-1flo-10000#-20B-100ns_fullrange_1flo_1pt6gbps_total_1msRTT_credit_steal/data/SSIRD/60/applications_trace.str
INFO:dale_experiment_rig:Flow 0:: num of byteloads: 10000, num srq events: 10000, num rrq events: 1
DEBUG:dale_experiment_rig:Flow 0:: first_event_name: srq, final_event_name: rrq, expected_data_B: 200000, recv_data_B: 200000
INFO:dale_experiment_rig:SSIRD FCT: [0.002499966000000242] ms, App Gdpt (overall): 1.5999999999999146 Gbps, App Gdpt (per flow): [1.5999999999999146]
INFO:dale_experiment_rig:Processing DCTCP results exp_id 0:: 1flo-10000#-20B
INFO:dale_experiment_rig:Processing results from /data/dh1723/SIRD-Simulator/scripts/r2p2/coord/results/DCTCP-50-1flo-10000#-20B-100ns_fullrange_1flo_1pt6gbps_total_1msRTT_credit_steal/data/DCTCP-50/60/applications_trace.str
INFO:dale_experiment_rig:Flow 0:: num of byteloads: 10000, num srq events: 10000, num rrq events: 10000
DEBUG:dale_experiment_rig:Flow 0:: first_event_name: srq, final_event_name: rrq, expected_data_B: 200000, recv_data_B: 200000
INFO:dale_experiment_rig:DCTCP FCT: [0.001499916000000212] ms, App Gtpt (overall): 1.5999999999999146 Gbps, App Gdpt (per flow): [1.5999999999999146]
INFO:dale_experiment_rig:=====
** Num Byteloads Per Flow: 1000, Byteload Size (B): 200, Inter-Byteload Interval (us): 1.0, ssird_sim_dur (s): 0.003, dctcp_sim_dur (s): 0.003
INFO:dale_experiment_rig:Processing SIRD results exp_id 1:: 1flo-1000#-200B
INFO:dale_experiment_rig:Processing results from /data/dh1723/SIRD-Simulator/scripts/r2p2/coord/results/SSIRD-1flo-1000#-200B-1000ns_fullrange_1flo_1pt6gbps_total_1msRTT_credit_steal/data/SSIRD/60/applications_trace.str
INFO:dale_experiment_rig:Flow 0:: num of byteloads: 1000, num srq events: 1000, num rrq events: 1
DEBUG:dale_experiment_rig:Flow 0:: first_event_name: srq, final_event_name: rrq, expected_data_B: 200000, recv_data_B: 200000
INFO:dale_experiment_rig:SSIRD FCT: [0.002499095000001006] ms, App Gdpt (overall): 1.5999999999996892 Gbps, App Gdpt (per flow): [1.5999999999996892]
INFO:dale_experiment_rig:Processing DCTCP results exp_id 1:: 1flo-1000#-200B
INFO:dale_experiment_rig:Processing results from /data/dh1723/SIRD-Simulator/scripts/r2p2/coord/results/DCTCP-50-1flo-1000#-200B-1000ns_fullrange_1flo_1pt6gbps_total_1msRTT_credit_steal/data/DCTCP-50/60/applications_trace.str
INFO:dale_experiment_rig:Flow 0:: num of byteloads: 1000, num srq events: 1000, num rrq events: 1000
DEBUG:dale_experiment_rig:Flow 0:: first_event_name: srq, final_event_name: rrq, expected_data_B: 200000, recv_data_B: 200000
INFO:dale_experiment_rig:DCTCP FCT: [0.001499044000000893] ms, App Gtpt (overall): 1.5999999999996892 Gbps, App Gdpt (per flow): [1.5999999999996892]
INFO:dale_experiment_rig:=====
** Num Byteloads Per Flow: 100, Byteload Size (B): 2000, Inter-Byteload Interval (us): 10.0, ssird_sim_dur (s): 0.003, dctcp_sim_dur (s): 0.003
INFO:dale_experiment_rig:Processing SIRD results exp_id 2:: 1flo-100#-2000B
INFO:dale_experiment_rig:Processing results from /data/dh1723/SIRD-Simulator/scripts/r2p2/coord/results/SSIRD-1flo-100#-2000B-10000ns_fullrange_1flo_1pt6gbps_total_1msRTT_credit_steal/data/SSIRD/60/applications_trace.str
INFO:dale_experiment_rig:Flow 0:: num of byteloads: 100, num srq events: 100, num rrq events: 1
DEBUG:dale_experiment_rig:Flow 0:: first_event_name: srq, final_event_name: rrq, expected_data_B: 200000, recv_data_B: 200000
INFO:dale_experiment_rig:SSIRD FCT: [0.0024903750000007108] ms, App Gdpt (overall): 1.599999999997413 Gbps, App Gdpt (per flow): [1.599999999997413]
INFO:dale_experiment_rig:Processing DCTCP results exp_id 2:: 1flo-100#-2000B
INFO:dale_experiment_rig:Processing results from /data/dh1723/SIRD-Simulator/scripts/r2p2/coord/results/DCTCP-50-1flo-100#-2000B-10000ns_fullrange_1flo_1pt6gbps_total_1msRTT_credit_steal/data/DCTCP-50/60/applications_trace.str
INFO:dale_experiment_rig:Flow 0:: num of byteloads: 100, num srq events: 100, num rrq events: 100
DEBUG:dale_experiment_rig:Flow 0:: first_event_name: srq, final_event_name: rrq, expected_data_B: 200000, recv_data_B: 200000
INFO:dale_experiment_rig:DCTCP FCT: [0.0014902960000000576] ms, App Gtpt (overall): 1.599999999997413 Gbps, App Gdpt (per flow): [1.599999999997413]
INFO:dale_experiment_rig:=====
** Num Byteloads Per Flow: 10, Byteload Size (B): 20000, Inter-Byteload Interval (us): 100.0, ssird_sim_dur (s): 0.003, dctcp_sim_dur (s): 0.003
INFO:dale_experiment_rig:Processing SIRD results exp_id 3:: 1flo-10#-20000B
INFO:dale_experiment_rig:Processing results from /data/dh1723/SIRD-Simulator/scripts/r2p2/coord/results/SSIRD-1flo-10#-20000B-100000ns_fullrange_1flo_1pt6gbps_total_1msRTT_credit_steal/data/SSIRD/60/applications_trace.str
INFO:dale_experiment_rig:Flow 0:: num of byteloads: 10, num srq events: 10, num rrq events: 1
DEBUG:dale_experiment_rig:Flow 0:: first_event_name: srq, final_event_name: rrq, expected_data_B: 200000, recv_data_B: 200000
INFO:dale_experiment_rig:SSIRD FCT: [0.002401891999999961] ms, App Gdpt (overall): 1.599999999997413 Gbps, App Gdpt (per flow): [1.599999999997413]
INFO:dale_experiment_rig:Processing DCTCP results exp_id 3:: 1flo-10#-20000B
INFO:dale_experiment_rig:Processing results from /data/dh1723/SIRD-Simulator/scripts/r2p2/coord/results/DCTCP-50-1flo-10#-20000B-100000ns_fullrange_1flo_1pt6gbps_total_1msRTT_credit_steal/data/DCTCP-50/60/applications_trace.str
INFO:dale_experiment_rig:Flow 0:: num of byteloads: 10, num srq events: 10, num rrq events: 10
DEBUG:dale_experiment_rig:Flow 0:: first_event_name: srq, final_event_name: rrq, expected_data_B: 200000, recv_data_B: 200000
INFO:dale_experiment_rig:DCTCP FCT: [0.001401810000000836] ms, App Gtpt (overall): 1.599999999997413 Gbps, App Gdpt (per flow): [1.599999999997413]
INFO:dale_experiment_rig:=====
** Num Byteloads Per Flow: 1, Byteload Size (B): 200000, Inter-Byteload Interval (us): 1000.0, ssird_sim_dur (s): 0.003, dctcp_sim_dur (s): 0.003
INFO:dale_experiment_rig:Processing SIRD results exp_id 4:: 1flo-1#-200000B
INFO:dale_experiment_rig:Processing results from /data/dh1723/SIRD-Simulator/scripts/r2p2/coord/results/SSIRD-1flo-1#-200000B-1000000ns_fullrange_1flo_1pt6gbps_total_1msRTT_credit_steal/data/SSIRD/60/applications_trace.str
INFO:dale_experiment_rig:Flow 0:: num of byteloads: 1, num srq events: 1, num rrq events: 1
DEBUG:dale_experiment_rig:Flow 0:: first_event_name: srq, final_event_name: rrq, expected_data_B: 200000, recv_data_B: 200000
INFO:dale_experiment_rig:SSIRD FCT: [0.0015171450000011077] ms, App Gdpt (overall): -1 Gbps, App Gdpt (per flow): [None]
INFO:dale_experiment_rig:Processing DCTCP results exp_id 4:: 1flo-1#-200000B
INFO:dale_experiment_rig:Processing results from /data/dh1723/SIRD-Simulator/scripts/r2p2/coord/results/DCTCP-50-1flo-1#-200000B-1000000ns_fullrange_1flo_1pt6gbps_total_1msRTT_credit_steal/data/DCTCP-50/60/applications_trace.str
INFO:dale_experiment_rig:Flow 0:: num of byteloads: 1, num srq events: 1, num rrq events: 1
DEBUG:dale_experiment_rig:Flow 0:: first_event_name: srq, final_event_name: rrq, expected_data_B: 200000, recv_data_B: 200000
INFO:dale_experiment_rig:DCTCP FCT: [0.0025011310000007114] ms, App Gtpt (overall): -1 Gbps, App Gdpt (per flow): [None]
INFO:dale_experiment_rig:
##### GENERATE METRICS #####
INFO:__main__:Total Flow Size (Bytes): 200000
INFO:__main__:Total Injection Period (us): 1000.0
INFO:__main__:Byteload Size (Bytes): [20, 200, 2000, 20000, 200000]
INFO:__main__:Num Byteloads: [10000, 1000, 100, 10, 1]
INFO:__main__:Intervals (us): [0.1, 1.0, 10.0, 100.0, 1000.0]
INFO:__main__:Num flows: 1
DEBUG:__main__:Flow start times (us): [0]
INFO:__main__:Gdpt Gbps theoretical: [1.6, 1.6, 1.6, 1.6, 1.6]
INFO:__main__:Gdpt Gbps measured (SSIRD): [1.5999999999999146, 1.5999999999996892, 1.599999999997413, 1.599999999997413, -1]
INFO:__main__:Gdpt Gbps measured (DCTCP): [1.5999999999999146, 1.5999999999996892, 1.599999999997413, 1.599999999997413, -1]
DEBUG:__main__:Gdpt Gbps measured per flow (SSIRD): [[1.5999999999999146], [1.5999999999996892], [1.599999999997413], [1.599999999997413], [None]]
DEBUG:__main__:Gdpt Gbps measured per flow (DCTCP): [[1.5999999999999146], [1.5999999999996892], [1.599999999997413], [1.599999999997413], [None]]
INFO:__main__:* Sim duration (SSIRD): [0.003, 0.003, 0.003, 0.003, 0.003]
INFO:__main__:* Sim duration (DCTCP): [0.003, 0.003, 0.003, 0.003, 0.003]
INFO:__main__:* SSIRD FCT: [[0.002499966000000242], [0.002499095000001006], [0.0024903750000007108], [0.002401891999999961], [0.0015171450000011077]]
INFO:__main__:* DCTCP FCT: [[0.001499916000000212], [0.001499044000000893], [0.0014902960000000576], [0.001401810000000836], [0.0025011310000007114]]
