INFO:__main__:Num flows: 2
INFO:__main__:Time Period: 100
INFO:__main__:Num Byteloads: 10
INFO:__main__:Byteload Size (Bytes): [12500, 62500, 125000, 625000, 1250000]
INFO:__main__:Load Gbps theoretical (parallel flows): [2.0000000000000004, 10.000000000000002, 20.000000000000004, 100.00000000000001, 200.00000000000003]
INFO:__main__:* Sim duration (SSIRD): [0.002, 0.002, 0.002, 0.002, 0.003]
INFO:__main__:* Sim duration (DCTCP): [0.002, 0.002, 0.002, 0.002, 0.003]
INFO:__main__:
=====
INFO:__main__:Execute experiment 2flo-10#-12500B-100us_multiflow
INFO:__main__:Flags: 1, 0, 0, 0, 0
INFO:__main__:ssird_sim_duration=0.002000; dctcp_sim_duration=0.002000
INFO:__main__:-----
INFO:__main__:Preparing experiment input MRIs
INFO:__main__:### Creating MRI inputs parent dir: /home/dalehuang/Documents/ICL/msc_proj/SIRD-Simulator/scripts/r2p2/coord/config/manual-req-intervals/dale_experiments/FCT_Vary_Byteload_Size_multiflow/
INFO:dale_fct_experiment:-----
INFO:dale_fct_experiment:Preparing experiment spec scripts
INFO:dale_fct_experiment:### Creating spec scripts parent dir: /home/dalehuang/Documents/ICL/msc_proj/SIRD-Simulator/scripts/r2p2/coord/config/dale_experiments/FCT_Vary_Byteload_Size_multiflow/
INFO:dale_fct_experiment:-----
INFO:dale_fct_experiment:Running experiment for SSIRD
INFO:dale_fct_experiment:### Script:/home/dalehuang/Documents/ICL/msc_proj/SIRD-Simulator/scripts/r2p2/coord/config/dale_experiments/FCT_Vary_Byteload_Size_multiflow/SSIRD-2flo-10#-12500B-100us_multiflow.sh
INFO:dale_fct_experiment:### Output:/home/dalehuang/Documents/ICL/msc_proj/SIRD-Simulator/scripts/r2p2/coord/outputs/ssird_2flo-10#-12500B-100us_multiflow.out
INFO:dale_fct_experiment:Processing results
INFO:dale_fct_experiment:/home/dalehuang/Documents/ICL/msc_proj/SIRD-Simulator/scripts/r2p2/coord/results/SSIRD-2flo-10#-12500B-100us_multiflow/data/SSIRD/60/applications_trace.str
INFO:__main__:flow_id: 0, num of byteloads: 10, num of srq_events_flow_0: 10, num of rrq_events_flow_0: 10
INFO:__main__:flow_id: 1, num of byteloads: 10, num of srq_events_flow_1: 10, num of rrq_events_flow_1: 10
INFO:__main__:SSIRD FCT: [0.0009097780000004718, 0.0009077209999990288] ms, Throughput: 1.997780244171574 Gbps
INFO:dale_fct_experiment:-----
INFO:dale_fct_experiment:Running experiment for DCTCP-50
INFO:dale_fct_experiment:### Script:/home/dalehuang/Documents/ICL/msc_proj/SIRD-Simulator/scripts/r2p2/coord/config/dale_experiments/FCT_Vary_Byteload_Size_multiflow/DCTCP-50-2flo-10#-12500B-100us_multiflow.sh
INFO:dale_fct_experiment:### Output:/home/dalehuang/Documents/ICL/msc_proj/SIRD-Simulator/scripts/r2p2/coord/outputs/DCTCP-50-2flo-10#-12500B-100us_multiflow.out
INFO:dale_fct_experiment:Processing results
INFO:dale_fct_experiment:/home/dalehuang/Documents/ICL/msc_proj/SIRD-Simulator/scripts/r2p2/coord/results/DCTCP-50-2flo-10#-12500B-100us_multiflow/data/DCTCP-50/60/applications_trace.str
INFO:__main__:flow_id: 0, num of byteloads: 10, num of srq_events_flow_0: 10, num of rrq_events_flow_0: 10
INFO:__main__:flow_id: 1, num of byteloads: 10, num of srq_events_flow_1: 10, num of rrq_events_flow_1: 10
INFO:__main__:DCTCP FCT: [0.0009036790000003236, 0.000903734999999628] ms, Throughput: 1.997780244171574 Gbps
INFO:__main__:
=====
INFO:__main__:Execute experiment 2flo-10#-62500B-100us_multiflow
INFO:__main__:Flags: 1, 0, 0, 0, 0
INFO:__main__:ssird_sim_duration=0.002000; dctcp_sim_duration=0.002000
INFO:__main__:-----
INFO:__main__:Preparing experiment input MRIs
INFO:__main__:### Creating MRI inputs parent dir: /home/dalehuang/Documents/ICL/msc_proj/SIRD-Simulator/scripts/r2p2/coord/config/manual-req-intervals/dale_experiments/FCT_Vary_Byteload_Size_multiflow/
INFO:__main__:File /home/dalehuang/Documents/ICL/msc_proj/SIRD-Simulator/scripts/r2p2/coord/config/manual-req-intervals/dale_experiments/FCT_Vary_Byteload_Size_multiflow/ aready exists.
INFO:dale_fct_experiment:-----
INFO:dale_fct_experiment:Preparing experiment spec scripts
INFO:dale_fct_experiment:### Creating spec scripts parent dir: /home/dalehuang/Documents/ICL/msc_proj/SIRD-Simulator/scripts/r2p2/coord/config/dale_experiments/FCT_Vary_Byteload_Size_multiflow/
INFO:dale_fct_experiment:#### WARNING: File /home/dalehuang/Documents/ICL/msc_proj/SIRD-Simulator/scripts/r2p2/coord/config/dale_experiments/FCT_Vary_Byteload_Size_multiflow/ aready exists.
INFO:dale_fct_experiment:-----
INFO:dale_fct_experiment:Running experiment for SSIRD
INFO:dale_fct_experiment:### Script:/home/dalehuang/Documents/ICL/msc_proj/SIRD-Simulator/scripts/r2p2/coord/config/dale_experiments/FCT_Vary_Byteload_Size_multiflow/SSIRD-2flo-10#-62500B-100us_multiflow.sh
INFO:dale_fct_experiment:### Output:/home/dalehuang/Documents/ICL/msc_proj/SIRD-Simulator/scripts/r2p2/coord/outputs/ssird_2flo-10#-62500B-100us_multiflow.out
INFO:dale_fct_experiment:Processing results
INFO:dale_fct_experiment:/home/dalehuang/Documents/ICL/msc_proj/SIRD-Simulator/scripts/r2p2/coord/results/SSIRD-2flo-10#-62500B-100us_multiflow/data/SSIRD/60/applications_trace.str
INFO:__main__:flow_id: 0, num of byteloads: 10, num of srq_events_flow_0: 10, num of rrq_events_flow_0: 10
INFO:__main__:flow_id: 1, num of byteloads: 10, num of srq_events_flow_1: 10, num of rrq_events_flow_1: 10
INFO:__main__:SSIRD FCT: [0.0009182200000008578, 0.000911937999999779] ms, Throughput: 9.98890122085787 Gbps
INFO:dale_fct_experiment:-----
INFO:dale_fct_experiment:Running experiment for DCTCP-50
INFO:dale_fct_experiment:### Script:/home/dalehuang/Documents/ICL/msc_proj/SIRD-Simulator/scripts/r2p2/coord/config/dale_experiments/FCT_Vary_Byteload_Size_multiflow/DCTCP-50-2flo-10#-62500B-100us_multiflow.sh
INFO:dale_fct_experiment:### Output:/home/dalehuang/Documents/ICL/msc_proj/SIRD-Simulator/scripts/r2p2/coord/outputs/DCTCP-50-2flo-10#-62500B-100us_multiflow.out
INFO:dale_fct_experiment:Processing results
INFO:dale_fct_experiment:/home/dalehuang/Documents/ICL/msc_proj/SIRD-Simulator/scripts/r2p2/coord/results/DCTCP-50-2flo-10#-62500B-100us_multiflow/data/DCTCP-50/60/applications_trace.str
INFO:__main__:flow_id: 0, num of byteloads: 10, num of srq_events_flow_0: 10, num of rrq_events_flow_0: 10
INFO:__main__:flow_id: 1, num of byteloads: 10, num of srq_events_flow_1: 10, num of rrq_events_flow_1: 10
INFO:__main__:DCTCP FCT: [0.0009078910000006601, 0.0009121600000003838] ms, Throughput: 9.98890122085787 Gbps
INFO:__main__:
=====
INFO:__main__:Execute experiment 2flo-10#-125000B-100us_multiflow
INFO:__main__:Flags: 1, 0, 0, 0, 0
INFO:__main__:ssird_sim_duration=0.002000; dctcp_sim_duration=0.002000
INFO:__main__:-----
INFO:__main__:Preparing experiment input MRIs
INFO:__main__:### Creating MRI inputs parent dir: /home/dalehuang/Documents/ICL/msc_proj/SIRD-Simulator/scripts/r2p2/coord/config/manual-req-intervals/dale_experiments/FCT_Vary_Byteload_Size_multiflow/
INFO:__main__:File /home/dalehuang/Documents/ICL/msc_proj/SIRD-Simulator/scripts/r2p2/coord/config/manual-req-intervals/dale_experiments/FCT_Vary_Byteload_Size_multiflow/ aready exists.
INFO:dale_fct_experiment:-----
INFO:dale_fct_experiment:Preparing experiment spec scripts
INFO:dale_fct_experiment:### Creating spec scripts parent dir: /home/dalehuang/Documents/ICL/msc_proj/SIRD-Simulator/scripts/r2p2/coord/config/dale_experiments/FCT_Vary_Byteload_Size_multiflow/
INFO:dale_fct_experiment:#### WARNING: File /home/dalehuang/Documents/ICL/msc_proj/SIRD-Simulator/scripts/r2p2/coord/config/dale_experiments/FCT_Vary_Byteload_Size_multiflow/ aready exists.
INFO:dale_fct_experiment:-----
INFO:dale_fct_experiment:Running experiment for SSIRD
INFO:dale_fct_experiment:### Script:/home/dalehuang/Documents/ICL/msc_proj/SIRD-Simulator/scripts/r2p2/coord/config/dale_experiments/FCT_Vary_Byteload_Size_multiflow/SSIRD-2flo-10#-125000B-100us_multiflow.sh
INFO:dale_fct_experiment:### Output:/home/dalehuang/Documents/ICL/msc_proj/SIRD-Simulator/scripts/r2p2/coord/outputs/ssird_2flo-10#-125000B-100us_multiflow.out
INFO:dale_fct_experiment:Processing results
INFO:dale_fct_experiment:/home/dalehuang/Documents/ICL/msc_proj/SIRD-Simulator/scripts/r2p2/coord/results/SSIRD-2flo-10#-125000B-100us_multiflow/data/SSIRD/60/applications_trace.str
INFO:__main__:flow_id: 0, num of byteloads: 10, num of srq_events_flow_0: 10, num of rrq_events_flow_0: 10
INFO:__main__:flow_id: 1, num of byteloads: 10, num of srq_events_flow_1: 10, num of rrq_events_flow_1: 10
INFO:__main__:SSIRD FCT: [0.000928786000001125, 0.0009172129999992507] ms, Throughput: 19.97780244171574 Gbps
INFO:dale_fct_experiment:-----
INFO:dale_fct_experiment:Running experiment for DCTCP-50
INFO:dale_fct_experiment:### Script:/home/dalehuang/Documents/ICL/msc_proj/SIRD-Simulator/scripts/r2p2/coord/config/dale_experiments/FCT_Vary_Byteload_Size_multiflow/DCTCP-50-2flo-10#-125000B-100us_multiflow.sh
INFO:dale_fct_experiment:### Output:/home/dalehuang/Documents/ICL/msc_proj/SIRD-Simulator/scripts/r2p2/coord/outputs/DCTCP-50-2flo-10#-125000B-100us_multiflow.out
INFO:dale_fct_experiment:Processing results
INFO:dale_fct_experiment:/home/dalehuang/Documents/ICL/msc_proj/SIRD-Simulator/scripts/r2p2/coord/results/DCTCP-50-2flo-10#-125000B-100us_multiflow/data/DCTCP-50/60/applications_trace.str
INFO:__main__:flow_id: 0, num of byteloads: 10, num of srq_events_flow_0: 10, num of rrq_events_flow_0: 10
INFO:__main__:flow_id: 1, num of byteloads: 10, num of srq_events_flow_1: 10, num of rrq_events_flow_1: 10
INFO:__main__:DCTCP FCT: [0.0009212800000000243, 0.0009226959999999451] ms, Throughput: 19.97780244171574 Gbps
INFO:__main__:
=====
INFO:__main__:Execute experiment 2flo-10#-625000B-100us_multiflow
INFO:__main__:Flags: 1, 0, 0, 0, 0
INFO:__main__:ssird_sim_duration=0.002000; dctcp_sim_duration=0.002000
INFO:__main__:-----
INFO:__main__:Preparing experiment input MRIs
INFO:__main__:### Creating MRI inputs parent dir: /home/dalehuang/Documents/ICL/msc_proj/SIRD-Simulator/scripts/r2p2/coord/config/manual-req-intervals/dale_experiments/FCT_Vary_Byteload_Size_multiflow/
INFO:__main__:File /home/dalehuang/Documents/ICL/msc_proj/SIRD-Simulator/scripts/r2p2/coord/config/manual-req-intervals/dale_experiments/FCT_Vary_Byteload_Size_multiflow/ aready exists.
INFO:dale_fct_experiment:-----
INFO:dale_fct_experiment:Preparing experiment spec scripts
INFO:dale_fct_experiment:### Creating spec scripts parent dir: /home/dalehuang/Documents/ICL/msc_proj/SIRD-Simulator/scripts/r2p2/coord/config/dale_experiments/FCT_Vary_Byteload_Size_multiflow/
INFO:dale_fct_experiment:#### WARNING: File /home/dalehuang/Documents/ICL/msc_proj/SIRD-Simulator/scripts/r2p2/coord/config/dale_experiments/FCT_Vary_Byteload_Size_multiflow/ aready exists.
INFO:dale_fct_experiment:-----
INFO:dale_fct_experiment:Running experiment for SSIRD
INFO:dale_fct_experiment:### Script:/home/dalehuang/Documents/ICL/msc_proj/SIRD-Simulator/scripts/r2p2/coord/config/dale_experiments/FCT_Vary_Byteload_Size_multiflow/SSIRD-2flo-10#-625000B-100us_multiflow.sh
INFO:dale_fct_experiment:### Output:/home/dalehuang/Documents/ICL/msc_proj/SIRD-Simulator/scripts/r2p2/coord/outputs/ssird_2flo-10#-625000B-100us_multiflow.out
INFO:dale_fct_experiment:Processing results
INFO:dale_fct_experiment:/home/dalehuang/Documents/ICL/msc_proj/SIRD-Simulator/scripts/r2p2/coord/results/SSIRD-2flo-10#-625000B-100us_multiflow/data/SSIRD/60/applications_trace.str
INFO:__main__:flow_id: 0, num of byteloads: 10, num of srq_events_flow_0: 10, num of rrq_events_flow_0: 8
INFO:__main__:flow_id: 1, num of byteloads: 10, num of srq_events_flow_1: 10, num of rrq_events_flow_1: 1
INFO:__main__:SSIRD FCT: [0.0009554080000011567, 0.0010617929999998665] ms, Throughput: 99.88901220857869 Gbps
INFO:dale_fct_experiment:-----
INFO:dale_fct_experiment:Running experiment for DCTCP-50
INFO:dale_fct_experiment:### Script:/home/dalehuang/Documents/ICL/msc_proj/SIRD-Simulator/scripts/r2p2/coord/config/dale_experiments/FCT_Vary_Byteload_Size_multiflow/DCTCP-50-2flo-10#-625000B-100us_multiflow.sh
INFO:dale_fct_experiment:### Output:/home/dalehuang/Documents/ICL/msc_proj/SIRD-Simulator/scripts/r2p2/coord/outputs/DCTCP-50-2flo-10#-625000B-100us_multiflow.out
INFO:dale_fct_experiment:Processing results
INFO:dale_fct_experiment:/home/dalehuang/Documents/ICL/msc_proj/SIRD-Simulator/scripts/r2p2/coord/results/DCTCP-50-2flo-10#-625000B-100us_multiflow/data/DCTCP-50/60/applications_trace.str
INFO:__main__:flow_id: 0, num of byteloads: 10, num of srq_events_flow_0: 10, num of rrq_events_flow_0: 10
INFO:__main__:flow_id: 1, num of byteloads: 10, num of srq_events_flow_1: 10, num of rrq_events_flow_1: 10
INFO:__main__:DCTCP FCT: [0.0010562750000016052, 0.0010542739999994666] ms, Throughput: 99.88901220857869 Gbps
INFO:__main__:
=====
INFO:__main__:Execute experiment 2flo-10#-1250000B-100us_multiflow
INFO:__main__:Flags: 1, 0, 0, 0, 0
INFO:__main__:ssird_sim_duration=0.003000; dctcp_sim_duration=0.003000
INFO:__main__:-----
INFO:__main__:Preparing experiment input MRIs
INFO:__main__:### Creating MRI inputs parent dir: /home/dalehuang/Documents/ICL/msc_proj/SIRD-Simulator/scripts/r2p2/coord/config/manual-req-intervals/dale_experiments/FCT_Vary_Byteload_Size_multiflow/
INFO:__main__:File /home/dalehuang/Documents/ICL/msc_proj/SIRD-Simulator/scripts/r2p2/coord/config/manual-req-intervals/dale_experiments/FCT_Vary_Byteload_Size_multiflow/ aready exists.
INFO:dale_fct_experiment:-----
INFO:dale_fct_experiment:Preparing experiment spec scripts
INFO:dale_fct_experiment:### Creating spec scripts parent dir: /home/dalehuang/Documents/ICL/msc_proj/SIRD-Simulator/scripts/r2p2/coord/config/dale_experiments/FCT_Vary_Byteload_Size_multiflow/
INFO:dale_fct_experiment:#### WARNING: File /home/dalehuang/Documents/ICL/msc_proj/SIRD-Simulator/scripts/r2p2/coord/config/dale_experiments/FCT_Vary_Byteload_Size_multiflow/ aready exists.
INFO:dale_fct_experiment:-----
INFO:dale_fct_experiment:Running experiment for SSIRD
INFO:dale_fct_experiment:### Script:/home/dalehuang/Documents/ICL/msc_proj/SIRD-Simulator/scripts/r2p2/coord/config/dale_experiments/FCT_Vary_Byteload_Size_multiflow/SSIRD-2flo-10#-1250000B-100us_multiflow.sh
INFO:dale_fct_experiment:### Output:/home/dalehuang/Documents/ICL/msc_proj/SIRD-Simulator/scripts/r2p2/coord/outputs/ssird_2flo-10#-1250000B-100us_multiflow.out
INFO:dale_fct_experiment:Processing results
INFO:dale_fct_experiment:/home/dalehuang/Documents/ICL/msc_proj/SIRD-Simulator/scripts/r2p2/coord/results/SSIRD-2flo-10#-1250000B-100us_multiflow/data/SSIRD/60/applications_trace.str
INFO:__main__:flow_id: 0, num of byteloads: 10, num of srq_events_flow_0: 10, num of rrq_events_flow_0: 1
INFO:__main__:flow_id: 1, num of byteloads: 10, num of srq_events_flow_1: 10, num of rrq_events_flow_1: 1
INFO:__main__:SSIRD FCT: [0.0010637020000014985, 0.0021165979999988593] ms, Throughput: 199.77802441715738 Gbps
INFO:dale_fct_experiment:-----
INFO:dale_fct_experiment:Running experiment for DCTCP-50
INFO:dale_fct_experiment:### Script:/home/dalehuang/Documents/ICL/msc_proj/SIRD-Simulator/scripts/r2p2/coord/config/dale_experiments/FCT_Vary_Byteload_Size_multiflow/DCTCP-50-2flo-10#-1250000B-100us_multiflow.sh
INFO:dale_fct_experiment:### Output:/home/dalehuang/Documents/ICL/msc_proj/SIRD-Simulator/scripts/r2p2/coord/outputs/DCTCP-50-2flo-10#-1250000B-100us_multiflow.out
INFO:dale_fct_experiment:Processing results
INFO:dale_fct_experiment:/home/dalehuang/Documents/ICL/msc_proj/SIRD-Simulator/scripts/r2p2/coord/results/DCTCP-50-2flo-10#-1250000B-100us_multiflow/data/DCTCP-50/60/applications_trace.str
INFO:__main__:flow_id: 0, num of byteloads: 10, num of srq_events_flow_0: 10, num of rrq_events_flow_0: 10
INFO:__main__:flow_id: 1, num of byteloads: 10, num of srq_events_flow_1: 10, num of rrq_events_flow_1: 10
INFO:__main__:DCTCP FCT: [0.0021301040000007987, 0.0020909410000005124] ms, Throughput: 199.77802441715738 Gbps
INFO:__main__:Num flows: 2
INFO:__main__:Time Period: 100
INFO:__main__:Num Byteloads: 10
INFO:__main__:Byteload Size (Bytes): [12500, 62500, 125000, 625000, 1250000]
INFO:__main__:Sim duration (SSIRD): [0.002, 0.002, 0.002, 0.002, 0.003]
INFO:__main__:Sim duration (DCTCP): [0.002, 0.002, 0.002, 0.002, 0.003]
INFO:__main__:Thrpt Gbps theoretical: [2.0000000000000004, 10.000000000000002, 20.000000000000004, 100.00000000000001, 200.00000000000003]
INFO:__main__:Thrpt Gbps measured (SSIRD): [1.997780244171574, 9.98890122085787, 19.97780244171574, 99.88901220857869, 199.77802441715738]
INFO:__main__:Thrpt Gbps measured (DCTCP): [1.997780244171574, 9.98890122085787, 19.97780244171574, 99.88901220857869, 199.77802441715738]
INFO:__main__:* SSIRD FCT: [[0.0009097780000004718, 0.0009077209999990288], [0.0009182200000008578, 0.000911937999999779], [0.000928786000001125, 0.0009172129999992507], [0.0009554080000011567, 0.0010617929999998665], [0.0010637020000014985, 0.0021165979999988593]]
INFO:__main__:* DCTCP FCT: [[0.0009036790000003236, 0.000903734999999628], [0.0009078910000006601, 0.0009121600000003838], [0.0009212800000000243, 0.0009226959999999451], [0.0010562750000016052, 0.0010542739999994666], [0.0021301040000007987, 0.0020909410000005124]]
