INFO:__main__:Total Flow Size (Bytes): 40000
INFO:__main__:Total Injection Period (us): 10000
INFO:__main__:Byteload Size (Bytes): [4, 40, 400, 4000]
INFO:__main__:Num Byteloads: [10000, 1000, 100, 10]
INFO:__main__:Intervals (us): [1, 10, 100, 1000]
INFO:__main__:Num flows: 1
INFO:__main__:Load GBps theoretical: [0.032, 0.03200000000000001, 0.03200000000000001, 0.032]
INFO:__main__:* Sim duration (SSIRD): [0.02, 0.02, 0.02, 0.02]
INFO:__main__:* Sim duration (DCTCP): [0.02, 0.02, 0.02, 0.02]
INFO:dale_multiflow_serialiser:
=====
INFO:dale_multiflow_serialiser:Execute experiment 1flo-10#-4B-1us_subpkt_multiflow
INFO:dale_multiflow_serialiser:Flags: 1, 0, 0, 0, 0
INFO:dale_multiflow_serialiser:ssird_sim_duration=0.020000; dctcp_sim_duration=0.020000
INFO:dale_multiflow_serialiser:-----
INFO:dale_multiflow_serialiser:Preparing experiment input MRIs
INFO:dale_multiflow_serialiser:### Creating MRI inputs parent dir: /home/dalehuang/Documents/ICL/msc_proj/SIRD-Simulator/scripts/r2p2/coord/config/manual-req-intervals/dale_experiments/FCT_Subpkt_Byteloads_subpkt_multiflow/
INFO:dale_multiflow_serialiser:File /home/dalehuang/Documents/ICL/msc_proj/SIRD-Simulator/scripts/r2p2/coord/config/manual-req-intervals/dale_experiments/FCT_Subpkt_Byteloads_subpkt_multiflow/ aready exists.
INFO:dale_fct_experiment:-----
INFO:dale_fct_experiment:Preparing experiment spec scripts
INFO:dale_fct_experiment:### Creating spec scripts parent dir: /home/dalehuang/Documents/ICL/msc_proj/SIRD-Simulator/scripts/r2p2/coord/config/dale_experiments/FCT_Subpkt_Byteloads_subpkt_multiflow/
INFO:dale_fct_experiment:#### WARNING: File /home/dalehuang/Documents/ICL/msc_proj/SIRD-Simulator/scripts/r2p2/coord/config/dale_experiments/FCT_Subpkt_Byteloads_subpkt_multiflow/ aready exists.
INFO:dale_fct_experiment:-----
INFO:dale_fct_experiment:Running experiment for SSIRD
INFO:dale_fct_experiment:### Script:/home/dalehuang/Documents/ICL/msc_proj/SIRD-Simulator/scripts/r2p2/coord/config/dale_experiments/FCT_Subpkt_Byteloads_subpkt_multiflow/SSIRD-1flo-10#-4B-1us_subpkt_multiflow.sh
INFO:dale_fct_experiment:### Output:/home/dalehuang/Documents/ICL/msc_proj/SIRD-Simulator/scripts/r2p2/coord/outputs/ssird_1flo-10#-4B-1us_subpkt_multiflow.out
INFO:dale_fct_experiment:Processing results
INFO:dale_fct_experiment:/home/dalehuang/Documents/ICL/msc_proj/SIRD-Simulator/scripts/r2p2/coord/results/SSIRD-1flo-10#-4B-1us_subpkt_multiflow/data/SSIRD/60/applications_trace.str
INFO:dale_multiflow_serialiser:flow_id: 0, num of byteloads: 10000, num of srq_events_flow_0: 10000, num of rrq_events_flow_0: 9994
INFO:dale_multiflow_serialiser:SSIRD FCT: [0.010001574000000346] ms, Throughput: 0.03199679967996629 Gbps
INFO:dale_fct_experiment:-----
INFO:dale_fct_experiment:Running experiment for DCTCP-50
INFO:dale_fct_experiment:### Script:/home/dalehuang/Documents/ICL/msc_proj/SIRD-Simulator/scripts/r2p2/coord/config/dale_experiments/FCT_Subpkt_Byteloads_subpkt_multiflow/DCTCP-50-1flo-10#-4B-1us_subpkt_multiflow.sh
INFO:dale_fct_experiment:### Output:/home/dalehuang/Documents/ICL/msc_proj/SIRD-Simulator/scripts/r2p2/coord/outputs/DCTCP-50-1flo-10#-4B-1us_subpkt_multiflow.out
INFO:dale_fct_experiment:Processing results
INFO:dale_fct_experiment:/home/dalehuang/Documents/ICL/msc_proj/SIRD-Simulator/scripts/r2p2/coord/results/DCTCP-50-1flo-10#-4B-1us_subpkt_multiflow/data/DCTCP-50/60/applications_trace.str
INFO:dale_multiflow_serialiser:flow_id: 0, num of byteloads: 10000, num of srq_events_flow_0: 10000, num of rrq_events_flow_0: 10000
INFO:dale_multiflow_serialiser:DCTCP FCT: [0.010001513000000628] ms, Throughput: 0.03199679967996629 Gbps
INFO:dale_multiflow_serialiser:
=====
INFO:dale_multiflow_serialiser:Execute experiment 1flo-10#-40B-10us_subpkt_multiflow
INFO:dale_multiflow_serialiser:Flags: 1, 0, 0, 0, 0
INFO:dale_multiflow_serialiser:ssird_sim_duration=0.020000; dctcp_sim_duration=0.020000
INFO:dale_multiflow_serialiser:-----
INFO:dale_multiflow_serialiser:Preparing experiment input MRIs
INFO:dale_multiflow_serialiser:### Creating MRI inputs parent dir: /home/dalehuang/Documents/ICL/msc_proj/SIRD-Simulator/scripts/r2p2/coord/config/manual-req-intervals/dale_experiments/FCT_Subpkt_Byteloads_subpkt_multiflow/
INFO:dale_multiflow_serialiser:File /home/dalehuang/Documents/ICL/msc_proj/SIRD-Simulator/scripts/r2p2/coord/config/manual-req-intervals/dale_experiments/FCT_Subpkt_Byteloads_subpkt_multiflow/ aready exists.
INFO:dale_fct_experiment:-----
INFO:dale_fct_experiment:Preparing experiment spec scripts
INFO:dale_fct_experiment:### Creating spec scripts parent dir: /home/dalehuang/Documents/ICL/msc_proj/SIRD-Simulator/scripts/r2p2/coord/config/dale_experiments/FCT_Subpkt_Byteloads_subpkt_multiflow/
INFO:dale_fct_experiment:#### WARNING: File /home/dalehuang/Documents/ICL/msc_proj/SIRD-Simulator/scripts/r2p2/coord/config/dale_experiments/FCT_Subpkt_Byteloads_subpkt_multiflow/ aready exists.
INFO:dale_fct_experiment:-----
INFO:dale_fct_experiment:Running experiment for SSIRD
INFO:dale_fct_experiment:### Script:/home/dalehuang/Documents/ICL/msc_proj/SIRD-Simulator/scripts/r2p2/coord/config/dale_experiments/FCT_Subpkt_Byteloads_subpkt_multiflow/SSIRD-1flo-10#-40B-10us_subpkt_multiflow.sh
INFO:dale_fct_experiment:### Output:/home/dalehuang/Documents/ICL/msc_proj/SIRD-Simulator/scripts/r2p2/coord/outputs/ssird_1flo-10#-40B-10us_subpkt_multiflow.out
INFO:dale_fct_experiment:Processing results
INFO:dale_fct_experiment:/home/dalehuang/Documents/ICL/msc_proj/SIRD-Simulator/scripts/r2p2/coord/results/SSIRD-1flo-10#-40B-10us_subpkt_multiflow/data/SSIRD/60/applications_trace.str
INFO:dale_multiflow_serialiser:flow_id: 0, num of byteloads: 1000, num of srq_events_flow_0: 1000, num of rrq_events_flow_0: 1000
INFO:dale_multiflow_serialiser:SSIRD FCT: [0.009997559000000322] ms, Throughput: 0.03196796796796744 Gbps
INFO:dale_fct_experiment:-----
INFO:dale_fct_experiment:Running experiment for DCTCP-50
INFO:dale_fct_experiment:### Script:/home/dalehuang/Documents/ICL/msc_proj/SIRD-Simulator/scripts/r2p2/coord/config/dale_experiments/FCT_Subpkt_Byteloads_subpkt_multiflow/DCTCP-50-1flo-10#-40B-10us_subpkt_multiflow.sh
INFO:dale_fct_experiment:### Output:/home/dalehuang/Documents/ICL/msc_proj/SIRD-Simulator/scripts/r2p2/coord/outputs/DCTCP-50-1flo-10#-40B-10us_subpkt_multiflow.out
INFO:dale_fct_experiment:Processing results
INFO:dale_fct_experiment:/home/dalehuang/Documents/ICL/msc_proj/SIRD-Simulator/scripts/r2p2/coord/results/DCTCP-50-1flo-10#-40B-10us_subpkt_multiflow/data/DCTCP-50/60/applications_trace.str
INFO:dale_multiflow_serialiser:flow_id: 0, num of byteloads: 1000, num of srq_events_flow_0: 1000, num of rrq_events_flow_0: 1000
INFO:dale_multiflow_serialiser:DCTCP FCT: [0.009992519000000755] ms, Throughput: 0.03196796796796744 Gbps
INFO:dale_multiflow_serialiser:
=====
INFO:dale_multiflow_serialiser:Execute experiment 1flo-10#-400B-100us_subpkt_multiflow
INFO:dale_multiflow_serialiser:Flags: 1, 0, 0, 0, 0
INFO:dale_multiflow_serialiser:ssird_sim_duration=0.020000; dctcp_sim_duration=0.020000
INFO:dale_multiflow_serialiser:-----
INFO:dale_multiflow_serialiser:Preparing experiment input MRIs
INFO:dale_multiflow_serialiser:### Creating MRI inputs parent dir: /home/dalehuang/Documents/ICL/msc_proj/SIRD-Simulator/scripts/r2p2/coord/config/manual-req-intervals/dale_experiments/FCT_Subpkt_Byteloads_subpkt_multiflow/
INFO:dale_multiflow_serialiser:File /home/dalehuang/Documents/ICL/msc_proj/SIRD-Simulator/scripts/r2p2/coord/config/manual-req-intervals/dale_experiments/FCT_Subpkt_Byteloads_subpkt_multiflow/ aready exists.
INFO:dale_fct_experiment:-----
INFO:dale_fct_experiment:Preparing experiment spec scripts
INFO:dale_fct_experiment:### Creating spec scripts parent dir: /home/dalehuang/Documents/ICL/msc_proj/SIRD-Simulator/scripts/r2p2/coord/config/dale_experiments/FCT_Subpkt_Byteloads_subpkt_multiflow/
INFO:dale_fct_experiment:#### WARNING: File /home/dalehuang/Documents/ICL/msc_proj/SIRD-Simulator/scripts/r2p2/coord/config/dale_experiments/FCT_Subpkt_Byteloads_subpkt_multiflow/ aready exists.
INFO:dale_fct_experiment:-----
INFO:dale_fct_experiment:Running experiment for SSIRD
INFO:dale_fct_experiment:### Script:/home/dalehuang/Documents/ICL/msc_proj/SIRD-Simulator/scripts/r2p2/coord/config/dale_experiments/FCT_Subpkt_Byteloads_subpkt_multiflow/SSIRD-1flo-10#-400B-100us_subpkt_multiflow.sh
INFO:dale_fct_experiment:### Output:/home/dalehuang/Documents/ICL/msc_proj/SIRD-Simulator/scripts/r2p2/coord/outputs/ssird_1flo-10#-400B-100us_subpkt_multiflow.out
INFO:dale_fct_experiment:Processing results
INFO:dale_fct_experiment:/home/dalehuang/Documents/ICL/msc_proj/SIRD-Simulator/scripts/r2p2/coord/results/SSIRD-1flo-10#-400B-100us_subpkt_multiflow/data/SSIRD/60/applications_trace.str
INFO:dale_multiflow_serialiser:flow_id: 0, num of byteloads: 100, num of srq_events_flow_0: 100, num of rrq_events_flow_0: 100
INFO:dale_multiflow_serialiser:SSIRD FCT: [0.009907617000001423] ms, Throughput: 0.031676767676767616 Gbps
INFO:dale_fct_experiment:-----
INFO:dale_fct_experiment:Running experiment for DCTCP-50
INFO:dale_fct_experiment:### Script:/home/dalehuang/Documents/ICL/msc_proj/SIRD-Simulator/scripts/r2p2/coord/config/dale_experiments/FCT_Subpkt_Byteloads_subpkt_multiflow/DCTCP-50-1flo-10#-400B-100us_subpkt_multiflow.sh
INFO:dale_fct_experiment:### Output:/home/dalehuang/Documents/ICL/msc_proj/SIRD-Simulator/scripts/r2p2/coord/outputs/DCTCP-50-1flo-10#-400B-100us_subpkt_multiflow.out
INFO:dale_fct_experiment:Processing results
INFO:dale_fct_experiment:/home/dalehuang/Documents/ICL/msc_proj/SIRD-Simulator/scripts/r2p2/coord/results/DCTCP-50-1flo-10#-400B-100us_subpkt_multiflow/data/DCTCP-50/60/applications_trace.str
INFO:dale_multiflow_serialiser:flow_id: 0, num of byteloads: 100, num of srq_events_flow_0: 100, num of rrq_events_flow_0: 100
INFO:dale_multiflow_serialiser:DCTCP FCT: [0.009902575999999996] ms, Throughput: 0.031676767676767616 Gbps
INFO:dale_multiflow_serialiser:
=====
INFO:dale_multiflow_serialiser:Execute experiment 1flo-10#-4000B-1000us_subpkt_multiflow
INFO:dale_multiflow_serialiser:Flags: 1, 0, 0, 0, 0
INFO:dale_multiflow_serialiser:ssird_sim_duration=0.020000; dctcp_sim_duration=0.020000
INFO:dale_multiflow_serialiser:-----
INFO:dale_multiflow_serialiser:Preparing experiment input MRIs
INFO:dale_multiflow_serialiser:### Creating MRI inputs parent dir: /home/dalehuang/Documents/ICL/msc_proj/SIRD-Simulator/scripts/r2p2/coord/config/manual-req-intervals/dale_experiments/FCT_Subpkt_Byteloads_subpkt_multiflow/
INFO:dale_multiflow_serialiser:File /home/dalehuang/Documents/ICL/msc_proj/SIRD-Simulator/scripts/r2p2/coord/config/manual-req-intervals/dale_experiments/FCT_Subpkt_Byteloads_subpkt_multiflow/ aready exists.
INFO:dale_fct_experiment:-----
INFO:dale_fct_experiment:Preparing experiment spec scripts
INFO:dale_fct_experiment:### Creating spec scripts parent dir: /home/dalehuang/Documents/ICL/msc_proj/SIRD-Simulator/scripts/r2p2/coord/config/dale_experiments/FCT_Subpkt_Byteloads_subpkt_multiflow/
INFO:dale_fct_experiment:#### WARNING: File /home/dalehuang/Documents/ICL/msc_proj/SIRD-Simulator/scripts/r2p2/coord/config/dale_experiments/FCT_Subpkt_Byteloads_subpkt_multiflow/ aready exists.
INFO:dale_fct_experiment:-----
INFO:dale_fct_experiment:Running experiment for SSIRD
INFO:dale_fct_experiment:### Script:/home/dalehuang/Documents/ICL/msc_proj/SIRD-Simulator/scripts/r2p2/coord/config/dale_experiments/FCT_Subpkt_Byteloads_subpkt_multiflow/SSIRD-1flo-10#-4000B-1000us_subpkt_multiflow.sh
INFO:dale_fct_experiment:### Output:/home/dalehuang/Documents/ICL/msc_proj/SIRD-Simulator/scripts/r2p2/coord/outputs/ssird_1flo-10#-4000B-1000us_subpkt_multiflow.out
INFO:dale_fct_experiment:Processing results
INFO:dale_fct_experiment:/home/dalehuang/Documents/ICL/msc_proj/SIRD-Simulator/scripts/r2p2/coord/results/SSIRD-1flo-10#-4000B-1000us_subpkt_multiflow/data/SSIRD/60/applications_trace.str
INFO:dale_multiflow_serialiser:flow_id: 0, num of byteloads: 10, num of srq_events_flow_0: 10, num of rrq_events_flow_0: 10
INFO:dale_multiflow_serialiser:SSIRD FCT: [0.009008002000001625] ms, Throughput: 0.02844444444444337 Gbps
INFO:dale_fct_experiment:-----
INFO:dale_fct_experiment:Running experiment for DCTCP-50
INFO:dale_fct_experiment:### Script:/home/dalehuang/Documents/ICL/msc_proj/SIRD-Simulator/scripts/r2p2/coord/config/dale_experiments/FCT_Subpkt_Byteloads_subpkt_multiflow/DCTCP-50-1flo-10#-4000B-1000us_subpkt_multiflow.sh
INFO:dale_fct_experiment:### Output:/home/dalehuang/Documents/ICL/msc_proj/SIRD-Simulator/scripts/r2p2/coord/outputs/DCTCP-50-1flo-10#-4000B-1000us_subpkt_multiflow.out
INFO:dale_fct_experiment:Processing results
INFO:dale_fct_experiment:/home/dalehuang/Documents/ICL/msc_proj/SIRD-Simulator/scripts/r2p2/coord/results/DCTCP-50-1flo-10#-4000B-1000us_subpkt_multiflow/data/DCTCP-50/60/applications_trace.str
INFO:dale_multiflow_serialiser:flow_id: 0, num of byteloads: 10, num of srq_events_flow_0: 10, num of rrq_events_flow_0: 10
INFO:dale_multiflow_serialiser:DCTCP FCT: [0.00900296200000028] ms, Throughput: 0.02844444444444337 Gbps
INFO:__main__:Total Flow Size (Bytes): 40000
INFO:__main__:Total Injection Period (us): 10000
INFO:__main__:Byteload Size (Bytes): [4, 40, 400, 4000]
INFO:__main__:Num Byteloads: 10
INFO:__main__:Intervals (us): [1, 10, 100, 1000]
INFO:__main__:Num flows: 1
INFO:__main__:Load Gbps theoretical: [0.032, 0.03200000000000001, 0.03200000000000001, 0.032]
INFO:__main__:Load Gbps measured (SSIRD): [0.03199679967996629, 0.03196796796796744, 0.031676767676767616, 0.02844444444444337]
INFO:__main__:Load Gbps measured (DCTCP): [0.03199679967996629, 0.03196796796796744, 0.031676767676767616, 0.02844444444444337]
INFO:__main__:* Sim duration (SSIRD): [0.02, 0.02, 0.02, 0.02]
INFO:__main__:* Sim duration (DCTCP): [0.02, 0.02, 0.02, 0.02]
INFO:__main__:* SSIRD FCT: [[0.010001574000000346], [0.009997559000000322], [0.009907617000001423], [0.009008002000001625]]
INFO:__main__:* DCTCP FCT: [[0.010001513000000628], [0.009992519000000755], [0.009902575999999996], [0.00900296200000028]]
