INFO:__main__:
=====
INFO:__main__:Execute experiment 4#-100000B-100us
INFO:__main__:ssird_sim_duration=0.000800; dctcp_sim_duration=0.000800
INFO:__main__:-----
INFO:__main__:Preparing experiment input MRIs
INFO:__main__:### Creating MRI inputs parent dir: /home/dalehuang/Documents/ICL/msc_proj/SIRD-Simulator/scripts/r2p2/coord/config/manual-req-intervals/dale_experiments/FCT_Varying_Time_Interval_Size/
INFO:__main__:File /home/dalehuang/Documents/ICL/msc_proj/SIRD-Simulator/scripts/r2p2/coord/config/manual-req-intervals/dale_experiments/FCT_Varying_Time_Interval_Size/ aready exists.
INFO:__main__:-----
INFO:__main__:Preparing experiment spec scripts
INFO:__main__:### Creating spec scripts parent dir: /home/dalehuang/Documents/ICL/msc_proj/SIRD-Simulator/scripts/r2p2/coord/config/dale_experiments/FCT_Varying_Time_Interval_Size/
INFO:__main__:#### WARNING: File /home/dalehuang/Documents/ICL/msc_proj/SIRD-Simulator/scripts/r2p2/coord/config/dale_experiments/FCT_Varying_Time_Interval_Size/ aready exists.
INFO:__main__:-----
INFO:__main__:Running experiment for SSIRD
INFO:__main__:### Script:/home/dalehuang/Documents/ICL/msc_proj/SIRD-Simulator/scripts/r2p2/coord/config/dale_experiments/FCT_Varying_Time_Interval_Size/SSIRD-4#-100000B-100us.sh
INFO:__main__:### Output:/home/dalehuang/Documents/ICL/msc_proj/SIRD-Simulator/scripts/r2p2/coord/outputs/ssird_4#-100000B-100us.out
INFO:__main__:
Processing results
INFO:__main__:/home/dalehuang/Documents/ICL/msc_proj/SIRD-Simulator/scripts/r2p2/coord/results/SSIRD-4#-100000B-100us/data/SSIRD/60/applications_trace.str
INFO:__main__:-----
INFO:__main__:Running experiment for DCTCP-50
INFO:__main__:### Script:/home/dalehuang/Documents/ICL/msc_proj/SIRD-Simulator/scripts/r2p2/coord/config/dale_experiments/FCT_Varying_Time_Interval_Size/DCTCP-50-4#-100000B-100us.sh
INFO:__main__:### Output:/home/dalehuang/Documents/ICL/msc_proj/SIRD-Simulator/scripts/r2p2/coord/outputs/DCTCP-50-4#-100000B-100us.out
INFO:__main__:
Processing results
INFO:__main__:/home/dalehuang/Documents/ICL/msc_proj/SIRD-Simulator/scripts/r2p2/coord/results/DCTCP-50-4#-100000B-100us/data/DCTCP-50/60/applications_trace.str
INFO:__main__:
=====
INFO:__main__:Execute experiment 4#-100000B-500us
INFO:__main__:ssird_sim_duration=0.004000; dctcp_sim_duration=0.004000
INFO:__main__:-----
INFO:__main__:Preparing experiment input MRIs
INFO:__main__:### Creating MRI inputs parent dir: /home/dalehuang/Documents/ICL/msc_proj/SIRD-Simulator/scripts/r2p2/coord/config/manual-req-intervals/dale_experiments/FCT_Varying_Time_Interval_Size/
INFO:__main__:File /home/dalehuang/Documents/ICL/msc_proj/SIRD-Simulator/scripts/r2p2/coord/config/manual-req-intervals/dale_experiments/FCT_Varying_Time_Interval_Size/ aready exists.
INFO:__main__:-----
INFO:__main__:Preparing experiment spec scripts
INFO:__main__:### Creating spec scripts parent dir: /home/dalehuang/Documents/ICL/msc_proj/SIRD-Simulator/scripts/r2p2/coord/config/dale_experiments/FCT_Varying_Time_Interval_Size/
INFO:__main__:#### WARNING: File /home/dalehuang/Documents/ICL/msc_proj/SIRD-Simulator/scripts/r2p2/coord/config/dale_experiments/FCT_Varying_Time_Interval_Size/ aready exists.
INFO:__main__:-----
INFO:__main__:Running experiment for SSIRD
INFO:__main__:### Script:/home/dalehuang/Documents/ICL/msc_proj/SIRD-Simulator/scripts/r2p2/coord/config/dale_experiments/FCT_Varying_Time_Interval_Size/SSIRD-4#-100000B-500us.sh
INFO:__main__:### Output:/home/dalehuang/Documents/ICL/msc_proj/SIRD-Simulator/scripts/r2p2/coord/outputs/ssird_4#-100000B-500us.out
INFO:__main__:
Processing results
INFO:__main__:/home/dalehuang/Documents/ICL/msc_proj/SIRD-Simulator/scripts/r2p2/coord/results/SSIRD-4#-100000B-500us/data/SSIRD/60/applications_trace.str
INFO:__main__:-----
INFO:__main__:Running experiment for DCTCP-50
INFO:__main__:### Script:/home/dalehuang/Documents/ICL/msc_proj/SIRD-Simulator/scripts/r2p2/coord/config/dale_experiments/FCT_Varying_Time_Interval_Size/DCTCP-50-4#-100000B-500us.sh
INFO:__main__:### Output:/home/dalehuang/Documents/ICL/msc_proj/SIRD-Simulator/scripts/r2p2/coord/outputs/DCTCP-50-4#-100000B-500us.out
INFO:__main__:
Processing results
INFO:__main__:/home/dalehuang/Documents/ICL/msc_proj/SIRD-Simulator/scripts/r2p2/coord/results/DCTCP-50-4#-100000B-500us/data/DCTCP-50/60/applications_trace.str
INFO:__main__:
=====
INFO:__main__:Execute experiment 4#-100000B-1000us
INFO:__main__:ssird_sim_duration=0.008000; dctcp_sim_duration=0.008000
INFO:__main__:-----
INFO:__main__:Preparing experiment input MRIs
INFO:__main__:### Creating MRI inputs parent dir: /home/dalehuang/Documents/ICL/msc_proj/SIRD-Simulator/scripts/r2p2/coord/config/manual-req-intervals/dale_experiments/FCT_Varying_Time_Interval_Size/
INFO:__main__:File /home/dalehuang/Documents/ICL/msc_proj/SIRD-Simulator/scripts/r2p2/coord/config/manual-req-intervals/dale_experiments/FCT_Varying_Time_Interval_Size/ aready exists.
INFO:__main__:-----
INFO:__main__:Preparing experiment spec scripts
INFO:__main__:### Creating spec scripts parent dir: /home/dalehuang/Documents/ICL/msc_proj/SIRD-Simulator/scripts/r2p2/coord/config/dale_experiments/FCT_Varying_Time_Interval_Size/
INFO:__main__:#### WARNING: File /home/dalehuang/Documents/ICL/msc_proj/SIRD-Simulator/scripts/r2p2/coord/config/dale_experiments/FCT_Varying_Time_Interval_Size/ aready exists.
INFO:__main__:-----
INFO:__main__:Running experiment for SSIRD
INFO:__main__:### Script:/home/dalehuang/Documents/ICL/msc_proj/SIRD-Simulator/scripts/r2p2/coord/config/dale_experiments/FCT_Varying_Time_Interval_Size/SSIRD-4#-100000B-1000us.sh
INFO:__main__:### Output:/home/dalehuang/Documents/ICL/msc_proj/SIRD-Simulator/scripts/r2p2/coord/outputs/ssird_4#-100000B-1000us.out
INFO:__main__:
Processing results
INFO:__main__:/home/dalehuang/Documents/ICL/msc_proj/SIRD-Simulator/scripts/r2p2/coord/results/SSIRD-4#-100000B-1000us/data/SSIRD/60/applications_trace.str
INFO:__main__:-----
INFO:__main__:Running experiment for DCTCP-50
INFO:__main__:### Script:/home/dalehuang/Documents/ICL/msc_proj/SIRD-Simulator/scripts/r2p2/coord/config/dale_experiments/FCT_Varying_Time_Interval_Size/DCTCP-50-4#-100000B-1000us.sh
INFO:__main__:### Output:/home/dalehuang/Documents/ICL/msc_proj/SIRD-Simulator/scripts/r2p2/coord/outputs/DCTCP-50-4#-100000B-1000us.out
INFO:__main__:
Processing results
INFO:__main__:/home/dalehuang/Documents/ICL/msc_proj/SIRD-Simulator/scripts/r2p2/coord/results/DCTCP-50-4#-100000B-1000us/data/DCTCP-50/60/applications_trace.str
INFO:__main__:
=====
INFO:__main__:Execute experiment 4#-100000B-5000us
INFO:__main__:ssird_sim_duration=0.040000; dctcp_sim_duration=0.040000
INFO:__main__:-----
INFO:__main__:Preparing experiment input MRIs
INFO:__main__:### Creating MRI inputs parent dir: /home/dalehuang/Documents/ICL/msc_proj/SIRD-Simulator/scripts/r2p2/coord/config/manual-req-intervals/dale_experiments/FCT_Varying_Time_Interval_Size/
INFO:__main__:File /home/dalehuang/Documents/ICL/msc_proj/SIRD-Simulator/scripts/r2p2/coord/config/manual-req-intervals/dale_experiments/FCT_Varying_Time_Interval_Size/ aready exists.
INFO:__main__:-----
INFO:__main__:Preparing experiment spec scripts
INFO:__main__:### Creating spec scripts parent dir: /home/dalehuang/Documents/ICL/msc_proj/SIRD-Simulator/scripts/r2p2/coord/config/dale_experiments/FCT_Varying_Time_Interval_Size/
INFO:__main__:#### WARNING: File /home/dalehuang/Documents/ICL/msc_proj/SIRD-Simulator/scripts/r2p2/coord/config/dale_experiments/FCT_Varying_Time_Interval_Size/ aready exists.
INFO:__main__:-----
INFO:__main__:Running experiment for SSIRD
INFO:__main__:### Script:/home/dalehuang/Documents/ICL/msc_proj/SIRD-Simulator/scripts/r2p2/coord/config/dale_experiments/FCT_Varying_Time_Interval_Size/SSIRD-4#-100000B-5000us.sh
INFO:__main__:### Output:/home/dalehuang/Documents/ICL/msc_proj/SIRD-Simulator/scripts/r2p2/coord/outputs/ssird_4#-100000B-5000us.out
INFO:__main__:
Processing results
INFO:__main__:/home/dalehuang/Documents/ICL/msc_proj/SIRD-Simulator/scripts/r2p2/coord/results/SSIRD-4#-100000B-5000us/data/SSIRD/60/applications_trace.str
INFO:__main__:-----
INFO:__main__:Running experiment for DCTCP-50
INFO:__main__:### Script:/home/dalehuang/Documents/ICL/msc_proj/SIRD-Simulator/scripts/r2p2/coord/config/dale_experiments/FCT_Varying_Time_Interval_Size/DCTCP-50-4#-100000B-5000us.sh
INFO:__main__:### Output:/home/dalehuang/Documents/ICL/msc_proj/SIRD-Simulator/scripts/r2p2/coord/outputs/DCTCP-50-4#-100000B-5000us.out
INFO:__main__:
Processing results
INFO:__main__:/home/dalehuang/Documents/ICL/msc_proj/SIRD-Simulator/scripts/r2p2/coord/results/DCTCP-50-4#-100000B-5000us/data/DCTCP-50/60/applications_trace.str
INFO:__main__:
=====
INFO:__main__:Execute experiment 4#-100000B-10000us
INFO:__main__:ssird_sim_duration=0.080000; dctcp_sim_duration=0.080000
INFO:__main__:-----
INFO:__main__:Preparing experiment input MRIs
INFO:__main__:### Creating MRI inputs parent dir: /home/dalehuang/Documents/ICL/msc_proj/SIRD-Simulator/scripts/r2p2/coord/config/manual-req-intervals/dale_experiments/FCT_Varying_Time_Interval_Size/
INFO:__main__:File /home/dalehuang/Documents/ICL/msc_proj/SIRD-Simulator/scripts/r2p2/coord/config/manual-req-intervals/dale_experiments/FCT_Varying_Time_Interval_Size/ aready exists.
INFO:__main__:-----
INFO:__main__:Preparing experiment spec scripts
INFO:__main__:### Creating spec scripts parent dir: /home/dalehuang/Documents/ICL/msc_proj/SIRD-Simulator/scripts/r2p2/coord/config/dale_experiments/FCT_Varying_Time_Interval_Size/
INFO:__main__:#### WARNING: File /home/dalehuang/Documents/ICL/msc_proj/SIRD-Simulator/scripts/r2p2/coord/config/dale_experiments/FCT_Varying_Time_Interval_Size/ aready exists.
INFO:__main__:-----
INFO:__main__:Running experiment for SSIRD
INFO:__main__:### Script:/home/dalehuang/Documents/ICL/msc_proj/SIRD-Simulator/scripts/r2p2/coord/config/dale_experiments/FCT_Varying_Time_Interval_Size/SSIRD-4#-100000B-10000us.sh
INFO:__main__:### Output:/home/dalehuang/Documents/ICL/msc_proj/SIRD-Simulator/scripts/r2p2/coord/outputs/ssird_4#-100000B-10000us.out
INFO:__main__:
Processing results
INFO:__main__:/home/dalehuang/Documents/ICL/msc_proj/SIRD-Simulator/scripts/r2p2/coord/results/SSIRD-4#-100000B-10000us/data/SSIRD/60/applications_trace.str
INFO:__main__:-----
INFO:__main__:Running experiment for DCTCP-50
INFO:__main__:### Script:/home/dalehuang/Documents/ICL/msc_proj/SIRD-Simulator/scripts/r2p2/coord/config/dale_experiments/FCT_Varying_Time_Interval_Size/DCTCP-50-4#-100000B-10000us.sh
INFO:__main__:### Output:/home/dalehuang/Documents/ICL/msc_proj/SIRD-Simulator/scripts/r2p2/coord/outputs/DCTCP-50-4#-100000B-10000us.out
INFO:__main__:
Processing results
INFO:__main__:/home/dalehuang/Documents/ICL/msc_proj/SIRD-Simulator/scripts/r2p2/coord/results/DCTCP-50-4#-100000B-10000us/data/DCTCP-50/60/applications_trace.str
INFO:__main__:Byteload Size: 100000 Bytes
INFO:__main__:Time Periods: [100, 500, 1000, 5000, 10000]
INFO:__main__:Sim duration (SSIRD): [0.0007999999999999999, 0.004, 0.008, 0.04, 0.08]
INFO:__main__:Sim duration (DCTCP): [0.0007999999999999999, 0.004, 0.008, 0.04, 0.08]
INFO:__main__:* IDEAL FCT: [0.000301, 0.001501, 0.003001, 0.015000999999999999, 0.030001]
INFO:__main__:* SSIRD FCT: [0.0006190300000010751, 0.003019030000000811, 0.0060190300000009245, 0.030019030000000058, 0.06001903100000128]
INFO:__main__:* DCTCP FCT: [0.0006140540000014738, 0.0030140540000012095, 0.006014054000001323, 0.030014054000000456, 0.06001405400000159]
