INFO:root:PoissonIntervalGenerator: Genrate Byteload Intervals:
target_mean_ns=1000
min_interval_ns=1
max_interval_ns=10000
num_intervals=429
num_samples_needed=1
DEBUG:root:Step 1) λ solving for mean=1000 is 0.001000
DEBUG:root:Generated samples: shape=(1, 429)
DEBUG:root:Step 2) Generated 1 samples, taking first 1 samples needed
DEBUG:root:sample unique means (ns): [1000.]
INFO:root:PoissonIntervalGenerator: Genrate Byteload Intervals:
target_mean_ns=1000
min_interval_ns=1
max_interval_ns=10000
num_intervals=79
num_samples_needed=1
DEBUG:root:Step 1) λ solving for mean=1000 is 0.001000
DEBUG:root:Generated samples: shape=(1, 79)
DEBUG:root:Step 2) Generated 1 samples, taking first 1 samples needed
DEBUG:root:sample unique means (ns): [1000.]
INFO:root:PoissonIntervalGenerator: Genrate Byteload Intervals:
target_mean_ns=1000
min_interval_ns=1
max_interval_ns=10000
num_intervals=490
num_samples_needed=1
DEBUG:root:Step 1) λ solving for mean=1000 is 0.001000
DEBUG:root:Generated samples: shape=(1, 490)
DEBUG:root:Step 2) Generated 1 samples, taking first 1 samples needed
DEBUG:root:sample unique means (ns): [1000.]
INFO:root:PoissonIntervalGenerator: Genrate Byteload Intervals:
target_mean_ns=1000
min_interval_ns=1
max_interval_ns=10000
num_intervals=492
num_samples_needed=1
DEBUG:root:Step 1) λ solving for mean=1000 is 0.001000
DEBUG:root:Generated samples: shape=(1, 492)
DEBUG:root:Step 2) Generated 1 samples, taking first 1 samples needed
DEBUG:root:sample unique means (ns): [1000.]
INFO:root:PoissonIntervalGenerator: Genrate Byteload Intervals:
target_mean_ns=1000
min_interval_ns=1
max_interval_ns=10000
num_intervals=69
num_samples_needed=1
DEBUG:root:Step 1) λ solving for mean=1000 is 0.001000
DEBUG:root:Generated samples: shape=(1, 69)
DEBUG:root:Step 2) Generated 1 samples, taking first 1 samples needed
DEBUG:root:sample unique means (ns): [1000.]
INFO:root:PoissonIntervalGenerator: Genrate Byteload Intervals:
target_mean_ns=1000
min_interval_ns=1
max_interval_ns=10000
num_intervals=286
num_samples_needed=1
DEBUG:root:Step 1) λ solving for mean=1000 is 0.001000
DEBUG:root:Generated samples: shape=(1, 286)
DEBUG:root:Step 2) Generated 1 samples, taking first 1 samples needed
DEBUG:root:sample unique means (ns): [1000.]
INFO:root:PoissonIntervalGenerator: Genrate Byteload Intervals:
target_mean_ns=1000
min_interval_ns=1
max_interval_ns=10000
num_intervals=954
num_samples_needed=1
DEBUG:root:Step 1) λ solving for mean=1000 is 0.001000
DEBUG:root:Generated samples: shape=(1, 954)
DEBUG:root:Step 2) Generated 1 samples, taking first 1 samples needed
DEBUG:root:sample unique means (ns): [1000.]
INFO:root:PoissonIntervalGenerator: Genrate Byteload Intervals:
target_mean_ns=1000
min_interval_ns=1
max_interval_ns=10000
num_intervals=430
num_samples_needed=1
DEBUG:root:Step 1) λ solving for mean=1000 is 0.001000
DEBUG:root:Generated samples: shape=(1, 430)
DEBUG:root:Step 2) Generated 1 samples, taking first 1 samples needed
DEBUG:root:sample unique means (ns): [1000.]
INFO:__main__:Protos tested: ['SSIRD', 'DCTCP-50']
INFO:__main__:Num Flows: 8
INFO:__main__:Byteload Size (B): 1560
INFO:__main__:Target Mean Byteload Interval (ns): 1000
INFO:__main__:  is_use_poisson_num_byteloads=True
INFO:__main__:Target Mean Flow Interarrival (ns): 1000
INFO:__main__:  is_use_poisson_flow_interarr=True
INFO:__main__:Target Flow Rate (Gbps): 12.479999999999999
INFO:__main__:Flow Start Times (us): [0.791, 0.872, 0.919, 2.986, 4.103, 4.428, 5.621, 5.643]
INFO:__main__:Flow Rate (Gbps): [12.48, 12.48, 12.48, 12.48, 12.48, 12.48, 12.48, 12.48]
INFO:__main__:Flow Size (B): [670800, 124800, 765960, 769080, 109200, 447720, 1489800, 672360]
INFO:__main__:Num Byteloads: [430, 80, 491, 493, 70, 287, 955, 431]
INFO:__main__:Flow Send Durations (us): [429.791, 79.872, 490.919, 494.986, 73.103, 290.428, 959.621, 435.643]
INFO:__main__:Flow Min Byteload Size (B): [1560, 1560, 1560, 1560, 1560, 1560, 1560, 1560]
INFO:__main__:Flow Max Byteload Size (B): [1560, 1560, 1560, 1560, 1560, 1560, 1560, 1560]
INFO:__main__:Flow Min Interval (us): [0.003, 0.032, 0.005, 0.005, 0.042, 0.007, 0.003, 0.003]
INFO:__main__:Flow Max Interval (us): [6.831, 4.969, 7.051, 7.958, 3.053, 7.467, 5.791, 5.984]
DEBUG:__main__:Max flow send durations (us): 959.621
INFO:__main__:* Sim duration (SSIRD): [0.06]
INFO:__main__:* Sim duration (DCTCP): [0.06]
INFO:dale_experiment_rig:Experiment started at: 2025-08-12 10:09:35.009731
INFO:dale_experiment_rig:
##### RUN GROUP #####
INFO:dale_experiment_rig:
=====
Execute experiment 8flo-12Gbps-1560B-1000ns-2025-08-12T_10-09-35Z_incast_poisson_3to1_8flo_1560B_1us_99pt84Gbps
INFO:dale_experiment_rig:Flags: 1, 1, 1, 1, 0
INFO:dale_experiment_rig:
=====
Execute experiment 8flo-12Gbps-1560B-1000ns-2025-08-12T_10-09-35Z_incast_poisson_3to1_8flo_1560B_1us_99pt84Gbps
INFO:dale_experiment_rig:ssird_sim_duration=0.060000; dctcp_sim_duration=0.060000
INFO:dale_experiment_rig:Flags: 1, 1, 1, 1, 0
INFO:dale_experiment_rig:-----
Preparing experiment input MRIs
INFO:dale_experiment_rig:ssird_sim_duration=0.060000; dctcp_sim_duration=0.060000
INFO:dale_experiment_rig:### Creating MRI inputs parent dir: /data/dh1723/SIRD-Simulator/scripts/r2p2/coord/config/manual-req-intervals/dale_experiments/Poisson_Flows_incast_poisson_3to1_8flo_1560B_1us_99pt84Gbps/
INFO:dale_experiment_rig:-----
Preparing experiment input MRIs
INFO:dale_experiment_rig:### Creating MRI inputs parent dir: /data/dh1723/SIRD-Simulator/scripts/r2p2/coord/config/manual-req-intervals/dale_experiments/Poisson_Flows_incast_poisson_3to1_8flo_1560B_1us_99pt84Gbps/
INFO:dale_experiment_rig:File /data/dh1723/SIRD-Simulator/scripts/r2p2/coord/config/manual-req-intervals/dale_experiments/Poisson_Flows_incast_poisson_3to1_8flo_1560B_1us_99pt84Gbps/ aready exists.
INFO:dale_experiment_rig:File /data/dh1723/SIRD-Simulator/scripts/r2p2/coord/config/manual-req-intervals/dale_experiments/Poisson_Flows_incast_poisson_3to1_8flo_1560B_1us_99pt84Gbps/ aready exists.
DEBUG:dale_experiment_rig:num flows: 8
DEBUG:dale_experiment_rig:num flows: 8
DEBUG:dale_experiment_rig:num flows: 8
DEBUG:dale_experiment_rig:num flows: 8
DEBUG:dale_experiment_rig:num flows: 8
DEBUG:dale_experiment_rig:num flows: 8
INFO:dale_experiment_rig:-----
Preparing experiment spec scripts
INFO:dale_experiment_rig:### Creating spec scripts parent dir: /data/dh1723/SIRD-Simulator/scripts/r2p2/coord/config/dale_experiments/Poisson_Flows_incast_poisson_3to1_8flo_1560B_1us_99pt84Gbps/
INFO:dale_experiment_rig:-----
Preparing experiment spec scripts
INFO:dale_experiment_rig:#### WARNING: File /data/dh1723/SIRD-Simulator/scripts/r2p2/coord/config/dale_experiments/Poisson_Flows_incast_poisson_3to1_8flo_1560B_1us_99pt84Gbps/ aready exists.
INFO:dale_experiment_rig:### Creating spec scripts parent dir: /data/dh1723/SIRD-Simulator/scripts/r2p2/coord/config/dale_experiments/Poisson_Flows_incast_poisson_3to1_8flo_1560B_1us_99pt84Gbps/
INFO:dale_experiment_rig:#### WARNING: File /data/dh1723/SIRD-Simulator/scripts/r2p2/coord/config/dale_experiments/Poisson_Flows_incast_poisson_3to1_8flo_1560B_1us_99pt84Gbps/ aready exists.
INFO:dale_experiment_rig:-----
Running experiment for DCTCP-50
INFO:dale_experiment_rig:### Script:/data/dh1723/SIRD-Simulator/scripts/r2p2/coord/config/dale_experiments/Poisson_Flows_incast_poisson_3to1_8flo_1560B_1us_99pt84Gbps/DCTCP-50-8flo-12Gbps-1560B-1000ns-2025-08-12T_10-09-35Z_incast_poisson_3to1_8flo_1560B_1us_99pt84Gbps.sh
INFO:dale_experiment_rig:-----
Running experiment for SSIRD
INFO:dale_experiment_rig:### Output path (stdout): /data/dh1723/SIRD-Simulator/scripts/r2p2/coord/outputs/Poisson_Flows_incast_poisson_3to1_8flo_1560B_1us_99pt84Gbps/DCTCP-50_8flo-12Gbps-1560B-1000ns-2025-08-12T_10-09-35Z_incast_poisson_3to1_8flo_1560B_1us_99pt84Gbps_stdout.out
INFO:dale_experiment_rig:### Script:/data/dh1723/SIRD-Simulator/scripts/r2p2/coord/config/dale_experiments/Poisson_Flows_incast_poisson_3to1_8flo_1560B_1us_99pt84Gbps/SSIRD-8flo-12Gbps-1560B-1000ns-2025-08-12T_10-09-35Z_incast_poisson_3to1_8flo_1560B_1us_99pt84Gbps.sh
INFO:dale_experiment_rig:### Output path (stderr): /data/dh1723/SIRD-Simulator/scripts/r2p2/coord/outputs/Poisson_Flows_incast_poisson_3to1_8flo_1560B_1us_99pt84Gbps/DCTCP-50_8flo-12Gbps-1560B-1000ns-2025-08-12T_10-09-35Z_incast_poisson_3to1_8flo_1560B_1us_99pt84Gbps_stderr.out
INFO:dale_experiment_rig:### Output path (stdout): /data/dh1723/SIRD-Simulator/scripts/r2p2/coord/outputs/Poisson_Flows_incast_poisson_3to1_8flo_1560B_1us_99pt84Gbps/ssird_8flo-12Gbps-1560B-1000ns-2025-08-12T_10-09-35Z_incast_poisson_3to1_8flo_1560B_1us_99pt84Gbps_stdout.out
INFO:dale_experiment_rig:### Output path (stderr): /data/dh1723/SIRD-Simulator/scripts/r2p2/coord/outputs/Poisson_Flows_incast_poisson_3to1_8flo_1560B_1us_99pt84Gbps/ssird_8flo-12Gbps-1560B-1000ns-2025-08-12T_10-09-35Z_incast_poisson_3to1_8flo_1560B_1us_99pt84Gbps_stderr.out
INFO:dale_experiment_rig:-----
Backing up app trace file paths
DEBUG:dale_experiment_rig:/data/dh1723/SIRD-Simulator/scripts/r2p2/post-process/experiment_app_trace_paths/Poisson_Flows_incast_poisson_3to1_8flo_1560B_1us_99pt84Gbps/8flo_12Gbps_2025-08-12T_12-32-05Z/SSIRD_app_traces.txt
INFO:dale_experiment_rig:-----
Backing up app trace file paths
DEBUG:dale_experiment_rig:/data/dh1723/SIRD-Simulator/scripts/r2p2/post-process/experiment_app_trace_paths/Poisson_Flows_incast_poisson_3to1_8flo_1560B_1us_99pt84Gbps/8flo_12Gbps_2025-08-12T_12-32-05Z/DCTCP-50_app_traces.txt
INFO:dale_experiment_rig:Simulations ended at: 2025-08-12 12:32:05.644516
INFO:dale_experiment_rig:
##### POST PROCESS RESULTS #####
INFO:dale_experiment_rig:=====
** Num Flows: 8, Target Flow Rate (Gbps): 12.479999999999999, ssird_sim_dur (s): 0.06, dctcp_sim_dur (s): 0.06
INFO:dale_experiment_rig:Processing SIRD results exp_id 0:: 8flo-12.479999999999999Gbps_target
INFO:dale_experiment_rig:Processing results from /data/dh1723/SIRD-Simulator/scripts/r2p2/coord/results/SSIRD-8flo-12Gbps-1560B-1000ns-2025-08-12T_10-09-35Z_incast_poisson_3to1_8flo_1560B_1us_99pt84Gbps/data/SSIRD/60/applications_trace.str
INFO:dale_experiment_rig:Flow 0:: num of byteloads: 430, num srq events: 430, num rrq events: 1
DEBUG:dale_experiment_rig:Flow 0:: first_event_name: srq, final_event_name: rrq, expected_data_B: 670800, recv_data_B: 670800
INFO:dale_experiment_rig:Flow 1:: num of byteloads: 80, num srq events: 80, num rrq events: 1
DEBUG:dale_experiment_rig:Flow 1:: first_event_name: srq, final_event_name: rrq, expected_data_B: 124800, recv_data_B: 124800
INFO:dale_experiment_rig:Flow 2:: num of byteloads: 491, num srq events: 491, num rrq events: 1
DEBUG:dale_experiment_rig:Flow 2:: first_event_name: srq, final_event_name: rrq, expected_data_B: 765960, recv_data_B: 765960
INFO:dale_experiment_rig:Flow 3:: num of byteloads: 493, num srq events: 493, num rrq events: 1
DEBUG:dale_experiment_rig:Flow 3:: first_event_name: srq, final_event_name: rrq, expected_data_B: 769080, recv_data_B: 769080
INFO:dale_experiment_rig:Flow 4:: num of byteloads: 70, num srq events: 70, num rrq events: 1
DEBUG:dale_experiment_rig:Flow 4:: first_event_name: srq, final_event_name: rrq, expected_data_B: 109200, recv_data_B: 109200
INFO:dale_experiment_rig:Flow 5:: num of byteloads: 287, num srq events: 287, num rrq events: 5
DEBUG:dale_experiment_rig:Flow 5:: first_event_name: srq, final_event_name: rrq, expected_data_B: 447720, recv_data_B: 447720
INFO:dale_experiment_rig:Flow 6:: num of byteloads: 955, num srq events: 955, num rrq events: 1
DEBUG:dale_experiment_rig:Flow 6:: first_event_name: srq, final_event_name: rrq, expected_data_B: 1489800, recv_data_B: 1489800
INFO:dale_experiment_rig:Flow 7:: num of byteloads: 431, num srq events: 431, num rrq events: 7
DEBUG:dale_experiment_rig:Flow 7:: first_event_name: srq, final_event_name: rrq, expected_data_B: 672360, recv_data_B: 672360
INFO:dale_experiment_rig:Flow 0:: num of byteloads: 430, num srq events: 430, num rrq events: 1
DEBUG:dale_experiment_rig:Flow 0:: first_event_name: srq, final_event_name: rrq, expected_data_B: 670800, recv_data_B: 670800
INFO:dale_experiment_rig:Flow 1:: num of byteloads: 80, num srq events: 80, num rrq events: 1
DEBUG:dale_experiment_rig:Flow 1:: first_event_name: srq, final_event_name: rrq, expected_data_B: 124800, recv_data_B: 124800
INFO:dale_experiment_rig:Flow 2:: num of byteloads: 491, num srq events: 491, num rrq events: 1
DEBUG:dale_experiment_rig:Flow 2:: first_event_name: srq, final_event_name: rrq, expected_data_B: 765960, recv_data_B: 765960
INFO:dale_experiment_rig:Flow 3:: num of byteloads: 493, num srq events: 493, num rrq events: 1
DEBUG:dale_experiment_rig:Flow 3:: first_event_name: srq, final_event_name: rrq, expected_data_B: 769080, recv_data_B: 769080
INFO:dale_experiment_rig:Flow 4:: num of byteloads: 70, num srq events: 70, num rrq events: 1
DEBUG:dale_experiment_rig:Flow 4:: first_event_name: srq, final_event_name: rrq, expected_data_B: 109200, recv_data_B: 109200
INFO:dale_experiment_rig:Flow 5:: num of byteloads: 287, num srq events: 287, num rrq events: 6
DEBUG:dale_experiment_rig:Flow 5:: first_event_name: srq, final_event_name: rrq, expected_data_B: 447720, recv_data_B: 447720
INFO:dale_experiment_rig:Flow 6:: num of byteloads: 955, num srq events: 955, num rrq events: 11
DEBUG:dale_experiment_rig:Flow 6:: first_event_name: srq, final_event_name: rrq, expected_data_B: 1489800, recv_data_B: 1489800
INFO:dale_experiment_rig:Flow 7:: num of byteloads: 431, num srq events: 431, num rrq events: 6
DEBUG:dale_experiment_rig:Flow 7:: first_event_name: srq, final_event_name: rrq, expected_data_B: 672360, recv_data_B: 672360
INFO:dale_experiment_rig:Flow 0:: num of byteloads: 430, num srq events: 430, num rrq events: 1
DEBUG:dale_experiment_rig:Flow 0:: first_event_name: srq, final_event_name: rrq, expected_data_B: 670800, recv_data_B: 670800
INFO:dale_experiment_rig:Flow 1:: num of byteloads: 80, num srq events: 80, num rrq events: 1
DEBUG:dale_experiment_rig:Flow 1:: first_event_name: srq, final_event_name: rrq, expected_data_B: 124800, recv_data_B: 124800
INFO:dale_experiment_rig:Flow 2:: num of byteloads: 491, num srq events: 491, num rrq events: 1
DEBUG:dale_experiment_rig:Flow 2:: first_event_name: srq, final_event_name: rrq, expected_data_B: 765960, recv_data_B: 765960
INFO:dale_experiment_rig:Flow 3:: num of byteloads: 493, num srq events: 493, num rrq events: 1
DEBUG:dale_experiment_rig:Flow 3:: first_event_name: srq, final_event_name: rrq, expected_data_B: 769080, recv_data_B: 769080
INFO:dale_experiment_rig:Flow 4:: num of byteloads: 70, num srq events: 70, num rrq events: 1
DEBUG:dale_experiment_rig:Flow 4:: first_event_name: srq, final_event_name: rrq, expected_data_B: 109200, recv_data_B: 109200
INFO:dale_experiment_rig:Flow 5:: num of byteloads: 287, num srq events: 287, num rrq events: 4
DEBUG:dale_experiment_rig:Flow 5:: first_event_name: srq, final_event_name: rrq, expected_data_B: 447720, recv_data_B: 447720
INFO:dale_experiment_rig:Flow 6:: num of byteloads: 955, num srq events: 955, num rrq events: 2
DEBUG:dale_experiment_rig:Flow 6:: first_event_name: srq, final_event_name: rrq, expected_data_B: 1489800, recv_data_B: 1489800
INFO:dale_experiment_rig:Flow 7:: num of byteloads: 431, num srq events: 431, num rrq events: 8
DEBUG:dale_experiment_rig:Flow 7:: first_event_name: srq, final_event_name: rrq, expected_data_B: 672360, recv_data_B: 672360
INFO:dale_experiment_rig:SSIRD FCT (ms): [0.0007739429999986669, 0.00037701299999959303, 0.0010556589999985988, 0.0012349730000007497, 0.00031323800000038204, 0.0002938080000003396, 0.0014023229999988729, 0.00044214099999884127, 0.0006931809999990435, 0.0004034229999998473, 0.0009664429999993729, 0.0011644500000009828, 0.00033354400000007445, 0.0002941160000009546, 0.0009606399999988469, 0.0005184629999988033, 0.0008585739999986686, 0.00041656900000042185, 0.001099274999999622, 0.001297287999999952, 0.0003520320000003352, 0.00029366999999957955, 0.0009602269999984259, 0.0004386169999985867]
App Gdpt (overall): 126.38403053720707 Gbps
App Gdpt (per flow): [12.480000000038387, 12.480000000079599, 12.480000000020038, 12.479999999967808, 12.48000000002266, 12.479999999960873, 12.479999999998412, 12.480000000008463, 12.480000000038387, 12.480000000079599, 12.480000000020038, 12.479999999967808, 12.48000000002266, 12.479999999960873, 12.479999999998412, 12.480000000008463, 12.480000000038387, 12.480000000079599, 12.480000000020038, 12.479999999967808, 12.48000000002266, 12.479999999960873, 12.479999999998412, 12.480000000008463]
Network Gdpt (overall): 86.12658325008077
Network Gdpt (per flow): [6.933843965265199, 2.6481845453633635, 5.80460167535931, 4.982003655137614, 2.788933654278646, 12.19081849369609, 8.499040520628686, 12.165530905331325, 7.741700941034745, 2.4748217131903187, 6.340446358454638, 5.28373051654842, 2.6191447005486688, 12.178052197052779, 12.406728847449937, 10.374665115953144, 6.250363975625074, 2.3967217915855215, 5.574292147098867, 4.7426939893070985, 2.4815925824901384, 12.19654714477178, 12.412065063802142, 12.263272969395466]
INFO:dale_experiment_rig:Processing DCTCP results exp_id 0:: 8flo-12.479999999999999Gbps_target
INFO:dale_experiment_rig:Processing results from /data/dh1723/SIRD-Simulator/scripts/r2p2/coord/results/DCTCP-50-8flo-12Gbps-1560B-1000ns-2025-08-12T_10-09-35Z_incast_poisson_3to1_8flo_1560B_1us_99pt84Gbps/data/DCTCP-50/60/applications_trace.str
INFO:dale_experiment_rig:Flow 0:: num of byteloads: 430, num srq events: 430, num rrq events: 1
DEBUG:dale_experiment_rig:Flow 0:: first_event_name: srq, final_event_name: rrq, expected_data_B: 670800, recv_data_B: 670800
INFO:dale_experiment_rig:Flow 1:: num of byteloads: 80, num srq events: 80, num rrq events: 1
DEBUG:dale_experiment_rig:Flow 1:: first_event_name: srq, final_event_name: rrq, expected_data_B: 124800, recv_data_B: 124800
INFO:dale_experiment_rig:Flow 2:: num of byteloads: 491, num srq events: 491, num rrq events: 1
DEBUG:dale_experiment_rig:Flow 2:: first_event_name: srq, final_event_name: rrq, expected_data_B: 765960, recv_data_B: 765960
INFO:dale_experiment_rig:Flow 3:: num of byteloads: 493, num srq events: 493, num rrq events: 1
DEBUG:dale_experiment_rig:Flow 3:: first_event_name: srq, final_event_name: rrq, expected_data_B: 769080, recv_data_B: 769080
INFO:dale_experiment_rig:Flow 4:: num of byteloads: 70, num srq events: 70, num rrq events: 1
DEBUG:dale_experiment_rig:Flow 4:: first_event_name: srq, final_event_name: rrq, expected_data_B: 109200, recv_data_B: 109200
INFO:dale_experiment_rig:Flow 5:: num of byteloads: 287, num srq events: 287, num rrq events: 1
DEBUG:dale_experiment_rig:Flow 5:: first_event_name: srq, final_event_name: rrq, expected_data_B: 447720, recv_data_B: 447720
INFO:dale_experiment_rig:Flow 6:: num of byteloads: 955, num srq events: 955, num rrq events: 1
DEBUG:dale_experiment_rig:Flow 6:: first_event_name: srq, final_event_name: rrq, expected_data_B: 1489800, recv_data_B: 1489800
INFO:dale_experiment_rig:Flow 7:: num of byteloads: 431, num srq events: 431, num rrq events: 1
DEBUG:dale_experiment_rig:Flow 7:: first_event_name: srq, final_event_name: rrq, expected_data_B: 672360, recv_data_B: 672360
INFO:dale_experiment_rig:Flow 0:: num of byteloads: 430, num srq events: 430, num rrq events: 1
DEBUG:dale_experiment_rig:Flow 0:: first_event_name: srq, final_event_name: rrq, expected_data_B: 670800, recv_data_B: 670800
INFO:dale_experiment_rig:Flow 1:: num of byteloads: 80, num srq events: 80, num rrq events: 1
DEBUG:dale_experiment_rig:Flow 1:: first_event_name: srq, final_event_name: rrq, expected_data_B: 124800, recv_data_B: 124800
INFO:dale_experiment_rig:Flow 2:: num of byteloads: 491, num srq events: 491, num rrq events: 1
DEBUG:dale_experiment_rig:Flow 2:: first_event_name: srq, final_event_name: rrq, expected_data_B: 765960, recv_data_B: 765960
INFO:dale_experiment_rig:Flow 3:: num of byteloads: 493, num srq events: 493, num rrq events: 1
DEBUG:dale_experiment_rig:Flow 3:: first_event_name: srq, final_event_name: rrq, expected_data_B: 769080, recv_data_B: 769080
INFO:dale_experiment_rig:Flow 4:: num of byteloads: 70, num srq events: 70, num rrq events: 1
DEBUG:dale_experiment_rig:Flow 4:: first_event_name: srq, final_event_name: rrq, expected_data_B: 109200, recv_data_B: 109200
INFO:dale_experiment_rig:Flow 5:: num of byteloads: 287, num srq events: 287, num rrq events: 1
DEBUG:dale_experiment_rig:Flow 5:: first_event_name: srq, final_event_name: rrq, expected_data_B: 447720, recv_data_B: 447720
INFO:dale_experiment_rig:Flow 6:: num of byteloads: 955, num srq events: 955, num rrq events: 1
DEBUG:dale_experiment_rig:Flow 6:: first_event_name: srq, final_event_name: rrq, expected_data_B: 1489800, recv_data_B: 1489800
INFO:dale_experiment_rig:Flow 7:: num of byteloads: 431, num srq events: 431, num rrq events: 1
DEBUG:dale_experiment_rig:Flow 7:: first_event_name: srq, final_event_name: rrq, expected_data_B: 672360, recv_data_B: 672360
INFO:dale_experiment_rig:Flow 0:: num of byteloads: 430, num srq events: 430, num rrq events: 1
DEBUG:dale_experiment_rig:Flow 0:: first_event_name: srq, final_event_name: rrq, expected_data_B: 670800, recv_data_B: 670800
INFO:dale_experiment_rig:Flow 1:: num of byteloads: 80, num srq events: 80, num rrq events: 1
DEBUG:dale_experiment_rig:Flow 1:: first_event_name: srq, final_event_name: rrq, expected_data_B: 124800, recv_data_B: 124800
INFO:dale_experiment_rig:Flow 2:: num of byteloads: 491, num srq events: 491, num rrq events: 1
DEBUG:dale_experiment_rig:Flow 2:: first_event_name: srq, final_event_name: rrq, expected_data_B: 765960, recv_data_B: 765960
INFO:dale_experiment_rig:Flow 3:: num of byteloads: 493, num srq events: 493, num rrq events: 1
DEBUG:dale_experiment_rig:Flow 3:: first_event_name: srq, final_event_name: rrq, expected_data_B: 769080, recv_data_B: 769080
INFO:dale_experiment_rig:Flow 4:: num of byteloads: 70, num srq events: 70, num rrq events: 1
DEBUG:dale_experiment_rig:Flow 4:: first_event_name: srq, final_event_name: rrq, expected_data_B: 109200, recv_data_B: 109200
INFO:dale_experiment_rig:Flow 5:: num of byteloads: 287, num srq events: 287, num rrq events: 1
DEBUG:dale_experiment_rig:Flow 5:: first_event_name: srq, final_event_name: rrq, expected_data_B: 447720, recv_data_B: 447720
INFO:dale_experiment_rig:Flow 6:: num of byteloads: 955, num srq events: 955, num rrq events: 1
DEBUG:dale_experiment_rig:Flow 6:: first_event_name: srq, final_event_name: rrq, expected_data_B: 1489800, recv_data_B: 1489800
INFO:dale_experiment_rig:Flow 7:: num of byteloads: 431, num srq events: 431, num rrq events: 1
DEBUG:dale_experiment_rig:Flow 7:: first_event_name: srq, final_event_name: rrq, expected_data_B: 672360, recv_data_B: 672360
INFO:dale_experiment_rig:DCTCP-50 FCT (ms): [0.0010907559999999705, 0.0002438519999987676, 0.00116926599999978, 0.0011719690000013827, 0.0002208519999999936, 0.0007992960000002824, 0.0012856089999999654, 0.0010691139999998711, 0.001084320999998667, 0.00024386599999992598, 0.0011693659999991723, 0.0011720850000003225, 0.00022086700000123471, 0.0007994430000000108, 0.0012859779999985221, 0.0010691449999988833, 0.001084523999999476, 0.00024387999999930798, 0.0011762149999992033, 0.0011722020000011213, 0.00022088100000061672, 0.0007995899999997391, 0.0012863469999988553, 0.0010691769999997547]
App Gdpt (overall): 126.38403053720707 Gbps
App Gdpt (per flow): [12.480000000038387, 12.480000000079599, 12.480000000020038, 12.479999999967808, 12.48000000002266, 12.479999999960873, 12.479999999998412, 12.480000000008463, 12.480000000038387, 12.480000000079599, 12.480000000020038, 12.479999999967808, 12.48000000002266, 12.479999999960873, 12.479999999998412, 12.480000000008463, 12.480000000038387, 12.480000000079599, 12.480000000020038, 12.479999999967808, 12.48000000002266, 12.479999999960873, 12.479999999998412, 12.480000000008463]
Network Gdpt (overall): 93.86263850743283
Network Gdpt (per flow): [4.9198904246230555, 4.09428669850994, 5.240621039182832, 5.249831693494231, 3.955590168982057, 4.481143406195871, 9.27062582791527, 5.031156639984744, 4.9490879545878, 4.094051651317949, 5.240172880008772, 5.249312123266066, 3.955321528318474, 4.480319422397785, 9.267965703934046, 5.0310107609403945, 4.948161589787403, 4.093816631141681, 5.209659798594773, 5.24878817814175, 3.9550708299833888, 4.479495741569015, 9.265307106100147, 5.030860184984557]
INFO:dale_experiment_rig:
##### GENERATE METRICS #####
INFO:dale_experiment_rig:Poisson_Flows_incast_poisson_3to1_8flo_1560B_1us_99pt84Gbps
INFO:__main__:Protos tested: ['SSIRD', 'DCTCP-50']
INFO:__main__:Num Flows: 8
INFO:__main__:Byteload Size (B): 1560
INFO:__main__:Target Mean Byteload Interval (ns): 1000
INFO:__main__:  is_use_poisson_num_byteloads=True
INFO:__main__:Target Mean Flow Interarrival (ns): 1000
INFO:__main__:  is_use_poisson_flow_interarr=True
INFO:__main__:Target Flow Rate (Gbps): 12.479999999999999
INFO:__main__:Num Byteloads: [430, 80, 491, 493, 70, 287, 955, 431]
INFO:__main__:  is_use_poisson_num_byteloads=True
INFO:__main__:Flow Start Times (us): [0.791, 0.872, 0.919, 2.986, 4.103, 4.428, 5.621, 5.643]
INFO:__main__:Flow Rate (Gbps): [12.48, 12.48, 12.48, 12.48, 12.48, 12.48, 12.48, 12.48]
INFO:__main__:Flow Size (B): [670800, 124800, 765960, 769080, 109200, 447720, 1489800, 672360]
INFO:__main__:Flow Send Durations (us): [429.791, 79.872, 490.919, 494.986, 73.103, 290.428, 959.621, 435.643]
INFO:__main__:Flow Min Byteload Size (B): [1560, 1560, 1560, 1560, 1560, 1560, 1560, 1560]
INFO:__main__:Flow Max Byteload Size (B): [1560, 1560, 1560, 1560, 1560, 1560, 1560, 1560]
INFO:__main__:Flow Min Interval (us): [0.003, 0.032, 0.005, 0.005, 0.042, 0.007, 0.003, 0.003]
INFO:__main__:Flow Max Interval (us): [6.831, 4.969, 7.051, 7.958, 3.053, 7.467, 5.791, 5.984]
INFO:__main__:APP Gdpt Gbps measured (SSIRD): [126.38403053720707]
INFO:__main__:APP Gdpt Gbps measured (DCTCP): [126.38403053720707]
DEBUG:__main__:APP Gdpt Gbps measured per flow (SSIRD): [[12.480000000038387, 12.480000000079599, 12.480000000020038, 12.479999999967808, 12.48000000002266, 12.479999999960873, 12.479999999998412, 12.480000000008463, 12.480000000038387, 12.480000000079599, 12.480000000020038, 12.479999999967808, 12.48000000002266, 12.479999999960873, 12.479999999998412, 12.480000000008463, 12.480000000038387, 12.480000000079599, 12.480000000020038, 12.479999999967808, 12.48000000002266, 12.479999999960873, 12.479999999998412, 12.480000000008463]]
DEBUG:__main__:APP Gdpt Gbps measured per flow (DCTCP): [[12.480000000038387, 12.480000000079599, 12.480000000020038, 12.479999999967808, 12.48000000002266, 12.479999999960873, 12.479999999998412, 12.480000000008463, 12.480000000038387, 12.480000000079599, 12.480000000020038, 12.479999999967808, 12.48000000002266, 12.479999999960873, 12.479999999998412, 12.480000000008463, 12.480000000038387, 12.480000000079599, 12.480000000020038, 12.479999999967808, 12.48000000002266, 12.479999999960873, 12.479999999998412, 12.480000000008463]]
INFO:__main__:NW Gdpt Gbps measured (SSIRD): [86.12658325008077]
INFO:__main__:NW Gdpt Gbps measured (DCTCP): [93.86263850743283]
DEBUG:__main__:NW Gdpt Gbps measured per flow (SSIRD): [[6.933843965265199, 2.6481845453633635, 5.80460167535931, 4.982003655137614, 2.788933654278646, 12.19081849369609, 8.499040520628686, 12.165530905331325, 7.741700941034745, 2.4748217131903187, 6.340446358454638, 5.28373051654842, 2.6191447005486688, 12.178052197052779, 12.406728847449937, 10.374665115953144, 6.250363975625074, 2.3967217915855215, 5.574292147098867, 4.7426939893070985, 2.4815925824901384, 12.19654714477178, 12.412065063802142, 12.263272969395466]]
DEBUG:__main__:NW Gdpt Gbps measured per flow (DCTCP): [[4.9198904246230555, 4.09428669850994, 5.240621039182832, 5.249831693494231, 3.955590168982057, 4.481143406195871, 9.27062582791527, 5.031156639984744, 4.9490879545878, 4.094051651317949, 5.240172880008772, 5.249312123266066, 3.955321528318474, 4.480319422397785, 9.267965703934046, 5.0310107609403945, 4.948161589787403, 4.093816631141681, 5.209659798594773, 5.24878817814175, 3.9550708299833888, 4.479495741569015, 9.265307106100147, 5.030860184984557]]
INFO:__main__:* Sim duration (SSIRD): [0.06]
INFO:__main__:* Sim duration (DCTCP): [0.06]
INFO:__main__:* SSIRD FCT: [[0.0007739429999986669, 0.00037701299999959303, 0.0010556589999985988, 0.0012349730000007497, 0.00031323800000038204, 0.0002938080000003396, 0.0014023229999988729, 0.00044214099999884127, 0.0006931809999990435, 0.0004034229999998473, 0.0009664429999993729, 0.0011644500000009828, 0.00033354400000007445, 0.0002941160000009546, 0.0009606399999988469, 0.0005184629999988033, 0.0008585739999986686, 0.00041656900000042185, 0.001099274999999622, 0.001297287999999952, 0.0003520320000003352, 0.00029366999999957955, 0.0009602269999984259, 0.0004386169999985867]]
INFO:__main__:* DCTCP FCT: [[0.0010907559999999705, 0.0002438519999987676, 0.00116926599999978, 0.0011719690000013827, 0.0002208519999999936, 0.0007992960000002824, 0.0012856089999999654, 0.0010691139999998711, 0.001084320999998667, 0.00024386599999992598, 0.0011693659999991723, 0.0011720850000003225, 0.00022086700000123471, 0.0007994430000000108, 0.0012859779999985221, 0.0010691449999988833, 0.001084523999999476, 0.00024387999999930798, 0.0011762149999992033, 0.0011722020000011213, 0.00022088100000061672, 0.0007995899999997391, 0.0012863469999988553, 0.0010691769999997547]]
