INFO:__main__:Protos tested: ['SSIRD', 'DCTCP-50']
INFO:__main__:Num Flows: 8
INFO:__main__:Byteload Size (B): 1560
INFO:__main__:Target Mean Byteload Interval (ns): 1000
INFO:__main__:  is_use_poisson_num_byteloads=True
INFO:__main__:Target Mean Flow Interarrival (ns): 1000
INFO:__main__:  is_use_poisson_flow_interarr=True
INFO:__main__:Target Flow Rate (Gbps): 12.479999999999999
INFO:__main__:Flow Start Times (us): [2.504, 4.077, 5.254, 5.288, 5.384, 6.655, 8.831, 10.262]
INFO:__main__:Flow Rate (Gbps): [12.48, 12.48, 12.48, 12.48, 12.48, 12.48, 12.48, 12.48]
INFO:__main__:Flow Size (B): [1185600, 276120, 244920, 283920, 2388360, 946920, 53040, 241800]
INFO:__main__:Num Byteloads: [760, 177, 157, 182, 1531, 607, 34, 155]
INFO:__main__:Flow Send Durations (us): [761.504, 180.077, 161.254, 186.288, 1535.384, 612.655, 41.831, 164.262]
INFO:__main__:Flow Min Byteload Size (B): [1560, 1560, 1560, 1560, 1560, 1560, 1560, 1560]
INFO:__main__:Flow Max Byteload Size (B): [1560, 1560, 1560, 1560, 1560, 1560, 1560, 1560]
INFO:__main__:Flow Min Interval (us): [0.002, 0.002, 0.016, 0.009, 0.001, 0.002, 0.061, 0.008]
INFO:__main__:Flow Max Interval (us): [6.176, 5.844, 3.986, 6.199, 7.286, 6.162, 3.107, 5.236]
DEBUG:__main__:Max flow send durations (us): 1535.384
INFO:__main__:* Sim duration (SSIRD): [0.06]
INFO:__main__:* Sim duration (DCTCP): [0.06]
INFO:dale_experiment_rig:Experiment started at: 2025-08-11 17:42:09.136465
INFO:dale_experiment_rig:
##### RUN GROUP #####
INFO:dale_experiment_rig:
=====
Execute experiment 8flo-12Gbps-1560B-1000ns-2025-08-11T_17-42-09Z_incast_poisson_3to1_8flo_1560B_1us_99pt84Gbps
INFO:dale_experiment_rig:Flags: 1, 0, 0, 0, 0
INFO:dale_experiment_rig:ssird_sim_duration=0.060000; dctcp_sim_duration=0.060000
INFO:dale_experiment_rig:
=====
Execute experiment 8flo-12Gbps-1560B-1000ns-2025-08-11T_17-42-09Z_incast_poisson_3to1_8flo_1560B_1us_99pt84Gbps
INFO:dale_experiment_rig:-----
Preparing experiment input MRIs
INFO:dale_experiment_rig:Flags: 1, 0, 0, 0, 0
INFO:dale_experiment_rig:### Creating MRI inputs parent dir: /data/dh1723/SIRD-Simulator/scripts/r2p2/coord/config/manual-req-intervals/dale_experiments/Poisson_Flows_incast_poisson_3to1_8flo_1560B_1us_99pt84Gbps/
INFO:dale_experiment_rig:ssird_sim_duration=0.060000; dctcp_sim_duration=0.060000
INFO:dale_experiment_rig:File /data/dh1723/SIRD-Simulator/scripts/r2p2/coord/config/manual-req-intervals/dale_experiments/Poisson_Flows_incast_poisson_3to1_8flo_1560B_1us_99pt84Gbps/ aready exists.
INFO:dale_experiment_rig:-----
Preparing experiment input MRIs
DEBUG:dale_experiment_rig:num flows: 8
INFO:dale_experiment_rig:### Creating MRI inputs parent dir: /data/dh1723/SIRD-Simulator/scripts/r2p2/coord/config/manual-req-intervals/dale_experiments/Poisson_Flows_incast_poisson_3to1_8flo_1560B_1us_99pt84Gbps/
DEBUG:dale_experiment_rig:num flows: 8
INFO:dale_experiment_rig:File /data/dh1723/SIRD-Simulator/scripts/r2p2/coord/config/manual-req-intervals/dale_experiments/Poisson_Flows_incast_poisson_3to1_8flo_1560B_1us_99pt84Gbps/ aready exists.
DEBUG:dale_experiment_rig:num flows: 8
DEBUG:dale_experiment_rig:num flows: 8
DEBUG:dale_experiment_rig:num flows: 8
DEBUG:dale_experiment_rig:num flows: 8
INFO:dale_experiment_rig:-----
Preparing experiment spec scripts
INFO:dale_experiment_rig:### Creating spec scripts parent dir: /data/dh1723/SIRD-Simulator/scripts/r2p2/coord/config/dale_experiments/Poisson_Flows_incast_poisson_3to1_8flo_1560B_1us_99pt84Gbps/
INFO:dale_experiment_rig:#### WARNING: File /data/dh1723/SIRD-Simulator/scripts/r2p2/coord/config/dale_experiments/Poisson_Flows_incast_poisson_3to1_8flo_1560B_1us_99pt84Gbps/ aready exists.
INFO:dale_experiment_rig:-----
Preparing experiment spec scripts
INFO:dale_experiment_rig:### Creating spec scripts parent dir: /data/dh1723/SIRD-Simulator/scripts/r2p2/coord/config/dale_experiments/Poisson_Flows_incast_poisson_3to1_8flo_1560B_1us_99pt84Gbps/
INFO:dale_experiment_rig:#### WARNING: File /data/dh1723/SIRD-Simulator/scripts/r2p2/coord/config/dale_experiments/Poisson_Flows_incast_poisson_3to1_8flo_1560B_1us_99pt84Gbps/ aready exists.
INFO:dale_experiment_rig:-----
Running experiment for SSIRD
INFO:dale_experiment_rig:### Script:/data/dh1723/SIRD-Simulator/scripts/r2p2/coord/config/dale_experiments/Poisson_Flows_incast_poisson_3to1_8flo_1560B_1us_99pt84Gbps/SSIRD-8flo-12Gbps-1560B-1000ns-2025-08-11T_17-42-09Z_incast_poisson_3to1_8flo_1560B_1us_99pt84Gbps.sh
INFO:dale_experiment_rig:### Output path (stdout): /data/dh1723/SIRD-Simulator/scripts/r2p2/coord/outputs/Poisson_Flows_incast_poisson_3to1_8flo_1560B_1us_99pt84Gbps/ssird_8flo-12Gbps-1560B-1000ns-2025-08-11T_17-42-09Z_incast_poisson_3to1_8flo_1560B_1us_99pt84Gbps_stdout.out
INFO:dale_experiment_rig:### Output path (stderr): /data/dh1723/SIRD-Simulator/scripts/r2p2/coord/outputs/Poisson_Flows_incast_poisson_3to1_8flo_1560B_1us_99pt84Gbps/ssird_8flo-12Gbps-1560B-1000ns-2025-08-11T_17-42-09Z_incast_poisson_3to1_8flo_1560B_1us_99pt84Gbps_stderr.out
INFO:dale_experiment_rig:-----
Running experiment for DCTCP-50
INFO:dale_experiment_rig:### Script:/data/dh1723/SIRD-Simulator/scripts/r2p2/coord/config/dale_experiments/Poisson_Flows_incast_poisson_3to1_8flo_1560B_1us_99pt84Gbps/DCTCP-50-8flo-12Gbps-1560B-1000ns-2025-08-11T_17-42-09Z_incast_poisson_3to1_8flo_1560B_1us_99pt84Gbps.sh
INFO:dale_experiment_rig:### Output path (stdout): /data/dh1723/SIRD-Simulator/scripts/r2p2/coord/outputs/Poisson_Flows_incast_poisson_3to1_8flo_1560B_1us_99pt84Gbps/DCTCP-50_8flo-12Gbps-1560B-1000ns-2025-08-11T_17-42-09Z_incast_poisson_3to1_8flo_1560B_1us_99pt84Gbps_stdout.out
INFO:dale_experiment_rig:### Output path (stderr): /data/dh1723/SIRD-Simulator/scripts/r2p2/coord/outputs/Poisson_Flows_incast_poisson_3to1_8flo_1560B_1us_99pt84Gbps/DCTCP-50_8flo-12Gbps-1560B-1000ns-2025-08-11T_17-42-09Z_incast_poisson_3to1_8flo_1560B_1us_99pt84Gbps_stderr.out
INFO:dale_experiment_rig:-----
Backing up app trace file paths
DEBUG:dale_experiment_rig:/data/dh1723/SIRD-Simulator/scripts/r2p2/post-process/experiment_app_trace_paths/Poisson_Flows_incast_poisson_3to1_8flo_1560B_1us_99pt84Gbps/8flo_12Gbps_2025-08-11T_19-49-09Z/SSIRD_app_traces.txt
INFO:dale_experiment_rig:-----
Backing up app trace file paths
DEBUG:dale_experiment_rig:/data/dh1723/SIRD-Simulator/scripts/r2p2/post-process/experiment_app_trace_paths/Poisson_Flows_incast_poisson_3to1_8flo_1560B_1us_99pt84Gbps/8flo_12Gbps_2025-08-11T_19-49-09Z/DCTCP-50_app_traces.txt
INFO:dale_experiment_rig:Simulations ended at: 2025-08-11 19:49:09.773483
INFO:dale_experiment_rig:
##### POST PROCESS RESULTS #####
INFO:dale_experiment_rig:=====
** Num Flows: 8, Target Flow Rate (Gbps): 12.479999999999999, ssird_sim_dur (s): 0.06, dctcp_sim_dur (s): 0.06
INFO:dale_experiment_rig:Processing SIRD results exp_id 0:: 8flo-12.479999999999999Gbps_target
INFO:dale_experiment_rig:Processing results from /data/dh1723/SIRD-Simulator/scripts/r2p2/coord/results/SSIRD-8flo-12Gbps-1560B-1000ns-2025-08-11T_17-42-09Z_incast_poisson_3to1_8flo_1560B_1us_99pt84Gbps/data/SSIRD/60/applications_trace.str
INFO:dale_experiment_rig:Flow 0:: num of byteloads: 760, num srq events: 760, num rrq events: 1
DEBUG:dale_experiment_rig:Flow 0:: first_event_name: srq, final_event_name: rrq, expected_data_B: 1185600, recv_data_B: 1185600
INFO:dale_experiment_rig:Flow 1:: num of byteloads: 177, num srq events: 177, num rrq events: 1
DEBUG:dale_experiment_rig:Flow 1:: first_event_name: srq, final_event_name: rrq, expected_data_B: 276120, recv_data_B: 276120
INFO:dale_experiment_rig:Flow 2:: num of byteloads: 157, num srq events: 157, num rrq events: 1
DEBUG:dale_experiment_rig:Flow 2:: first_event_name: srq, final_event_name: rrq, expected_data_B: 244920, recv_data_B: 244920
INFO:dale_experiment_rig:Flow 3:: num of byteloads: 182, num srq events: 182, num rrq events: 1
DEBUG:dale_experiment_rig:Flow 3:: first_event_name: srq, final_event_name: rrq, expected_data_B: 283920, recv_data_B: 283920
INFO:dale_experiment_rig:Flow 4:: num of byteloads: 1531, num srq events: 1531, num rrq events: 13
DEBUG:dale_experiment_rig:Flow 4:: first_event_name: srq, final_event_name: rrq, expected_data_B: 2388360, recv_data_B: 2388360
INFO:dale_experiment_rig:Flow 5:: num of byteloads: 607, num srq events: 607, num rrq events: 3
DEBUG:dale_experiment_rig:Flow 5:: first_event_name: srq, final_event_name: rrq, expected_data_B: 946920, recv_data_B: 946920
INFO:dale_experiment_rig:Flow 6:: num of byteloads: 34, num srq events: 34, num rrq events: 1
DEBUG:dale_experiment_rig:Flow 6:: first_event_name: srq, final_event_name: rrq, expected_data_B: 53040, recv_data_B: 53040
INFO:dale_experiment_rig:Flow 7:: num of byteloads: 155, num srq events: 155, num rrq events: 5
DEBUG:dale_experiment_rig:Flow 7:: first_event_name: srq, final_event_name: rrq, expected_data_B: 241800, recv_data_B: 241800
INFO:dale_experiment_rig:Flow 0:: num of byteloads: 760, num srq events: 760, num rrq events: 1
DEBUG:dale_experiment_rig:Flow 0:: first_event_name: srq, final_event_name: rrq, expected_data_B: 1185600, recv_data_B: 1185600
INFO:dale_experiment_rig:Flow 1:: num of byteloads: 177, num srq events: 177, num rrq events: 1
DEBUG:dale_experiment_rig:Flow 1:: first_event_name: srq, final_event_name: rrq, expected_data_B: 276120, recv_data_B: 276120
INFO:dale_experiment_rig:Flow 2:: num of byteloads: 157, num srq events: 157, num rrq events: 1
DEBUG:dale_experiment_rig:Flow 2:: first_event_name: srq, final_event_name: rrq, expected_data_B: 244920, recv_data_B: 244920
INFO:dale_experiment_rig:Flow 3:: num of byteloads: 182, num srq events: 182, num rrq events: 1
DEBUG:dale_experiment_rig:Flow 3:: first_event_name: srq, final_event_name: rrq, expected_data_B: 283920, recv_data_B: 283920
INFO:dale_experiment_rig:Flow 4:: num of byteloads: 1531, num srq events: 1531, num rrq events: 4
DEBUG:dale_experiment_rig:Flow 4:: first_event_name: srq, final_event_name: rrq, expected_data_B: 2388360, recv_data_B: 2388360
INFO:dale_experiment_rig:Flow 5:: num of byteloads: 607, num srq events: 607, num rrq events: 10
DEBUG:dale_experiment_rig:Flow 5:: first_event_name: srq, final_event_name: rrq, expected_data_B: 946920, recv_data_B: 946920
INFO:dale_experiment_rig:Flow 6:: num of byteloads: 34, num srq events: 34, num rrq events: 1
DEBUG:dale_experiment_rig:Flow 6:: first_event_name: srq, final_event_name: rrq, expected_data_B: 53040, recv_data_B: 53040
INFO:dale_experiment_rig:Flow 7:: num of byteloads: 155, num srq events: 155, num rrq events: 4
DEBUG:dale_experiment_rig:Flow 7:: first_event_name: srq, final_event_name: rrq, expected_data_B: 241800, recv_data_B: 241800
INFO:dale_experiment_rig:Flow 0:: num of byteloads: 760, num srq events: 760, num rrq events: 7
DEBUG:dale_experiment_rig:Flow 0:: first_event_name: srq, final_event_name: rrq, expected_data_B: 1185600, recv_data_B: 1185600
INFO:dale_experiment_rig:Flow 1:: num of byteloads: 177, num srq events: 177, num rrq events: 1
DEBUG:dale_experiment_rig:Flow 1:: first_event_name: srq, final_event_name: rrq, expected_data_B: 276120, recv_data_B: 276120
INFO:dale_experiment_rig:Flow 2:: num of byteloads: 157, num srq events: 157, num rrq events: 1
DEBUG:dale_experiment_rig:Flow 2:: first_event_name: srq, final_event_name: rrq, expected_data_B: 244920, recv_data_B: 244920
INFO:dale_experiment_rig:Flow 3:: num of byteloads: 182, num srq events: 182, num rrq events: 1
DEBUG:dale_experiment_rig:Flow 3:: first_event_name: srq, final_event_name: rrq, expected_data_B: 283920, recv_data_B: 283920
INFO:dale_experiment_rig:Flow 4:: num of byteloads: 1531, num srq events: 1531, num rrq events: 1
DEBUG:dale_experiment_rig:Flow 4:: first_event_name: srq, final_event_name: rrq, expected_data_B: 2388360, recv_data_B: 2388360
INFO:dale_experiment_rig:Flow 5:: num of byteloads: 607, num srq events: 607, num rrq events: 8
DEBUG:dale_experiment_rig:Flow 5:: first_event_name: srq, final_event_name: rrq, expected_data_B: 946920, recv_data_B: 946920
INFO:dale_experiment_rig:Flow 6:: num of byteloads: 34, num srq events: 34, num rrq events: 1
DEBUG:dale_experiment_rig:Flow 6:: first_event_name: srq, final_event_name: rrq, expected_data_B: 53040, recv_data_B: 53040
INFO:dale_experiment_rig:Flow 7:: num of byteloads: 155, num srq events: 155, num rrq events: 2
DEBUG:dale_experiment_rig:Flow 7:: first_event_name: srq, final_event_name: rrq, expected_data_B: 241800, recv_data_B: 241800
INFO:dale_experiment_rig:SSIRD FCT (ms): [0.0011907989999997426, 0.0005051299999987435, 0.00033817499999955203, 0.0006786020000006943, 0.0015401669999999257, 0.0008766410000013991, 0.00013142899999962765, 0.00016162500000049818, 0.0013303579999988102, 0.0006575929999996788, 0.00040669799999903944, 0.0007402919999996982, 0.001540013999999701, 0.0006126450000003558, 0.00017406000000086408, 0.0001614530000004777, 0.0007702739999988495, 0.0005760329999997538, 0.00044895299999936356, 0.0007034790000002289, 0.0015635459999998602, 0.0006133530000003162, 0.0001742179999997262, 0.00028957900000037284]
App Gdpt (overall): 87.99373727889464 Gbps
App Gdpt (per flow): [12.479999999993453, 12.48000000001901, 12.480000000102983, 12.480000000031536, 12.4800000000088, 12.479999999974943, 12.479999999935037, 12.479999999983022, 12.479999999993453, 12.48000000001901, 12.480000000102983, 12.480000000031536, 12.4800000000088, 12.479999999974943, 12.479999999935037, 12.479999999983022, 12.479999999993453, 12.48000000001901, 12.480000000102983, 12.480000000031536, 12.4800000000088, 12.479999999974943, 12.479999999935037, 12.479999999983022]
Network Gdpt (overall): 86.11726311998756
Network Gdpt (per flow): [7.965072191026404, 4.373052481550284, 5.793923264589623, 3.347116572007858, 12.405719639494238, 8.641348054663094, 3.2285112113856314, 11.968445475601161, 7.129509500456631, 3.3591598450729845, 4.817727158738493, 3.0681947123579967, 12.406952144593305, 12.36500746761273, 2.437780075823817, 11.981195765915015, 12.313540376559727, 3.834780299047007, 4.364287575765787, 3.228753097106326, 12.220222494254541, 12.350734405792577, 2.4355692293601514, 6.680042406381366]
INFO:dale_experiment_rig:Processing DCTCP results exp_id 0:: 8flo-12.479999999999999Gbps_target
INFO:dale_experiment_rig:Processing results from /data/dh1723/SIRD-Simulator/scripts/r2p2/coord/results/DCTCP-50-8flo-12Gbps-1560B-1000ns-2025-08-11T_17-42-09Z_incast_poisson_3to1_8flo_1560B_1us_99pt84Gbps/data/DCTCP-50/60/applications_trace.str
INFO:dale_experiment_rig:Flow 0:: num of byteloads: 760, num srq events: 760, num rrq events: 1
DEBUG:dale_experiment_rig:Flow 0:: first_event_name: srq, final_event_name: rrq, expected_data_B: 1185600, recv_data_B: 1185600
INFO:dale_experiment_rig:Flow 1:: num of byteloads: 177, num srq events: 177, num rrq events: 1
DEBUG:dale_experiment_rig:Flow 1:: first_event_name: srq, final_event_name: rrq, expected_data_B: 276120, recv_data_B: 276120
INFO:dale_experiment_rig:Flow 2:: num of byteloads: 157, num srq events: 157, num rrq events: 1
DEBUG:dale_experiment_rig:Flow 2:: first_event_name: srq, final_event_name: rrq, expected_data_B: 244920, recv_data_B: 244920
INFO:dale_experiment_rig:Flow 3:: num of byteloads: 182, num srq events: 182, num rrq events: 1
DEBUG:dale_experiment_rig:Flow 3:: first_event_name: srq, final_event_name: rrq, expected_data_B: 283920, recv_data_B: 283920
INFO:dale_experiment_rig:Flow 4:: num of byteloads: 1531, num srq events: 1531, num rrq events: 1
DEBUG:dale_experiment_rig:Flow 4:: first_event_name: srq, final_event_name: rrq, expected_data_B: 2388360, recv_data_B: 2388360
INFO:dale_experiment_rig:Flow 5:: num of byteloads: 607, num srq events: 607, num rrq events: 1
DEBUG:dale_experiment_rig:Flow 5:: first_event_name: srq, final_event_name: rrq, expected_data_B: 946920, recv_data_B: 946920
INFO:dale_experiment_rig:Flow 6:: num of byteloads: 34, num srq events: 34, num rrq events: 1
DEBUG:dale_experiment_rig:Flow 6:: first_event_name: srq, final_event_name: rrq, expected_data_B: 53040, recv_data_B: 53040
INFO:dale_experiment_rig:Flow 7:: num of byteloads: 155, num srq events: 155, num rrq events: 1
DEBUG:dale_experiment_rig:Flow 7:: first_event_name: srq, final_event_name: rrq, expected_data_B: 241800, recv_data_B: 241800
INFO:dale_experiment_rig:Flow 0:: num of byteloads: 760, num srq events: 760, num rrq events: 1
DEBUG:dale_experiment_rig:Flow 0:: first_event_name: srq, final_event_name: rrq, expected_data_B: 1185600, recv_data_B: 1185600
INFO:dale_experiment_rig:Flow 1:: num of byteloads: 177, num srq events: 177, num rrq events: 1
DEBUG:dale_experiment_rig:Flow 1:: first_event_name: srq, final_event_name: rrq, expected_data_B: 276120, recv_data_B: 276120
INFO:dale_experiment_rig:Flow 2:: num of byteloads: 157, num srq events: 157, num rrq events: 1
DEBUG:dale_experiment_rig:Flow 2:: first_event_name: srq, final_event_name: rrq, expected_data_B: 244920, recv_data_B: 244920
INFO:dale_experiment_rig:Flow 3:: num of byteloads: 182, num srq events: 182, num rrq events: 1
DEBUG:dale_experiment_rig:Flow 3:: first_event_name: srq, final_event_name: rrq, expected_data_B: 283920, recv_data_B: 283920
INFO:dale_experiment_rig:Flow 4:: num of byteloads: 1531, num srq events: 1531, num rrq events: 1
DEBUG:dale_experiment_rig:Flow 4:: first_event_name: srq, final_event_name: rrq, expected_data_B: 2388360, recv_data_B: 2388360
INFO:dale_experiment_rig:Flow 5:: num of byteloads: 607, num srq events: 607, num rrq events: 1
DEBUG:dale_experiment_rig:Flow 5:: first_event_name: srq, final_event_name: rrq, expected_data_B: 946920, recv_data_B: 946920
INFO:dale_experiment_rig:Flow 6:: num of byteloads: 34, num srq events: 34, num rrq events: 1
DEBUG:dale_experiment_rig:Flow 6:: first_event_name: srq, final_event_name: rrq, expected_data_B: 53040, recv_data_B: 53040
INFO:dale_experiment_rig:Flow 7:: num of byteloads: 155, num srq events: 155, num rrq events: 1
DEBUG:dale_experiment_rig:Flow 7:: first_event_name: srq, final_event_name: rrq, expected_data_B: 241800, recv_data_B: 241800
INFO:dale_experiment_rig:Flow 0:: num of byteloads: 760, num srq events: 760, num rrq events: 1
DEBUG:dale_experiment_rig:Flow 0:: first_event_name: srq, final_event_name: rrq, expected_data_B: 1185600, recv_data_B: 1185600
INFO:dale_experiment_rig:Flow 1:: num of byteloads: 177, num srq events: 177, num rrq events: 1
DEBUG:dale_experiment_rig:Flow 1:: first_event_name: srq, final_event_name: rrq, expected_data_B: 276120, recv_data_B: 276120
INFO:dale_experiment_rig:Flow 2:: num of byteloads: 157, num srq events: 157, num rrq events: 1
DEBUG:dale_experiment_rig:Flow 2:: first_event_name: srq, final_event_name: rrq, expected_data_B: 244920, recv_data_B: 244920
INFO:dale_experiment_rig:Flow 3:: num of byteloads: 182, num srq events: 182, num rrq events: 1
DEBUG:dale_experiment_rig:Flow 3:: first_event_name: srq, final_event_name: rrq, expected_data_B: 283920, recv_data_B: 283920
INFO:dale_experiment_rig:Flow 4:: num of byteloads: 1531, num srq events: 1531, num rrq events: 1
DEBUG:dale_experiment_rig:Flow 4:: first_event_name: srq, final_event_name: rrq, expected_data_B: 2388360, recv_data_B: 2388360
INFO:dale_experiment_rig:Flow 5:: num of byteloads: 607, num srq events: 607, num rrq events: 1
DEBUG:dale_experiment_rig:Flow 5:: first_event_name: srq, final_event_name: rrq, expected_data_B: 946920, recv_data_B: 946920
INFO:dale_experiment_rig:Flow 6:: num of byteloads: 34, num srq events: 34, num rrq events: 1
DEBUG:dale_experiment_rig:Flow 6:: first_event_name: srq, final_event_name: rrq, expected_data_B: 53040, recv_data_B: 53040
INFO:dale_experiment_rig:Flow 7:: num of byteloads: 155, num srq events: 155, num rrq events: 1
DEBUG:dale_experiment_rig:Flow 7:: first_event_name: srq, final_event_name: rrq, expected_data_B: 241800, recv_data_B: 241800
INFO:dale_experiment_rig:DCTCP-50 FCT (ms): [0.001380659000000506, 0.0004960479999986944, 0.00045886999999922296, 0.0005103630000000692, 0.0015330059999989487, 0.001334813000001489, 0.00010244799999981069, 0.00045560300000069276, 0.0013797300000000234, 0.0004961579999989141, 0.000458952999998985, 0.0005105360000001724, 0.0015330210000001898, 0.0013346720000004808, 0.00010246200000096906, 0.00045570200000000227, 0.0013835619999991167, 0.0004962679999991337, 0.000459035999998747, 0.0005107080000001929, 0.0015330349999995718, 0.0013349530000006382, 0.00010247600000035106, 0.00045580100000108814]
App Gdpt (overall): 87.99373727889464 Gbps
App Gdpt (per flow): [12.479999999993453, 12.48000000001901, 12.480000000102983, 12.480000000031536, 12.4800000000088, 12.479999999974943, 12.479999999935037, 12.479999999983022, 12.479999999993453, 12.48000000001901, 12.480000000102983, 12.480000000031536, 12.4800000000088, 12.479999999974943, 12.479999999935037, 12.479999999983022, 12.479999999993453, 12.48000000001901, 12.480000000102983, 12.480000000031536, 12.4800000000088, 12.479999999974943, 12.479999999935037, 12.479999999983022]
Network Gdpt (overall): 87.8279852726321
Network Gdpt (per flow): [6.869762917560763, 4.4531174402594385, 4.269967528936993, 4.450479364686884, 12.463669418132156, 5.675221922465206, 4.141808527260504, 4.245801717717089, 6.874388467308705, 4.45213016822229, 4.269195320663191, 4.448971277244373, 12.463547466080136, 5.675821475236816, 4.1412426069761175, 4.244879329035181, 6.855348730310644, 4.45114333385158, 4.2684233916410665, 4.447472919944748, 12.463433646332495, 5.674626747156176, 4.140676841392583, 4.243957341022468]
INFO:dale_experiment_rig:
##### GENERATE METRICS #####
INFO:__main__:Protos tested: ['SSIRD', 'DCTCP-50']
INFO:__main__:Num Flows: 8
INFO:__main__:Byteload Size (B): 1560
INFO:__main__:Target Mean Byteload Interval (ns): 1000
INFO:__main__:  is_use_poisson_num_byteloads=True
INFO:__main__:Target Mean Flow Interarrival (ns): 1000
INFO:__main__:  is_use_poisson_flow_interarr=True
INFO:__main__:Target Flow Rate (Gbps): 12.479999999999999
INFO:__main__:Num Byteloads: [760, 177, 157, 182, 1531, 607, 34, 155]
INFO:__main__:  is_use_poisson_num_byteloads=True
INFO:__main__:Flow Start Times (us): [2.504, 4.077, 5.254, 5.288, 5.384, 6.655, 8.831, 10.262]
INFO:__main__:Flow Rate (Gbps): [12.48, 12.48, 12.48, 12.48, 12.48, 12.48, 12.48, 12.48]
INFO:__main__:Flow Size (B): [1185600, 276120, 244920, 283920, 2388360, 946920, 53040, 241800]
INFO:__main__:Flow Send Durations (us): [761.504, 180.077, 161.254, 186.288, 1535.384, 612.655, 41.831, 164.262]
INFO:__main__:Flow Min Byteload Size (B): [1560, 1560, 1560, 1560, 1560, 1560, 1560, 1560]
INFO:__main__:Flow Max Byteload Size (B): [1560, 1560, 1560, 1560, 1560, 1560, 1560, 1560]
INFO:__main__:Flow Min Interval (us): [0.002, 0.002, 0.016, 0.009, 0.001, 0.002, 0.061, 0.008]
INFO:__main__:Flow Max Interval (us): [6.176, 5.844, 3.986, 6.199, 7.286, 6.162, 3.107, 5.236]
INFO:__main__:APP Gdpt Gbps measured (SSIRD): [87.99373727889464]
INFO:__main__:APP Gdpt Gbps measured (DCTCP): [87.99373727889464]
DEBUG:__main__:APP Gdpt Gbps measured per flow (SSIRD): [[12.479999999993453, 12.48000000001901, 12.480000000102983, 12.480000000031536, 12.4800000000088, 12.479999999974943, 12.479999999935037, 12.479999999983022, 12.479999999993453, 12.48000000001901, 12.480000000102983, 12.480000000031536, 12.4800000000088, 12.479999999974943, 12.479999999935037, 12.479999999983022, 12.479999999993453, 12.48000000001901, 12.480000000102983, 12.480000000031536, 12.4800000000088, 12.479999999974943, 12.479999999935037, 12.479999999983022]]
DEBUG:__main__:APP Gdpt Gbps measured per flow (DCTCP): [[12.479999999993453, 12.48000000001901, 12.480000000102983, 12.480000000031536, 12.4800000000088, 12.479999999974943, 12.479999999935037, 12.479999999983022, 12.479999999993453, 12.48000000001901, 12.480000000102983, 12.480000000031536, 12.4800000000088, 12.479999999974943, 12.479999999935037, 12.479999999983022, 12.479999999993453, 12.48000000001901, 12.480000000102983, 12.480000000031536, 12.4800000000088, 12.479999999974943, 12.479999999935037, 12.479999999983022]]
INFO:__main__:NW Gdpt Gbps measured (SSIRD): [86.11726311998756]
INFO:__main__:NW Gdpt Gbps measured (DCTCP): [87.8279852726321]
DEBUG:__main__:NW Gdpt Gbps measured per flow (SSIRD): [[7.965072191026404, 4.373052481550284, 5.793923264589623, 3.347116572007858, 12.405719639494238, 8.641348054663094, 3.2285112113856314, 11.968445475601161, 7.129509500456631, 3.3591598450729845, 4.817727158738493, 3.0681947123579967, 12.406952144593305, 12.36500746761273, 2.437780075823817, 11.981195765915015, 12.313540376559727, 3.834780299047007, 4.364287575765787, 3.228753097106326, 12.220222494254541, 12.350734405792577, 2.4355692293601514, 6.680042406381366]]
DEBUG:__main__:NW Gdpt Gbps measured per flow (DCTCP): [[6.869762917560763, 4.4531174402594385, 4.269967528936993, 4.450479364686884, 12.463669418132156, 5.675221922465206, 4.141808527260504, 4.245801717717089, 6.874388467308705, 4.45213016822229, 4.269195320663191, 4.448971277244373, 12.463547466080136, 5.675821475236816, 4.1412426069761175, 4.244879329035181, 6.855348730310644, 4.45114333385158, 4.2684233916410665, 4.447472919944748, 12.463433646332495, 5.674626747156176, 4.140676841392583, 4.243957341022468]]
INFO:__main__:* Sim duration (SSIRD): [0.06]
INFO:__main__:* Sim duration (DCTCP): [0.06]
INFO:__main__:* SSIRD FCT: [[0.0011907989999997426, 0.0005051299999987435, 0.00033817499999955203, 0.0006786020000006943, 0.0015401669999999257, 0.0008766410000013991, 0.00013142899999962765, 0.00016162500000049818, 0.0013303579999988102, 0.0006575929999996788, 0.00040669799999903944, 0.0007402919999996982, 0.001540013999999701, 0.0006126450000003558, 0.00017406000000086408, 0.0001614530000004777, 0.0007702739999988495, 0.0005760329999997538, 0.00044895299999936356, 0.0007034790000002289, 0.0015635459999998602, 0.0006133530000003162, 0.0001742179999997262, 0.00028957900000037284]]
INFO:__main__:* DCTCP FCT: [[0.001380659000000506, 0.0004960479999986944, 0.00045886999999922296, 0.0005103630000000692, 0.0015330059999989487, 0.001334813000001489, 0.00010244799999981069, 0.00045560300000069276, 0.0013797300000000234, 0.0004961579999989141, 0.000458952999998985, 0.0005105360000001724, 0.0015330210000001898, 0.0013346720000004808, 0.00010246200000096906, 0.00045570200000000227, 0.0013835619999991167, 0.0004962679999991337, 0.000459035999998747, 0.0005107080000001929, 0.0015330349999995718, 0.0013349530000006382, 0.00010247600000035106, 0.00045580100000108814]]
