DEBUG:__main__:Protos tested: ['SSIRD', 'DCTCP-50']
DEBUG:__main__:Total_flow_size_B: 200000
DEBUG:__main__:Byteload sizes list: [20, 200, 2000, 20000, 200000]
DEBUG:__main__:Num Flows: 5
DEBUG:__main__:Inter-flow spacing (us): 0
DEBUG:__main__:Flow start times (us): [0, 0, 0, 0, 0]
DEBUG:__main__:Num Byteloads list: [10000, 1000, 100, 10, 1]
DEBUG:__main__:Total injection period (us): 1000.0
DEBUG:__main__:Inter-Byteload Periods list: [0.1, 1.0, 10.0, 100.0, 1000.0]
INFO:__main__:Total Flow Size (Bytes): 200000
INFO:__main__:Total Injection Period (us): 1000.0
INFO:__main__:Byteload Size (Bytes): [20, 200, 2000, 20000, 200000]
INFO:__main__:Num Byteloads: [10000, 1000, 100, 10, 1]
INFO:__main__:Intervals (us): [0.1, 1.0, 10.0, 100.0, 1000.0]
INFO:__main__:Num flows: 5
INFO:__main__:Gdpt GBps theoretical: [8.0, 8.0, 8.0, 8.0, 8.0]
INFO:__main__:* Sim duration (SSIRD): [0.005, 0.005, 0.05, 0.005, 0.005]
INFO:__main__:* Sim duration (DCTCP): [0.01, 0.01, 0.005, 0.003, 0.003]
INFO:dale_experiment_rig:Experiment started at: 2025-08-01 11:24:58.490301
INFO:dale_experiment_rig:
##### RUN GROUP #####
INFO:dale_experiment_rig:
=====
Execute experiment 5flo-10000#-20B-100ns_fullrange_5flo_8gbps_total_1msRTT_credit_steal
INFO:dale_experiment_rig:
=====
Execute experiment 5flo-10000#-20B-100ns_fullrange_5flo_8gbps_total_1msRTT_credit_steal
INFO:dale_experiment_rig:Flags: 1, 1, 1, 1, 0
INFO:dale_experiment_rig:
=====
Execute experiment 5flo-1000#-200B-1000ns_fullrange_5flo_8gbps_total_1msRTT_credit_steal
INFO:dale_experiment_rig:Flags: 1, 1, 1, 1, 0
INFO:dale_experiment_rig:
=====
Execute experiment 5flo-1000#-200B-1000ns_fullrange_5flo_8gbps_total_1msRTT_credit_steal
INFO:dale_experiment_rig:
=====
Execute experiment 5flo-100#-2000B-10000ns_fullrange_5flo_8gbps_total_1msRTT_credit_steal
INFO:dale_experiment_rig:ssird_sim_duration=0.005000; dctcp_sim_duration=0.010000
INFO:dale_experiment_rig:Flags: 1, 1, 1, 1, 0
INFO:dale_experiment_rig:
=====
Execute experiment 5flo-100#-2000B-10000ns_fullrange_5flo_8gbps_total_1msRTT_credit_steal
INFO:dale_experiment_rig:ssird_sim_duration=0.005000; dctcp_sim_duration=0.010000
INFO:dale_experiment_rig:
=====
Execute experiment 5flo-10#-20000B-100000ns_fullrange_5flo_8gbps_total_1msRTT_credit_steal
INFO:dale_experiment_rig:
=====
Execute experiment 5flo-10#-20000B-100000ns_fullrange_5flo_8gbps_total_1msRTT_credit_steal
INFO:dale_experiment_rig:Flags: 1, 1, 1, 1, 0
INFO:dale_experiment_rig:Flags: 1, 1, 1, 1, 0
INFO:dale_experiment_rig:-----
Preparing experiment input MRIs
INFO:dale_experiment_rig:
=====
Execute experiment 5flo-1#-200000B-1000000ns_fullrange_5flo_8gbps_total_1msRTT_credit_steal
INFO:dale_experiment_rig:ssird_sim_duration=0.005000; dctcp_sim_duration=0.010000
INFO:dale_experiment_rig:
=====
Execute experiment 5flo-1#-200000B-1000000ns_fullrange_5flo_8gbps_total_1msRTT_credit_steal
INFO:dale_experiment_rig:Flags: 1, 1, 1, 1, 0
INFO:dale_experiment_rig:-----
Preparing experiment input MRIs
INFO:dale_experiment_rig:Flags: 1, 1, 1, 1, 0
INFO:dale_experiment_rig:Flags: 1, 1, 1, 1, 0
INFO:dale_experiment_rig:ssird_sim_duration=0.005000; dctcp_sim_duration=0.010000
INFO:dale_experiment_rig:ssird_sim_duration=0.050000; dctcp_sim_duration=0.005000
INFO:dale_experiment_rig:### Creating MRI inputs parent dir: /data/dh1723/SIRD-Simulator/scripts/r2p2/coord/config/manual-req-intervals/dale_experiments/FCT_Fullrange_Byteloads_fullrange_5flo_8gbps_total_1msRTT_credit_steal/
INFO:dale_experiment_rig:Flags: 1, 1, 1, 1, 0
INFO:dale_experiment_rig:-----
Preparing experiment input MRIs
INFO:dale_experiment_rig:Flags: 1, 1, 1, 1, 0
INFO:dale_experiment_rig:ssird_sim_duration=0.050000; dctcp_sim_duration=0.005000
INFO:dale_experiment_rig:### Creating MRI inputs parent dir: /data/dh1723/SIRD-Simulator/scripts/r2p2/coord/config/manual-req-intervals/dale_experiments/FCT_Fullrange_Byteloads_fullrange_5flo_8gbps_total_1msRTT_credit_steal/
INFO:dale_experiment_rig:ssird_sim_duration=0.005000; dctcp_sim_duration=0.003000
INFO:dale_experiment_rig:ssird_sim_duration=0.005000; dctcp_sim_duration=0.003000
INFO:dale_experiment_rig:-----
Preparing experiment input MRIs
INFO:dale_experiment_rig:-----
Preparing experiment input MRIs
INFO:dale_experiment_rig:File /data/dh1723/SIRD-Simulator/scripts/r2p2/coord/config/manual-req-intervals/dale_experiments/FCT_Fullrange_Byteloads_fullrange_5flo_8gbps_total_1msRTT_credit_steal/ aready exists.
INFO:dale_experiment_rig:ssird_sim_duration=0.005000; dctcp_sim_duration=0.003000
INFO:dale_experiment_rig:### Creating MRI inputs parent dir: /data/dh1723/SIRD-Simulator/scripts/r2p2/coord/config/manual-req-intervals/dale_experiments/FCT_Fullrange_Byteloads_fullrange_5flo_8gbps_total_1msRTT_credit_steal/
INFO:dale_experiment_rig:ssird_sim_duration=0.005000; dctcp_sim_duration=0.003000
INFO:dale_experiment_rig:-----
Preparing experiment input MRIs
INFO:dale_experiment_rig:-----
Preparing experiment input MRIs
INFO:dale_experiment_rig:File /data/dh1723/SIRD-Simulator/scripts/r2p2/coord/config/manual-req-intervals/dale_experiments/FCT_Fullrange_Byteloads_fullrange_5flo_8gbps_total_1msRTT_credit_steal/ aready exists.
INFO:dale_experiment_rig:-----
Preparing experiment input MRIs
INFO:dale_experiment_rig:### Creating MRI inputs parent dir: /data/dh1723/SIRD-Simulator/scripts/r2p2/coord/config/manual-req-intervals/dale_experiments/FCT_Fullrange_Byteloads_fullrange_5flo_8gbps_total_1msRTT_credit_steal/
INFO:dale_experiment_rig:### Creating MRI inputs parent dir: /data/dh1723/SIRD-Simulator/scripts/r2p2/coord/config/manual-req-intervals/dale_experiments/FCT_Fullrange_Byteloads_fullrange_5flo_8gbps_total_1msRTT_credit_steal/
INFO:dale_experiment_rig:-----
Preparing experiment input MRIs
INFO:dale_experiment_rig:File /data/dh1723/SIRD-Simulator/scripts/r2p2/coord/config/manual-req-intervals/dale_experiments/FCT_Fullrange_Byteloads_fullrange_5flo_8gbps_total_1msRTT_credit_steal/ aready exists.
INFO:dale_experiment_rig:-----
Preparing experiment input MRIs
INFO:dale_experiment_rig:### Creating MRI inputs parent dir: /data/dh1723/SIRD-Simulator/scripts/r2p2/coord/config/manual-req-intervals/dale_experiments/FCT_Fullrange_Byteloads_fullrange_5flo_8gbps_total_1msRTT_credit_steal/
INFO:dale_experiment_rig:### Creating MRI inputs parent dir: /data/dh1723/SIRD-Simulator/scripts/r2p2/coord/config/manual-req-intervals/dale_experiments/FCT_Fullrange_Byteloads_fullrange_5flo_8gbps_total_1msRTT_credit_steal/
DEBUG:dale_experiment_rig:num flows: 5
INFO:dale_experiment_rig:### Creating MRI inputs parent dir: /data/dh1723/SIRD-Simulator/scripts/r2p2/coord/config/manual-req-intervals/dale_experiments/FCT_Fullrange_Byteloads_fullrange_5flo_8gbps_total_1msRTT_credit_steal/
INFO:dale_experiment_rig:File /data/dh1723/SIRD-Simulator/scripts/r2p2/coord/config/manual-req-intervals/dale_experiments/FCT_Fullrange_Byteloads_fullrange_5flo_8gbps_total_1msRTT_credit_steal/ aready exists.
INFO:dale_experiment_rig:File /data/dh1723/SIRD-Simulator/scripts/r2p2/coord/config/manual-req-intervals/dale_experiments/FCT_Fullrange_Byteloads_fullrange_5flo_8gbps_total_1msRTT_credit_steal/ aready exists.
DEBUG:dale_experiment_rig:num flows: 5
INFO:dale_experiment_rig:### Creating MRI inputs parent dir: /data/dh1723/SIRD-Simulator/scripts/r2p2/coord/config/manual-req-intervals/dale_experiments/FCT_Fullrange_Byteloads_fullrange_5flo_8gbps_total_1msRTT_credit_steal/
DEBUG:dale_experiment_rig:num flows: 5
INFO:dale_experiment_rig:### Creating MRI inputs parent dir: /data/dh1723/SIRD-Simulator/scripts/r2p2/coord/config/manual-req-intervals/dale_experiments/FCT_Fullrange_Byteloads_fullrange_5flo_8gbps_total_1msRTT_credit_steal/
INFO:dale_experiment_rig:File /data/dh1723/SIRD-Simulator/scripts/r2p2/coord/config/manual-req-intervals/dale_experiments/FCT_Fullrange_Byteloads_fullrange_5flo_8gbps_total_1msRTT_credit_steal/ aready exists.
INFO:dale_experiment_rig:File /data/dh1723/SIRD-Simulator/scripts/r2p2/coord/config/manual-req-intervals/dale_experiments/FCT_Fullrange_Byteloads_fullrange_5flo_8gbps_total_1msRTT_credit_steal/ aready exists.
INFO:dale_experiment_rig:File /data/dh1723/SIRD-Simulator/scripts/r2p2/coord/config/manual-req-intervals/dale_experiments/FCT_Fullrange_Byteloads_fullrange_5flo_8gbps_total_1msRTT_credit_steal/ aready exists.
DEBUG:dale_experiment_rig:num flows: 5
DEBUG:dale_experiment_rig:num flows: 5
INFO:dale_experiment_rig:File /data/dh1723/SIRD-Simulator/scripts/r2p2/coord/config/manual-req-intervals/dale_experiments/FCT_Fullrange_Byteloads_fullrange_5flo_8gbps_total_1msRTT_credit_steal/ aready exists.
DEBUG:dale_experiment_rig:num flows: 5
INFO:dale_experiment_rig:File /data/dh1723/SIRD-Simulator/scripts/r2p2/coord/config/manual-req-intervals/dale_experiments/FCT_Fullrange_Byteloads_fullrange_5flo_8gbps_total_1msRTT_credit_steal/ aready exists.
INFO:dale_experiment_rig:-----
Preparing experiment spec scripts
DEBUG:dale_experiment_rig:num flows: 5
DEBUG:dale_experiment_rig:num flows: 5
INFO:dale_experiment_rig:-----
Preparing experiment spec scripts
INFO:dale_experiment_rig:-----
Preparing experiment spec scripts
DEBUG:dale_experiment_rig:num flows: 5
INFO:dale_experiment_rig:-----
Preparing experiment spec scripts
INFO:dale_experiment_rig:-----
Preparing experiment spec scripts
DEBUG:dale_experiment_rig:num flows: 5
INFO:dale_experiment_rig:-----
Preparing experiment spec scripts
INFO:dale_experiment_rig:### Creating spec scripts parent dir: /data/dh1723/SIRD-Simulator/scripts/r2p2/coord/config/dale_experiments/FCT_Fullrange_Byteloads_fullrange_5flo_8gbps_total_1msRTT_credit_steal/
INFO:dale_experiment_rig:### Creating spec scripts parent dir: /data/dh1723/SIRD-Simulator/scripts/r2p2/coord/config/dale_experiments/FCT_Fullrange_Byteloads_fullrange_5flo_8gbps_total_1msRTT_credit_steal/
INFO:dale_experiment_rig:-----
Preparing experiment spec scripts
INFO:dale_experiment_rig:-----
Preparing experiment spec scripts
INFO:dale_experiment_rig:### Creating spec scripts parent dir: /data/dh1723/SIRD-Simulator/scripts/r2p2/coord/config/dale_experiments/FCT_Fullrange_Byteloads_fullrange_5flo_8gbps_total_1msRTT_credit_steal/
INFO:dale_experiment_rig:### Creating spec scripts parent dir: /data/dh1723/SIRD-Simulator/scripts/r2p2/coord/config/dale_experiments/FCT_Fullrange_Byteloads_fullrange_5flo_8gbps_total_1msRTT_credit_steal/
INFO:dale_experiment_rig:### Creating spec scripts parent dir: /data/dh1723/SIRD-Simulator/scripts/r2p2/coord/config/dale_experiments/FCT_Fullrange_Byteloads_fullrange_5flo_8gbps_total_1msRTT_credit_steal/
INFO:dale_experiment_rig:-----
Preparing experiment spec scripts
INFO:dale_experiment_rig:### Creating spec scripts parent dir: /data/dh1723/SIRD-Simulator/scripts/r2p2/coord/config/dale_experiments/FCT_Fullrange_Byteloads_fullrange_5flo_8gbps_total_1msRTT_credit_steal/
INFO:dale_experiment_rig:-----
Preparing experiment spec scripts
INFO:dale_experiment_rig:#### WARNING: File /data/dh1723/SIRD-Simulator/scripts/r2p2/coord/config/dale_experiments/FCT_Fullrange_Byteloads_fullrange_5flo_8gbps_total_1msRTT_credit_steal/ aready exists.
INFO:dale_experiment_rig:#### WARNING: File /data/dh1723/SIRD-Simulator/scripts/r2p2/coord/config/dale_experiments/FCT_Fullrange_Byteloads_fullrange_5flo_8gbps_total_1msRTT_credit_steal/ aready exists.
INFO:dale_experiment_rig:### Creating spec scripts parent dir: /data/dh1723/SIRD-Simulator/scripts/r2p2/coord/config/dale_experiments/FCT_Fullrange_Byteloads_fullrange_5flo_8gbps_total_1msRTT_credit_steal/
INFO:dale_experiment_rig:### Creating spec scripts parent dir: /data/dh1723/SIRD-Simulator/scripts/r2p2/coord/config/dale_experiments/FCT_Fullrange_Byteloads_fullrange_5flo_8gbps_total_1msRTT_credit_steal/
INFO:dale_experiment_rig:#### WARNING: File /data/dh1723/SIRD-Simulator/scripts/r2p2/coord/config/dale_experiments/FCT_Fullrange_Byteloads_fullrange_5flo_8gbps_total_1msRTT_credit_steal/ aready exists.
INFO:dale_experiment_rig:#### WARNING: File /data/dh1723/SIRD-Simulator/scripts/r2p2/coord/config/dale_experiments/FCT_Fullrange_Byteloads_fullrange_5flo_8gbps_total_1msRTT_credit_steal/ aready exists.
INFO:dale_experiment_rig:### Creating spec scripts parent dir: /data/dh1723/SIRD-Simulator/scripts/r2p2/coord/config/dale_experiments/FCT_Fullrange_Byteloads_fullrange_5flo_8gbps_total_1msRTT_credit_steal/
INFO:dale_experiment_rig:#### WARNING: File /data/dh1723/SIRD-Simulator/scripts/r2p2/coord/config/dale_experiments/FCT_Fullrange_Byteloads_fullrange_5flo_8gbps_total_1msRTT_credit_steal/ aready exists.
INFO:dale_experiment_rig:#### WARNING: File /data/dh1723/SIRD-Simulator/scripts/r2p2/coord/config/dale_experiments/FCT_Fullrange_Byteloads_fullrange_5flo_8gbps_total_1msRTT_credit_steal/ aready exists.
INFO:dale_experiment_rig:### Creating spec scripts parent dir: /data/dh1723/SIRD-Simulator/scripts/r2p2/coord/config/dale_experiments/FCT_Fullrange_Byteloads_fullrange_5flo_8gbps_total_1msRTT_credit_steal/
INFO:dale_experiment_rig:#### WARNING: File /data/dh1723/SIRD-Simulator/scripts/r2p2/coord/config/dale_experiments/FCT_Fullrange_Byteloads_fullrange_5flo_8gbps_total_1msRTT_credit_steal/ aready exists.
INFO:dale_experiment_rig:#### WARNING: File /data/dh1723/SIRD-Simulator/scripts/r2p2/coord/config/dale_experiments/FCT_Fullrange_Byteloads_fullrange_5flo_8gbps_total_1msRTT_credit_steal/ aready exists.
INFO:dale_experiment_rig:#### WARNING: File /data/dh1723/SIRD-Simulator/scripts/r2p2/coord/config/dale_experiments/FCT_Fullrange_Byteloads_fullrange_5flo_8gbps_total_1msRTT_credit_steal/ aready exists.
INFO:dale_experiment_rig:-----
Running experiment for SSIRD
INFO:dale_experiment_rig:#### WARNING: File /data/dh1723/SIRD-Simulator/scripts/r2p2/coord/config/dale_experiments/FCT_Fullrange_Byteloads_fullrange_5flo_8gbps_total_1msRTT_credit_steal/ aready exists.
INFO:dale_experiment_rig:-----
Running experiment for DCTCP-50
INFO:dale_experiment_rig:-----
Running experiment for SSIRD
INFO:dale_experiment_rig:-----
Running experiment for SSIRD
INFO:dale_experiment_rig:### Script:/data/dh1723/SIRD-Simulator/scripts/r2p2/coord/config/dale_experiments/FCT_Fullrange_Byteloads_fullrange_5flo_8gbps_total_1msRTT_credit_steal/SSIRD-5flo-1000#-200B-1000ns_fullrange_5flo_8gbps_total_1msRTT_credit_steal.sh
INFO:dale_experiment_rig:-----
Running experiment for DCTCP-50
INFO:dale_experiment_rig:### Script:/data/dh1723/SIRD-Simulator/scripts/r2p2/coord/config/dale_experiments/FCT_Fullrange_Byteloads_fullrange_5flo_8gbps_total_1msRTT_credit_steal/DCTCP-50-5flo-10000#-20B-100ns_fullrange_5flo_8gbps_total_1msRTT_credit_steal.sh
INFO:dale_experiment_rig:### Script:/data/dh1723/SIRD-Simulator/scripts/r2p2/coord/config/dale_experiments/FCT_Fullrange_Byteloads_fullrange_5flo_8gbps_total_1msRTT_credit_steal/SSIRD-5flo-100#-2000B-10000ns_fullrange_5flo_8gbps_total_1msRTT_credit_steal.sh
INFO:dale_experiment_rig:### Script:/data/dh1723/SIRD-Simulator/scripts/r2p2/coord/config/dale_experiments/FCT_Fullrange_Byteloads_fullrange_5flo_8gbps_total_1msRTT_credit_steal/SSIRD-5flo-10000#-20B-100ns_fullrange_5flo_8gbps_total_1msRTT_credit_steal.sh
INFO:dale_experiment_rig:### Output path (stdout): /data/dh1723/SIRD-Simulator/scripts/r2p2/coord/outputs/FCT_Fullrange_Byteloads_fullrange_5flo_8gbps_total_1msRTT_credit_steal/ssird_5flo-1000#-200B-1000ns_fullrange_5flo_8gbps_total_1msRTT_credit_steal_stdout.out
INFO:dale_experiment_rig:### Script:/data/dh1723/SIRD-Simulator/scripts/r2p2/coord/config/dale_experiments/FCT_Fullrange_Byteloads_fullrange_5flo_8gbps_total_1msRTT_credit_steal/DCTCP-50-5flo-1000#-200B-1000ns_fullrange_5flo_8gbps_total_1msRTT_credit_steal.sh
INFO:dale_experiment_rig:-----
Running experiment for DCTCP-50
INFO:dale_experiment_rig:### Output path (stdout): /data/dh1723/SIRD-Simulator/scripts/r2p2/coord/outputs/FCT_Fullrange_Byteloads_fullrange_5flo_8gbps_total_1msRTT_credit_steal/DCTCP-50_5flo-10000#-20B-100ns_fullrange_5flo_8gbps_total_1msRTT_credit_steal_stdout.out
INFO:dale_experiment_rig:-----
Running experiment for DCTCP-50
INFO:dale_experiment_rig:### Output path (stdout): /data/dh1723/SIRD-Simulator/scripts/r2p2/coord/outputs/FCT_Fullrange_Byteloads_fullrange_5flo_8gbps_total_1msRTT_credit_steal/ssird_5flo-100#-2000B-10000ns_fullrange_5flo_8gbps_total_1msRTT_credit_steal_stdout.out
INFO:dale_experiment_rig:### Output path (stdout): /data/dh1723/SIRD-Simulator/scripts/r2p2/coord/outputs/FCT_Fullrange_Byteloads_fullrange_5flo_8gbps_total_1msRTT_credit_steal/ssird_5flo-10000#-20B-100ns_fullrange_5flo_8gbps_total_1msRTT_credit_steal_stdout.out
INFO:dale_experiment_rig:### Output path (stderr): /data/dh1723/SIRD-Simulator/scripts/r2p2/coord/outputs/FCT_Fullrange_Byteloads_fullrange_5flo_8gbps_total_1msRTT_credit_steal/ssird_5flo-1000#-200B-1000ns_fullrange_5flo_8gbps_total_1msRTT_credit_steal_stderr.out
INFO:dale_experiment_rig:### Output path (stdout): /data/dh1723/SIRD-Simulator/scripts/r2p2/coord/outputs/FCT_Fullrange_Byteloads_fullrange_5flo_8gbps_total_1msRTT_credit_steal/DCTCP-50_5flo-1000#-200B-1000ns_fullrange_5flo_8gbps_total_1msRTT_credit_steal_stdout.out
INFO:dale_experiment_rig:-----
Running experiment for SSIRD
INFO:dale_experiment_rig:-----
Running experiment for SSIRD
INFO:dale_experiment_rig:-----
Running experiment for DCTCP-50
INFO:dale_experiment_rig:### Script:/data/dh1723/SIRD-Simulator/scripts/r2p2/coord/config/dale_experiments/FCT_Fullrange_Byteloads_fullrange_5flo_8gbps_total_1msRTT_credit_steal/DCTCP-50-5flo-100#-2000B-10000ns_fullrange_5flo_8gbps_total_1msRTT_credit_steal.sh
INFO:dale_experiment_rig:### Output path (stderr): /data/dh1723/SIRD-Simulator/scripts/r2p2/coord/outputs/FCT_Fullrange_Byteloads_fullrange_5flo_8gbps_total_1msRTT_credit_steal/DCTCP-50_5flo-10000#-20B-100ns_fullrange_5flo_8gbps_total_1msRTT_credit_steal_stderr.out
INFO:dale_experiment_rig:### Script:/data/dh1723/SIRD-Simulator/scripts/r2p2/coord/config/dale_experiments/FCT_Fullrange_Byteloads_fullrange_5flo_8gbps_total_1msRTT_credit_steal/DCTCP-50-5flo-10#-20000B-100000ns_fullrange_5flo_8gbps_total_1msRTT_credit_steal.sh
INFO:dale_experiment_rig:### Output path (stderr): /data/dh1723/SIRD-Simulator/scripts/r2p2/coord/outputs/FCT_Fullrange_Byteloads_fullrange_5flo_8gbps_total_1msRTT_credit_steal/ssird_5flo-100#-2000B-10000ns_fullrange_5flo_8gbps_total_1msRTT_credit_steal_stderr.out
INFO:dale_experiment_rig:### Output path (stderr): /data/dh1723/SIRD-Simulator/scripts/r2p2/coord/outputs/FCT_Fullrange_Byteloads_fullrange_5flo_8gbps_total_1msRTT_credit_steal/ssird_5flo-10000#-20B-100ns_fullrange_5flo_8gbps_total_1msRTT_credit_steal_stderr.out
INFO:dale_experiment_rig:### Output path (stderr): /data/dh1723/SIRD-Simulator/scripts/r2p2/coord/outputs/FCT_Fullrange_Byteloads_fullrange_5flo_8gbps_total_1msRTT_credit_steal/DCTCP-50_5flo-1000#-200B-1000ns_fullrange_5flo_8gbps_total_1msRTT_credit_steal_stderr.out
INFO:dale_experiment_rig:### Script:/data/dh1723/SIRD-Simulator/scripts/r2p2/coord/config/dale_experiments/FCT_Fullrange_Byteloads_fullrange_5flo_8gbps_total_1msRTT_credit_steal/SSIRD-5flo-10#-20000B-100000ns_fullrange_5flo_8gbps_total_1msRTT_credit_steal.sh
INFO:dale_experiment_rig:### Script:/data/dh1723/SIRD-Simulator/scripts/r2p2/coord/config/dale_experiments/FCT_Fullrange_Byteloads_fullrange_5flo_8gbps_total_1msRTT_credit_steal/SSIRD-5flo-1#-200000B-1000000ns_fullrange_5flo_8gbps_total_1msRTT_credit_steal.sh
INFO:dale_experiment_rig:### Script:/data/dh1723/SIRD-Simulator/scripts/r2p2/coord/config/dale_experiments/FCT_Fullrange_Byteloads_fullrange_5flo_8gbps_total_1msRTT_credit_steal/DCTCP-50-5flo-1#-200000B-1000000ns_fullrange_5flo_8gbps_total_1msRTT_credit_steal.sh
INFO:dale_experiment_rig:### Output path (stdout): /data/dh1723/SIRD-Simulator/scripts/r2p2/coord/outputs/FCT_Fullrange_Byteloads_fullrange_5flo_8gbps_total_1msRTT_credit_steal/DCTCP-50_5flo-100#-2000B-10000ns_fullrange_5flo_8gbps_total_1msRTT_credit_steal_stdout.out
INFO:dale_experiment_rig:### Output path (stdout): /data/dh1723/SIRD-Simulator/scripts/r2p2/coord/outputs/FCT_Fullrange_Byteloads_fullrange_5flo_8gbps_total_1msRTT_credit_steal/DCTCP-50_5flo-10#-20000B-100000ns_fullrange_5flo_8gbps_total_1msRTT_credit_steal_stdout.out
INFO:dale_experiment_rig:### Output path (stdout): /data/dh1723/SIRD-Simulator/scripts/r2p2/coord/outputs/FCT_Fullrange_Byteloads_fullrange_5flo_8gbps_total_1msRTT_credit_steal/ssird_5flo-10#-20000B-100000ns_fullrange_5flo_8gbps_total_1msRTT_credit_steal_stdout.out
INFO:dale_experiment_rig:### Output path (stdout): /data/dh1723/SIRD-Simulator/scripts/r2p2/coord/outputs/FCT_Fullrange_Byteloads_fullrange_5flo_8gbps_total_1msRTT_credit_steal/ssird_5flo-1#-200000B-1000000ns_fullrange_5flo_8gbps_total_1msRTT_credit_steal_stdout.out
INFO:dale_experiment_rig:### Output path (stdout): /data/dh1723/SIRD-Simulator/scripts/r2p2/coord/outputs/FCT_Fullrange_Byteloads_fullrange_5flo_8gbps_total_1msRTT_credit_steal/DCTCP-50_5flo-1#-200000B-1000000ns_fullrange_5flo_8gbps_total_1msRTT_credit_steal_stdout.out
INFO:dale_experiment_rig:### Output path (stderr): /data/dh1723/SIRD-Simulator/scripts/r2p2/coord/outputs/FCT_Fullrange_Byteloads_fullrange_5flo_8gbps_total_1msRTT_credit_steal/DCTCP-50_5flo-100#-2000B-10000ns_fullrange_5flo_8gbps_total_1msRTT_credit_steal_stderr.out
INFO:dale_experiment_rig:### Output path (stderr): /data/dh1723/SIRD-Simulator/scripts/r2p2/coord/outputs/FCT_Fullrange_Byteloads_fullrange_5flo_8gbps_total_1msRTT_credit_steal/DCTCP-50_5flo-10#-20000B-100000ns_fullrange_5flo_8gbps_total_1msRTT_credit_steal_stderr.out
INFO:dale_experiment_rig:### Output path (stderr): /data/dh1723/SIRD-Simulator/scripts/r2p2/coord/outputs/FCT_Fullrange_Byteloads_fullrange_5flo_8gbps_total_1msRTT_credit_steal/ssird_5flo-10#-20000B-100000ns_fullrange_5flo_8gbps_total_1msRTT_credit_steal_stderr.out
INFO:dale_experiment_rig:### Output path (stderr): /data/dh1723/SIRD-Simulator/scripts/r2p2/coord/outputs/FCT_Fullrange_Byteloads_fullrange_5flo_8gbps_total_1msRTT_credit_steal/ssird_5flo-1#-200000B-1000000ns_fullrange_5flo_8gbps_total_1msRTT_credit_steal_stderr.out
INFO:dale_experiment_rig:### Output path (stderr): /data/dh1723/SIRD-Simulator/scripts/r2p2/coord/outputs/FCT_Fullrange_Byteloads_fullrange_5flo_8gbps_total_1msRTT_credit_steal/DCTCP-50_5flo-1#-200000B-1000000ns_fullrange_5flo_8gbps_total_1msRTT_credit_steal_stderr.out
INFO:dale_experiment_rig:-----
Backing up app trace file paths
DEBUG:dale_experiment_rig:/data/dh1723/SIRD-Simulator/scripts/r2p2/post-process/experiment_app_trace_paths/FCT_Fullrange_Byteloads_fullrange_5flo_8gbps_total_1msRTT_credit_steal/5flo/SSIRD_app_traces.txt
INFO:dale_experiment_rig:-----
Backing up app trace file paths
DEBUG:dale_experiment_rig:/data/dh1723/SIRD-Simulator/scripts/r2p2/post-process/experiment_app_trace_paths/FCT_Fullrange_Byteloads_fullrange_5flo_8gbps_total_1msRTT_credit_steal/5flo/DCTCP-50_app_traces.txt
INFO:dale_experiment_rig:Simulations ended at: 2025-08-01 11:41:22.466936
INFO:dale_experiment_rig:
##### POST PROCESS RESULTS #####
INFO:dale_experiment_rig:=====
** Num Byteloads Per Flow: 10000, Byteload Size (B): 20, Inter-Byteload Interval (us): 0.1, ssird_sim_dur (s): 0.005, dctcp_sim_dur (s): 0.01
INFO:dale_experiment_rig:Processing SIRD results exp_id 0:: 5flo-10000#-20B
INFO:dale_experiment_rig:Processing results from /data/dh1723/SIRD-Simulator/scripts/r2p2/coord/results/SSIRD-5flo-10000#-20B-100ns_fullrange_5flo_8gbps_total_1msRTT_credit_steal/data/SSIRD/60/applications_trace.str
INFO:dale_experiment_rig:Flow 0:: num of byteloads: 10000, num srq events: 10000, num rrq events: 1
DEBUG:dale_experiment_rig:Flow 0:: first_event_name: srq, final_event_name: rrq, expected_data_B: 200000, recv_data_B: 200000
INFO:dale_experiment_rig:Flow 1:: num of byteloads: 10000, num srq events: 10000, num rrq events: 1
DEBUG:dale_experiment_rig:Flow 1:: first_event_name: srq, final_event_name: rrq, expected_data_B: 200000, recv_data_B: 200000
INFO:dale_experiment_rig:Flow 2:: num of byteloads: 10000, num srq events: 10000, num rrq events: 1
DEBUG:dale_experiment_rig:Flow 2:: first_event_name: srq, final_event_name: rrq, expected_data_B: 200000, recv_data_B: 200000
INFO:dale_experiment_rig:Flow 3:: num of byteloads: 10000, num srq events: 10000, num rrq events: 1
DEBUG:dale_experiment_rig:Flow 3:: first_event_name: srq, final_event_name: rrq, expected_data_B: 200000, recv_data_B: 200000
INFO:dale_experiment_rig:Flow 4:: num of byteloads: 10000, num srq events: 10000, num rrq events: 1
DEBUG:dale_experiment_rig:Flow 4:: first_event_name: srq, final_event_name: rrq, expected_data_B: 200000, recv_data_B: 200000
INFO:dale_experiment_rig:SSIRD FCT: [0.0018000960000001953, 0.0021000960000012725, 0.0024000960000005733, 0.002700095999999874, 0.0030000960000009513] ms, App Gdpt (overall): 8.000640064005973 Gbps, App Gdpt (per flow): [1.5999999999999146, 1.5999999999999146, 1.5999999999999146, 1.5999999999999146, 1.5999999999999146]
INFO:dale_experiment_rig:Processing DCTCP results exp_id 0:: 5flo-10000#-20B
INFO:dale_experiment_rig:Processing results from /data/dh1723/SIRD-Simulator/scripts/r2p2/coord/results/DCTCP-50-5flo-10000#-20B-100ns_fullrange_5flo_8gbps_total_1msRTT_credit_steal/data/DCTCP-50/60/applications_trace.str
INFO:dale_experiment_rig:Flow 0:: num of byteloads: 10000, num srq events: 10000, num rrq events: 10000
DEBUG:dale_experiment_rig:Flow 0:: first_event_name: srq, final_event_name: rrq, expected_data_B: 200000, recv_data_B: 200000
INFO:dale_experiment_rig:Flow 1:: num of byteloads: 10000, num srq events: 10000, num rrq events: 10000
DEBUG:dale_experiment_rig:Flow 1:: first_event_name: srq, final_event_name: rrq, expected_data_B: 200000, recv_data_B: 200000
INFO:dale_experiment_rig:Flow 2:: num of byteloads: 10000, num srq events: 10000, num rrq events: 10000
DEBUG:dale_experiment_rig:Flow 2:: first_event_name: srq, final_event_name: rrq, expected_data_B: 200000, recv_data_B: 200000
INFO:dale_experiment_rig:Flow 3:: num of byteloads: 10000, num srq events: 10000, num rrq events: 10000
DEBUG:dale_experiment_rig:Flow 3:: first_event_name: srq, final_event_name: rrq, expected_data_B: 200000, recv_data_B: 200000
INFO:dale_experiment_rig:Flow 4:: num of byteloads: 10000, num srq events: 10000, num rrq events: 10000
DEBUG:dale_experiment_rig:Flow 4:: first_event_name: srq, final_event_name: rrq, expected_data_B: 200000, recv_data_B: 200000
INFO:dale_experiment_rig:DCTCP FCT: [0.001499916000000212, 0.001499924000000874, 0.0014999310000014532, 0.0014999390000003388, 0.0014999470000010007] ms, App Gtpt (overall): 8.000640064005973 Gbps, App Gdpt (per flow): [1.5999999999999146, 1.5999999999999146, 1.5999999999999146, 1.5999999999999146, 1.5999999999999146]
INFO:dale_experiment_rig:=====
** Num Byteloads Per Flow: 1000, Byteload Size (B): 200, Inter-Byteload Interval (us): 1.0, ssird_sim_dur (s): 0.005, dctcp_sim_dur (s): 0.01
INFO:dale_experiment_rig:Processing SIRD results exp_id 1:: 5flo-1000#-200B
INFO:dale_experiment_rig:Processing results from /data/dh1723/SIRD-Simulator/scripts/r2p2/coord/results/SSIRD-5flo-1000#-200B-1000ns_fullrange_5flo_8gbps_total_1msRTT_credit_steal/data/SSIRD/60/applications_trace.str
INFO:dale_experiment_rig:Flow 0:: num of byteloads: 1000, num srq events: 1000, num rrq events: 1
DEBUG:dale_experiment_rig:Flow 0:: first_event_name: srq, final_event_name: rrq, expected_data_B: 200000, recv_data_B: 200000
INFO:dale_experiment_rig:Flow 1:: num of byteloads: 1000, num srq events: 1000, num rrq events: 1
DEBUG:dale_experiment_rig:Flow 1:: first_event_name: srq, final_event_name: rrq, expected_data_B: 200000, recv_data_B: 200000
INFO:dale_experiment_rig:Flow 2:: num of byteloads: 1000, num srq events: 1000, num rrq events: 1
DEBUG:dale_experiment_rig:Flow 2:: first_event_name: srq, final_event_name: rrq, expected_data_B: 200000, recv_data_B: 200000
INFO:dale_experiment_rig:Flow 3:: num of byteloads: 1000, num srq events: 1000, num rrq events: 1
DEBUG:dale_experiment_rig:Flow 3:: first_event_name: srq, final_event_name: rrq, expected_data_B: 200000, recv_data_B: 200000
INFO:dale_experiment_rig:Flow 4:: num of byteloads: 1000, num srq events: 1000, num rrq events: 1
DEBUG:dale_experiment_rig:Flow 4:: first_event_name: srq, final_event_name: rrq, expected_data_B: 200000, recv_data_B: 200000
INFO:dale_experiment_rig:SSIRD FCT: [0.0016992350000002432, 0.0018992149999998986, 0.00209922500000026, 0.002299235000000621, 0.0024992150000002766] ms, App Gdpt (overall): 8.006406406404851 Gbps, App Gdpt (per flow): [1.5999999999996892, 1.5999999999996892, 1.5999999999996892, 1.5999999999996892, 1.5999999999996892]
INFO:dale_experiment_rig:Processing DCTCP results exp_id 1:: 5flo-1000#-200B
INFO:dale_experiment_rig:Processing results from /data/dh1723/SIRD-Simulator/scripts/r2p2/coord/results/DCTCP-50-5flo-1000#-200B-1000ns_fullrange_5flo_8gbps_total_1msRTT_credit_steal/data/DCTCP-50/60/applications_trace.str
INFO:dale_experiment_rig:Flow 0:: num of byteloads: 1000, num srq events: 1000, num rrq events: 1000
DEBUG:dale_experiment_rig:Flow 0:: first_event_name: srq, final_event_name: rrq, expected_data_B: 200000, recv_data_B: 200000
INFO:dale_experiment_rig:Flow 1:: num of byteloads: 1000, num srq events: 1000, num rrq events: 1000
DEBUG:dale_experiment_rig:Flow 1:: first_event_name: srq, final_event_name: rrq, expected_data_B: 200000, recv_data_B: 200000
INFO:dale_experiment_rig:Flow 2:: num of byteloads: 1000, num srq events: 1000, num rrq events: 1000
DEBUG:dale_experiment_rig:Flow 2:: first_event_name: srq, final_event_name: rrq, expected_data_B: 200000, recv_data_B: 200000
INFO:dale_experiment_rig:Flow 3:: num of byteloads: 1000, num srq events: 1000, num rrq events: 1000
DEBUG:dale_experiment_rig:Flow 3:: first_event_name: srq, final_event_name: rrq, expected_data_B: 200000, recv_data_B: 200000
INFO:dale_experiment_rig:Flow 4:: num of byteloads: 1000, num srq events: 1000, num rrq events: 1000
DEBUG:dale_experiment_rig:Flow 4:: first_event_name: srq, final_event_name: rrq, expected_data_B: 200000, recv_data_B: 200000
INFO:dale_experiment_rig:DCTCP FCT: [0.001499044000000893, 0.0014990670000010198, 0.0014990890000010637, 0.0014991110000011076, 0.0014991330000011516] ms, App Gtpt (overall): 8.006406406404851 Gbps, App Gdpt (per flow): [1.5999999999996892, 1.5999999999996892, 1.5999999999996892, 1.5999999999996892, 1.5999999999996892]
INFO:dale_experiment_rig:=====
** Num Byteloads Per Flow: 100, Byteload Size (B): 2000, Inter-Byteload Interval (us): 10.0, ssird_sim_dur (s): 0.05, dctcp_sim_dur (s): 0.005
INFO:dale_experiment_rig:Processing SIRD results exp_id 2:: 5flo-100#-2000B
INFO:dale_experiment_rig:Processing results from /data/dh1723/SIRD-Simulator/scripts/r2p2/coord/results/SSIRD-5flo-100#-2000B-10000ns_fullrange_5flo_8gbps_total_1msRTT_credit_steal/data/SSIRD/60/applications_trace.str
INFO:dale_experiment_rig:Flow 0:: num of byteloads: 100, num srq events: 100, num rrq events: 1
DEBUG:dale_experiment_rig:Flow 0:: first_event_name: srq, final_event_name: rrq, expected_data_B: 200000, recv_data_B: 200000
INFO:dale_experiment_rig:Flow 1:: num of byteloads: 100, num srq events: 100, num rrq events: 1
DEBUG:dale_experiment_rig:Flow 1:: first_event_name: srq, final_event_name: rrq, expected_data_B: 200000, recv_data_B: 200000
INFO:dale_experiment_rig:Flow 2:: num of byteloads: 100, num srq events: 100, num rrq events: 1
DEBUG:dale_experiment_rig:Flow 2:: first_event_name: srq, final_event_name: rrq, expected_data_B: 200000, recv_data_B: 200000
INFO:dale_experiment_rig:Flow 3:: num of byteloads: 100, num srq events: 100, num rrq events: 1
DEBUG:dale_experiment_rig:Flow 3:: first_event_name: srq, final_event_name: rrq, expected_data_B: 200000, recv_data_B: 200000
INFO:dale_experiment_rig:Flow 4:: num of byteloads: 100, num srq events: 100, num rrq events: 1
DEBUG:dale_experiment_rig:Flow 4:: first_event_name: srq, final_event_name: rrq, expected_data_B: 200000, recv_data_B: 200000
INFO:dale_experiment_rig:SSIRD FCT: [0.0017001870000008523, 0.0019001970000012136, 0.002100177000000869, 0.0023001570000005245, 0.0024911550000012994] ms, App Gdpt (overall): 8.064646464633425 Gbps, App Gdpt (per flow): [1.599999999997413, 1.599999999997413, 1.599999999997413, 1.599999999997413, 1.599999999997413]
INFO:dale_experiment_rig:Processing DCTCP results exp_id 2:: 5flo-100#-2000B
INFO:dale_experiment_rig:Processing results from /data/dh1723/SIRD-Simulator/scripts/r2p2/coord/results/DCTCP-50-5flo-100#-2000B-10000ns_fullrange_5flo_8gbps_total_1msRTT_credit_steal/data/DCTCP-50/60/applications_trace.str
INFO:dale_experiment_rig:Flow 0:: num of byteloads: 100, num srq events: 100, num rrq events: 100
DEBUG:dale_experiment_rig:Flow 0:: first_event_name: srq, final_event_name: rrq, expected_data_B: 200000, recv_data_B: 200000
INFO:dale_experiment_rig:Flow 1:: num of byteloads: 100, num srq events: 100, num rrq events: 100
DEBUG:dale_experiment_rig:Flow 1:: first_event_name: srq, final_event_name: rrq, expected_data_B: 200000, recv_data_B: 200000
INFO:dale_experiment_rig:Flow 2:: num of byteloads: 100, num srq events: 100, num rrq events: 100
DEBUG:dale_experiment_rig:Flow 2:: first_event_name: srq, final_event_name: rrq, expected_data_B: 200000, recv_data_B: 200000
INFO:dale_experiment_rig:Flow 3:: num of byteloads: 100, num srq events: 100, num rrq events: 100
DEBUG:dale_experiment_rig:Flow 3:: first_event_name: srq, final_event_name: rrq, expected_data_B: 200000, recv_data_B: 200000
INFO:dale_experiment_rig:Flow 4:: num of byteloads: 100, num srq events: 100, num rrq events: 100
DEBUG:dale_experiment_rig:Flow 4:: first_event_name: srq, final_event_name: rrq, expected_data_B: 200000, recv_data_B: 200000
INFO:dale_experiment_rig:DCTCP FCT: [0.0014902960000000576, 0.001490468000000078, 0.0014906400000000986, 0.0014908130000002018, 0.0014909850000002223] ms, App Gtpt (overall): 8.064646464633425 Gbps, App Gdpt (per flow): [1.599999999997413, 1.599999999997413, 1.599999999997413, 1.599999999997413, 1.599999999997413]
INFO:dale_experiment_rig:=====
** Num Byteloads Per Flow: 10, Byteload Size (B): 20000, Inter-Byteload Interval (us): 100.0, ssird_sim_dur (s): 0.005, dctcp_sim_dur (s): 0.003
INFO:dale_experiment_rig:Processing SIRD results exp_id 3:: 5flo-10#-20000B
INFO:dale_experiment_rig:Processing results from /data/dh1723/SIRD-Simulator/scripts/r2p2/coord/results/SSIRD-5flo-10#-20000B-100000ns_fullrange_5flo_8gbps_total_1msRTT_credit_steal/data/SSIRD/60/applications_trace.str
INFO:dale_experiment_rig:Flow 0:: num of byteloads: 10, num srq events: 10, num rrq events: 1
DEBUG:dale_experiment_rig:Flow 0:: first_event_name: srq, final_event_name: rrq, expected_data_B: 200000, recv_data_B: 200000
INFO:dale_experiment_rig:Flow 1:: num of byteloads: 10, num srq events: 10, num rrq events: 1
DEBUG:dale_experiment_rig:Flow 1:: first_event_name: srq, final_event_name: rrq, expected_data_B: 200000, recv_data_B: 200000
INFO:dale_experiment_rig:Flow 2:: num of byteloads: 10, num srq events: 10, num rrq events: 1
DEBUG:dale_experiment_rig:Flow 2:: first_event_name: srq, final_event_name: rrq, expected_data_B: 200000, recv_data_B: 200000
INFO:dale_experiment_rig:Flow 3:: num of byteloads: 10, num srq events: 10, num rrq events: 1
DEBUG:dale_experiment_rig:Flow 3:: first_event_name: srq, final_event_name: rrq, expected_data_B: 200000, recv_data_B: 200000
INFO:dale_experiment_rig:Flow 4:: num of byteloads: 10, num srq events: 10, num rrq events: 1
DEBUG:dale_experiment_rig:Flow 4:: first_event_name: srq, final_event_name: rrq, expected_data_B: 200000, recv_data_B: 200000
INFO:dale_experiment_rig:SSIRD FCT: [0.0017002680000004489, 0.0019002780000008102, 0.0021002580000004656, 0.002300238000000121, 0.002408706000000649] ms, App Gdpt (overall): 8.711111111097027 Gbps, App Gdpt (per flow): [1.599999999997413, 1.599999999997413, 1.599999999997413, 1.599999999997413, 1.599999999997413]
INFO:dale_experiment_rig:Processing DCTCP results exp_id 3:: 5flo-10#-20000B
INFO:dale_experiment_rig:Processing results from /data/dh1723/SIRD-Simulator/scripts/r2p2/coord/results/DCTCP-50-5flo-10#-20000B-100000ns_fullrange_5flo_8gbps_total_1msRTT_credit_steal/data/DCTCP-50/60/applications_trace.str
INFO:dale_experiment_rig:Flow 0:: num of byteloads: 10, num srq events: 10, num rrq events: 10
DEBUG:dale_experiment_rig:Flow 0:: first_event_name: srq, final_event_name: rrq, expected_data_B: 200000, recv_data_B: 200000
INFO:dale_experiment_rig:Flow 1:: num of byteloads: 10, num srq events: 10, num rrq events: 10
DEBUG:dale_experiment_rig:Flow 1:: first_event_name: srq, final_event_name: rrq, expected_data_B: 200000, recv_data_B: 200000
INFO:dale_experiment_rig:Flow 2:: num of byteloads: 10, num srq events: 10, num rrq events: 10
DEBUG:dale_experiment_rig:Flow 2:: first_event_name: srq, final_event_name: rrq, expected_data_B: 200000, recv_data_B: 200000
INFO:dale_experiment_rig:Flow 3:: num of byteloads: 10, num srq events: 10, num rrq events: 10
DEBUG:dale_experiment_rig:Flow 3:: first_event_name: srq, final_event_name: rrq, expected_data_B: 200000, recv_data_B: 200000
INFO:dale_experiment_rig:Flow 4:: num of byteloads: 10, num srq events: 10, num rrq events: 10
DEBUG:dale_experiment_rig:Flow 4:: first_event_name: srq, final_event_name: rrq, expected_data_B: 200000, recv_data_B: 200000
INFO:dale_experiment_rig:DCTCP FCT: [0.001401810000000836, 0.0014034980000001696, 0.0014051850000011967, 0.0014068720000004475, 0.0014085600000015575] ms, App Gtpt (overall): 8.711111111097027 Gbps, App Gdpt (per flow): [1.599999999997413, 1.599999999997413, 1.599999999997413, 1.599999999997413, 1.599999999997413]
INFO:dale_experiment_rig:=====
** Num Byteloads Per Flow: 1, Byteload Size (B): 200000, Inter-Byteload Interval (us): 1000.0, ssird_sim_dur (s): 0.005, dctcp_sim_dur (s): 0.003
INFO:dale_experiment_rig:Processing SIRD results exp_id 4:: 5flo-1#-200000B
INFO:dale_experiment_rig:Processing results from /data/dh1723/SIRD-Simulator/scripts/r2p2/coord/results/SSIRD-5flo-1#-200000B-1000000ns_fullrange_5flo_8gbps_total_1msRTT_credit_steal/data/SSIRD/60/applications_trace.str
INFO:dale_experiment_rig:Flow 0:: num of byteloads: 1, num srq events: 1, num rrq events: 1
DEBUG:dale_experiment_rig:Flow 0:: first_event_name: srq, final_event_name: rrq, expected_data_B: 200000, recv_data_B: 200000
INFO:dale_experiment_rig:Flow 1:: num of byteloads: 1, num srq events: 1, num rrq events: 1
DEBUG:dale_experiment_rig:Flow 1:: first_event_name: srq, final_event_name: rrq, expected_data_B: 200000, recv_data_B: 200000
INFO:dale_experiment_rig:Flow 2:: num of byteloads: 1, num srq events: 1, num rrq events: 1
DEBUG:dale_experiment_rig:Flow 2:: first_event_name: srq, final_event_name: rrq, expected_data_B: 200000, recv_data_B: 200000
INFO:dale_experiment_rig:Flow 3:: num of byteloads: 1, num srq events: 1, num rrq events: 1
DEBUG:dale_experiment_rig:Flow 3:: first_event_name: srq, final_event_name: rrq, expected_data_B: 200000, recv_data_B: 200000
INFO:dale_experiment_rig:Flow 4:: num of byteloads: 1, num srq events: 1, num rrq events: 1
DEBUG:dale_experiment_rig:Flow 4:: first_event_name: srq, final_event_name: rrq, expected_data_B: 200000, recv_data_B: 200000
INFO:dale_experiment_rig:SSIRD FCT: [0.0015171529999999933, 0.0015340950000002351, 0.0015509770000008416, 0.001567859000001448, 0.0015847410000002782] ms, App Gdpt (overall): -1 Gbps, App Gdpt (per flow): [None, None, None, None, None]
INFO:dale_experiment_rig:Processing DCTCP results exp_id 4:: 5flo-1#-200000B
INFO:dale_experiment_rig:Processing results from /data/dh1723/SIRD-Simulator/scripts/r2p2/coord/results/DCTCP-50-5flo-1#-200000B-1000000ns_fullrange_5flo_8gbps_total_1msRTT_credit_steal/data/DCTCP-50/60/applications_trace.str
INFO:dale_experiment_rig:Flow 0:: num of byteloads: 1, num srq events: 1, num rrq events: 1
DEBUG:dale_experiment_rig:Flow 0:: first_event_name: srq, final_event_name: rrq, expected_data_B: 200000, recv_data_B: 200000
INFO:dale_experiment_rig:Flow 1:: num of byteloads: 1, num srq events: 1, num rrq events: 1
DEBUG:dale_experiment_rig:Flow 1:: first_event_name: srq, final_event_name: rrq, expected_data_B: 200000, recv_data_B: 200000
INFO:dale_experiment_rig:Flow 2:: num of byteloads: 1, num srq events: 1, num rrq events: 1
DEBUG:dale_experiment_rig:Flow 2:: first_event_name: srq, final_event_name: rrq, expected_data_B: 200000, recv_data_B: 200000
INFO:dale_experiment_rig:Flow 3:: num of byteloads: 1, num srq events: 1, num rrq events: 1
DEBUG:dale_experiment_rig:Flow 3:: first_event_name: srq, final_event_name: rrq, expected_data_B: 200000, recv_data_B: 200000
INFO:dale_experiment_rig:Flow 4:: num of byteloads: 1, num srq events: 1, num rrq events: 1
DEBUG:dale_experiment_rig:Flow 4:: first_event_name: srq, final_event_name: rrq, expected_data_B: 200000, recv_data_B: 200000
INFO:dale_experiment_rig:DCTCP FCT: [0.0025011310000007114, 0.002509867000000554, 0.002518602000000314, 0.0025267230000007856, 0.0025348440000012573] ms, App Gtpt (overall): -1 Gbps, App Gdpt (per flow): [None, None, None, None, None]
INFO:dale_experiment_rig:
##### GENERATE METRICS #####
INFO:__main__:Total Flow Size (Bytes): 200000
INFO:__main__:Total Injection Period (us): 1000.0
INFO:__main__:Byteload Size (Bytes): [20, 200, 2000, 20000, 200000]
INFO:__main__:Num Byteloads: [10000, 1000, 100, 10, 1]
INFO:__main__:Intervals (us): [0.1, 1.0, 10.0, 100.0, 1000.0]
INFO:__main__:Num flows: 5
DEBUG:__main__:Flow start times (us): [0, 0, 0, 0, 0]
INFO:__main__:Gdpt Gbps theoretical: [8.0, 8.0, 8.0, 8.0, 8.0]
INFO:__main__:Gdpt Gbps measured (SSIRD): [8.000640064005973, 8.006406406404851, 8.064646464633425, 8.711111111097027, -1]
INFO:__main__:Gdpt Gbps measured (DCTCP): [8.000640064005973, 8.006406406404851, 8.064646464633425, 8.711111111097027, -1]
DEBUG:__main__:Gdpt Gbps measured per flow (SSIRD): [[1.5999999999999146, 1.5999999999999146, 1.5999999999999146, 1.5999999999999146, 1.5999999999999146], [1.5999999999996892, 1.5999999999996892, 1.5999999999996892, 1.5999999999996892, 1.5999999999996892], [1.599999999997413, 1.599999999997413, 1.599999999997413, 1.599999999997413, 1.599999999997413], [1.599999999997413, 1.599999999997413, 1.599999999997413, 1.599999999997413, 1.599999999997413], [None, None, None, None, None]]
DEBUG:__main__:Gdpt Gbps measured per flow (DCTCP): [[1.5999999999999146, 1.5999999999999146, 1.5999999999999146, 1.5999999999999146, 1.5999999999999146], [1.5999999999996892, 1.5999999999996892, 1.5999999999996892, 1.5999999999996892, 1.5999999999996892], [1.599999999997413, 1.599999999997413, 1.599999999997413, 1.599999999997413, 1.599999999997413], [1.599999999997413, 1.599999999997413, 1.599999999997413, 1.599999999997413, 1.599999999997413], [None, None, None, None, None]]
INFO:__main__:* Sim duration (SSIRD): [0.005, 0.005, 0.05, 0.005, 0.005]
INFO:__main__:* Sim duration (DCTCP): [0.01, 0.01, 0.005, 0.003, 0.003]
INFO:__main__:* SSIRD FCT: [[0.0018000960000001953, 0.0021000960000012725, 0.0024000960000005733, 0.002700095999999874, 0.0030000960000009513], [0.0016992350000002432, 0.0018992149999998986, 0.00209922500000026, 0.002299235000000621, 0.0024992150000002766], [0.0017001870000008523, 0.0019001970000012136, 0.002100177000000869, 0.0023001570000005245, 0.0024911550000012994], [0.0017002680000004489, 0.0019002780000008102, 0.0021002580000004656, 0.002300238000000121, 0.002408706000000649], [0.0015171529999999933, 0.0015340950000002351, 0.0015509770000008416, 0.001567859000001448, 0.0015847410000002782]]
INFO:__main__:* DCTCP FCT: [[0.001499916000000212, 0.001499924000000874, 0.0014999310000014532, 0.0014999390000003388, 0.0014999470000010007], [0.001499044000000893, 0.0014990670000010198, 0.0014990890000010637, 0.0014991110000011076, 0.0014991330000011516], [0.0014902960000000576, 0.001490468000000078, 0.0014906400000000986, 0.0014908130000002018, 0.0014909850000002223], [0.001401810000000836, 0.0014034980000001696, 0.0014051850000011967, 0.0014068720000004475, 0.0014085600000015575], [0.0025011310000007114, 0.002509867000000554, 0.002518602000000314, 0.0025267230000007856, 0.0025348440000012573]]
