INFO:root:PoissonIntervalGenerator: Genrate Byteload Intervals:
target_mean_ns=1000
min_interval_ns=1
max_interval_ns=10000
num_intervals=1031
num_samples_needed=1
DEBUG:root:Step 1) λ solving for mean=1000 is 0.001000
DEBUG:root:Generated samples: shape=(1, 1031)
DEBUG:root:Step 2) Generated 1 samples, taking first 1 samples needed
DEBUG:root:sample unique means (ns): [1000.]
INFO:root:PoissonIntervalGenerator: Genrate Byteload Intervals:
target_mean_ns=1000
min_interval_ns=1
max_interval_ns=10000
num_intervals=185
num_samples_needed=1
DEBUG:root:Step 1) λ solving for mean=1000 is 0.001000
DEBUG:root:Generated samples: shape=(1, 185)
DEBUG:root:Step 2) Generated 1 samples, taking first 1 samples needed
DEBUG:root:sample unique means (ns): [1000.]
INFO:root:PoissonIntervalGenerator: Genrate Byteload Intervals:
target_mean_ns=1000
min_interval_ns=1
max_interval_ns=10000
num_intervals=133
num_samples_needed=1
DEBUG:root:Step 1) λ solving for mean=1000 is 0.001000
DEBUG:root:Generated samples: shape=(1, 133)
DEBUG:root:Step 2) Generated 1 samples, taking first 1 samples needed
DEBUG:root:sample unique means (ns): [1000.]
INFO:root:PoissonIntervalGenerator: Genrate Byteload Intervals:
target_mean_ns=1000
min_interval_ns=1
max_interval_ns=10000
num_intervals=110
num_samples_needed=1
DEBUG:root:Step 1) λ solving for mean=1000 is 0.001000
DEBUG:root:Generated samples: shape=(1, 110)
DEBUG:root:Step 2) Generated 1 samples, taking first 1 samples needed
DEBUG:root:sample unique means (ns): [1000.]
INFO:root:PoissonIntervalGenerator: Genrate Byteload Intervals:
target_mean_ns=1000
min_interval_ns=1
max_interval_ns=10000
num_intervals=147
num_samples_needed=1
DEBUG:root:Step 1) λ solving for mean=1000 is 0.001000
DEBUG:root:Generated samples: shape=(1, 147)
DEBUG:root:Step 2) Generated 1 samples, taking first 1 samples needed
DEBUG:root:sample unique means (ns): [1000.]
INFO:root:PoissonIntervalGenerator: Genrate Byteload Intervals:
target_mean_ns=1000
min_interval_ns=1
max_interval_ns=10000
num_intervals=335
num_samples_needed=1
DEBUG:root:Step 1) λ solving for mean=1000 is 0.001000
DEBUG:root:Generated samples: shape=(1, 335)
DEBUG:root:Step 2) Generated 1 samples, taking first 1 samples needed
DEBUG:root:sample unique means (ns): [1000.]
INFO:root:PoissonIntervalGenerator: Genrate Byteload Intervals:
target_mean_ns=1000
min_interval_ns=1
max_interval_ns=10000
num_intervals=732
num_samples_needed=1
DEBUG:root:Step 1) λ solving for mean=1000 is 0.001000
DEBUG:root:Generated samples: shape=(1, 732)
DEBUG:root:Step 2) Generated 1 samples, taking first 1 samples needed
DEBUG:root:sample unique means (ns): [1000.]
INFO:root:PoissonIntervalGenerator: Genrate Byteload Intervals:
target_mean_ns=1000
min_interval_ns=1
max_interval_ns=10000
num_intervals=34
num_samples_needed=1
DEBUG:root:Step 1) λ solving for mean=1000 is 0.001000
DEBUG:root:Generated samples: shape=(1, 34)
DEBUG:root:Step 2) Generated 1 samples, taking first 1 samples needed
DEBUG:root:sample unique means (ns): [1000.]
INFO:__main__:Protos tested: ['SSIRD', 'DCTCP-50']
INFO:__main__:Topo Yaml File: 4-hosts.yaml
INFO:__main__:Src-Dst pairs list: [(1, 0), (2, 0), (3, 0)]
INFO:__main__:Num Flows: 8
INFO:__main__:Byteload Size (B): 1560
INFO:__main__:Target Mean Byteload Interval (ns): 1000
INFO:__main__:  is_use_poisson_num_byteloads=True
INFO:__main__:Target Mean Flow Interarrival (ns): 0
INFO:__main__:  is_use_poisson_flow_interarr=False
INFO:__main__:Target Flow Rate (Gbps): 12.479999999999999
INFO:__main__:Flow Start Times (us): [0.0, 0.0, 0.0, 0.0, 0.0, 0.0, 0.0, 0.0]
INFO:__main__:Flow Rate (Gbps): [12.48, 12.48, 12.48, 12.48, 12.48, 12.48, 12.48, 12.48]
INFO:__main__:Flow Size (B): [1609920, 290160, 209040, 173160, 230880, 524160, 1143480, 54600]
INFO:__main__:Num Byteloads: [1032, 186, 134, 111, 148, 336, 733, 35]
INFO:__main__:Flow Send Durations (us): [1031.0, 185.0, 133.0, 110.0, 147.0, 335.0, 732.0, 34.0]
INFO:__main__:Flow Min Byteload Size (B): [1560, 1560, 1560, 1560, 1560, 1560, 1560, 1560]
INFO:__main__:Flow Max Byteload Size (B): [1560, 1560, 1560, 1560, 1560, 1560, 1560, 1560]
INFO:__main__:Flow Min Interval (us): [0.001, 0.003, 0.014, 0.019, 0.003, 0.011, 0.001, 0.073]
INFO:__main__:Flow Max Interval (us): [6.078, 4.9, 4.705, 4.07, 5.541, 6.551, 6.553, 3.67]
DEBUG:__main__:Max flow send durations (us): 1031.0
INFO:__main__:* Sim duration (SSIRD): [0.01]
INFO:__main__:* Sim duration (DCTCP): [0.01]
INFO:dale_experiment_rig:Experiment started at: 2025-08-12 16:38:55.556466
INFO:dale_experiment_rig:
##### RUN GROUP #####
INFO:dale_experiment_rig:
=====
Execute experiment 8flo-12Gbps-1560B-1000ns-2025-08-12T_16-38-55Z_incast_poisson_3to1_8flo_1560B_1us_99pt84Gbps_same_flo_interarr
INFO:dale_experiment_rig:Flags: 1, 1, 1, 1, 0
INFO:dale_experiment_rig:
=====
Execute experiment 8flo-12Gbps-1560B-1000ns-2025-08-12T_16-38-55Z_incast_poisson_3to1_8flo_1560B_1us_99pt84Gbps_same_flo_interarr
INFO:dale_experiment_rig:ssird_sim_duration=0.010000; dctcp_sim_duration=0.010000
INFO:dale_experiment_rig:Flags: 1, 1, 1, 1, 0
INFO:dale_experiment_rig:-----
Preparing experiment input MRIs
INFO:dale_experiment_rig:ssird_sim_duration=0.010000; dctcp_sim_duration=0.010000
INFO:dale_experiment_rig:### Creating MRI inputs parent dir: /data/dh1723/SIRD-Simulator/scripts/r2p2/coord/config/manual-req-intervals/dale_experiments/Poisson_Flows_incast_poisson_3to1_8flo_1560B_1us_99pt84Gbps_same_flo_interarr/
INFO:dale_experiment_rig:-----
Preparing experiment input MRIs
INFO:dale_experiment_rig:### Creating MRI inputs parent dir: /data/dh1723/SIRD-Simulator/scripts/r2p2/coord/config/manual-req-intervals/dale_experiments/Poisson_Flows_incast_poisson_3to1_8flo_1560B_1us_99pt84Gbps_same_flo_interarr/
INFO:dale_experiment_rig:File /data/dh1723/SIRD-Simulator/scripts/r2p2/coord/config/manual-req-intervals/dale_experiments/Poisson_Flows_incast_poisson_3to1_8flo_1560B_1us_99pt84Gbps_same_flo_interarr/ aready exists.
DEBUG:dale_experiment_rig:num flows: 8
DEBUG:dale_experiment_rig:num flows: 8
DEBUG:dale_experiment_rig:num flows: 8
DEBUG:dale_experiment_rig:num flows: 8
DEBUG:dale_experiment_rig:num flows: 8
DEBUG:dale_experiment_rig:num flows: 8
INFO:dale_experiment_rig:-----
Preparing experiment spec scripts
INFO:dale_experiment_rig:### Creating spec scripts parent dir: /data/dh1723/SIRD-Simulator/scripts/r2p2/coord/config/dale_experiments/Poisson_Flows_incast_poisson_3to1_8flo_1560B_1us_99pt84Gbps_same_flo_interarr/
INFO:dale_experiment_rig:-----
Preparing experiment spec scripts
INFO:dale_experiment_rig:### Creating spec scripts parent dir: /data/dh1723/SIRD-Simulator/scripts/r2p2/coord/config/dale_experiments/Poisson_Flows_incast_poisson_3to1_8flo_1560B_1us_99pt84Gbps_same_flo_interarr/
INFO:dale_experiment_rig:#### WARNING: File /data/dh1723/SIRD-Simulator/scripts/r2p2/coord/config/dale_experiments/Poisson_Flows_incast_poisson_3to1_8flo_1560B_1us_99pt84Gbps_same_flo_interarr/ aready exists.
INFO:dale_experiment_rig:-----
Running experiment for DCTCP-50
INFO:dale_experiment_rig:### Script:/data/dh1723/SIRD-Simulator/scripts/r2p2/coord/config/dale_experiments/Poisson_Flows_incast_poisson_3to1_8flo_1560B_1us_99pt84Gbps_same_flo_interarr/DCTCP-50-8flo-12Gbps-1560B-1000ns-2025-08-12T_16-38-55Z_incast_poisson_3to1_8flo_1560B_1us_99pt84Gbps_same_flo_interarr.sh
INFO:dale_experiment_rig:-----
Running experiment for SSIRD
INFO:dale_experiment_rig:### Output path (stdout): /data/dh1723/SIRD-Simulator/scripts/r2p2/coord/outputs/Poisson_Flows_incast_poisson_3to1_8flo_1560B_1us_99pt84Gbps_same_flo_interarr/DCTCP-50_8flo-12Gbps-1560B-1000ns-2025-08-12T_16-38-55Z_incast_poisson_3to1_8flo_1560B_1us_99pt84Gbps_same_flo_interarr_stdout.out
INFO:dale_experiment_rig:### Script:/data/dh1723/SIRD-Simulator/scripts/r2p2/coord/config/dale_experiments/Poisson_Flows_incast_poisson_3to1_8flo_1560B_1us_99pt84Gbps_same_flo_interarr/SSIRD-8flo-12Gbps-1560B-1000ns-2025-08-12T_16-38-55Z_incast_poisson_3to1_8flo_1560B_1us_99pt84Gbps_same_flo_interarr.sh
INFO:dale_experiment_rig:### Output path (stderr): /data/dh1723/SIRD-Simulator/scripts/r2p2/coord/outputs/Poisson_Flows_incast_poisson_3to1_8flo_1560B_1us_99pt84Gbps_same_flo_interarr/DCTCP-50_8flo-12Gbps-1560B-1000ns-2025-08-12T_16-38-55Z_incast_poisson_3to1_8flo_1560B_1us_99pt84Gbps_same_flo_interarr_stderr.out
INFO:dale_experiment_rig:### Output path (stdout): /data/dh1723/SIRD-Simulator/scripts/r2p2/coord/outputs/Poisson_Flows_incast_poisson_3to1_8flo_1560B_1us_99pt84Gbps_same_flo_interarr/ssird_8flo-12Gbps-1560B-1000ns-2025-08-12T_16-38-55Z_incast_poisson_3to1_8flo_1560B_1us_99pt84Gbps_same_flo_interarr_stdout.out
INFO:dale_experiment_rig:### Output path (stderr): /data/dh1723/SIRD-Simulator/scripts/r2p2/coord/outputs/Poisson_Flows_incast_poisson_3to1_8flo_1560B_1us_99pt84Gbps_same_flo_interarr/ssird_8flo-12Gbps-1560B-1000ns-2025-08-12T_16-38-55Z_incast_poisson_3to1_8flo_1560B_1us_99pt84Gbps_same_flo_interarr_stderr.out
INFO:dale_experiment_rig:-----
Backing up app trace file paths
DEBUG:dale_experiment_rig:/data/dh1723/SIRD-Simulator/scripts/r2p2/post-process/experiment_app_trace_paths/Poisson_Flows_incast_poisson_3to1_8flo_1560B_1us_99pt84Gbps_same_flo_interarr/8flo_12Gbps_2025-08-12T_17-00-33Z/SSIRD_app_traces.txt
INFO:dale_experiment_rig:-----
Backing up app trace file paths
DEBUG:dale_experiment_rig:/data/dh1723/SIRD-Simulator/scripts/r2p2/post-process/experiment_app_trace_paths/Poisson_Flows_incast_poisson_3to1_8flo_1560B_1us_99pt84Gbps_same_flo_interarr/8flo_12Gbps_2025-08-12T_17-00-33Z/DCTCP-50_app_traces.txt
INFO:dale_experiment_rig:Simulations ended at: 2025-08-12 17:00:33.018688
INFO:dale_experiment_rig:
##### POST PROCESS RESULTS #####
INFO:dale_experiment_rig:=====
** Num Flows: 8, Target Flow Rate (Gbps): 12.479999999999999, ssird_sim_dur (s): 0.01, dctcp_sim_dur (s): 0.01
INFO:dale_experiment_rig:Processing SIRD results exp_id 0:: 8flo-12.479999999999999Gbps_target
INFO:dale_experiment_rig:Processing results from /data/dh1723/SIRD-Simulator/scripts/r2p2/coord/results/SSIRD-8flo-12Gbps-1560B-1000ns-2025-08-12T_16-38-55Z_incast_poisson_3to1_8flo_1560B_1us_99pt84Gbps_same_flo_interarr/data/SSIRD/60/applications_trace.str
INFO:dale_experiment_rig:Flow 0:: num of byteloads: 1032, num srq events: 1032, num rrq events: 5
DEBUG:dale_experiment_rig:Flow 0:: first_event_name: srq, final_event_name: rrq, expected_data_B: 1609920, recv_data_B: 1609920
INFO:dale_experiment_rig:Flow 1:: num of byteloads: 186, num srq events: 186, num rrq events: 1
DEBUG:dale_experiment_rig:Flow 1:: first_event_name: srq, final_event_name: rrq, expected_data_B: 290160, recv_data_B: 290160
INFO:dale_experiment_rig:Flow 2:: num of byteloads: 134, num srq events: 134, num rrq events: 1
DEBUG:dale_experiment_rig:Flow 2:: first_event_name: srq, final_event_name: rrq, expected_data_B: 209040, recv_data_B: 209040
INFO:dale_experiment_rig:Flow 3:: num of byteloads: 111, num srq events: 111, num rrq events: 1
DEBUG:dale_experiment_rig:Flow 3:: first_event_name: srq, final_event_name: rrq, expected_data_B: 173160, recv_data_B: 173160
INFO:dale_experiment_rig:Flow 4:: num of byteloads: 148, num srq events: 148, num rrq events: 1
DEBUG:dale_experiment_rig:Flow 4:: first_event_name: srq, final_event_name: rrq, expected_data_B: 230880, recv_data_B: 230880
INFO:dale_experiment_rig:Flow 5:: num of byteloads: 336, num srq events: 336, num rrq events: 1
DEBUG:dale_experiment_rig:Flow 5:: first_event_name: srq, final_event_name: rrq, expected_data_B: 524160, recv_data_B: 524160
INFO:dale_experiment_rig:Flow 6:: num of byteloads: 733, num srq events: 733, num rrq events: 3
DEBUG:dale_experiment_rig:Flow 6:: first_event_name: srq, final_event_name: rrq, expected_data_B: 1143480, recv_data_B: 1143480
INFO:dale_experiment_rig:Flow 7:: num of byteloads: 35, num srq events: 35, num rrq events: 1
DEBUG:dale_experiment_rig:Flow 7:: first_event_name: srq, final_event_name: rrq, expected_data_B: 54600, recv_data_B: 54600
INFO:dale_experiment_rig:Flow 0:: num of byteloads: 1032, num srq events: 1032, num rrq events: 15
DEBUG:dale_experiment_rig:Flow 0:: first_event_name: srq, final_event_name: rrq, expected_data_B: 1609920, recv_data_B: 1609920
INFO:dale_experiment_rig:Flow 1:: num of byteloads: 186, num srq events: 186, num rrq events: 1
DEBUG:dale_experiment_rig:Flow 1:: first_event_name: srq, final_event_name: rrq, expected_data_B: 290160, recv_data_B: 290160
INFO:dale_experiment_rig:Flow 2:: num of byteloads: 134, num srq events: 134, num rrq events: 1
DEBUG:dale_experiment_rig:Flow 2:: first_event_name: srq, final_event_name: rrq, expected_data_B: 209040, recv_data_B: 209040
INFO:dale_experiment_rig:Flow 3:: num of byteloads: 111, num srq events: 111, num rrq events: 1
DEBUG:dale_experiment_rig:Flow 3:: first_event_name: srq, final_event_name: rrq, expected_data_B: 173160, recv_data_B: 173160
INFO:dale_experiment_rig:Flow 4:: num of byteloads: 148, num srq events: 148, num rrq events: 1
DEBUG:dale_experiment_rig:Flow 4:: first_event_name: srq, final_event_name: rrq, expected_data_B: 230880, recv_data_B: 230880
INFO:dale_experiment_rig:Flow 5:: num of byteloads: 336, num srq events: 336, num rrq events: 1
DEBUG:dale_experiment_rig:Flow 5:: first_event_name: srq, final_event_name: rrq, expected_data_B: 524160, recv_data_B: 524160
INFO:dale_experiment_rig:Flow 6:: num of byteloads: 733, num srq events: 733, num rrq events: 10
DEBUG:dale_experiment_rig:Flow 6:: first_event_name: srq, final_event_name: rrq, expected_data_B: 1143480, recv_data_B: 1143480
INFO:dale_experiment_rig:Flow 7:: num of byteloads: 35, num srq events: 35, num rrq events: 1
DEBUG:dale_experiment_rig:Flow 7:: first_event_name: srq, final_event_name: rrq, expected_data_B: 54600, recv_data_B: 54600
INFO:dale_experiment_rig:Flow 0:: num of byteloads: 1032, num srq events: 1032, num rrq events: 13
DEBUG:dale_experiment_rig:Flow 0:: first_event_name: srq, final_event_name: rrq, expected_data_B: 1609920, recv_data_B: 1609920
INFO:dale_experiment_rig:Flow 1:: num of byteloads: 186, num srq events: 186, num rrq events: 1
DEBUG:dale_experiment_rig:Flow 1:: first_event_name: srq, final_event_name: rrq, expected_data_B: 290160, recv_data_B: 290160
INFO:dale_experiment_rig:Flow 2:: num of byteloads: 134, num srq events: 134, num rrq events: 1
DEBUG:dale_experiment_rig:Flow 2:: first_event_name: srq, final_event_name: rrq, expected_data_B: 209040, recv_data_B: 209040
INFO:dale_experiment_rig:Flow 3:: num of byteloads: 111, num srq events: 111, num rrq events: 1
DEBUG:dale_experiment_rig:Flow 3:: first_event_name: srq, final_event_name: rrq, expected_data_B: 173160, recv_data_B: 173160
INFO:dale_experiment_rig:Flow 4:: num of byteloads: 148, num srq events: 148, num rrq events: 1
DEBUG:dale_experiment_rig:Flow 4:: first_event_name: srq, final_event_name: rrq, expected_data_B: 230880, recv_data_B: 230880
INFO:dale_experiment_rig:Flow 5:: num of byteloads: 336, num srq events: 336, num rrq events: 1
DEBUG:dale_experiment_rig:Flow 5:: first_event_name: srq, final_event_name: rrq, expected_data_B: 524160, recv_data_B: 524160
INFO:dale_experiment_rig:Flow 6:: num of byteloads: 733, num srq events: 733, num rrq events: 13
DEBUG:dale_experiment_rig:Flow 6:: first_event_name: srq, final_event_name: rrq, expected_data_B: 1143480, recv_data_B: 1143480
INFO:dale_experiment_rig:Flow 7:: num of byteloads: 35, num srq events: 35, num rrq events: 1
DEBUG:dale_experiment_rig:Flow 7:: first_event_name: srq, final_event_name: rrq, expected_data_B: 54600, recv_data_B: 54600
INFO:dale_experiment_rig:SSIRD FCT (ms): [0.0010414460000003345, 0.0008011730000010431, 0.0004050840000004996, 0.00024307099999987258, 0.000551957000000769, 0.0009745180000013676, 0.0011811660000002888, 0.00014316600000086055, 0.001037064000000143, 0.0008453140000010961, 0.0006083620000012502, 0.0003589790000013693, 0.000759208000001621, 0.0010521790000002085, 0.0007396570000004488, 5.698600000059173e-05, 0.0010372010000008203, 0.000884200000001556, 0.00048276800000124354, 0.00028612700000074653, 0.0006910630000014351, 0.001107468000000722, 0.0007402280000015082, 0.00017082899999998347]
App Gdpt (overall): 98.58110572249286 Gbps
App Gdpt (per flow): [12.479999999986513, 12.479999999993137, 12.480000000005752, 12.479999999867857, 12.479999999989877, 12.479999999943058, 12.47999999998184, 12.479999999559626, 12.479999999986513, 12.479999999993137, 12.480000000005752, 12.479999999867857, 12.479999999989877, 12.479999999943058, 12.47999999998184, 12.479999999559626, 12.479999999986513, 12.479999999993137, 12.480000000005752, 12.479999999867857, 12.479999999989877, 12.479999999943058, 12.47999999998184, 12.479999999559626]
Network Gdpt (overall): 86.05869115769939
Network Gdpt (per flow): [12.366805384048586, 2.897351757981083, 4.128328939177893, 5.699075578743356, 3.3463476321478427, 4.302927190666685, 7.744753912657293, 3.05100372991754, 12.419059961582144, 2.746056494979369, 2.7488896413591966, 3.858944395061316, 2.43285107637967, 3.9853294924144747, 12.367678532068853, 7.665040536192475, 12.41741957440247, 2.6252883962858125, 3.464024127522314, 4.841486472777423, 2.6727519777446695, 3.786366739262233, 12.358138303308388, 2.5569429078203485]
INFO:dale_experiment_rig:Processing DCTCP results exp_id 0:: 8flo-12.479999999999999Gbps_target
INFO:dale_experiment_rig:Processing results from /data/dh1723/SIRD-Simulator/scripts/r2p2/coord/results/DCTCP-50-8flo-12Gbps-1560B-1000ns-2025-08-12T_16-38-55Z_incast_poisson_3to1_8flo_1560B_1us_99pt84Gbps_same_flo_interarr/data/DCTCP-50/60/applications_trace.str
INFO:dale_experiment_rig:Flow 0:: num of byteloads: 1032, num srq events: 1032, num rrq events: 1
DEBUG:dale_experiment_rig:Flow 0:: first_event_name: srq, final_event_name: rrq, expected_data_B: 1609920, recv_data_B: 1609920
INFO:dale_experiment_rig:Flow 1:: num of byteloads: 186, num srq events: 186, num rrq events: 1
DEBUG:dale_experiment_rig:Flow 1:: first_event_name: srq, final_event_name: rrq, expected_data_B: 290160, recv_data_B: 290160
INFO:dale_experiment_rig:Flow 2:: num of byteloads: 134, num srq events: 134, num rrq events: 1
DEBUG:dale_experiment_rig:Flow 2:: first_event_name: srq, final_event_name: rrq, expected_data_B: 209040, recv_data_B: 209040
INFO:dale_experiment_rig:Flow 3:: num of byteloads: 111, num srq events: 111, num rrq events: 1
DEBUG:dale_experiment_rig:Flow 3:: first_event_name: srq, final_event_name: rrq, expected_data_B: 173160, recv_data_B: 173160
INFO:dale_experiment_rig:Flow 4:: num of byteloads: 148, num srq events: 148, num rrq events: 1
DEBUG:dale_experiment_rig:Flow 4:: first_event_name: srq, final_event_name: rrq, expected_data_B: 230880, recv_data_B: 230880
INFO:dale_experiment_rig:Flow 5:: num of byteloads: 336, num srq events: 336, num rrq events: 1
DEBUG:dale_experiment_rig:Flow 5:: first_event_name: srq, final_event_name: rrq, expected_data_B: 524160, recv_data_B: 524160
INFO:dale_experiment_rig:Flow 6:: num of byteloads: 733, num srq events: 733, num rrq events: 1
DEBUG:dale_experiment_rig:Flow 6:: first_event_name: srq, final_event_name: rrq, expected_data_B: 1143480, recv_data_B: 1143480
INFO:dale_experiment_rig:Flow 7:: num of byteloads: 35, num srq events: 35, num rrq events: 1
DEBUG:dale_experiment_rig:Flow 7:: first_event_name: srq, final_event_name: rrq, expected_data_B: 54600, recv_data_B: 54600
INFO:dale_experiment_rig:Flow 0:: num of byteloads: 1032, num srq events: 1032, num rrq events: 1
DEBUG:dale_experiment_rig:Flow 0:: first_event_name: srq, final_event_name: rrq, expected_data_B: 1609920, recv_data_B: 1609920
INFO:dale_experiment_rig:Flow 1:: num of byteloads: 186, num srq events: 186, num rrq events: 1
DEBUG:dale_experiment_rig:Flow 1:: first_event_name: srq, final_event_name: rrq, expected_data_B: 290160, recv_data_B: 290160
INFO:dale_experiment_rig:Flow 2:: num of byteloads: 134, num srq events: 134, num rrq events: 1
DEBUG:dale_experiment_rig:Flow 2:: first_event_name: srq, final_event_name: rrq, expected_data_B: 209040, recv_data_B: 209040
INFO:dale_experiment_rig:Flow 3:: num of byteloads: 111, num srq events: 111, num rrq events: 1
DEBUG:dale_experiment_rig:Flow 3:: first_event_name: srq, final_event_name: rrq, expected_data_B: 173160, recv_data_B: 173160
INFO:dale_experiment_rig:Flow 4:: num of byteloads: 148, num srq events: 148, num rrq events: 1
DEBUG:dale_experiment_rig:Flow 4:: first_event_name: srq, final_event_name: rrq, expected_data_B: 230880, recv_data_B: 230880
INFO:dale_experiment_rig:Flow 5:: num of byteloads: 336, num srq events: 336, num rrq events: 1
DEBUG:dale_experiment_rig:Flow 5:: first_event_name: srq, final_event_name: rrq, expected_data_B: 524160, recv_data_B: 524160
INFO:dale_experiment_rig:Flow 6:: num of byteloads: 733, num srq events: 733, num rrq events: 1
DEBUG:dale_experiment_rig:Flow 6:: first_event_name: srq, final_event_name: rrq, expected_data_B: 1143480, recv_data_B: 1143480
INFO:dale_experiment_rig:Flow 7:: num of byteloads: 35, num srq events: 35, num rrq events: 1
DEBUG:dale_experiment_rig:Flow 7:: first_event_name: srq, final_event_name: rrq, expected_data_B: 54600, recv_data_B: 54600
INFO:dale_experiment_rig:Flow 0:: num of byteloads: 1032, num srq events: 1032, num rrq events: 1
DEBUG:dale_experiment_rig:Flow 0:: first_event_name: srq, final_event_name: rrq, expected_data_B: 1609920, recv_data_B: 1609920
INFO:dale_experiment_rig:Flow 1:: num of byteloads: 186, num srq events: 186, num rrq events: 1
DEBUG:dale_experiment_rig:Flow 1:: first_event_name: srq, final_event_name: rrq, expected_data_B: 290160, recv_data_B: 290160
INFO:dale_experiment_rig:Flow 2:: num of byteloads: 134, num srq events: 134, num rrq events: 1
DEBUG:dale_experiment_rig:Flow 2:: first_event_name: srq, final_event_name: rrq, expected_data_B: 209040, recv_data_B: 209040
INFO:dale_experiment_rig:Flow 3:: num of byteloads: 111, num srq events: 111, num rrq events: 1
DEBUG:dale_experiment_rig:Flow 3:: first_event_name: srq, final_event_name: rrq, expected_data_B: 173160, recv_data_B: 173160
INFO:dale_experiment_rig:Flow 4:: num of byteloads: 148, num srq events: 148, num rrq events: 1
DEBUG:dale_experiment_rig:Flow 4:: first_event_name: srq, final_event_name: rrq, expected_data_B: 230880, recv_data_B: 230880
INFO:dale_experiment_rig:Flow 5:: num of byteloads: 336, num srq events: 336, num rrq events: 1
DEBUG:dale_experiment_rig:Flow 5:: first_event_name: srq, final_event_name: rrq, expected_data_B: 524160, recv_data_B: 524160
INFO:dale_experiment_rig:Flow 6:: num of byteloads: 733, num srq events: 733, num rrq events: 1
DEBUG:dale_experiment_rig:Flow 6:: first_event_name: srq, final_event_name: rrq, expected_data_B: 1143480, recv_data_B: 1143480
INFO:dale_experiment_rig:Flow 7:: num of byteloads: 35, num srq events: 35, num rrq events: 1
DEBUG:dale_experiment_rig:Flow 7:: first_event_name: srq, final_event_name: rrq, expected_data_B: 54600, recv_data_B: 54600
INFO:dale_experiment_rig:DCTCP-50 FCT (ms): [0.0010618080000011076, 0.00048313700000157667, 0.0003760780000003905, 0.0003081760000007705, 0.0004212649999999485, 0.0006822470000003023, 0.0011068900000008597, 0.0001129680000016009, 0.0010618380000000371, 0.0004832420000013826, 0.0003761330000013885, 0.0003083240000005816, 0.0004213079999999536, 0.0006822750000008426, 0.0011059060000011556, 0.00011298200000098291, 0.0010618690000008257, 0.0004833480000012713, 0.0003761890000006929, 0.0003084730000004754, 0.00042135099999995873, 0.0006824270000009847, 0.0011070130000003786, 0.00011299600000036492]
App Gdpt (overall): 98.58110572249286 Gbps
App Gdpt (per flow): [12.479999999986513, 12.479999999993137, 12.480000000005752, 12.479999999867857, 12.479999999989877, 12.479999999943058, 12.47999999998184, 12.479999999559626, 12.479999999986513, 12.479999999993137, 12.480000000005752, 12.479999999867857, 12.479999999989877, 12.479999999943058, 12.47999999998184, 12.479999999559626, 12.479999999986513, 12.479999999993137, 12.480000000005752, 12.479999999867857, 12.479999999989877, 12.479999999943058, 12.47999999998184, 12.479999999559626]
Network Gdpt (overall): 91.82331192132814
Network Gdpt (per flow): [12.129650558280371, 4.804599937476171, 4.446737113041081, 4.495093712672423, 4.384508563493824, 6.146278400635169, 8.264452655632354, 3.8665816867945795, 12.129307860520672, 4.803555982289119, 4.446086889461512, 4.492936002378626, 4.38406106696337, 6.146026162463554, 8.27180610286086, 3.866102564976722, 12.128953759823467, 4.802502544737735, 4.445425039001459, 4.490765804455707, 4.383613661769359, 6.144657230727902, 8.263534393902214, 3.865623561883513]
INFO:dale_experiment_rig:
##### GENERATE METRICS #####
INFO:dale_experiment_rig:Poisson_Flows_incast_poisson_3to1_8flo_1560B_1us_99pt84Gbps_same_flo_interarr
INFO:__main__:Protos tested: ['SSIRD', 'DCTCP-50']
INFO:__main__:Topo Yaml File: 4-hosts.yaml
INFO:__main__:Src-Dst pairs list: [(1, 0), (2, 0), (3, 0)]
INFO:__main__:Num Flows: 8
INFO:__main__:Byteload Size (B): 1560
INFO:__main__:Target Mean Byteload Interval (ns): 1000
INFO:__main__:  is_use_poisson_num_byteloads=True
INFO:__main__:Target Mean Flow Interarrival (ns): 0
INFO:__main__:  is_use_poisson_flow_interarr=False
INFO:__main__:Target Flow Rate (Gbps): 12.479999999999999
INFO:__main__:Num Byteloads: [1032, 186, 134, 111, 148, 336, 733, 35]
INFO:__main__:  is_use_poisson_num_byteloads=True
INFO:__main__:Flow Start Times (us): [0.0, 0.0, 0.0, 0.0, 0.0, 0.0, 0.0, 0.0]
INFO:__main__:Flow Rate (Gbps): [12.48, 12.48, 12.48, 12.48, 12.48, 12.48, 12.48, 12.48]
INFO:__main__:Flow Size (B): [1609920, 290160, 209040, 173160, 230880, 524160, 1143480, 54600]
INFO:__main__:Flow Send Durations (us): [1031.0, 185.0, 133.0, 110.0, 147.0, 335.0, 732.0, 34.0]
INFO:__main__:Flow Min Byteload Size (B): [1560, 1560, 1560, 1560, 1560, 1560, 1560, 1560]
INFO:__main__:Flow Max Byteload Size (B): [1560, 1560, 1560, 1560, 1560, 1560, 1560, 1560]
INFO:__main__:Flow Min Interval (us): [0.001, 0.003, 0.014, 0.019, 0.003, 0.011, 0.001, 0.073]
INFO:__main__:Flow Max Interval (us): [6.078, 4.9, 4.705, 4.07, 5.541, 6.551, 6.553, 3.67]
INFO:__main__:APP Gdpt Gbps measured (SSIRD): [98.58110572249286]
INFO:__main__:APP Gdpt Gbps measured (DCTCP): [98.58110572249286]
DEBUG:__main__:APP Gdpt Gbps measured per flow (SSIRD): [[12.479999999986513, 12.479999999993137, 12.480000000005752, 12.479999999867857, 12.479999999989877, 12.479999999943058, 12.47999999998184, 12.479999999559626, 12.479999999986513, 12.479999999993137, 12.480000000005752, 12.479999999867857, 12.479999999989877, 12.479999999943058, 12.47999999998184, 12.479999999559626, 12.479999999986513, 12.479999999993137, 12.480000000005752, 12.479999999867857, 12.479999999989877, 12.479999999943058, 12.47999999998184, 12.479999999559626]]
DEBUG:__main__:APP Gdpt Gbps measured per flow (DCTCP): [[12.479999999986513, 12.479999999993137, 12.480000000005752, 12.479999999867857, 12.479999999989877, 12.479999999943058, 12.47999999998184, 12.479999999559626, 12.479999999986513, 12.479999999993137, 12.480000000005752, 12.479999999867857, 12.479999999989877, 12.479999999943058, 12.47999999998184, 12.479999999559626, 12.479999999986513, 12.479999999993137, 12.480000000005752, 12.479999999867857, 12.479999999989877, 12.479999999943058, 12.47999999998184, 12.479999999559626]]
INFO:__main__:NW Gdpt Gbps measured (SSIRD): [86.05869115769939]
INFO:__main__:NW Gdpt Gbps measured (DCTCP): [91.82331192132814]
DEBUG:__main__:NW Gdpt Gbps measured per flow (SSIRD): [[12.366805384048586, 2.897351757981083, 4.128328939177893, 5.699075578743356, 3.3463476321478427, 4.302927190666685, 7.744753912657293, 3.05100372991754, 12.419059961582144, 2.746056494979369, 2.7488896413591966, 3.858944395061316, 2.43285107637967, 3.9853294924144747, 12.367678532068853, 7.665040536192475, 12.41741957440247, 2.6252883962858125, 3.464024127522314, 4.841486472777423, 2.6727519777446695, 3.786366739262233, 12.358138303308388, 2.5569429078203485]]
DEBUG:__main__:NW Gdpt Gbps measured per flow (DCTCP): [[12.129650558280371, 4.804599937476171, 4.446737113041081, 4.495093712672423, 4.384508563493824, 6.146278400635169, 8.264452655632354, 3.8665816867945795, 12.129307860520672, 4.803555982289119, 4.446086889461512, 4.492936002378626, 4.38406106696337, 6.146026162463554, 8.27180610286086, 3.866102564976722, 12.128953759823467, 4.802502544737735, 4.445425039001459, 4.490765804455707, 4.383613661769359, 6.144657230727902, 8.263534393902214, 3.865623561883513]]
INFO:__main__:* Sim duration (SSIRD): [0.01]
INFO:__main__:* Sim duration (DCTCP): [0.01]
INFO:__main__:* SSIRD FCT: [[0.0010414460000003345, 0.0008011730000010431, 0.0004050840000004996, 0.00024307099999987258, 0.000551957000000769, 0.0009745180000013676, 0.0011811660000002888, 0.00014316600000086055, 0.001037064000000143, 0.0008453140000010961, 0.0006083620000012502, 0.0003589790000013693, 0.000759208000001621, 0.0010521790000002085, 0.0007396570000004488, 5.698600000059173e-05, 0.0010372010000008203, 0.000884200000001556, 0.00048276800000124354, 0.00028612700000074653, 0.0006910630000014351, 0.001107468000000722, 0.0007402280000015082, 0.00017082899999998347]]
INFO:__main__:* DCTCP FCT: [[0.0010618080000011076, 0.00048313700000157667, 0.0003760780000003905, 0.0003081760000007705, 0.0004212649999999485, 0.0006822470000003023, 0.0011068900000008597, 0.0001129680000016009, 0.0010618380000000371, 0.0004832420000013826, 0.0003761330000013885, 0.0003083240000005816, 0.0004213079999999536, 0.0006822750000008426, 0.0011059060000011556, 0.00011298200000098291, 0.0010618690000008257, 0.0004833480000012713, 0.0003761890000006929, 0.0003084730000004754, 0.00042135099999995873, 0.0006824270000009847, 0.0011070130000003786, 0.00011299600000036492]]
