INFO:__main__:Protos tested: ['SSIRD', 'DCTCP-50']
INFO:__main__:Num Flows: 10
INFO:__main__:Target Flow Rate (Gbps): 10
INFO:__main__:Flow Start Times (us): [0, 0, 0, 0, 0, 0, 0, 0, 0, 0]
INFO:__main__:Flow Rate (Gbps): [9.999579, 9.999883, 9.999954, 9.999992, 10.000223, 9.999823, 9.999973, 10.000168, 9.999826, 9.999983]
INFO:__main__:Flow Size (B): [172044, 599238, 377622, 294516, 347004, 183708, 459270, 237654, 329508, 587574]
INFO:__main__:Num Byteloads: [118, 411, 259, 202, 238, 126, 315, 163, 226, 403]
INFO:__main__:Flow Send Durations (us): [137.6352, 479.3904, 302.0976, 235.61280000000002, 277.60319999999996, 146.9664, 367.416, 190.1232, 263.6064, 470.05920000000003]
INFO:__main__:Flow Min Byteload Size (B): [1458, 1458, 1458, 1458, 1458, 1458, 1458, 1458, 1458, 1458]
INFO:__main__:Flow Max Byteload Size (B): [1458, 1458, 1458, 1458, 1458, 1458, 1458, 1458, 1458, 1458]
INFO:__main__:Flow Min Interval (us): [0.001, 0.001, 0.006, 0.003, 0.001, 0.001, 0.004, 0.001, 0.001, 0.003]
INFO:__main__:Flow Max Interval (us): [5.331, 6.642, 7.577, 5.413, 6.61, 7.26, 6.735, 7.26, 7.472, 7.233]
INFO:__main__:* Sim duration (SSIRD): [0.001, 0.001, 0.001, 0.001, 0.001]
INFO:__main__:* Sim duration (DCTCP): [0.001, 0.001, 0.001, 0.001, 0.001]
INFO:dale_experiment_rig:Experiment started at: 2025-08-04 16:28:00.171574
INFO:dale_experiment_rig:
##### RUN GROUP #####
INFO:dale_experiment_rig:
=====
Execute experiment 10flo-10Gbps-2025-08-04T_16-28-00Z_poisson_10flo_10GbpsFlo
INFO:dale_experiment_rig:
=====
Execute experiment 10flo-10Gbps-2025-08-04T_16-28-00Z_poisson_10flo_10GbpsFlo
INFO:dale_experiment_rig:Flags: 1, 0, 0, 0, 0
INFO:dale_experiment_rig:Flags: 1, 0, 0, 0, 0
INFO:dale_experiment_rig:ssird_sim_duration=0.001000; dctcp_sim_duration=0.001000
INFO:dale_experiment_rig:ssird_sim_duration=0.001000; dctcp_sim_duration=0.001000
INFO:dale_experiment_rig:-----
Preparing experiment input MRIs
INFO:dale_experiment_rig:-----
Preparing experiment input MRIs
INFO:dale_experiment_rig:### Creating MRI inputs parent dir: /data/dh1723/SIRD-Simulator/scripts/r2p2/coord/config/manual-req-intervals/dale_experiments/Poisson_Intervals_poisson_10flo_10GbpsFlo/
INFO:dale_experiment_rig:### Creating MRI inputs parent dir: /data/dh1723/SIRD-Simulator/scripts/r2p2/coord/config/manual-req-intervals/dale_experiments/Poisson_Intervals_poisson_10flo_10GbpsFlo/
INFO:dale_experiment_rig:File /data/dh1723/SIRD-Simulator/scripts/r2p2/coord/config/manual-req-intervals/dale_experiments/Poisson_Intervals_poisson_10flo_10GbpsFlo/ aready exists.
DEBUG:dale_experiment_rig:num flows: 10
DEBUG:dale_experiment_rig:num flows: 10
INFO:dale_experiment_rig:-----
Preparing experiment spec scripts
INFO:dale_experiment_rig:### Creating spec scripts parent dir: /data/dh1723/SIRD-Simulator/scripts/r2p2/coord/config/dale_experiments/Poisson_Intervals_poisson_10flo_10GbpsFlo/
INFO:dale_experiment_rig:-----
Preparing experiment spec scripts
INFO:dale_experiment_rig:### Creating spec scripts parent dir: /data/dh1723/SIRD-Simulator/scripts/r2p2/coord/config/dale_experiments/Poisson_Intervals_poisson_10flo_10GbpsFlo/
INFO:dale_experiment_rig:#### WARNING: File /data/dh1723/SIRD-Simulator/scripts/r2p2/coord/config/dale_experiments/Poisson_Intervals_poisson_10flo_10GbpsFlo/ aready exists.
INFO:dale_experiment_rig:-----
Running experiment for DCTCP-50
INFO:dale_experiment_rig:-----
Running experiment for SSIRD
INFO:dale_experiment_rig:### Script:/data/dh1723/SIRD-Simulator/scripts/r2p2/coord/config/dale_experiments/Poisson_Intervals_poisson_10flo_10GbpsFlo/DCTCP-50-10flo-10Gbps-2025-08-04T_16-28-00Z_poisson_10flo_10GbpsFlo.sh
INFO:dale_experiment_rig:### Script:/data/dh1723/SIRD-Simulator/scripts/r2p2/coord/config/dale_experiments/Poisson_Intervals_poisson_10flo_10GbpsFlo/SSIRD-10flo-10Gbps-2025-08-04T_16-28-00Z_poisson_10flo_10GbpsFlo.sh
INFO:dale_experiment_rig:### Output path (stdout): /data/dh1723/SIRD-Simulator/scripts/r2p2/coord/outputs/Poisson_Intervals_poisson_10flo_10GbpsFlo/DCTCP-50_10flo-10Gbps-2025-08-04T_16-28-00Z_poisson_10flo_10GbpsFlo_stdout.out
INFO:dale_experiment_rig:### Output path (stdout): /data/dh1723/SIRD-Simulator/scripts/r2p2/coord/outputs/Poisson_Intervals_poisson_10flo_10GbpsFlo/ssird_10flo-10Gbps-2025-08-04T_16-28-00Z_poisson_10flo_10GbpsFlo_stdout.out
INFO:dale_experiment_rig:### Output path (stderr): /data/dh1723/SIRD-Simulator/scripts/r2p2/coord/outputs/Poisson_Intervals_poisson_10flo_10GbpsFlo/DCTCP-50_10flo-10Gbps-2025-08-04T_16-28-00Z_poisson_10flo_10GbpsFlo_stderr.out
INFO:dale_experiment_rig:### Output path (stderr): /data/dh1723/SIRD-Simulator/scripts/r2p2/coord/outputs/Poisson_Intervals_poisson_10flo_10GbpsFlo/ssird_10flo-10Gbps-2025-08-04T_16-28-00Z_poisson_10flo_10GbpsFlo_stderr.out
INFO:dale_experiment_rig:-----
Backing up app trace file paths
DEBUG:dale_experiment_rig:/data/dh1723/SIRD-Simulator/scripts/r2p2/post-process/experiment_app_trace_paths/Poisson_Intervals_poisson_10flo_10GbpsFlo/10flo_10Gbps_2025-08-04T_16-28-40Z/SSIRD_app_traces.txt
INFO:dale_experiment_rig:-----
Backing up app trace file paths
DEBUG:dale_experiment_rig:/data/dh1723/SIRD-Simulator/scripts/r2p2/post-process/experiment_app_trace_paths/Poisson_Intervals_poisson_10flo_10GbpsFlo/10flo_10Gbps_2025-08-04T_16-28-40Z/DCTCP-50_app_traces.txt
INFO:dale_experiment_rig:Simulations ended at: 2025-08-04 16:28:40.968016
INFO:dale_experiment_rig:
##### POST PROCESS RESULTS #####
INFO:dale_experiment_rig:=====
** Num Flows: 10, Target Flow Rate (Gbps): 10, ssird_sim_dur (s): 0.001, dctcp_sim_dur (s): 0.001
INFO:dale_experiment_rig:Processing SIRD results exp_id 0:: 10flo-10Gbps_target
INFO:dale_experiment_rig:Processing results from /data/dh1723/SIRD-Simulator/scripts/r2p2/coord/results/SSIRD-10flo-10Gbps-2025-08-04T_16-28-00Z_poisson_10flo_10GbpsFlo/data/SSIRD/60/applications_trace.str
INFO:dale_experiment_rig:Flow 0:: num of byteloads: 118, num srq events: 118, num rrq events: 93
DEBUG:dale_experiment_rig:Flow 0:: first_event_name: srq, final_event_name: rrq, expected_data_B: 172044, recv_data_B: 172044
INFO:dale_experiment_rig:Flow 1:: num of byteloads: 411, num srq events: 411, num rrq events: 1
DEBUG:dale_experiment_rig:Flow 1:: first_event_name: srq, final_event_name: rrq, expected_data_B: 599238, recv_data_B: 599238
INFO:dale_experiment_rig:Flow 2:: num of byteloads: 259, num srq events: 259, num rrq events: 184
DEBUG:dale_experiment_rig:Flow 2:: first_event_name: srq, final_event_name: rrq, expected_data_B: 377622, recv_data_B: 377622
INFO:dale_experiment_rig:Flow 3:: num of byteloads: 202, num srq events: 202, num rrq events: 151
DEBUG:dale_experiment_rig:Flow 3:: first_event_name: srq, final_event_name: rrq, expected_data_B: 294516, recv_data_B: 294516
INFO:dale_experiment_rig:Flow 4:: num of byteloads: 238, num srq events: 238, num rrq events: 128
DEBUG:dale_experiment_rig:Flow 4:: first_event_name: srq, final_event_name: rrq, expected_data_B: 347004, recv_data_B: 347004
INFO:dale_experiment_rig:Flow 5:: num of byteloads: 126, num srq events: 126, num rrq events: 104
DEBUG:dale_experiment_rig:Flow 5:: first_event_name: srq, final_event_name: rrq, expected_data_B: 183708, recv_data_B: 183708
INFO:dale_experiment_rig:Flow 6:: num of byteloads: 315, num srq events: 315, num rrq events: 224
DEBUG:dale_experiment_rig:Flow 6:: first_event_name: srq, final_event_name: rrq, expected_data_B: 459270, recv_data_B: 459270
INFO:dale_experiment_rig:Flow 7:: num of byteloads: 163, num srq events: 163, num rrq events: 25
DEBUG:dale_experiment_rig:Flow 7:: first_event_name: srq, final_event_name: rrq, expected_data_B: 237654, recv_data_B: 237654
INFO:dale_experiment_rig:Flow 8:: num of byteloads: 226, num srq events: 226, num rrq events: 177
DEBUG:dale_experiment_rig:Flow 8:: first_event_name: srq, final_event_name: rrq, expected_data_B: 329508, recv_data_B: 329508
INFO:dale_experiment_rig:Flow 9:: num of byteloads: 403, num srq events: 403, num rrq events: 252
DEBUG:dale_experiment_rig:Flow 9:: first_event_name: srq, final_event_name: rrq, expected_data_B: 587574, recv_data_B: 587574
INFO:dale_experiment_rig:SSIRD FCT (ms): [0.0001412000000016178, 0.000487186000000861, 0.00030499600000055693, 0.00023899600000021337, 0.00028102600000146083, 0.00014983300000004363, 0.0003703360000013589, 0.00019296900000043138, 0.00026668900000004214, 0.0004739260000015122]
App Gdpt (overall): 59.85331542176469 Gbps
App Gdpt (per flow): [9.91483642226941, 9.975552570294116, 9.9613437978721, 9.9504866029904, 9.958205600197983, 9.920459416536943, 9.968226837587272, 9.938817588841067, 9.95557848492068, 9.975169127316114]
Network Gdpt (overall): 58.92021527701797
Network Gdpt (per flow): [9.747535410653189, 9.839987191732785, 9.904969245480215, 9.8584411454497, 9.878203440199732, 9.8086803307654, 9.921152682932576, 9.852525535167565, 9.884412180478323, 9.918409203092892]
INFO:dale_experiment_rig:Processing DCTCP results exp_id 0:: 10flo-10Gbps_target
INFO:dale_experiment_rig:Processing results from /data/dh1723/SIRD-Simulator/scripts/r2p2/coord/results/DCTCP-50-10flo-10Gbps-2025-08-04T_16-28-00Z_poisson_10flo_10GbpsFlo/data/DCTCP-50/60/applications_trace.str
INFO:dale_experiment_rig:Flow 0:: num of byteloads: 118, num srq events: 118, num rrq events: 118
DEBUG:dale_experiment_rig:Flow 0:: first_event_name: srq, final_event_name: rrq, expected_data_B: 172044, recv_data_B: 172044
INFO:dale_experiment_rig:Flow 1:: num of byteloads: 411, num srq events: 411, num rrq events: 411
DEBUG:dale_experiment_rig:Flow 1:: first_event_name: srq, final_event_name: rrq, expected_data_B: 599238, recv_data_B: 599238
INFO:dale_experiment_rig:Flow 2:: num of byteloads: 259, num srq events: 259, num rrq events: 259
DEBUG:dale_experiment_rig:Flow 2:: first_event_name: srq, final_event_name: rrq, expected_data_B: 377622, recv_data_B: 377622
INFO:dale_experiment_rig:Flow 3:: num of byteloads: 202, num srq events: 202, num rrq events: 202
DEBUG:dale_experiment_rig:Flow 3:: first_event_name: srq, final_event_name: rrq, expected_data_B: 294516, recv_data_B: 294516
INFO:dale_experiment_rig:Flow 4:: num of byteloads: 238, num srq events: 238, num rrq events: 238
DEBUG:dale_experiment_rig:Flow 4:: first_event_name: srq, final_event_name: rrq, expected_data_B: 347004, recv_data_B: 347004
INFO:dale_experiment_rig:Flow 5:: num of byteloads: 126, num srq events: 126, num rrq events: 126
DEBUG:dale_experiment_rig:Flow 5:: first_event_name: srq, final_event_name: rrq, expected_data_B: 183708, recv_data_B: 183708
INFO:dale_experiment_rig:Flow 6:: num of byteloads: 315, num srq events: 315, num rrq events: 315
DEBUG:dale_experiment_rig:Flow 6:: first_event_name: srq, final_event_name: rrq, expected_data_B: 459270, recv_data_B: 459270
INFO:dale_experiment_rig:Flow 7:: num of byteloads: 163, num srq events: 163, num rrq events: 163
DEBUG:dale_experiment_rig:Flow 7:: first_event_name: srq, final_event_name: rrq, expected_data_B: 237654, recv_data_B: 237654
INFO:dale_experiment_rig:Flow 8:: num of byteloads: 226, num srq events: 226, num rrq events: 226
DEBUG:dale_experiment_rig:Flow 8:: first_event_name: srq, final_event_name: rrq, expected_data_B: 329508, recv_data_B: 329508
INFO:dale_experiment_rig:Flow 9:: num of byteloads: 403, num srq events: 403, num rrq events: 403
DEBUG:dale_experiment_rig:Flow 9:: first_event_name: srq, final_event_name: rrq, expected_data_B: 587574, recv_data_B: 587574
INFO:dale_experiment_rig:DCTCP-50 FCT (ms): [0.0001568930000015456, 0.0004821420000009624, 0.00030484500000049763, 0.00023890500000156578, 0.0002805270000010296, 0.0001654530000010368, 0.0003701630000012557, 0.00020083100000078957, 0.00026653200000126276, 0.00047280600000121353]
App Gdpt (overall): 59.85331542176469 Gbps
App Gdpt (per flow): [9.91483642226941, 9.975552570294116, 9.9613437978721, 9.9504866029904, 9.958205600197983, 9.920459416536943, 9.968226837587272, 9.938817588841067, 9.95557848492068, 9.975169127316114]
Network Gdpt (overall): 59.53661784275733
Network Gdpt (per flow): [8.77255199394773, 9.942929676299578, 9.909875510489163, 9.862196270419448, 9.89577473822417, 8.882667585300904, 9.925789449479112, 9.466825340672134, 9.890234568410214, 9.941904290529171]
INFO:dale_experiment_rig:
##### GENERATE METRICS #####
INFO:__main__:Protos tested: ['SSIRD', 'DCTCP-50']
INFO:__main__:Num Flows: 10
INFO:__main__:Target Flow Rate (Gbps): 10
INFO:__main__:Flow Start Times (us): [0, 0, 0, 0, 0, 0, 0, 0, 0, 0]
INFO:__main__:Flow Rate (Gbps): [9.999579, 9.999883, 9.999954, 9.999992, 10.000223, 9.999823, 9.999973, 10.000168, 9.999826, 9.999983]
INFO:__main__:Flow Size (B): [172044, 599238, 377622, 294516, 347004, 183708, 459270, 237654, 329508, 587574]
INFO:__main__:Num Byteloads: [118, 411, 259, 202, 238, 126, 315, 163, 226, 403]
INFO:__main__:Flow Send Durations (us): [137.6352, 479.3904, 302.0976, 235.61280000000002, 277.60319999999996, 146.9664, 367.416, 190.1232, 263.6064, 470.05920000000003]
INFO:__main__:Flow Min Byteload Size (B): [1458, 1458, 1458, 1458, 1458, 1458, 1458, 1458, 1458, 1458]
INFO:__main__:Flow Max Byteload Size (B): [1458, 1458, 1458, 1458, 1458, 1458, 1458, 1458, 1458, 1458]
INFO:__main__:Flow Min Interval (us): [0.001, 0.001, 0.006, 0.003, 0.001, 0.001, 0.004, 0.001, 0.001, 0.003]
INFO:__main__:Flow Max Interval (us): [5.331, 6.642, 7.577, 5.413, 6.61, 7.26, 6.735, 7.26, 7.472, 7.233]
INFO:__main__:APP Gdpt Gbps measured (SSIRD): [59.85331542176469]
INFO:__main__:APP Gdpt Gbps measured (DCTCP): [59.85331542176469]
DEBUG:__main__:APP Gdpt Gbps measured per flow (SSIRD): [[9.91483642226941, 9.975552570294116, 9.9613437978721, 9.9504866029904, 9.958205600197983, 9.920459416536943, 9.968226837587272, 9.938817588841067, 9.95557848492068, 9.975169127316114]]
DEBUG:__main__:APP Gdpt Gbps measured per flow (DCTCP): [[9.91483642226941, 9.975552570294116, 9.9613437978721, 9.9504866029904, 9.958205600197983, 9.920459416536943, 9.968226837587272, 9.938817588841067, 9.95557848492068, 9.975169127316114]]
INFO:__main__:NW Gdpt Gbps measured (SSIRD): [58.92021527701797]
INFO:__main__:NW Gdpt Gbps measured (DCTCP): [59.53661784275733]
DEBUG:__main__:NW Gdpt Gbps measured per flow (SSIRD): [[9.747535410653189, 9.839987191732785, 9.904969245480215, 9.8584411454497, 9.878203440199732, 9.8086803307654, 9.921152682932576, 9.852525535167565, 9.884412180478323, 9.918409203092892]]
DEBUG:__main__:NW Gdpt Gbps measured per flow (DCTCP): [[8.77255199394773, 9.942929676299578, 9.909875510489163, 9.862196270419448, 9.89577473822417, 8.882667585300904, 9.925789449479112, 9.466825340672134, 9.890234568410214, 9.941904290529171]]
INFO:__main__:* Sim duration (SSIRD): [0.001, 0.001, 0.001, 0.001, 0.001]
INFO:__main__:* Sim duration (DCTCP): [0.001, 0.001, 0.001, 0.001, 0.001]
INFO:__main__:* SSIRD FCT: [[0.0001412000000016178, 0.000487186000000861, 0.00030499600000055693, 0.00023899600000021337, 0.00028102600000146083, 0.00014983300000004363, 0.0003703360000013589, 0.00019296900000043138, 0.00026668900000004214, 0.0004739260000015122]]
INFO:__main__:* DCTCP FCT: [[0.0001568930000015456, 0.0004821420000009624, 0.00030484500000049763, 0.00023890500000156578, 0.0002805270000010296, 0.0001654530000010368, 0.0003701630000012557, 0.00020083100000078957, 0.00026653200000126276, 0.00047280600000121353]]
