DEBUG:__main__:Protos tested: ['SSIRD']
DEBUG:__main__:Total_flow_size_B: 1458000
DEBUG:__main__:Byteload sizes list: [1458]
DEBUG:__main__:Num Flows: 8
DEBUG:__main__:Inter-flow spacing (us): 0
DEBUG:__main__:Flow start times (us): [0, 0, 0, 0, 0, 0, 0, 0]
DEBUG:__main__:Num Byteloads list: [1000]
DEBUG:__main__:Total injection period (us): 1000
DEBUG:__main__:Inter-Byteload Periods list: [1.0]
INFO:__main__:Total Flow Size (Bytes): 1458000
INFO:__main__:Total Injection Period (us): 1000
INFO:__main__:Byteload Size (Bytes): [1458]
INFO:__main__:Num Byteloads: [1000]
INFO:__main__:Intervals (us): [1.0]
INFO:__main__:Num flows: 8
INFO:__main__:Gdpt GBps theoretical: [93.312]
INFO:__main__:* Sim duration (SSIRD): [0.005, 0.005, 0.005, 0.005, 0.005]
INFO:__main__:* Sim duration (DCTCP): [0.001, 0.001, 0.001, 0.001, 0.001]
INFO:dale_experiment_rig:Experiment started at: 2025-08-03 14:39:13.403725
INFO:dale_experiment_rig:
##### RUN GROUP #####
INFO:dale_experiment_rig:
=====
Execute experiment 8flo-1000#-1458B-1000ns_1458B_8flo_93pt312Gbps
INFO:dale_experiment_rig:Flags: 1, 1, 1, 1, 0
INFO:dale_experiment_rig:ssird_sim_duration=0.005000; dctcp_sim_duration=0.001000
INFO:dale_experiment_rig:-----
Preparing experiment input MRIs
INFO:dale_experiment_rig:### Creating MRI inputs parent dir: /home/dalehuang/Documents/ICL/msc_proj/SIRD-Simulator/scripts/r2p2/coord/config/manual-req-intervals/dale_experiments/Normal_Byteloads_1458B_8flo_93pt312Gbps/
INFO:dale_experiment_rig:File /home/dalehuang/Documents/ICL/msc_proj/SIRD-Simulator/scripts/r2p2/coord/config/manual-req-intervals/dale_experiments/Normal_Byteloads_1458B_8flo_93pt312Gbps/ aready exists.
DEBUG:dale_experiment_rig:num flows: 8
INFO:dale_experiment_rig:-----
Preparing experiment spec scripts
INFO:dale_experiment_rig:### Creating spec scripts parent dir: /home/dalehuang/Documents/ICL/msc_proj/SIRD-Simulator/scripts/r2p2/coord/config/dale_experiments/Normal_Byteloads_1458B_8flo_93pt312Gbps/
INFO:dale_experiment_rig:#### WARNING: File /home/dalehuang/Documents/ICL/msc_proj/SIRD-Simulator/scripts/r2p2/coord/config/dale_experiments/Normal_Byteloads_1458B_8flo_93pt312Gbps/ aready exists.
INFO:dale_experiment_rig:-----
Running experiment for SSIRD
INFO:dale_experiment_rig:### Script:/home/dalehuang/Documents/ICL/msc_proj/SIRD-Simulator/scripts/r2p2/coord/config/dale_experiments/Normal_Byteloads_1458B_8flo_93pt312Gbps/SSIRD-8flo-1000#-1458B-1000ns_1458B_8flo_93pt312Gbps.sh
INFO:dale_experiment_rig:### Output path (stdout): /home/dalehuang/Documents/ICL/msc_proj/SIRD-Simulator/scripts/r2p2/coord/outputs/Normal_Byteloads_1458B_8flo_93pt312Gbps/ssird_8flo-1000#-1458B-1000ns_1458B_8flo_93pt312Gbps_stdout.out
INFO:dale_experiment_rig:### Output path (stderr): /home/dalehuang/Documents/ICL/msc_proj/SIRD-Simulator/scripts/r2p2/coord/outputs/Normal_Byteloads_1458B_8flo_93pt312Gbps/ssird_8flo-1000#-1458B-1000ns_1458B_8flo_93pt312Gbps_stderr.out
INFO:dale_experiment_rig:-----
Backing up app trace file paths
DEBUG:dale_experiment_rig:/home/dalehuang/Documents/ICL/msc_proj/SIRD-Simulator/scripts/r2p2/post-process/experiment_app_trace_paths/Normal_Byteloads_1458B_8flo_93pt312Gbps/8flo/SSIRD_app_traces.txt
INFO:dale_experiment_rig:-----
Backing up app trace file paths
DEBUG:dale_experiment_rig:/home/dalehuang/Documents/ICL/msc_proj/SIRD-Simulator/scripts/r2p2/post-process/experiment_app_trace_paths/Normal_Byteloads_1458B_8flo_93pt312Gbps/8flo/DCTCP-50_app_traces.txt
INFO:dale_experiment_rig:Simulations ended at: 2025-08-03 14:43:15.547232
INFO:dale_experiment_rig:
##### POST PROCESS RESULTS #####
INFO:dale_experiment_rig:=====
** Num Byteloads Per Flow: 1000, Byteload Size (B): 1458, Inter-Byteload Interval (us): 1.0, ssird_sim_dur (s): 0.005, dctcp_sim_dur (s): 0.001
INFO:dale_experiment_rig:Processing SIRD results exp_id 0:: 8flo-1000#-1458B
INFO:dale_experiment_rig:Processing results from /home/dalehuang/Documents/ICL/msc_proj/SIRD-Simulator/scripts/r2p2/coord/results/SSIRD-8flo-1000#-1458B-1000ns_1458B_8flo_93pt312Gbps/data/SSIRD/60/applications_trace.str
INFO:dale_experiment_rig:Flow 0:: num of byteloads: 1000, num srq events: 1000, num rrq events: 995
DEBUG:dale_experiment_rig:Flow 0:: first_event_name: srq, final_event_name: rrq, expected_data_B: 1458000, recv_data_B: 1458000
INFO:dale_experiment_rig:Flow 1:: num of byteloads: 1000, num srq events: 1000, num rrq events: 994
DEBUG:dale_experiment_rig:Flow 1:: first_event_name: srq, final_event_name: rrq, expected_data_B: 1458000, recv_data_B: 1458000
INFO:dale_experiment_rig:Flow 2:: num of byteloads: 1000, num srq events: 1000, num rrq events: 992
DEBUG:dale_experiment_rig:Flow 2:: first_event_name: srq, final_event_name: rrq, expected_data_B: 1458000, recv_data_B: 1458000
INFO:dale_experiment_rig:Flow 3:: num of byteloads: 1000, num srq events: 1000, num rrq events: 990
DEBUG:dale_experiment_rig:Flow 3:: first_event_name: srq, final_event_name: rrq, expected_data_B: 1458000, recv_data_B: 1458000
INFO:dale_experiment_rig:Flow 4:: num of byteloads: 1000, num srq events: 1000, num rrq events: 986
DEBUG:dale_experiment_rig:Flow 4:: first_event_name: srq, final_event_name: rrq, expected_data_B: 1458000, recv_data_B: 1458000
INFO:dale_experiment_rig:Flow 5:: num of byteloads: 1000, num srq events: 1000, num rrq events: 978
DEBUG:dale_experiment_rig:Flow 5:: first_event_name: srq, final_event_name: rrq, expected_data_B: 1458000, recv_data_B: 1458000
INFO:dale_experiment_rig:Flow 6:: num of byteloads: 1000, num srq events: 1000, num rrq events: 946
DEBUG:dale_experiment_rig:Flow 6:: first_event_name: srq, final_event_name: rrq, expected_data_B: 1458000, recv_data_B: 1458000
INFO:dale_experiment_rig:Flow 7:: num of byteloads: 1000, num srq events: 1000, num rrq events: 1
DEBUG:dale_experiment_rig:Flow 7:: first_event_name: srq, final_event_name: rrq, expected_data_B: 1458000, recv_data_B: 1458000
INFO:dale_experiment_rig:SSIRD FCT: [0.0010019240000005425, 0.0010020470000000614, 0.0010021700000013567, 0.0010022930000008756, 0.0010024160000003945, 0.0010025399999999962, 0.0010026630000012915, 0.001045480000000154] ms
App Gdpt (overall): 93.39372972971158 Gbps
App Gdpt (per flow): [11.663999999997733, 11.663999999997733, 11.663999999997733, 11.663999999997733, 11.663999999997733, 11.663999999997733, 11.663999999997733, 11.663999999997733]
Network Gdpt (overall): 89.25278341047773
Network Gdpt (per flow): [11.641601558594948, 11.640172566755137, 11.638743925665517, 11.63731563523821, 11.635887695323508, 11.634448500807991, 11.63302126435799, 11.156597926309717]
ERROR:dale_experiment_rig:No results for DCTCP
INFO:dale_experiment_rig:
##### GENERATE METRICS #####
INFO:__main__:Total Flow Size (Bytes): 1458000
INFO:__main__:Total Injection Period (us): 1000
INFO:__main__:Byteload Size (Bytes): [1458]
INFO:__main__:Num Byteloads: [1000]
INFO:__main__:Intervals (us): [1.0]
INFO:__main__:Num flows: 8
DEBUG:__main__:Flow start times (us): [0, 0, 0, 0, 0, 0, 0, 0]
INFO:__main__:Gdpt Gbps theoretical: [93.312]
INFO:__main__:APP Gdpt Gbps measured (SSIRD): [93.39372972971158]
INFO:__main__:APP Gdpt Gbps measured (DCTCP): [None]
DEBUG:__main__:APP Gdpt Gbps measured per flow (SSIRD): [[11.663999999997733, 11.663999999997733, 11.663999999997733, 11.663999999997733, 11.663999999997733, 11.663999999997733, 11.663999999997733, 11.663999999997733]]
DEBUG:__main__:APP Gdpt Gbps measured per flow (DCTCP): [None]
INFO:__main__:NW Gdpt Gbps measured (SSIRD): [89.25278341047773]
INFO:__main__:NW Gdpt Gbps measured (DCTCP): [None]
DEBUG:__main__:NW Gdpt Gbps measured per flow (SSIRD): [[11.641601558594948, 11.640172566755137, 11.638743925665517, 11.63731563523821, 11.635887695323508, 11.634448500807991, 11.63302126435799, 11.156597926309717]]
DEBUG:__main__:NW Gdpt Gbps measured per flow (DCTCP): [None]
INFO:__main__:* Sim duration (SSIRD): [0.005, 0.005, 0.005, 0.005, 0.005]
INFO:__main__:* Sim duration (DCTCP): [0.001, 0.001, 0.001, 0.001, 0.001]
INFO:__main__:* SSIRD FCT: [[0.0010019240000005425, 0.0010020470000000614, 0.0010021700000013567, 0.0010022930000008756, 0.0010024160000003945, 0.0010025399999999962, 0.0010026630000012915, 0.001045480000000154]]
INFO:__main__:* DCTCP FCT: [None]
