DEBUG:__main__:Protos tested: ['SSIRD']
DEBUG:__main__:Total_flow_size_B: 145800
DEBUG:__main__:Byteload sizes list: [1458]
DEBUG:__main__:Num Flows: 8
DEBUG:__main__:Inter-flow spacing (us): 0
DEBUG:__main__:Flow start times (us): [0, 0, 0, 0, 0, 0, 0, 0]
DEBUG:__main__:Num Byteloads list: [100]
DEBUG:__main__:Total injection period (us): 100
DEBUG:__main__:Inter-Byteload Periods list: [1.0]
INFO:__main__:Total Flow Size (Bytes): 145800
INFO:__main__:Total Injection Period (us): 100
INFO:__main__:Byteload Size (Bytes): [1458]
INFO:__main__:Num Byteloads: [100]
INFO:__main__:Intervals (us): [1.0]
INFO:__main__:Num flows: 8
INFO:__main__:Gdpt GBps theoretical: [93.312]
INFO:__main__:* Sim duration (SSIRD): [0.0005, 0.0005, 0.0005, 0.0005, 0.0005]
INFO:__main__:* Sim duration (DCTCP): [0.001, 0.001, 0.001, 0.001, 0.001]
INFO:dale_experiment_rig:Experiment started at: 2025-08-03 14:06:29.471675
INFO:dale_experiment_rig:
##### RUN GROUP #####
INFO:dale_experiment_rig:
=====
Execute experiment 8flo-100#-1458B-1000ns_1458B_8flo_93pt312Gbps
INFO:dale_experiment_rig:Flags: 1, 1, 1, 1, 0
INFO:dale_experiment_rig:ssird_sim_duration=0.000500; dctcp_sim_duration=0.001000
INFO:dale_experiment_rig:-----
Preparing experiment input MRIs
INFO:dale_experiment_rig:### Creating MRI inputs parent dir: /home/dalehuang/Documents/ICL/msc_proj/SIRD-Simulator/scripts/r2p2/coord/config/manual-req-intervals/dale_experiments/Normal_Byteloads_1458B_8flo_93pt312Gbps/
INFO:dale_experiment_rig:File /home/dalehuang/Documents/ICL/msc_proj/SIRD-Simulator/scripts/r2p2/coord/config/manual-req-intervals/dale_experiments/Normal_Byteloads_1458B_8flo_93pt312Gbps/ aready exists.
DEBUG:dale_experiment_rig:num flows: 8
INFO:dale_experiment_rig:-----
Preparing experiment spec scripts
INFO:dale_experiment_rig:### Creating spec scripts parent dir: /home/dalehuang/Documents/ICL/msc_proj/SIRD-Simulator/scripts/r2p2/coord/config/dale_experiments/Normal_Byteloads_1458B_8flo_93pt312Gbps/
INFO:dale_experiment_rig:#### WARNING: File /home/dalehuang/Documents/ICL/msc_proj/SIRD-Simulator/scripts/r2p2/coord/config/dale_experiments/Normal_Byteloads_1458B_8flo_93pt312Gbps/ aready exists.
INFO:dale_experiment_rig:-----
Running experiment for SSIRD
INFO:dale_experiment_rig:### Script:/home/dalehuang/Documents/ICL/msc_proj/SIRD-Simulator/scripts/r2p2/coord/config/dale_experiments/Normal_Byteloads_1458B_8flo_93pt312Gbps/SSIRD-8flo-100#-1458B-1000ns_1458B_8flo_93pt312Gbps.sh
INFO:dale_experiment_rig:### Output path (stdout): /home/dalehuang/Documents/ICL/msc_proj/SIRD-Simulator/scripts/r2p2/coord/outputs/Normal_Byteloads_1458B_8flo_93pt312Gbps/ssird_8flo-100#-1458B-1000ns_1458B_8flo_93pt312Gbps_stdout.out
INFO:dale_experiment_rig:### Output path (stderr): /home/dalehuang/Documents/ICL/msc_proj/SIRD-Simulator/scripts/r2p2/coord/outputs/Normal_Byteloads_1458B_8flo_93pt312Gbps/ssird_8flo-100#-1458B-1000ns_1458B_8flo_93pt312Gbps_stderr.out
INFO:dale_experiment_rig:-----
Backing up app trace file paths
DEBUG:dale_experiment_rig:/home/dalehuang/Documents/ICL/msc_proj/SIRD-Simulator/scripts/r2p2/post-process/experiment_app_trace_paths/Normal_Byteloads_1458B_8flo_93pt312Gbps/8flo/SSIRD_app_traces.txt
INFO:dale_experiment_rig:-----
Backing up app trace file paths
DEBUG:dale_experiment_rig:/home/dalehuang/Documents/ICL/msc_proj/SIRD-Simulator/scripts/r2p2/post-process/experiment_app_trace_paths/Normal_Byteloads_1458B_8flo_93pt312Gbps/8flo/DCTCP-50_app_traces.txt
INFO:dale_experiment_rig:Simulations ended at: 2025-08-03 14:08:23.843701
INFO:dale_experiment_rig:
##### POST PROCESS RESULTS #####
INFO:dale_experiment_rig:=====
** Num Byteloads Per Flow: 100, Byteload Size (B): 1458, Inter-Byteload Interval (us): 1.0, ssird_sim_dur (s): 0.0005, dctcp_sim_dur (s): 0.001
INFO:dale_experiment_rig:Processing SIRD results exp_id 0:: 8flo-100#-1458B
INFO:dale_experiment_rig:Processing results from /home/dalehuang/Documents/ICL/msc_proj/SIRD-Simulator/scripts/r2p2/coord/results/SSIRD-8flo-100#-1458B-1000ns_1458B_8flo_93pt312Gbps/data/SSIRD/60/applications_trace.str
INFO:dale_experiment_rig:Flow 0:: num of byteloads: 100, num srq events: 100, num rrq events: 95
DEBUG:dale_experiment_rig:Flow 0:: first_event_name: srq, final_event_name: rrq, expected_data_B: 145800, recv_data_B: 145800
INFO:dale_experiment_rig:Flow 1:: num of byteloads: 100, num srq events: 100, num rrq events: 94
DEBUG:dale_experiment_rig:Flow 1:: first_event_name: srq, final_event_name: rrq, expected_data_B: 145800, recv_data_B: 145800
INFO:dale_experiment_rig:Flow 2:: num of byteloads: 100, num srq events: 100, num rrq events: 92
DEBUG:dale_experiment_rig:Flow 2:: first_event_name: srq, final_event_name: rrq, expected_data_B: 145800, recv_data_B: 145800
INFO:dale_experiment_rig:Flow 3:: num of byteloads: 100, num srq events: 100, num rrq events: 90
DEBUG:dale_experiment_rig:Flow 3:: first_event_name: srq, final_event_name: rrq, expected_data_B: 145800, recv_data_B: 145800
INFO:dale_experiment_rig:Flow 4:: num of byteloads: 100, num srq events: 100, num rrq events: 86
DEBUG:dale_experiment_rig:Flow 4:: first_event_name: srq, final_event_name: rrq, expected_data_B: 145800, recv_data_B: 145800
INFO:dale_experiment_rig:Flow 5:: num of byteloads: 100, num srq events: 100, num rrq events: 78
DEBUG:dale_experiment_rig:Flow 5:: first_event_name: srq, final_event_name: rrq, expected_data_B: 145800, recv_data_B: 145800
INFO:dale_experiment_rig:Flow 6:: num of byteloads: 100, num srq events: 100, num rrq events: 46
DEBUG:dale_experiment_rig:Flow 6:: first_event_name: srq, final_event_name: rrq, expected_data_B: 145800, recv_data_B: 145800
INFO:dale_experiment_rig:Flow 7:: num of byteloads: 100, num srq events: 100, num rrq events: 1
DEBUG:dale_experiment_rig:Flow 7:: first_event_name: srq, final_event_name: rrq, expected_data_B: 145800, recv_data_B: 145800
INFO:dale_experiment_rig:SSIRD FCT: [0.00010185700000064912, 0.00010198000000016805, 0.00010210400000154607, 0.000102227000001065, 0.00010235000000058392, 0.00010247300000010284, 0.00010259600000139812, 0.00011120799999986275] ms
App Gdpt (overall): 94.13672727223725 Gbps
App Gdpt (per flow): [11.663999999939284, 11.663999999939284, 11.663999999939284, 11.663999999939284, 11.663999999939284, 11.663999999939284, 11.663999999939284, 11.663999999939284]
Network Gdpt (overall): 83.90763254452483
Network Gdpt (per flow): [11.451348459041272, 11.437536771897216, 11.423646477927782, 11.409901493615664, 11.396189545611584, 11.382510514953493, 11.368864283052995, 10.488454068065604]
ERROR:dale_experiment_rig:No results for DCTCP
INFO:dale_experiment_rig:
##### GENERATE METRICS #####
INFO:__main__:Total Flow Size (Bytes): 145800
INFO:__main__:Total Injection Period (us): 100
INFO:__main__:Byteload Size (Bytes): [1458]
INFO:__main__:Num Byteloads: [100]
INFO:__main__:Intervals (us): [1.0]
INFO:__main__:Num flows: 8
DEBUG:__main__:Flow start times (us): [0, 0, 0, 0, 0, 0, 0, 0]
INFO:__main__:Gdpt Gbps theoretical: [93.312]
INFO:__main__:APP Gdpt Gbps measured (SSIRD): [94.13672727223725]
INFO:__main__:APP Gdpt Gbps measured (DCTCP): [None]
DEBUG:__main__:APP Gdpt Gbps measured per flow (SSIRD): [[11.663999999939284, 11.663999999939284, 11.663999999939284, 11.663999999939284, 11.663999999939284, 11.663999999939284, 11.663999999939284, 11.663999999939284]]
DEBUG:__main__:APP Gdpt Gbps measured per flow (DCTCP): [None]
INFO:__main__:NW Gdpt Gbps measured (SSIRD): [83.90763254452483]
INFO:__main__:NW Gdpt Gbps measured (DCTCP): [None]
DEBUG:__main__:NW Gdpt Gbps measured per flow (SSIRD): [[11.451348459041272, 11.437536771897216, 11.423646477927782, 11.409901493615664, 11.396189545611584, 11.382510514953493, 11.368864283052995, 10.488454068065604]]
DEBUG:__main__:NW Gdpt Gbps measured per flow (DCTCP): [None]
INFO:__main__:* Sim duration (SSIRD): [0.0005, 0.0005, 0.0005, 0.0005, 0.0005]
INFO:__main__:* Sim duration (DCTCP): [0.001, 0.001, 0.001, 0.001, 0.001]
INFO:__main__:* SSIRD FCT: [[0.00010185700000064912, 0.00010198000000016805, 0.00010210400000154607, 0.000102227000001065, 0.00010235000000058392, 0.00010247300000010284, 0.00010259600000139812, 0.00011120799999986275]]
INFO:__main__:* DCTCP FCT: [None]
