DEBUG:__main__:Protos tested: ['SSIRD', 'DCTCP-50']
DEBUG:__main__:Src-Dst Pairs: [(1, 0), (2, 0), (3, 0)]
DEBUG:__main__:Total_flow_size_B: 20000
DEBUG:__main__:Byteload sizes list: [2000]
DEBUG:__main__:Num Flows Per Sendr/Recvr Pair: 31
DEBUG:__main__:Inter-flow spacing (us): 0
DEBUG:__main__:Flow start times (us): [0, 0, 0, 0, 0, 0, 0, 0, 0, 0, 0, 0, 0, 0, 0, 0, 0, 0, 0, 0, 0, 0, 0, 0, 0, 0, 0, 0, 0, 0, 0]
DEBUG:__main__:Num Byteloads list: [10]
DEBUG:__main__:Total injection period (us): 100
DEBUG:__main__:Inter-Byteload Periods list: [10.0]
INFO:__main__:Src-Dst Pairs: [(1, 0), (2, 0), (3, 0)]
INFO:__main__:Total Flow Size (Bytes): 20000
INFO:__main__:Total Injection Period (us): 100
INFO:__main__:Byteload Size (Bytes): [2000]
INFO:__main__:Num Byteloads: [10]
INFO:__main__:Intervals (us): [10.0]
INFO:__main__:Num flows per Sendr/Recvr Pair: 31
INFO:__main__:Gdpt GBps theoretical: [148.8]
INFO:__main__:* Sim duration (SSIRD): [0.02]
INFO:__main__:* Sim duration (DCTCP): [0.02]
INFO:dale_experiment_rig:Experiment started at: 2025-08-04 12:29:49.100545
INFO:dale_experiment_rig:
##### RUN GROUP #####
INFO:dale_experiment_rig:
=====
Execute experiment 31flo-10#-2000B-10000ns_3to1_incast_31flo_1pt6GbpsFlo
INFO:dale_experiment_rig:Flags: 1, 1, 1, 1, 0
INFO:dale_experiment_rig:
=====
Execute experiment 31flo-10#-2000B-10000ns_3to1_incast_31flo_1pt6GbpsFlo
INFO:dale_experiment_rig:ssird_sim_duration=0.020000; dctcp_sim_duration=0.020000
INFO:dale_experiment_rig:Flags: 1, 1, 1, 1, 0
INFO:dale_experiment_rig:-----
Preparing experiment input MRIs
INFO:dale_experiment_rig:ssird_sim_duration=0.020000; dctcp_sim_duration=0.020000
INFO:dale_experiment_rig:### Creating MRI inputs parent dir: /data/dh1723/SIRD-Simulator/scripts/r2p2/coord/config/manual-req-intervals/dale_experiments/FCT_Incast_3to1_incast_31flo_1pt6GbpsFlo/
INFO:dale_experiment_rig:-----
Preparing experiment input MRIs
INFO:dale_experiment_rig:### Creating MRI inputs parent dir: /data/dh1723/SIRD-Simulator/scripts/r2p2/coord/config/manual-req-intervals/dale_experiments/FCT_Incast_3to1_incast_31flo_1pt6GbpsFlo/
DEBUG:dale_experiment_rig:num flows: 31
INFO:dale_experiment_rig:File /data/dh1723/SIRD-Simulator/scripts/r2p2/coord/config/manual-req-intervals/dale_experiments/FCT_Incast_3to1_incast_31flo_1pt6GbpsFlo/ aready exists.
DEBUG:dale_experiment_rig:num flows: 31
DEBUG:dale_experiment_rig:num flows: 31
DEBUG:dale_experiment_rig:num flows: 31
DEBUG:dale_experiment_rig:num flows: 31
DEBUG:dale_experiment_rig:num flows: 31
INFO:dale_experiment_rig:-----
Preparing experiment spec scripts
INFO:dale_experiment_rig:-----
Preparing experiment spec scripts
INFO:dale_experiment_rig:### Creating spec scripts parent dir: /data/dh1723/SIRD-Simulator/scripts/r2p2/coord/config/dale_experiments/FCT_Incast_3to1_incast_31flo_1pt6GbpsFlo/
INFO:dale_experiment_rig:### Creating spec scripts parent dir: /data/dh1723/SIRD-Simulator/scripts/r2p2/coord/config/dale_experiments/FCT_Incast_3to1_incast_31flo_1pt6GbpsFlo/
INFO:dale_experiment_rig:#### WARNING: File /data/dh1723/SIRD-Simulator/scripts/r2p2/coord/config/dale_experiments/FCT_Incast_3to1_incast_31flo_1pt6GbpsFlo/ aready exists.
INFO:dale_experiment_rig:-----
Running experiment for DCTCP-50
INFO:dale_experiment_rig:### Script:/data/dh1723/SIRD-Simulator/scripts/r2p2/coord/config/dale_experiments/FCT_Incast_3to1_incast_31flo_1pt6GbpsFlo/DCTCP-50-31flo-10#-2000B-10000ns_3to1_incast_31flo_1pt6GbpsFlo.sh
INFO:dale_experiment_rig:-----
Running experiment for SSIRD
INFO:dale_experiment_rig:### Output path (stdout): /data/dh1723/SIRD-Simulator/scripts/r2p2/coord/outputs/FCT_Incast_3to1_incast_31flo_1pt6GbpsFlo/DCTCP-50_31flo-10#-2000B-10000ns_3to1_incast_31flo_1pt6GbpsFlo_stdout.out
INFO:dale_experiment_rig:### Script:/data/dh1723/SIRD-Simulator/scripts/r2p2/coord/config/dale_experiments/FCT_Incast_3to1_incast_31flo_1pt6GbpsFlo/SSIRD-31flo-10#-2000B-10000ns_3to1_incast_31flo_1pt6GbpsFlo.sh
INFO:dale_experiment_rig:### Output path (stderr): /data/dh1723/SIRD-Simulator/scripts/r2p2/coord/outputs/FCT_Incast_3to1_incast_31flo_1pt6GbpsFlo/DCTCP-50_31flo-10#-2000B-10000ns_3to1_incast_31flo_1pt6GbpsFlo_stderr.out
INFO:dale_experiment_rig:### Output path (stdout): /data/dh1723/SIRD-Simulator/scripts/r2p2/coord/outputs/FCT_Incast_3to1_incast_31flo_1pt6GbpsFlo/ssird_31flo-10#-2000B-10000ns_3to1_incast_31flo_1pt6GbpsFlo_stdout.out
INFO:dale_experiment_rig:### Output path (stderr): /data/dh1723/SIRD-Simulator/scripts/r2p2/coord/outputs/FCT_Incast_3to1_incast_31flo_1pt6GbpsFlo/ssird_31flo-10#-2000B-10000ns_3to1_incast_31flo_1pt6GbpsFlo_stderr.out
INFO:dale_experiment_rig:-----
Backing up app trace file paths
DEBUG:dale_experiment_rig:/data/dh1723/SIRD-Simulator/scripts/r2p2/post-process/experiment_app_trace_paths/FCT_Incast_3to1_incast_31flo_1pt6GbpsFlo/31flo/SSIRD_app_traces.txt
INFO:dale_experiment_rig:-----
Backing up app trace file paths
DEBUG:dale_experiment_rig:/data/dh1723/SIRD-Simulator/scripts/r2p2/post-process/experiment_app_trace_paths/FCT_Incast_3to1_incast_31flo_1pt6GbpsFlo/31flo/DCTCP-50_app_traces.txt
INFO:dale_experiment_rig:Simulations ended at: 2025-08-04 19:47:07.630741
INFO:dale_experiment_rig:
##### POST PROCESS RESULTS #####
INFO:dale_experiment_rig:=====
** Num Byteloads Per Flow: 10, Byteload Size (B): 2000, Inter-Byteload Interval (us): 10.0, ssird_sim_dur (s): 0.02, dctcp_sim_dur (s): 0.02
INFO:dale_experiment_rig:Processing SIRD results exp_id 0:: 31flo-10#-2000B
INFO:dale_experiment_rig:Processing results from /data/dh1723/SIRD-Simulator/scripts/r2p2/coord/results/SSIRD-31flo-10#-2000B-10000ns_3to1_incast_31flo_1pt6GbpsFlo/data/SSIRD/60/applications_trace.str
INFO:dale_experiment_rig:Flow 0:: num of byteloads: 10, num srq events: 10, num rrq events: 10
DEBUG:dale_experiment_rig:Flow 0:: first_event_name: srq, final_event_name: rrq, expected_data_B: 20000, recv_data_B: 20000
INFO:dale_experiment_rig:Flow 1:: num of byteloads: 10, num srq events: 10, num rrq events: 10
DEBUG:dale_experiment_rig:Flow 1:: first_event_name: srq, final_event_name: rrq, expected_data_B: 20000, recv_data_B: 20000
INFO:dale_experiment_rig:Flow 2:: num of byteloads: 10, num srq events: 10, num rrq events: 1
DEBUG:dale_experiment_rig:Flow 2:: first_event_name: srq, final_event_name: rrq, expected_data_B: 20000, recv_data_B: 20000
INFO:dale_experiment_rig:Flow 3:: num of byteloads: 10, num srq events: 10, num rrq events: 1
DEBUG:dale_experiment_rig:Flow 3:: first_event_name: srq, final_event_name: rrq, expected_data_B: 20000, recv_data_B: 20000
INFO:dale_experiment_rig:Flow 4:: num of byteloads: 10, num srq events: 10, num rrq events: 1
DEBUG:dale_experiment_rig:Flow 4:: first_event_name: srq, final_event_name: rrq, expected_data_B: 20000, recv_data_B: 20000
INFO:dale_experiment_rig:Flow 5:: num of byteloads: 10, num srq events: 10, num rrq events: 1
DEBUG:dale_experiment_rig:Flow 5:: first_event_name: srq, final_event_name: rrq, expected_data_B: 20000, recv_data_B: 20000
INFO:dale_experiment_rig:Flow 6:: num of byteloads: 10, num srq events: 10, num rrq events: 1
DEBUG:dale_experiment_rig:Flow 6:: first_event_name: srq, final_event_name: rrq, expected_data_B: 20000, recv_data_B: 20000
INFO:dale_experiment_rig:Flow 7:: num of byteloads: 10, num srq events: 10, num rrq events: 5
DEBUG:dale_experiment_rig:Flow 7:: first_event_name: srq, final_event_name: rrq, expected_data_B: 20000, recv_data_B: 20000
INFO:dale_experiment_rig:Flow 8:: num of byteloads: 10, num srq events: 10, num rrq events: 8
DEBUG:dale_experiment_rig:Flow 8:: first_event_name: srq, final_event_name: rrq, expected_data_B: 20000, recv_data_B: 20000
INFO:dale_experiment_rig:Flow 9:: num of byteloads: 10, num srq events: 10, num rrq events: 7
DEBUG:dale_experiment_rig:Flow 9:: first_event_name: srq, final_event_name: rrq, expected_data_B: 20000, recv_data_B: 20000
INFO:dale_experiment_rig:Flow 10:: num of byteloads: 10, num srq events: 10, num rrq events: 8
DEBUG:dale_experiment_rig:Flow 10:: first_event_name: srq, final_event_name: rrq, expected_data_B: 20000, recv_data_B: 20000
INFO:dale_experiment_rig:Flow 11:: num of byteloads: 10, num srq events: 10, num rrq events: 1
DEBUG:dale_experiment_rig:Flow 11:: first_event_name: srq, final_event_name: rrq, expected_data_B: 20000, recv_data_B: 20000
INFO:dale_experiment_rig:Flow 12:: num of byteloads: 10, num srq events: 10, num rrq events: 1
DEBUG:dale_experiment_rig:Flow 12:: first_event_name: srq, final_event_name: rrq, expected_data_B: 20000, recv_data_B: 20000
INFO:dale_experiment_rig:Flow 13:: num of byteloads: 10, num srq events: 10, num rrq events: 7
DEBUG:dale_experiment_rig:Flow 13:: first_event_name: srq, final_event_name: rrq, expected_data_B: 20000, recv_data_B: 20000
INFO:dale_experiment_rig:Flow 14:: num of byteloads: 10, num srq events: 10, num rrq events: 8
DEBUG:dale_experiment_rig:Flow 14:: first_event_name: srq, final_event_name: rrq, expected_data_B: 20000, recv_data_B: 20000
INFO:dale_experiment_rig:Flow 15:: num of byteloads: 10, num srq events: 10, num rrq events: 9
DEBUG:dale_experiment_rig:Flow 15:: first_event_name: srq, final_event_name: rrq, expected_data_B: 20000, recv_data_B: 20000
INFO:dale_experiment_rig:Flow 16:: num of byteloads: 10, num srq events: 10, num rrq events: 8
DEBUG:dale_experiment_rig:Flow 16:: first_event_name: srq, final_event_name: rrq, expected_data_B: 20000, recv_data_B: 20000
INFO:dale_experiment_rig:Flow 17:: num of byteloads: 10, num srq events: 10, num rrq events: 9
DEBUG:dale_experiment_rig:Flow 17:: first_event_name: srq, final_event_name: rrq, expected_data_B: 20000, recv_data_B: 20000
INFO:dale_experiment_rig:Flow 18:: num of byteloads: 10, num srq events: 10, num rrq events: 8
DEBUG:dale_experiment_rig:Flow 18:: first_event_name: srq, final_event_name: rrq, expected_data_B: 20000, recv_data_B: 20000
INFO:dale_experiment_rig:Flow 19:: num of byteloads: 10, num srq events: 10, num rrq events: 6
DEBUG:dale_experiment_rig:Flow 19:: first_event_name: srq, final_event_name: rrq, expected_data_B: 20000, recv_data_B: 20000
INFO:dale_experiment_rig:Flow 20:: num of byteloads: 10, num srq events: 10, num rrq events: 1
DEBUG:dale_experiment_rig:Flow 20:: first_event_name: srq, final_event_name: rrq, expected_data_B: 20000, recv_data_B: 20000
INFO:dale_experiment_rig:Flow 21:: num of byteloads: 10, num srq events: 10, num rrq events: 1
DEBUG:dale_experiment_rig:Flow 21:: first_event_name: srq, final_event_name: rrq, expected_data_B: 20000, recv_data_B: 20000
INFO:dale_experiment_rig:Flow 22:: num of byteloads: 10, num srq events: 10, num rrq events: 1
DEBUG:dale_experiment_rig:Flow 22:: first_event_name: srq, final_event_name: rrq, expected_data_B: 20000, recv_data_B: 20000
INFO:dale_experiment_rig:Flow 23:: num of byteloads: 10, num srq events: 10, num rrq events: 1
DEBUG:dale_experiment_rig:Flow 23:: first_event_name: srq, final_event_name: rrq, expected_data_B: 20000, recv_data_B: 20000
INFO:dale_experiment_rig:Flow 24:: num of byteloads: 10, num srq events: 10, num rrq events: 1
DEBUG:dale_experiment_rig:Flow 24:: first_event_name: srq, final_event_name: rrq, expected_data_B: 20000, recv_data_B: 20000
INFO:dale_experiment_rig:Flow 25:: num of byteloads: 10, num srq events: 10, num rrq events: 2
DEBUG:dale_experiment_rig:Flow 25:: first_event_name: srq, final_event_name: rrq, expected_data_B: 20000, recv_data_B: 20000
INFO:dale_experiment_rig:Flow 26:: num of byteloads: 10, num srq events: 10, num rrq events: 6
DEBUG:dale_experiment_rig:Flow 26:: first_event_name: srq, final_event_name: rrq, expected_data_B: 20000, recv_data_B: 20000
INFO:dale_experiment_rig:Flow 27:: num of byteloads: 10, num srq events: 10, num rrq events: 7
DEBUG:dale_experiment_rig:Flow 27:: first_event_name: srq, final_event_name: rrq, expected_data_B: 20000, recv_data_B: 20000
INFO:dale_experiment_rig:Flow 28:: num of byteloads: 10, num srq events: 10, num rrq events: 9
DEBUG:dale_experiment_rig:Flow 28:: first_event_name: srq, final_event_name: rrq, expected_data_B: 20000, recv_data_B: 20000
INFO:dale_experiment_rig:Flow 29:: num of byteloads: 10, num srq events: 10, num rrq events: 10
DEBUG:dale_experiment_rig:Flow 29:: first_event_name: srq, final_event_name: rrq, expected_data_B: 20000, recv_data_B: 20000
INFO:dale_experiment_rig:Flow 30:: num of byteloads: 10, num srq events: 10, num rrq events: 10
DEBUG:dale_experiment_rig:Flow 30:: first_event_name: srq, final_event_name: rrq, expected_data_B: 20000, recv_data_B: 20000
INFO:dale_experiment_rig:Flow 0:: num of byteloads: 10, num srq events: 10, num rrq events: 9
DEBUG:dale_experiment_rig:Flow 0:: first_event_name: srq, final_event_name: rrq, expected_data_B: 20000, recv_data_B: 20000
INFO:dale_experiment_rig:Flow 1:: num of byteloads: 10, num srq events: 10, num rrq events: 8
DEBUG:dale_experiment_rig:Flow 1:: first_event_name: srq, final_event_name: rrq, expected_data_B: 20000, recv_data_B: 20000
INFO:dale_experiment_rig:Flow 2:: num of byteloads: 10, num srq events: 10, num rrq events: 8
DEBUG:dale_experiment_rig:Flow 2:: first_event_name: srq, final_event_name: rrq, expected_data_B: 20000, recv_data_B: 20000
INFO:dale_experiment_rig:Flow 3:: num of byteloads: 10, num srq events: 10, num rrq events: 1
DEBUG:dale_experiment_rig:Flow 3:: first_event_name: srq, final_event_name: rrq, expected_data_B: 20000, recv_data_B: 20000
INFO:dale_experiment_rig:Flow 4:: num of byteloads: 10, num srq events: 10, num rrq events: 1
DEBUG:dale_experiment_rig:Flow 4:: first_event_name: srq, final_event_name: rrq, expected_data_B: 20000, recv_data_B: 20000
INFO:dale_experiment_rig:Flow 5:: num of byteloads: 10, num srq events: 10, num rrq events: 8
DEBUG:dale_experiment_rig:Flow 5:: first_event_name: srq, final_event_name: rrq, expected_data_B: 20000, recv_data_B: 20000
INFO:dale_experiment_rig:Flow 6:: num of byteloads: 10, num srq events: 10, num rrq events: 1
DEBUG:dale_experiment_rig:Flow 6:: first_event_name: srq, final_event_name: rrq, expected_data_B: 20000, recv_data_B: 20000
INFO:dale_experiment_rig:Flow 7:: num of byteloads: 10, num srq events: 10, num rrq events: 9
DEBUG:dale_experiment_rig:Flow 7:: first_event_name: srq, final_event_name: rrq, expected_data_B: 20000, recv_data_B: 20000
INFO:dale_experiment_rig:Flow 8:: num of byteloads: 10, num srq events: 10, num rrq events: 1
DEBUG:dale_experiment_rig:Flow 8:: first_event_name: srq, final_event_name: rrq, expected_data_B: 20000, recv_data_B: 20000
INFO:dale_experiment_rig:Flow 9:: num of byteloads: 10, num srq events: 10, num rrq events: 1
DEBUG:dale_experiment_rig:Flow 9:: first_event_name: srq, final_event_name: rrq, expected_data_B: 20000, recv_data_B: 20000
INFO:dale_experiment_rig:Flow 10:: num of byteloads: 10, num srq events: 10, num rrq events: 1
DEBUG:dale_experiment_rig:Flow 10:: first_event_name: srq, final_event_name: rrq, expected_data_B: 20000, recv_data_B: 20000
INFO:dale_experiment_rig:Flow 11:: num of byteloads: 10, num srq events: 10, num rrq events: 1
DEBUG:dale_experiment_rig:Flow 11:: first_event_name: srq, final_event_name: rrq, expected_data_B: 20000, recv_data_B: 20000
INFO:dale_experiment_rig:Flow 12:: num of byteloads: 10, num srq events: 10, num rrq events: 5
DEBUG:dale_experiment_rig:Flow 12:: first_event_name: srq, final_event_name: rrq, expected_data_B: 20000, recv_data_B: 20000
INFO:dale_experiment_rig:Flow 13:: num of byteloads: 10, num srq events: 10, num rrq events: 6
DEBUG:dale_experiment_rig:Flow 13:: first_event_name: srq, final_event_name: rrq, expected_data_B: 20000, recv_data_B: 20000
INFO:dale_experiment_rig:Flow 14:: num of byteloads: 10, num srq events: 10, num rrq events: 8
DEBUG:dale_experiment_rig:Flow 14:: first_event_name: srq, final_event_name: rrq, expected_data_B: 20000, recv_data_B: 20000
INFO:dale_experiment_rig:Flow 15:: num of byteloads: 10, num srq events: 10, num rrq events: 7
DEBUG:dale_experiment_rig:Flow 15:: first_event_name: srq, final_event_name: rrq, expected_data_B: 20000, recv_data_B: 20000
INFO:dale_experiment_rig:Flow 16:: num of byteloads: 10, num srq events: 10, num rrq events: 9
DEBUG:dale_experiment_rig:Flow 16:: first_event_name: srq, final_event_name: rrq, expected_data_B: 20000, recv_data_B: 20000
INFO:dale_experiment_rig:Flow 17:: num of byteloads: 10, num srq events: 10, num rrq events: 7
DEBUG:dale_experiment_rig:Flow 17:: first_event_name: srq, final_event_name: rrq, expected_data_B: 20000, recv_data_B: 20000
INFO:dale_experiment_rig:Flow 18:: num of byteloads: 10, num srq events: 10, num rrq events: 6
DEBUG:dale_experiment_rig:Flow 18:: first_event_name: srq, final_event_name: rrq, expected_data_B: 20000, recv_data_B: 20000
INFO:dale_experiment_rig:Flow 19:: num of byteloads: 10, num srq events: 10, num rrq events: 3
DEBUG:dale_experiment_rig:Flow 19:: first_event_name: srq, final_event_name: rrq, expected_data_B: 20000, recv_data_B: 20000
INFO:dale_experiment_rig:Flow 20:: num of byteloads: 10, num srq events: 10, num rrq events: 1
DEBUG:dale_experiment_rig:Flow 20:: first_event_name: srq, final_event_name: rrq, expected_data_B: 20000, recv_data_B: 20000
INFO:dale_experiment_rig:Flow 21:: num of byteloads: 10, num srq events: 10, num rrq events: 1
DEBUG:dale_experiment_rig:Flow 21:: first_event_name: srq, final_event_name: rrq, expected_data_B: 20000, recv_data_B: 20000
INFO:dale_experiment_rig:Flow 22:: num of byteloads: 10, num srq events: 10, num rrq events: 1
DEBUG:dale_experiment_rig:Flow 22:: first_event_name: srq, final_event_name: rrq, expected_data_B: 20000, recv_data_B: 20000
INFO:dale_experiment_rig:Flow 23:: num of byteloads: 10, num srq events: 10, num rrq events: 1
DEBUG:dale_experiment_rig:Flow 23:: first_event_name: srq, final_event_name: rrq, expected_data_B: 20000, recv_data_B: 20000
INFO:dale_experiment_rig:Flow 24:: num of byteloads: 10, num srq events: 10, num rrq events: 1
DEBUG:dale_experiment_rig:Flow 24:: first_event_name: srq, final_event_name: rrq, expected_data_B: 20000, recv_data_B: 20000
INFO:dale_experiment_rig:Flow 25:: num of byteloads: 10, num srq events: 10, num rrq events: 1
DEBUG:dale_experiment_rig:Flow 25:: first_event_name: srq, final_event_name: rrq, expected_data_B: 20000, recv_data_B: 20000
INFO:dale_experiment_rig:Flow 26:: num of byteloads: 10, num srq events: 10, num rrq events: 1
DEBUG:dale_experiment_rig:Flow 26:: first_event_name: srq, final_event_name: rrq, expected_data_B: 20000, recv_data_B: 20000
INFO:dale_experiment_rig:Flow 27:: num of byteloads: 10, num srq events: 10, num rrq events: 6
DEBUG:dale_experiment_rig:Flow 27:: first_event_name: srq, final_event_name: rrq, expected_data_B: 20000, recv_data_B: 20000
INFO:dale_experiment_rig:Flow 28:: num of byteloads: 10, num srq events: 10, num rrq events: 9
DEBUG:dale_experiment_rig:Flow 28:: first_event_name: srq, final_event_name: rrq, expected_data_B: 20000, recv_data_B: 20000
INFO:dale_experiment_rig:Flow 29:: num of byteloads: 10, num srq events: 10, num rrq events: 7
DEBUG:dale_experiment_rig:Flow 29:: first_event_name: srq, final_event_name: rrq, expected_data_B: 20000, recv_data_B: 20000
INFO:dale_experiment_rig:Flow 30:: num of byteloads: 10, num srq events: 10, num rrq events: 6
DEBUG:dale_experiment_rig:Flow 30:: first_event_name: srq, final_event_name: rrq, expected_data_B: 20000, recv_data_B: 20000
INFO:dale_experiment_rig:Flow 0:: num of byteloads: 10, num srq events: 10, num rrq events: 6
DEBUG:dale_experiment_rig:Flow 0:: first_event_name: srq, final_event_name: rrq, expected_data_B: 20000, recv_data_B: 20000
INFO:dale_experiment_rig:Flow 1:: num of byteloads: 10, num srq events: 10, num rrq events: 1
DEBUG:dale_experiment_rig:Flow 1:: first_event_name: srq, final_event_name: rrq, expected_data_B: 20000, recv_data_B: 20000
INFO:dale_experiment_rig:Flow 2:: num of byteloads: 10, num srq events: 10, num rrq events: 1
DEBUG:dale_experiment_rig:Flow 2:: first_event_name: srq, final_event_name: rrq, expected_data_B: 20000, recv_data_B: 20000
INFO:dale_experiment_rig:Flow 3:: num of byteloads: 10, num srq events: 10, num rrq events: 1
DEBUG:dale_experiment_rig:Flow 3:: first_event_name: srq, final_event_name: rrq, expected_data_B: 20000, recv_data_B: 20000
INFO:dale_experiment_rig:Flow 4:: num of byteloads: 10, num srq events: 10, num rrq events: 10
DEBUG:dale_experiment_rig:Flow 4:: first_event_name: srq, final_event_name: rrq, expected_data_B: 20000, recv_data_B: 20000
INFO:dale_experiment_rig:Flow 5:: num of byteloads: 10, num srq events: 10, num rrq events: 1
DEBUG:dale_experiment_rig:Flow 5:: first_event_name: srq, final_event_name: rrq, expected_data_B: 20000, recv_data_B: 20000
INFO:dale_experiment_rig:Flow 6:: num of byteloads: 10, num srq events: 10, num rrq events: 9
DEBUG:dale_experiment_rig:Flow 6:: first_event_name: srq, final_event_name: rrq, expected_data_B: 20000, recv_data_B: 20000
INFO:dale_experiment_rig:Flow 7:: num of byteloads: 10, num srq events: 10, num rrq events: 7
DEBUG:dale_experiment_rig:Flow 7:: first_event_name: srq, final_event_name: rrq, expected_data_B: 20000, recv_data_B: 20000
INFO:dale_experiment_rig:Flow 8:: num of byteloads: 10, num srq events: 10, num rrq events: 9
DEBUG:dale_experiment_rig:Flow 8:: first_event_name: srq, final_event_name: rrq, expected_data_B: 20000, recv_data_B: 20000
INFO:dale_experiment_rig:Flow 9:: num of byteloads: 10, num srq events: 10, num rrq events: 7
DEBUG:dale_experiment_rig:Flow 9:: first_event_name: srq, final_event_name: rrq, expected_data_B: 20000, recv_data_B: 20000
INFO:dale_experiment_rig:Flow 10:: num of byteloads: 10, num srq events: 10, num rrq events: 8
DEBUG:dale_experiment_rig:Flow 10:: first_event_name: srq, final_event_name: rrq, expected_data_B: 20000, recv_data_B: 20000
INFO:dale_experiment_rig:Flow 11:: num of byteloads: 10, num srq events: 10, num rrq events: 9
DEBUG:dale_experiment_rig:Flow 11:: first_event_name: srq, final_event_name: rrq, expected_data_B: 20000, recv_data_B: 20000
INFO:dale_experiment_rig:Flow 12:: num of byteloads: 10, num srq events: 10, num rrq events: 1
DEBUG:dale_experiment_rig:Flow 12:: first_event_name: srq, final_event_name: rrq, expected_data_B: 20000, recv_data_B: 20000
INFO:dale_experiment_rig:Flow 13:: num of byteloads: 10, num srq events: 10, num rrq events: 1
DEBUG:dale_experiment_rig:Flow 13:: first_event_name: srq, final_event_name: rrq, expected_data_B: 20000, recv_data_B: 20000
INFO:dale_experiment_rig:Flow 14:: num of byteloads: 10, num srq events: 10, num rrq events: 1
DEBUG:dale_experiment_rig:Flow 14:: first_event_name: srq, final_event_name: rrq, expected_data_B: 20000, recv_data_B: 20000
INFO:dale_experiment_rig:Flow 15:: num of byteloads: 10, num srq events: 10, num rrq events: 7
DEBUG:dale_experiment_rig:Flow 15:: first_event_name: srq, final_event_name: rrq, expected_data_B: 20000, recv_data_B: 20000
INFO:dale_experiment_rig:Flow 16:: num of byteloads: 10, num srq events: 10, num rrq events: 7
DEBUG:dale_experiment_rig:Flow 16:: first_event_name: srq, final_event_name: rrq, expected_data_B: 20000, recv_data_B: 20000
INFO:dale_experiment_rig:Flow 17:: num of byteloads: 10, num srq events: 10, num rrq events: 4
DEBUG:dale_experiment_rig:Flow 17:: first_event_name: srq, final_event_name: rrq, expected_data_B: 20000, recv_data_B: 20000
INFO:dale_experiment_rig:Flow 18:: num of byteloads: 10, num srq events: 10, num rrq events: 1
DEBUG:dale_experiment_rig:Flow 18:: first_event_name: srq, final_event_name: rrq, expected_data_B: 20000, recv_data_B: 20000
INFO:dale_experiment_rig:Flow 19:: num of byteloads: 10, num srq events: 10, num rrq events: 1
DEBUG:dale_experiment_rig:Flow 19:: first_event_name: srq, final_event_name: rrq, expected_data_B: 20000, recv_data_B: 20000
INFO:dale_experiment_rig:Flow 20:: num of byteloads: 10, num srq events: 10, num rrq events: 1
DEBUG:dale_experiment_rig:Flow 20:: first_event_name: srq, final_event_name: rrq, expected_data_B: 20000, recv_data_B: 20000
INFO:dale_experiment_rig:Flow 21:: num of byteloads: 10, num srq events: 10, num rrq events: 1
DEBUG:dale_experiment_rig:Flow 21:: first_event_name: srq, final_event_name: rrq, expected_data_B: 20000, recv_data_B: 20000
INFO:dale_experiment_rig:Flow 22:: num of byteloads: 10, num srq events: 10, num rrq events: 9
DEBUG:dale_experiment_rig:Flow 22:: first_event_name: srq, final_event_name: rrq, expected_data_B: 20000, recv_data_B: 20000
INFO:dale_experiment_rig:Flow 23:: num of byteloads: 10, num srq events: 10, num rrq events: 1
DEBUG:dale_experiment_rig:Flow 23:: first_event_name: srq, final_event_name: rrq, expected_data_B: 20000, recv_data_B: 20000
INFO:dale_experiment_rig:Flow 24:: num of byteloads: 10, num srq events: 10, num rrq events: 1
DEBUG:dale_experiment_rig:Flow 24:: first_event_name: srq, final_event_name: rrq, expected_data_B: 20000, recv_data_B: 20000
INFO:dale_experiment_rig:Flow 25:: num of byteloads: 10, num srq events: 10, num rrq events: 9
DEBUG:dale_experiment_rig:Flow 25:: first_event_name: srq, final_event_name: rrq, expected_data_B: 20000, recv_data_B: 20000
INFO:dale_experiment_rig:Flow 26:: num of byteloads: 10, num srq events: 10, num rrq events: 7
DEBUG:dale_experiment_rig:Flow 26:: first_event_name: srq, final_event_name: rrq, expected_data_B: 20000, recv_data_B: 20000
INFO:dale_experiment_rig:Flow 27:: num of byteloads: 10, num srq events: 10, num rrq events: 8
DEBUG:dale_experiment_rig:Flow 27:: first_event_name: srq, final_event_name: rrq, expected_data_B: 20000, recv_data_B: 20000
INFO:dale_experiment_rig:Flow 28:: num of byteloads: 10, num srq events: 10, num rrq events: 1
DEBUG:dale_experiment_rig:Flow 28:: first_event_name: srq, final_event_name: rrq, expected_data_B: 20000, recv_data_B: 20000
INFO:dale_experiment_rig:Flow 29:: num of byteloads: 10, num srq events: 10, num rrq events: 1
DEBUG:dale_experiment_rig:Flow 29:: first_event_name: srq, final_event_name: rrq, expected_data_B: 20000, recv_data_B: 20000
INFO:dale_experiment_rig:Flow 30:: num of byteloads: 10, num srq events: 10, num rrq events: 1
DEBUG:dale_experiment_rig:Flow 30:: first_event_name: srq, final_event_name: rrq, expected_data_B: 20000, recv_data_B: 20000
INFO:dale_experiment_rig:SSIRD FCT: [0.00010623700000067515, 0.0001008800000015242, 0.00014869600000011474, 0.00016360600000098202, 0.00016814900000028388, 0.00010991500000123722, 0.00010329900000094483, 9.794200000001752e-05, 0.0001036939999998765, 0.00010473100000041313, 9.70290000008589e-05, 0.00015415200000035156, 0.00015778100000041206, 0.00010710100000110856, 9.8683000000932e-05, 9.668300000065244e-05, 0.0001045580000003099, 0.00010196600000078604, 0.00010041100000002245, 9.967000000088433e-05, 0.00013790900000110184, 0.00013117000000129053, 0.00012754100000123003, 0.00012114700000154244, 0.00011285300000096754, 0.00010404000000008296, 0.00010295400000082111, 0.00010433600000148147, 0.00010001600000109079, 0.00010542200000074331, 0.00010658200000079887, 9.863400000043043e-05, 0.00010334900000152913, 0.00010058400000012568, 0.0001515600000008277, 0.0001619280000006995, 9.984300000098756e-05, 0.0001574350000002056, 9.72510000014637e-05, 0.00016970400000104746, 0.00017436999999986824, 0.00012356600000096307, 0.0001104340000015469, 9.84610000003272e-05, 0.00010023799999991923, 0.00010110200000035263, 0.00010571800000036546, 9.932500000076061e-05, 9.75969999998938e-05, 0.00010507700000061959, 9.897900000055415e-05, 0.00011389000000150418, 0.00011993800000098531, 0.00012909600000021726, 0.0001323790000000713, 0.0001384270000013288, 0.00014153800000116235, 0.00014741300000054025, 9.915200000065738e-05, 9.742400000156692e-05, 0.00010213900000088927, 0.00010093000000033214, 0.00010628600000117672, 0.00014585800000155302, 0.0001598540000014026, 0.0001546700000005785, 9.69790000002746e-05, 0.00016452000000022338, 9.720100000087939e-05, 0.00010127500000045586, 0.0001029040000002368, 9.841100000151926e-05, 0.00010386699999997973, 0.00010162100000066232, 0.00013635400000033826, 0.00013445300000114457, 0.0001246030000014997, 9.937400000126217e-05, 9.823800000141603e-05, 0.00010006599999989874, 0.00012667700000079662, 0.00017419700000154137, 0.00017246900000067455, 0.00016901300000071728, 0.00010144800000055909, 0.00014874600000069904, 0.00014395700000058298, 0.00010490400000051636, 0.00010260800000061465, 0.0001023120000009925, 0.0001045090000015847, 0.00011453100000125005, 0.00011682700000115176] ms
App Gdpt (overall): 165.15555555528852 Gbps
App Gdpt (per flow): [1.599999999997413, 1.599999999997413, 1.599999999997413, 1.599999999997413, 1.599999999997413, 1.599999999997413, 1.599999999997413, 1.599999999997413, 1.599999999997413, 1.599999999997413, 1.599999999997413, 1.599999999997413, 1.599999999997413, 1.599999999997413, 1.599999999997413, 1.599999999997413, 1.599999999997413, 1.599999999997413, 1.599999999997413, 1.599999999997413, 1.599999999997413, 1.599999999997413, 1.599999999997413, 1.599999999997413, 1.599999999997413, 1.599999999997413, 1.599999999997413, 1.599999999997413, 1.599999999997413, 1.599999999997413, 1.599999999997413, 1.599999999997413, 1.599999999997413, 1.599999999997413, 1.599999999997413, 1.599999999997413, 1.599999999997413, 1.599999999997413, 1.599999999997413, 1.599999999997413, 1.599999999997413, 1.599999999997413, 1.599999999997413, 1.599999999997413, 1.599999999997413, 1.599999999997413, 1.599999999997413, 1.599999999997413, 1.599999999997413, 1.599999999997413, 1.599999999997413, 1.599999999997413, 1.599999999997413, 1.599999999997413, 1.599999999997413, 1.599999999997413, 1.599999999997413, 1.599999999997413, 1.599999999997413, 1.599999999997413, 1.599999999997413, 1.599999999997413, 1.599999999997413, 1.599999999997413, 1.599999999997413, 1.599999999997413, 1.599999999997413, 1.599999999997413, 1.599999999997413, 1.599999999997413, 1.599999999997413, 1.599999999997413, 1.599999999997413, 1.599999999997413, 1.599999999997413, 1.599999999997413, 1.599999999997413, 1.599999999997413, 1.599999999997413, 1.599999999997413, 1.599999999997413, 1.599999999997413, 1.599999999997413, 1.599999999997413, 1.599999999997413, 1.599999999997413, 1.599999999997413, 1.599999999997413, 1.599999999997413, 1.599999999997413, 1.599999999997413, 1.599999999997413, 1.599999999997413]
Network Gdpt (overall): 85.33578023749065
Network Gdpt (per flow): [1.5060666246127357, 1.5860428231322619, 1.076020874804141, 0.9779592435426552, 0.9515370296566135, 1.455670290662776, 1.5489017318515819, 1.6336198974900595, 1.5430015237158425, 1.5277234056713758, 1.6489915385975709, 1.0379365820724682, 1.0140637972859987, 1.493916956875696, 1.6213532219175433, 1.6548927939650226, 1.5302511524658637, 1.569150501135345, 1.5934509167318742, 1.6052974816753327, 1.160185339598733, 1.2197911107602792, 1.2544985533942572, 1.3207095511895706, 1.4177735638275302, 1.5378700499795503, 1.554092118797948, 1.5335071307863841, 1.5997440409360004, 1.5177097759373932, 1.5011915707980779, 1.6221586876665428, 1.54815237687479, 1.5907102521255874, 1.0556875164893522, 0.9880934736383381, 1.6025159500257147, 1.0162924381477503, 1.6452272984091876, 0.9428180832450175, 0.9175890348117275, 1.29485457163583, 1.4488291649107956, 1.6250088867619494, 1.5962010415224661, 1.5825601867365824, 1.5134603378747886, 1.6108733954067431, 1.6393946535259702, 1.5226928823534795, 1.616504511048851, 1.4048643427683452, 1.3340225783211792, 1.2393877424531412, 1.208650918951751, 1.1558438743775719, 1.1304384688118105, 1.085385956458478, 1.613684040654139, 1.6423057973130506, 1.5664927206905, 1.585257108882131, 1.505372297369631, 1.096957314636814, 1.0009133334079605, 1.0344604642102642, 1.649841718305478, 0.9725261366386019, 1.6460736000509508, 1.57985682546808, 1.5548472362554597, 1.6258345103446763, 1.5404315133779858, 1.5744777162098111, 1.173416254745758, 1.1900069169050744, 1.284078232450858, 1.6100790951150985, 1.6286976526160317, 1.598944696501928, 1.263054856043274, 0.9185003185966708, 0.9277029495119368, 0.9466727411460715, 1.5771626843221969, 1.075659177384589, 1.1114430003358784, 1.5252039960269623, 1.5593326056354433, 1.5638439283607777, 1.530968624688533, 1.3970016851180351, 1.369546423330417]
INFO:dale_experiment_rig:Processing DCTCP results exp_id 0:: 31flo-10#-2000B
INFO:dale_experiment_rig:Processing results from /data/dh1723/SIRD-Simulator/scripts/r2p2/coord/results/DCTCP-50-31flo-10#-2000B-10000ns_3to1_incast_31flo_1pt6GbpsFlo/data/DCTCP-50/60/applications_trace.str
INFO:dale_experiment_rig:Flow 0:: num of byteloads: 10, num srq events: 10, num rrq events: 10
DEBUG:dale_experiment_rig:Flow 0:: first_event_name: srq, final_event_name: rrq, expected_data_B: 20000, recv_data_B: 20000
INFO:dale_experiment_rig:Flow 1:: num of byteloads: 10, num srq events: 10, num rrq events: 10
DEBUG:dale_experiment_rig:Flow 1:: first_event_name: srq, final_event_name: rrq, expected_data_B: 20000, recv_data_B: 20000
INFO:dale_experiment_rig:Flow 2:: num of byteloads: 10, num srq events: 10, num rrq events: 10
DEBUG:dale_experiment_rig:Flow 2:: first_event_name: srq, final_event_name: rrq, expected_data_B: 20000, recv_data_B: 20000
INFO:dale_experiment_rig:Flow 3:: num of byteloads: 10, num srq events: 10, num rrq events: 10
DEBUG:dale_experiment_rig:Flow 3:: first_event_name: srq, final_event_name: rrq, expected_data_B: 20000, recv_data_B: 20000
INFO:dale_experiment_rig:Flow 4:: num of byteloads: 10, num srq events: 10, num rrq events: 10
DEBUG:dale_experiment_rig:Flow 4:: first_event_name: srq, final_event_name: rrq, expected_data_B: 20000, recv_data_B: 20000
INFO:dale_experiment_rig:Flow 5:: num of byteloads: 10, num srq events: 10, num rrq events: 10
DEBUG:dale_experiment_rig:Flow 5:: first_event_name: srq, final_event_name: rrq, expected_data_B: 20000, recv_data_B: 20000
INFO:dale_experiment_rig:Flow 6:: num of byteloads: 10, num srq events: 10, num rrq events: 10
DEBUG:dale_experiment_rig:Flow 6:: first_event_name: srq, final_event_name: rrq, expected_data_B: 20000, recv_data_B: 20000
INFO:dale_experiment_rig:Flow 7:: num of byteloads: 10, num srq events: 10, num rrq events: 10
DEBUG:dale_experiment_rig:Flow 7:: first_event_name: srq, final_event_name: rrq, expected_data_B: 20000, recv_data_B: 20000
INFO:dale_experiment_rig:Flow 8:: num of byteloads: 10, num srq events: 10, num rrq events: 10
DEBUG:dale_experiment_rig:Flow 8:: first_event_name: srq, final_event_name: rrq, expected_data_B: 20000, recv_data_B: 20000
INFO:dale_experiment_rig:Flow 9:: num of byteloads: 10, num srq events: 10, num rrq events: 10
DEBUG:dale_experiment_rig:Flow 9:: first_event_name: srq, final_event_name: rrq, expected_data_B: 20000, recv_data_B: 20000
INFO:dale_experiment_rig:Flow 10:: num of byteloads: 10, num srq events: 10, num rrq events: 10
DEBUG:dale_experiment_rig:Flow 10:: first_event_name: srq, final_event_name: rrq, expected_data_B: 20000, recv_data_B: 20000
INFO:dale_experiment_rig:Flow 11:: num of byteloads: 10, num srq events: 10, num rrq events: 10
DEBUG:dale_experiment_rig:Flow 11:: first_event_name: srq, final_event_name: rrq, expected_data_B: 20000, recv_data_B: 20000
INFO:dale_experiment_rig:Flow 12:: num of byteloads: 10, num srq events: 10, num rrq events: 10
DEBUG:dale_experiment_rig:Flow 12:: first_event_name: srq, final_event_name: rrq, expected_data_B: 20000, recv_data_B: 20000
INFO:dale_experiment_rig:Flow 13:: num of byteloads: 10, num srq events: 10, num rrq events: 10
DEBUG:dale_experiment_rig:Flow 13:: first_event_name: srq, final_event_name: rrq, expected_data_B: 20000, recv_data_B: 20000
INFO:dale_experiment_rig:Flow 14:: num of byteloads: 10, num srq events: 10, num rrq events: 10
DEBUG:dale_experiment_rig:Flow 14:: first_event_name: srq, final_event_name: rrq, expected_data_B: 20000, recv_data_B: 20000
INFO:dale_experiment_rig:Flow 15:: num of byteloads: 10, num srq events: 10, num rrq events: 10
DEBUG:dale_experiment_rig:Flow 15:: first_event_name: srq, final_event_name: rrq, expected_data_B: 20000, recv_data_B: 20000
INFO:dale_experiment_rig:Flow 16:: num of byteloads: 10, num srq events: 10, num rrq events: 10
DEBUG:dale_experiment_rig:Flow 16:: first_event_name: srq, final_event_name: rrq, expected_data_B: 20000, recv_data_B: 20000
INFO:dale_experiment_rig:Flow 17:: num of byteloads: 10, num srq events: 10, num rrq events: 10
DEBUG:dale_experiment_rig:Flow 17:: first_event_name: srq, final_event_name: rrq, expected_data_B: 20000, recv_data_B: 20000
INFO:dale_experiment_rig:Flow 18:: num of byteloads: 10, num srq events: 10, num rrq events: 10
DEBUG:dale_experiment_rig:Flow 18:: first_event_name: srq, final_event_name: rrq, expected_data_B: 20000, recv_data_B: 20000
INFO:dale_experiment_rig:Flow 19:: num of byteloads: 10, num srq events: 10, num rrq events: 10
DEBUG:dale_experiment_rig:Flow 19:: first_event_name: srq, final_event_name: rrq, expected_data_B: 20000, recv_data_B: 20000
INFO:dale_experiment_rig:Flow 20:: num of byteloads: 10, num srq events: 10, num rrq events: 10
DEBUG:dale_experiment_rig:Flow 20:: first_event_name: srq, final_event_name: rrq, expected_data_B: 20000, recv_data_B: 20000
INFO:dale_experiment_rig:Flow 21:: num of byteloads: 10, num srq events: 10, num rrq events: 10
DEBUG:dale_experiment_rig:Flow 21:: first_event_name: srq, final_event_name: rrq, expected_data_B: 20000, recv_data_B: 20000
INFO:dale_experiment_rig:Flow 22:: num of byteloads: 10, num srq events: 10, num rrq events: 10
DEBUG:dale_experiment_rig:Flow 22:: first_event_name: srq, final_event_name: rrq, expected_data_B: 20000, recv_data_B: 20000
INFO:dale_experiment_rig:Flow 23:: num of byteloads: 10, num srq events: 10, num rrq events: 10
DEBUG:dale_experiment_rig:Flow 23:: first_event_name: srq, final_event_name: rrq, expected_data_B: 20000, recv_data_B: 20000
INFO:dale_experiment_rig:Flow 24:: num of byteloads: 10, num srq events: 10, num rrq events: 10
DEBUG:dale_experiment_rig:Flow 24:: first_event_name: srq, final_event_name: rrq, expected_data_B: 20000, recv_data_B: 20000
INFO:dale_experiment_rig:Flow 25:: num of byteloads: 10, num srq events: 10, num rrq events: 10
DEBUG:dale_experiment_rig:Flow 25:: first_event_name: srq, final_event_name: rrq, expected_data_B: 20000, recv_data_B: 20000
INFO:dale_experiment_rig:Flow 26:: num of byteloads: 10, num srq events: 10, num rrq events: 10
DEBUG:dale_experiment_rig:Flow 26:: first_event_name: srq, final_event_name: rrq, expected_data_B: 20000, recv_data_B: 20000
INFO:dale_experiment_rig:Flow 27:: num of byteloads: 10, num srq events: 10, num rrq events: 10
DEBUG:dale_experiment_rig:Flow 27:: first_event_name: srq, final_event_name: rrq, expected_data_B: 20000, recv_data_B: 20000
INFO:dale_experiment_rig:Flow 28:: num of byteloads: 10, num srq events: 10, num rrq events: 10
DEBUG:dale_experiment_rig:Flow 28:: first_event_name: srq, final_event_name: rrq, expected_data_B: 20000, recv_data_B: 20000
INFO:dale_experiment_rig:Flow 29:: num of byteloads: 10, num srq events: 10, num rrq events: 10
DEBUG:dale_experiment_rig:Flow 29:: first_event_name: srq, final_event_name: rrq, expected_data_B: 20000, recv_data_B: 20000
INFO:dale_experiment_rig:Flow 30:: num of byteloads: 10, num srq events: 10, num rrq events: 10
DEBUG:dale_experiment_rig:Flow 30:: first_event_name: srq, final_event_name: rrq, expected_data_B: 20000, recv_data_B: 20000
INFO:dale_experiment_rig:Flow 0:: num of byteloads: 10, num srq events: 10, num rrq events: 10
DEBUG:dale_experiment_rig:Flow 0:: first_event_name: srq, final_event_name: rrq, expected_data_B: 20000, recv_data_B: 20000
INFO:dale_experiment_rig:Flow 1:: num of byteloads: 10, num srq events: 10, num rrq events: 10
DEBUG:dale_experiment_rig:Flow 1:: first_event_name: srq, final_event_name: rrq, expected_data_B: 20000, recv_data_B: 20000
INFO:dale_experiment_rig:Flow 2:: num of byteloads: 10, num srq events: 10, num rrq events: 10
DEBUG:dale_experiment_rig:Flow 2:: first_event_name: srq, final_event_name: rrq, expected_data_B: 20000, recv_data_B: 20000
INFO:dale_experiment_rig:Flow 3:: num of byteloads: 10, num srq events: 10, num rrq events: 10
DEBUG:dale_experiment_rig:Flow 3:: first_event_name: srq, final_event_name: rrq, expected_data_B: 20000, recv_data_B: 20000
INFO:dale_experiment_rig:Flow 4:: num of byteloads: 10, num srq events: 10, num rrq events: 10
DEBUG:dale_experiment_rig:Flow 4:: first_event_name: srq, final_event_name: rrq, expected_data_B: 20000, recv_data_B: 20000
INFO:dale_experiment_rig:Flow 5:: num of byteloads: 10, num srq events: 10, num rrq events: 10
DEBUG:dale_experiment_rig:Flow 5:: first_event_name: srq, final_event_name: rrq, expected_data_B: 20000, recv_data_B: 20000
INFO:dale_experiment_rig:Flow 6:: num of byteloads: 10, num srq events: 10, num rrq events: 10
DEBUG:dale_experiment_rig:Flow 6:: first_event_name: srq, final_event_name: rrq, expected_data_B: 20000, recv_data_B: 20000
INFO:dale_experiment_rig:Flow 7:: num of byteloads: 10, num srq events: 10, num rrq events: 10
DEBUG:dale_experiment_rig:Flow 7:: first_event_name: srq, final_event_name: rrq, expected_data_B: 20000, recv_data_B: 20000
INFO:dale_experiment_rig:Flow 8:: num of byteloads: 10, num srq events: 10, num rrq events: 10
DEBUG:dale_experiment_rig:Flow 8:: first_event_name: srq, final_event_name: rrq, expected_data_B: 20000, recv_data_B: 20000
INFO:dale_experiment_rig:Flow 9:: num of byteloads: 10, num srq events: 10, num rrq events: 10
DEBUG:dale_experiment_rig:Flow 9:: first_event_name: srq, final_event_name: rrq, expected_data_B: 20000, recv_data_B: 20000
INFO:dale_experiment_rig:Flow 10:: num of byteloads: 10, num srq events: 10, num rrq events: 10
DEBUG:dale_experiment_rig:Flow 10:: first_event_name: srq, final_event_name: rrq, expected_data_B: 20000, recv_data_B: 20000
INFO:dale_experiment_rig:Flow 11:: num of byteloads: 10, num srq events: 10, num rrq events: 10
DEBUG:dale_experiment_rig:Flow 11:: first_event_name: srq, final_event_name: rrq, expected_data_B: 20000, recv_data_B: 20000
INFO:dale_experiment_rig:Flow 12:: num of byteloads: 10, num srq events: 10, num rrq events: 10
DEBUG:dale_experiment_rig:Flow 12:: first_event_name: srq, final_event_name: rrq, expected_data_B: 20000, recv_data_B: 20000
INFO:dale_experiment_rig:Flow 13:: num of byteloads: 10, num srq events: 10, num rrq events: 10
DEBUG:dale_experiment_rig:Flow 13:: first_event_name: srq, final_event_name: rrq, expected_data_B: 20000, recv_data_B: 20000
INFO:dale_experiment_rig:Flow 14:: num of byteloads: 10, num srq events: 10, num rrq events: 10
DEBUG:dale_experiment_rig:Flow 14:: first_event_name: srq, final_event_name: rrq, expected_data_B: 20000, recv_data_B: 20000
INFO:dale_experiment_rig:Flow 15:: num of byteloads: 10, num srq events: 10, num rrq events: 10
DEBUG:dale_experiment_rig:Flow 15:: first_event_name: srq, final_event_name: rrq, expected_data_B: 20000, recv_data_B: 20000
INFO:dale_experiment_rig:Flow 16:: num of byteloads: 10, num srq events: 10, num rrq events: 10
DEBUG:dale_experiment_rig:Flow 16:: first_event_name: srq, final_event_name: rrq, expected_data_B: 20000, recv_data_B: 20000
INFO:dale_experiment_rig:Flow 17:: num of byteloads: 10, num srq events: 10, num rrq events: 10
DEBUG:dale_experiment_rig:Flow 17:: first_event_name: srq, final_event_name: rrq, expected_data_B: 20000, recv_data_B: 20000
INFO:dale_experiment_rig:Flow 18:: num of byteloads: 10, num srq events: 10, num rrq events: 10
DEBUG:dale_experiment_rig:Flow 18:: first_event_name: srq, final_event_name: rrq, expected_data_B: 20000, recv_data_B: 20000
INFO:dale_experiment_rig:Flow 19:: num of byteloads: 10, num srq events: 10, num rrq events: 10
DEBUG:dale_experiment_rig:Flow 19:: first_event_name: srq, final_event_name: rrq, expected_data_B: 20000, recv_data_B: 20000
INFO:dale_experiment_rig:Flow 20:: num of byteloads: 10, num srq events: 10, num rrq events: 10
DEBUG:dale_experiment_rig:Flow 20:: first_event_name: srq, final_event_name: rrq, expected_data_B: 20000, recv_data_B: 20000
INFO:dale_experiment_rig:Flow 21:: num of byteloads: 10, num srq events: 10, num rrq events: 10
DEBUG:dale_experiment_rig:Flow 21:: first_event_name: srq, final_event_name: rrq, expected_data_B: 20000, recv_data_B: 20000
INFO:dale_experiment_rig:Flow 22:: num of byteloads: 10, num srq events: 10, num rrq events: 10
DEBUG:dale_experiment_rig:Flow 22:: first_event_name: srq, final_event_name: rrq, expected_data_B: 20000, recv_data_B: 20000
INFO:dale_experiment_rig:Flow 23:: num of byteloads: 10, num srq events: 10, num rrq events: 10
DEBUG:dale_experiment_rig:Flow 23:: first_event_name: srq, final_event_name: rrq, expected_data_B: 20000, recv_data_B: 20000
INFO:dale_experiment_rig:Flow 24:: num of byteloads: 10, num srq events: 10, num rrq events: 10
DEBUG:dale_experiment_rig:Flow 24:: first_event_name: srq, final_event_name: rrq, expected_data_B: 20000, recv_data_B: 20000
INFO:dale_experiment_rig:Flow 25:: num of byteloads: 10, num srq events: 10, num rrq events: 10
DEBUG:dale_experiment_rig:Flow 25:: first_event_name: srq, final_event_name: rrq, expected_data_B: 20000, recv_data_B: 20000
INFO:dale_experiment_rig:Flow 26:: num of byteloads: 10, num srq events: 10, num rrq events: 10
DEBUG:dale_experiment_rig:Flow 26:: first_event_name: srq, final_event_name: rrq, expected_data_B: 20000, recv_data_B: 20000
INFO:dale_experiment_rig:Flow 27:: num of byteloads: 10, num srq events: 10, num rrq events: 10
DEBUG:dale_experiment_rig:Flow 27:: first_event_name: srq, final_event_name: rrq, expected_data_B: 20000, recv_data_B: 20000
INFO:dale_experiment_rig:Flow 28:: num of byteloads: 10, num srq events: 10, num rrq events: 10
DEBUG:dale_experiment_rig:Flow 28:: first_event_name: srq, final_event_name: rrq, expected_data_B: 20000, recv_data_B: 20000
INFO:dale_experiment_rig:Flow 29:: num of byteloads: 10, num srq events: 10, num rrq events: 10
DEBUG:dale_experiment_rig:Flow 29:: first_event_name: srq, final_event_name: rrq, expected_data_B: 20000, recv_data_B: 20000
INFO:dale_experiment_rig:Flow 30:: num of byteloads: 10, num srq events: 10, num rrq events: 10
DEBUG:dale_experiment_rig:Flow 30:: first_event_name: srq, final_event_name: rrq, expected_data_B: 20000, recv_data_B: 20000
INFO:dale_experiment_rig:Flow 0:: num of byteloads: 10, num srq events: 10, num rrq events: 10
DEBUG:dale_experiment_rig:Flow 0:: first_event_name: srq, final_event_name: rrq, expected_data_B: 20000, recv_data_B: 20000
INFO:dale_experiment_rig:Flow 1:: num of byteloads: 10, num srq events: 10, num rrq events: 10
DEBUG:dale_experiment_rig:Flow 1:: first_event_name: srq, final_event_name: rrq, expected_data_B: 20000, recv_data_B: 20000
INFO:dale_experiment_rig:Flow 2:: num of byteloads: 10, num srq events: 10, num rrq events: 10
DEBUG:dale_experiment_rig:Flow 2:: first_event_name: srq, final_event_name: rrq, expected_data_B: 20000, recv_data_B: 20000
INFO:dale_experiment_rig:Flow 3:: num of byteloads: 10, num srq events: 10, num rrq events: 10
DEBUG:dale_experiment_rig:Flow 3:: first_event_name: srq, final_event_name: rrq, expected_data_B: 20000, recv_data_B: 20000
INFO:dale_experiment_rig:Flow 4:: num of byteloads: 10, num srq events: 10, num rrq events: 10
DEBUG:dale_experiment_rig:Flow 4:: first_event_name: srq, final_event_name: rrq, expected_data_B: 20000, recv_data_B: 20000
INFO:dale_experiment_rig:Flow 5:: num of byteloads: 10, num srq events: 10, num rrq events: 10
DEBUG:dale_experiment_rig:Flow 5:: first_event_name: srq, final_event_name: rrq, expected_data_B: 20000, recv_data_B: 20000
INFO:dale_experiment_rig:Flow 6:: num of byteloads: 10, num srq events: 10, num rrq events: 10
DEBUG:dale_experiment_rig:Flow 6:: first_event_name: srq, final_event_name: rrq, expected_data_B: 20000, recv_data_B: 20000
INFO:dale_experiment_rig:Flow 7:: num of byteloads: 10, num srq events: 10, num rrq events: 10
DEBUG:dale_experiment_rig:Flow 7:: first_event_name: srq, final_event_name: rrq, expected_data_B: 20000, recv_data_B: 20000
INFO:dale_experiment_rig:Flow 8:: num of byteloads: 10, num srq events: 10, num rrq events: 10
DEBUG:dale_experiment_rig:Flow 8:: first_event_name: srq, final_event_name: rrq, expected_data_B: 20000, recv_data_B: 20000
INFO:dale_experiment_rig:Flow 9:: num of byteloads: 10, num srq events: 10, num rrq events: 10
DEBUG:dale_experiment_rig:Flow 9:: first_event_name: srq, final_event_name: rrq, expected_data_B: 20000, recv_data_B: 20000
INFO:dale_experiment_rig:Flow 10:: num of byteloads: 10, num srq events: 10, num rrq events: 10
DEBUG:dale_experiment_rig:Flow 10:: first_event_name: srq, final_event_name: rrq, expected_data_B: 20000, recv_data_B: 20000
INFO:dale_experiment_rig:Flow 11:: num of byteloads: 10, num srq events: 10, num rrq events: 10
DEBUG:dale_experiment_rig:Flow 11:: first_event_name: srq, final_event_name: rrq, expected_data_B: 20000, recv_data_B: 20000
INFO:dale_experiment_rig:Flow 12:: num of byteloads: 10, num srq events: 10, num rrq events: 10
DEBUG:dale_experiment_rig:Flow 12:: first_event_name: srq, final_event_name: rrq, expected_data_B: 20000, recv_data_B: 20000
INFO:dale_experiment_rig:Flow 13:: num of byteloads: 10, num srq events: 10, num rrq events: 10
DEBUG:dale_experiment_rig:Flow 13:: first_event_name: srq, final_event_name: rrq, expected_data_B: 20000, recv_data_B: 20000
INFO:dale_experiment_rig:Flow 14:: num of byteloads: 10, num srq events: 10, num rrq events: 10
DEBUG:dale_experiment_rig:Flow 14:: first_event_name: srq, final_event_name: rrq, expected_data_B: 20000, recv_data_B: 20000
INFO:dale_experiment_rig:Flow 15:: num of byteloads: 10, num srq events: 10, num rrq events: 10
DEBUG:dale_experiment_rig:Flow 15:: first_event_name: srq, final_event_name: rrq, expected_data_B: 20000, recv_data_B: 20000
INFO:dale_experiment_rig:Flow 16:: num of byteloads: 10, num srq events: 10, num rrq events: 10
DEBUG:dale_experiment_rig:Flow 16:: first_event_name: srq, final_event_name: rrq, expected_data_B: 20000, recv_data_B: 20000
INFO:dale_experiment_rig:Flow 17:: num of byteloads: 10, num srq events: 10, num rrq events: 10
DEBUG:dale_experiment_rig:Flow 17:: first_event_name: srq, final_event_name: rrq, expected_data_B: 20000, recv_data_B: 20000
INFO:dale_experiment_rig:Flow 18:: num of byteloads: 10, num srq events: 10, num rrq events: 10
DEBUG:dale_experiment_rig:Flow 18:: first_event_name: srq, final_event_name: rrq, expected_data_B: 20000, recv_data_B: 20000
INFO:dale_experiment_rig:Flow 19:: num of byteloads: 10, num srq events: 10, num rrq events: 10
DEBUG:dale_experiment_rig:Flow 19:: first_event_name: srq, final_event_name: rrq, expected_data_B: 20000, recv_data_B: 20000
INFO:dale_experiment_rig:Flow 20:: num of byteloads: 10, num srq events: 10, num rrq events: 10
DEBUG:dale_experiment_rig:Flow 20:: first_event_name: srq, final_event_name: rrq, expected_data_B: 20000, recv_data_B: 20000
INFO:dale_experiment_rig:Flow 21:: num of byteloads: 10, num srq events: 10, num rrq events: 10
DEBUG:dale_experiment_rig:Flow 21:: first_event_name: srq, final_event_name: rrq, expected_data_B: 20000, recv_data_B: 20000
INFO:dale_experiment_rig:Flow 22:: num of byteloads: 10, num srq events: 10, num rrq events: 10
DEBUG:dale_experiment_rig:Flow 22:: first_event_name: srq, final_event_name: rrq, expected_data_B: 20000, recv_data_B: 20000
INFO:dale_experiment_rig:Flow 23:: num of byteloads: 10, num srq events: 10, num rrq events: 10
DEBUG:dale_experiment_rig:Flow 23:: first_event_name: srq, final_event_name: rrq, expected_data_B: 20000, recv_data_B: 20000
INFO:dale_experiment_rig:Flow 24:: num of byteloads: 10, num srq events: 10, num rrq events: 10
DEBUG:dale_experiment_rig:Flow 24:: first_event_name: srq, final_event_name: rrq, expected_data_B: 20000, recv_data_B: 20000
INFO:dale_experiment_rig:Flow 25:: num of byteloads: 10, num srq events: 10, num rrq events: 10
DEBUG:dale_experiment_rig:Flow 25:: first_event_name: srq, final_event_name: rrq, expected_data_B: 20000, recv_data_B: 20000
INFO:dale_experiment_rig:Flow 26:: num of byteloads: 10, num srq events: 10, num rrq events: 10
DEBUG:dale_experiment_rig:Flow 26:: first_event_name: srq, final_event_name: rrq, expected_data_B: 20000, recv_data_B: 20000
INFO:dale_experiment_rig:Flow 27:: num of byteloads: 10, num srq events: 10, num rrq events: 10
DEBUG:dale_experiment_rig:Flow 27:: first_event_name: srq, final_event_name: rrq, expected_data_B: 20000, recv_data_B: 20000
INFO:dale_experiment_rig:Flow 28:: num of byteloads: 10, num srq events: 10, num rrq events: 10
DEBUG:dale_experiment_rig:Flow 28:: first_event_name: srq, final_event_name: rrq, expected_data_B: 20000, recv_data_B: 20000
INFO:dale_experiment_rig:Flow 29:: num of byteloads: 10, num srq events: 10, num rrq events: 10
DEBUG:dale_experiment_rig:Flow 29:: first_event_name: srq, final_event_name: rrq, expected_data_B: 20000, recv_data_B: 20000
INFO:dale_experiment_rig:Flow 30:: num of byteloads: 10, num srq events: 10, num rrq events: 10
DEBUG:dale_experiment_rig:Flow 30:: first_event_name: srq, final_event_name: rrq, expected_data_B: 20000, recv_data_B: 20000
INFO:dale_experiment_rig:DCTCP-50 FCT: [0.0001504150000002369, 0.0001509320000003811, 0.00015145000000060804, 0.00015196700000075225, 0.0001524850000009792, 0.0001530020000011234, 0.00015352000000135035, 0.00015403700000149456, 0.00015455499999994515, 0.00015507200000008936, 0.00015558900000023357, 0.00015610700000046052, 0.00015662400000060472, 0.00015714200000083167, 0.00015765900000097588, 0.00015817700000120283, 0.00015869400000134704, 0.00015921200000157398, 0.00015972899999994183, 0.00016024600000008604, 0.000160764000000313, 0.0001612810000004572, 0.00016179900000068415, 0.00016231600000082835, 0.0001628340000010553, 0.0001633510000011995, 0.00016386800000134372, 0.00016438600000157066, 0.00016490299999993852, 0.00016542100000016546, 0.00016593800000030967, 0.00015046400000073845, 0.0001509820000009654, 0.0001514990000011096, 0.00015201700000133656, 0.00015253400000148076, 0.00015305199999993135, 0.00015356900000007556, 0.0001540870000003025, 0.00015460400000044672, 0.00015512100000059093, 0.00015563900000081787, 0.00015615600000096208, 0.00015667400000118903, 0.00015719100000133324, 0.00015770900000156018, 0.00015822599999992804, 0.00015874400000015498, 0.0001592610000002992, 0.0001597780000004434, 0.00016029600000067035, 0.00016081300000081455, 0.0001613310000010415, 0.0001618480000011857, 0.00016236600000141266, 0.00016288300000155687, 0.00016339999999992472, 0.00016391800000015166, 0.00016443500000029587, 0.00016495300000052282, 0.00016547000000066703, 0.00016598800000089398, 0.00015051400000132276, 0.00015103100000146696, 0.00015154899999991756, 0.00015206600000006176, 0.0001525840000002887, 0.00015310100000043292, 0.00015361900000065987, 0.00015413600000080407, 0.00015465300000094828, 0.00015517100000117523, 0.00015568800000131944, 0.00015620600000154639, 0.00015672299999991424, 0.00015724100000014118, 0.0001577580000002854, 0.00015827600000051234, 0.00015879300000065655, 0.00015931000000080076, 0.0001598280000010277, 0.0001603450000011719, 0.00016086300000139886, 0.00016138000000154307, 0.00016189799999999366, 0.00016241500000013787, 0.00016293200000028207, 0.00016345000000050902, 0.00016396700000065323, 0.00016448500000088018, 0.00016500200000102438, 0.00016552000000125133, 0.00016603700000139554] ms
App Gdpt (overall): 165.15555555528852 Gbps
App Gdpt (per flow): [1.599999999997413, 1.599999999997413, 1.599999999997413, 1.599999999997413, 1.599999999997413, 1.599999999997413, 1.599999999997413, 1.599999999997413, 1.599999999997413, 1.599999999997413, 1.599999999997413, 1.599999999997413, 1.599999999997413, 1.599999999997413, 1.599999999997413, 1.599999999997413, 1.599999999997413, 1.599999999997413, 1.599999999997413, 1.599999999997413, 1.599999999997413, 1.599999999997413, 1.599999999997413, 1.599999999997413, 1.599999999997413, 1.599999999997413, 1.599999999997413, 1.599999999997413, 1.599999999997413, 1.599999999997413, 1.599999999997413, 1.599999999997413, 1.599999999997413, 1.599999999997413, 1.599999999997413, 1.599999999997413, 1.599999999997413, 1.599999999997413, 1.599999999997413, 1.599999999997413, 1.599999999997413, 1.599999999997413, 1.599999999997413, 1.599999999997413, 1.599999999997413, 1.599999999997413, 1.599999999997413, 1.599999999997413, 1.599999999997413, 1.599999999997413, 1.599999999997413, 1.599999999997413, 1.599999999997413, 1.599999999997413, 1.599999999997413, 1.599999999997413, 1.599999999997413, 1.599999999997413, 1.599999999997413, 1.599999999997413, 1.599999999997413, 1.599999999997413, 1.599999999997413, 1.599999999997413, 1.599999999997413, 1.599999999997413, 1.599999999997413, 1.599999999997413, 1.599999999997413, 1.599999999997413, 1.599999999997413, 1.599999999997413, 1.599999999997413, 1.599999999997413, 1.599999999997413, 1.599999999997413, 1.599999999997413, 1.599999999997413, 1.599999999997413, 1.599999999997413, 1.599999999997413, 1.599999999997413, 1.599999999997413, 1.599999999997413, 1.599999999997413, 1.599999999997413, 1.599999999997413, 1.599999999997413, 1.599999999997413, 1.599999999997413, 1.599999999997413, 1.599999999997413, 1.599999999997413]
Network Gdpt (overall): 89.61857899067638
Network Gdpt (per flow): [1.0637236977678293, 1.0600800360400446, 1.0564542753341541, 1.0528601604243553, 1.0492835360787787, 1.04573796420194, 1.0422094840971383, 1.038711478400953, 1.0352301769600258, 1.0317787866275525, 1.0283503332482362, 1.0249380232758813, 1.0215548064114202, 1.0181873719257308, 1.0148485021407572, 1.011525063686777, 1.008229674711343, 1.0049493756652654, 1.0016966236566827, 0.9984648602767876, 0.995247692267476, 0.9920573409114927, 0.9888812662582801, 0.9857315360111355, 0.9825957723753214, 0.9794858923350644, 0.976395635503503, 0.973318895760413, 0.970267369302315, 0.9672290700687335, 0.9642155503844895, 1.0633772862559467, 1.059728974308043, 1.0561125815934636, 1.052513863571793, 1.0489464643846407, 1.0453963358863116, 1.041876941309257, 1.0383744248358777, 1.0349020723884097, 1.0314528658233928, 1.0280199692825014, 1.0246164092254813, 1.0212287935380837, 1.0178699798248179, 1.01452675496273, 1.011211810954412, 1.0079121100630184, 1.0046401818379855, 1.0013894278283368, 0.9981534161758928, 0.994944438566469, 0.9917498806736902, 0.9885818792869101, 0.9854279836825933, 0.982300178646456, 0.9791921664631195, 0.976097804999158, 0.9730288563852715, 0.9699732651088061, 0.96694264821028, 0.963925103014304, 1.0630240376217088, 1.0593851593278594, 1.0557641422911865, 1.052174713610768, 1.0486027368511592, 1.0450617566152252, 1.0415378306024172, 1.0380443244872408, 1.0345741757290123, 1.0311205057567987, 1.027696418469272, 1.0242884396144583, 1.020909502753824, 1.0175463142555463, 1.0142116406122703, 1.0108923652321393, 1.0076010907240147, 1.0043311782009654, 1.0010761568621969, 0.9978483894030411, 0.9946351864543659, 0.9914487544830223, 0.9882765691979288, 0.985130683741429, 0.9820047627213991, 0.978892627711849, 0.9758061073225868, 0.9727330759591685, 0.9696852159307565, 0.9666505558167618, 0.9636406343083482]
INFO:dale_experiment_rig:
##### GENERATE METRICS #####
INFO:__main__:Total Flow Size (Bytes): 20000
INFO:__main__:Total Injection Period (us): 100
INFO:__main__:Byteload Size (Bytes): [2000]
INFO:__main__:Num Byteloads: [10]
INFO:__main__:Intervals (us): [10.0]
INFO:__main__:Num flows per Sendr/Recvr Pair: 31
DEBUG:__main__:Flow start times (us): [0, 0, 0, 0, 0, 0, 0, 0, 0, 0, 0, 0, 0, 0, 0, 0, 0, 0, 0, 0, 0, 0, 0, 0, 0, 0, 0, 0, 0, 0, 0]
INFO:__main__:Gdpt Gbps theoretical: [148.8]
INFO:__main__:APP Gdpt Gbps measured (SSIRD): [165.15555555528852]
INFO:__main__:APP Gdpt Gbps measured (DCTCP): [165.15555555528852]
DEBUG:__main__:APP Gdpt Gbps measured per flow (SSIRD): [[1.599999999997413, 1.599999999997413, 1.599999999997413, 1.599999999997413, 1.599999999997413, 1.599999999997413, 1.599999999997413, 1.599999999997413, 1.599999999997413, 1.599999999997413, 1.599999999997413, 1.599999999997413, 1.599999999997413, 1.599999999997413, 1.599999999997413, 1.599999999997413, 1.599999999997413, 1.599999999997413, 1.599999999997413, 1.599999999997413, 1.599999999997413, 1.599999999997413, 1.599999999997413, 1.599999999997413, 1.599999999997413, 1.599999999997413, 1.599999999997413, 1.599999999997413, 1.599999999997413, 1.599999999997413, 1.599999999997413, 1.599999999997413, 1.599999999997413, 1.599999999997413, 1.599999999997413, 1.599999999997413, 1.599999999997413, 1.599999999997413, 1.599999999997413, 1.599999999997413, 1.599999999997413, 1.599999999997413, 1.599999999997413, 1.599999999997413, 1.599999999997413, 1.599999999997413, 1.599999999997413, 1.599999999997413, 1.599999999997413, 1.599999999997413, 1.599999999997413, 1.599999999997413, 1.599999999997413, 1.599999999997413, 1.599999999997413, 1.599999999997413, 1.599999999997413, 1.599999999997413, 1.599999999997413, 1.599999999997413, 1.599999999997413, 1.599999999997413, 1.599999999997413, 1.599999999997413, 1.599999999997413, 1.599999999997413, 1.599999999997413, 1.599999999997413, 1.599999999997413, 1.599999999997413, 1.599999999997413, 1.599999999997413, 1.599999999997413, 1.599999999997413, 1.599999999997413, 1.599999999997413, 1.599999999997413, 1.599999999997413, 1.599999999997413, 1.599999999997413, 1.599999999997413, 1.599999999997413, 1.599999999997413, 1.599999999997413, 1.599999999997413, 1.599999999997413, 1.599999999997413, 1.599999999997413, 1.599999999997413, 1.599999999997413, 1.599999999997413, 1.599999999997413, 1.599999999997413]]
DEBUG:__main__:APP Gdpt Gbps measured per flow (DCTCP): [[1.599999999997413, 1.599999999997413, 1.599999999997413, 1.599999999997413, 1.599999999997413, 1.599999999997413, 1.599999999997413, 1.599999999997413, 1.599999999997413, 1.599999999997413, 1.599999999997413, 1.599999999997413, 1.599999999997413, 1.599999999997413, 1.599999999997413, 1.599999999997413, 1.599999999997413, 1.599999999997413, 1.599999999997413, 1.599999999997413, 1.599999999997413, 1.599999999997413, 1.599999999997413, 1.599999999997413, 1.599999999997413, 1.599999999997413, 1.599999999997413, 1.599999999997413, 1.599999999997413, 1.599999999997413, 1.599999999997413, 1.599999999997413, 1.599999999997413, 1.599999999997413, 1.599999999997413, 1.599999999997413, 1.599999999997413, 1.599999999997413, 1.599999999997413, 1.599999999997413, 1.599999999997413, 1.599999999997413, 1.599999999997413, 1.599999999997413, 1.599999999997413, 1.599999999997413, 1.599999999997413, 1.599999999997413, 1.599999999997413, 1.599999999997413, 1.599999999997413, 1.599999999997413, 1.599999999997413, 1.599999999997413, 1.599999999997413, 1.599999999997413, 1.599999999997413, 1.599999999997413, 1.599999999997413, 1.599999999997413, 1.599999999997413, 1.599999999997413, 1.599999999997413, 1.599999999997413, 1.599999999997413, 1.599999999997413, 1.599999999997413, 1.599999999997413, 1.599999999997413, 1.599999999997413, 1.599999999997413, 1.599999999997413, 1.599999999997413, 1.599999999997413, 1.599999999997413, 1.599999999997413, 1.599999999997413, 1.599999999997413, 1.599999999997413, 1.599999999997413, 1.599999999997413, 1.599999999997413, 1.599999999997413, 1.599999999997413, 1.599999999997413, 1.599999999997413, 1.599999999997413, 1.599999999997413, 1.599999999997413, 1.599999999997413, 1.599999999997413, 1.599999999997413, 1.599999999997413]]
INFO:__main__:NW Gdpt Gbps measured (SSIRD): [85.33578023749065]
INFO:__main__:NW Gdpt Gbps measured (DCTCP): [89.61857899067638]
DEBUG:__main__:NW Gdpt Gbps measured per flow (SSIRD): [[1.5060666246127357, 1.5860428231322619, 1.076020874804141, 0.9779592435426552, 0.9515370296566135, 1.455670290662776, 1.5489017318515819, 1.6336198974900595, 1.5430015237158425, 1.5277234056713758, 1.6489915385975709, 1.0379365820724682, 1.0140637972859987, 1.493916956875696, 1.6213532219175433, 1.6548927939650226, 1.5302511524658637, 1.569150501135345, 1.5934509167318742, 1.6052974816753327, 1.160185339598733, 1.2197911107602792, 1.2544985533942572, 1.3207095511895706, 1.4177735638275302, 1.5378700499795503, 1.554092118797948, 1.5335071307863841, 1.5997440409360004, 1.5177097759373932, 1.5011915707980779, 1.6221586876665428, 1.54815237687479, 1.5907102521255874, 1.0556875164893522, 0.9880934736383381, 1.6025159500257147, 1.0162924381477503, 1.6452272984091876, 0.9428180832450175, 0.9175890348117275, 1.29485457163583, 1.4488291649107956, 1.6250088867619494, 1.5962010415224661, 1.5825601867365824, 1.5134603378747886, 1.6108733954067431, 1.6393946535259702, 1.5226928823534795, 1.616504511048851, 1.4048643427683452, 1.3340225783211792, 1.2393877424531412, 1.208650918951751, 1.1558438743775719, 1.1304384688118105, 1.085385956458478, 1.613684040654139, 1.6423057973130506, 1.5664927206905, 1.585257108882131, 1.505372297369631, 1.096957314636814, 1.0009133334079605, 1.0344604642102642, 1.649841718305478, 0.9725261366386019, 1.6460736000509508, 1.57985682546808, 1.5548472362554597, 1.6258345103446763, 1.5404315133779858, 1.5744777162098111, 1.173416254745758, 1.1900069169050744, 1.284078232450858, 1.6100790951150985, 1.6286976526160317, 1.598944696501928, 1.263054856043274, 0.9185003185966708, 0.9277029495119368, 0.9466727411460715, 1.5771626843221969, 1.075659177384589, 1.1114430003358784, 1.5252039960269623, 1.5593326056354433, 1.5638439283607777, 1.530968624688533, 1.3970016851180351, 1.369546423330417]]
DEBUG:__main__:NW Gdpt Gbps measured per flow (DCTCP): [[1.0637236977678293, 1.0600800360400446, 1.0564542753341541, 1.0528601604243553, 1.0492835360787787, 1.04573796420194, 1.0422094840971383, 1.038711478400953, 1.0352301769600258, 1.0317787866275525, 1.0283503332482362, 1.0249380232758813, 1.0215548064114202, 1.0181873719257308, 1.0148485021407572, 1.011525063686777, 1.008229674711343, 1.0049493756652654, 1.0016966236566827, 0.9984648602767876, 0.995247692267476, 0.9920573409114927, 0.9888812662582801, 0.9857315360111355, 0.9825957723753214, 0.9794858923350644, 0.976395635503503, 0.973318895760413, 0.970267369302315, 0.9672290700687335, 0.9642155503844895, 1.0633772862559467, 1.059728974308043, 1.0561125815934636, 1.052513863571793, 1.0489464643846407, 1.0453963358863116, 1.041876941309257, 1.0383744248358777, 1.0349020723884097, 1.0314528658233928, 1.0280199692825014, 1.0246164092254813, 1.0212287935380837, 1.0178699798248179, 1.01452675496273, 1.011211810954412, 1.0079121100630184, 1.0046401818379855, 1.0013894278283368, 0.9981534161758928, 0.994944438566469, 0.9917498806736902, 0.9885818792869101, 0.9854279836825933, 0.982300178646456, 0.9791921664631195, 0.976097804999158, 0.9730288563852715, 0.9699732651088061, 0.96694264821028, 0.963925103014304, 1.0630240376217088, 1.0593851593278594, 1.0557641422911865, 1.052174713610768, 1.0486027368511592, 1.0450617566152252, 1.0415378306024172, 1.0380443244872408, 1.0345741757290123, 1.0311205057567987, 1.027696418469272, 1.0242884396144583, 1.020909502753824, 1.0175463142555463, 1.0142116406122703, 1.0108923652321393, 1.0076010907240147, 1.0043311782009654, 1.0010761568621969, 0.9978483894030411, 0.9946351864543659, 0.9914487544830223, 0.9882765691979288, 0.985130683741429, 0.9820047627213991, 0.978892627711849, 0.9758061073225868, 0.9727330759591685, 0.9696852159307565, 0.9666505558167618, 0.9636406343083482]]
INFO:__main__:* Sim duration (SSIRD): [0.02]
INFO:__main__:* Sim duration (DCTCP): [0.02]
INFO:__main__:* SSIRD FCT: [[0.00010623700000067515, 0.0001008800000015242, 0.00014869600000011474, 0.00016360600000098202, 0.00016814900000028388, 0.00010991500000123722, 0.00010329900000094483, 9.794200000001752e-05, 0.0001036939999998765, 0.00010473100000041313, 9.70290000008589e-05, 0.00015415200000035156, 0.00015778100000041206, 0.00010710100000110856, 9.8683000000932e-05, 9.668300000065244e-05, 0.0001045580000003099, 0.00010196600000078604, 0.00010041100000002245, 9.967000000088433e-05, 0.00013790900000110184, 0.00013117000000129053, 0.00012754100000123003, 0.00012114700000154244, 0.00011285300000096754, 0.00010404000000008296, 0.00010295400000082111, 0.00010433600000148147, 0.00010001600000109079, 0.00010542200000074331, 0.00010658200000079887, 9.863400000043043e-05, 0.00010334900000152913, 0.00010058400000012568, 0.0001515600000008277, 0.0001619280000006995, 9.984300000098756e-05, 0.0001574350000002056, 9.72510000014637e-05, 0.00016970400000104746, 0.00017436999999986824, 0.00012356600000096307, 0.0001104340000015469, 9.84610000003272e-05, 0.00010023799999991923, 0.00010110200000035263, 0.00010571800000036546, 9.932500000076061e-05, 9.75969999998938e-05, 0.00010507700000061959, 9.897900000055415e-05, 0.00011389000000150418, 0.00011993800000098531, 0.00012909600000021726, 0.0001323790000000713, 0.0001384270000013288, 0.00014153800000116235, 0.00014741300000054025, 9.915200000065738e-05, 9.742400000156692e-05, 0.00010213900000088927, 0.00010093000000033214, 0.00010628600000117672, 0.00014585800000155302, 0.0001598540000014026, 0.0001546700000005785, 9.69790000002746e-05, 0.00016452000000022338, 9.720100000087939e-05, 0.00010127500000045586, 0.0001029040000002368, 9.841100000151926e-05, 0.00010386699999997973, 0.00010162100000066232, 0.00013635400000033826, 0.00013445300000114457, 0.0001246030000014997, 9.937400000126217e-05, 9.823800000141603e-05, 0.00010006599999989874, 0.00012667700000079662, 0.00017419700000154137, 0.00017246900000067455, 0.00016901300000071728, 0.00010144800000055909, 0.00014874600000069904, 0.00014395700000058298, 0.00010490400000051636, 0.00010260800000061465, 0.0001023120000009925, 0.0001045090000015847, 0.00011453100000125005, 0.00011682700000115176]]
INFO:__main__:* DCTCP FCT: [[0.0001504150000002369, 0.0001509320000003811, 0.00015145000000060804, 0.00015196700000075225, 0.0001524850000009792, 0.0001530020000011234, 0.00015352000000135035, 0.00015403700000149456, 0.00015455499999994515, 0.00015507200000008936, 0.00015558900000023357, 0.00015610700000046052, 0.00015662400000060472, 0.00015714200000083167, 0.00015765900000097588, 0.00015817700000120283, 0.00015869400000134704, 0.00015921200000157398, 0.00015972899999994183, 0.00016024600000008604, 0.000160764000000313, 0.0001612810000004572, 0.00016179900000068415, 0.00016231600000082835, 0.0001628340000010553, 0.0001633510000011995, 0.00016386800000134372, 0.00016438600000157066, 0.00016490299999993852, 0.00016542100000016546, 0.00016593800000030967, 0.00015046400000073845, 0.0001509820000009654, 0.0001514990000011096, 0.00015201700000133656, 0.00015253400000148076, 0.00015305199999993135, 0.00015356900000007556, 0.0001540870000003025, 0.00015460400000044672, 0.00015512100000059093, 0.00015563900000081787, 0.00015615600000096208, 0.00015667400000118903, 0.00015719100000133324, 0.00015770900000156018, 0.00015822599999992804, 0.00015874400000015498, 0.0001592610000002992, 0.0001597780000004434, 0.00016029600000067035, 0.00016081300000081455, 0.0001613310000010415, 0.0001618480000011857, 0.00016236600000141266, 0.00016288300000155687, 0.00016339999999992472, 0.00016391800000015166, 0.00016443500000029587, 0.00016495300000052282, 0.00016547000000066703, 0.00016598800000089398, 0.00015051400000132276, 0.00015103100000146696, 0.00015154899999991756, 0.00015206600000006176, 0.0001525840000002887, 0.00015310100000043292, 0.00015361900000065987, 0.00015413600000080407, 0.00015465300000094828, 0.00015517100000117523, 0.00015568800000131944, 0.00015620600000154639, 0.00015672299999991424, 0.00015724100000014118, 0.0001577580000002854, 0.00015827600000051234, 0.00015879300000065655, 0.00015931000000080076, 0.0001598280000010277, 0.0001603450000011719, 0.00016086300000139886, 0.00016138000000154307, 0.00016189799999999366, 0.00016241500000013787, 0.00016293200000028207, 0.00016345000000050902, 0.00016396700000065323, 0.00016448500000088018, 0.00016500200000102438, 0.00016552000000125133, 0.00016603700000139554]]
