INFO:root:PoissonIntervalGenerator: Genrate Byteload Intervals:
target_mean_ns=1000
min_interval_ns=1
max_interval_ns=10000
num_intervals=155
num_samples_needed=1
DEBUG:root:Step 1) λ solving for mean=1000 is 0.001000
DEBUG:root:Generated samples: shape=(1, 155)
DEBUG:root:Step 2) Generated 1 samples, taking first 1 samples needed
DEBUG:root:sample unique means (ns): [1000.]
INFO:root:PoissonIntervalGenerator: Genrate Byteload Intervals:
target_mean_ns=1000
min_interval_ns=1
max_interval_ns=10000
num_intervals=190
num_samples_needed=1
DEBUG:root:Step 1) λ solving for mean=1000 is 0.001000
DEBUG:root:Generated samples: shape=(1, 190)
DEBUG:root:Step 2) Generated 1 samples, taking first 1 samples needed
DEBUG:root:sample unique means (ns): [1000.]
INFO:root:PoissonIntervalGenerator: Genrate Byteload Intervals:
target_mean_ns=1000
min_interval_ns=1
max_interval_ns=10000
num_intervals=345
num_samples_needed=1
DEBUG:root:Step 1) λ solving for mean=1000 is 0.001000
DEBUG:root:Generated samples: shape=(1, 345)
DEBUG:root:Step 2) Generated 1 samples, taking first 1 samples needed
DEBUG:root:sample unique means (ns): [1000.]
INFO:root:PoissonIntervalGenerator: Genrate Byteload Intervals:
target_mean_ns=1000
min_interval_ns=1
max_interval_ns=10000
num_intervals=440
num_samples_needed=1
DEBUG:root:Step 1) λ solving for mean=1000 is 0.001000
DEBUG:root:Generated samples: shape=(1, 440)
DEBUG:root:Step 2) Generated 1 samples, taking first 1 samples needed
DEBUG:root:sample unique means (ns): [1000.]
INFO:root:PoissonIntervalGenerator: Genrate Byteload Intervals:
target_mean_ns=1000
min_interval_ns=1
max_interval_ns=10000
num_intervals=385
num_samples_needed=1
DEBUG:root:Step 1) λ solving for mean=1000 is 0.001000
DEBUG:root:Generated samples: shape=(1, 385)
DEBUG:root:Step 2) Generated 1 samples, taking first 1 samples needed
DEBUG:root:sample unique means (ns): [1000.]
INFO:root:PoissonIntervalGenerator: Genrate Byteload Intervals:
target_mean_ns=1000
min_interval_ns=1
max_interval_ns=10000
num_intervals=1207
num_samples_needed=1
DEBUG:root:Step 1) λ solving for mean=1000 is 0.001000
DEBUG:root:Generated samples: shape=(1, 1207)
DEBUG:root:Step 2) Generated 1 samples, taking first 1 samples needed
DEBUG:root:sample unique means (ns): [1000.]
INFO:root:PoissonIntervalGenerator: Genrate Byteload Intervals:
target_mean_ns=1000
min_interval_ns=1
max_interval_ns=10000
num_intervals=101
num_samples_needed=1
DEBUG:root:Step 1) λ solving for mean=1000 is 0.001000
DEBUG:root:Generated samples: shape=(1, 101)
DEBUG:root:Step 2) Generated 1 samples, taking first 1 samples needed
DEBUG:root:sample unique means (ns): [1000.]
INFO:root:PoissonIntervalGenerator: Genrate Byteload Intervals:
target_mean_ns=1000
min_interval_ns=1
max_interval_ns=10000
num_intervals=665
num_samples_needed=1
DEBUG:root:Step 1) λ solving for mean=1000 is 0.001000
DEBUG:root:Generated samples: shape=(1, 665)
DEBUG:root:Step 2) Generated 1 samples, taking first 1 samples needed
DEBUG:root:sample unique means (ns): [1000.]
INFO:__main__:Protos tested: ['SSIRD', 'DCTCP-50']
INFO:__main__:Topo Yaml File: 4-hosts.yaml
INFO:__main__:Src-Dst pairs list: [(1, 0), (2, 0), (3, 0)]
INFO:__main__:Num Flows: 8
INFO:__main__:Byteload Size (B): 1458
INFO:__main__:Target Mean Byteload Interval (ns): 1000
INFO:__main__:  is_use_poisson_num_byteloads=True
INFO:__main__:Target Mean Flow Interarrival (ns): 1000
INFO:__main__:  is_use_poisson_flow_interarr=True
INFO:__main__:Target Flow Rate (Gbps): 11.664
INFO:__main__:Flow Start Times (us): [0.626, 1.622, 4.322, 7.867, 7.895, 7.932, 8.062, 8.934]
INFO:__main__:Flow Rate (Gbps): [11.664, 11.664, 11.664, 11.664, 11.664, 11.664, 11.664, 11.664]
INFO:__main__:Flow Size (B): [227448, 278478, 504468, 642978, 562788, 1761264, 148716, 971028]
INFO:__main__:Num Byteloads: [156, 191, 346, 441, 386, 1208, 102, 666]
INFO:__main__:Flow Send Durations (us): [155.626, 191.622, 349.322, 447.867, 392.895, 1214.932, 109.062, 673.934]
INFO:__main__:Flow Min Byteload Size (B): [1458, 1458, 1458, 1458, 1458, 1458, 1458, 1458]
INFO:__main__:Flow Max Byteload Size (B): [1458, 1458, 1458, 1458, 1458, 1458, 1458, 1458]
INFO:__main__:Flow Min Interval (us): [0.004, 0.007, 0.002, 0.003, 0.006, 0.002, 0.011, 0.003]
INFO:__main__:Flow Max Interval (us): [7.916, 5.65, 6.953, 6.195, 9.756, 8.664, 4.891, 5.666]
DEBUG:__main__:Max flow send durations (us): 1214.932
INFO:__main__:* Sim duration (SSIRD): [0.01]
INFO:__main__:* Sim duration (DCTCP): [0.01]
INFO:dale_experiment_rig:Experiment started at: 2025-08-12 17:04:38.511160
INFO:dale_experiment_rig:
##### RUN GROUP #####
INFO:dale_experiment_rig:
=====
Execute experiment 8flo-12Gbps-1458B-1000ns-2025-08-12T_17-04-38Z_incast_poisson_3to1_8flo_1458B_1us_93pt312Gbps
INFO:dale_experiment_rig:Flags: 1, 1, 1, 1, 0
INFO:dale_experiment_rig:
=====
Execute experiment 8flo-12Gbps-1458B-1000ns-2025-08-12T_17-04-38Z_incast_poisson_3to1_8flo_1458B_1us_93pt312Gbps
INFO:dale_experiment_rig:ssird_sim_duration=0.010000; dctcp_sim_duration=0.010000
INFO:dale_experiment_rig:Flags: 1, 1, 1, 1, 0
INFO:dale_experiment_rig:-----
Preparing experiment input MRIs
INFO:dale_experiment_rig:ssird_sim_duration=0.010000; dctcp_sim_duration=0.010000
INFO:dale_experiment_rig:### Creating MRI inputs parent dir: /data/dh1723/SIRD-Simulator/scripts/r2p2/coord/config/manual-req-intervals/dale_experiments/Poisson_Flows_incast_poisson_3to1_8flo_1458B_1us_93pt312Gbps/
INFO:dale_experiment_rig:-----
Preparing experiment input MRIs
INFO:dale_experiment_rig:### Creating MRI inputs parent dir: /data/dh1723/SIRD-Simulator/scripts/r2p2/coord/config/manual-req-intervals/dale_experiments/Poisson_Flows_incast_poisson_3to1_8flo_1458B_1us_93pt312Gbps/
INFO:dale_experiment_rig:File /data/dh1723/SIRD-Simulator/scripts/r2p2/coord/config/manual-req-intervals/dale_experiments/Poisson_Flows_incast_poisson_3to1_8flo_1458B_1us_93pt312Gbps/ aready exists.
DEBUG:dale_experiment_rig:num flows: 8
DEBUG:dale_experiment_rig:num flows: 8
DEBUG:dale_experiment_rig:num flows: 8
DEBUG:dale_experiment_rig:num flows: 8
DEBUG:dale_experiment_rig:num flows: 8
DEBUG:dale_experiment_rig:num flows: 8
INFO:dale_experiment_rig:-----
Preparing experiment spec scripts
INFO:dale_experiment_rig:### Creating spec scripts parent dir: /data/dh1723/SIRD-Simulator/scripts/r2p2/coord/config/dale_experiments/Poisson_Flows_incast_poisson_3to1_8flo_1458B_1us_93pt312Gbps/
INFO:dale_experiment_rig:-----
Preparing experiment spec scripts
INFO:dale_experiment_rig:### Creating spec scripts parent dir: /data/dh1723/SIRD-Simulator/scripts/r2p2/coord/config/dale_experiments/Poisson_Flows_incast_poisson_3to1_8flo_1458B_1us_93pt312Gbps/
INFO:dale_experiment_rig:#### WARNING: File /data/dh1723/SIRD-Simulator/scripts/r2p2/coord/config/dale_experiments/Poisson_Flows_incast_poisson_3to1_8flo_1458B_1us_93pt312Gbps/ aready exists.
INFO:dale_experiment_rig:-----
Running experiment for DCTCP-50
INFO:dale_experiment_rig:### Script:/data/dh1723/SIRD-Simulator/scripts/r2p2/coord/config/dale_experiments/Poisson_Flows_incast_poisson_3to1_8flo_1458B_1us_93pt312Gbps/DCTCP-50-8flo-12Gbps-1458B-1000ns-2025-08-12T_17-04-38Z_incast_poisson_3to1_8flo_1458B_1us_93pt312Gbps.sh
INFO:dale_experiment_rig:### Output path (stdout): /data/dh1723/SIRD-Simulator/scripts/r2p2/coord/outputs/Poisson_Flows_incast_poisson_3to1_8flo_1458B_1us_93pt312Gbps/DCTCP-50_8flo-12Gbps-1458B-1000ns-2025-08-12T_17-04-38Z_incast_poisson_3to1_8flo_1458B_1us_93pt312Gbps_stdout.out
INFO:dale_experiment_rig:-----
Running experiment for SSIRD
INFO:dale_experiment_rig:### Output path (stderr): /data/dh1723/SIRD-Simulator/scripts/r2p2/coord/outputs/Poisson_Flows_incast_poisson_3to1_8flo_1458B_1us_93pt312Gbps/DCTCP-50_8flo-12Gbps-1458B-1000ns-2025-08-12T_17-04-38Z_incast_poisson_3to1_8flo_1458B_1us_93pt312Gbps_stderr.out
INFO:dale_experiment_rig:### Script:/data/dh1723/SIRD-Simulator/scripts/r2p2/coord/config/dale_experiments/Poisson_Flows_incast_poisson_3to1_8flo_1458B_1us_93pt312Gbps/SSIRD-8flo-12Gbps-1458B-1000ns-2025-08-12T_17-04-38Z_incast_poisson_3to1_8flo_1458B_1us_93pt312Gbps.sh
INFO:dale_experiment_rig:### Output path (stdout): /data/dh1723/SIRD-Simulator/scripts/r2p2/coord/outputs/Poisson_Flows_incast_poisson_3to1_8flo_1458B_1us_93pt312Gbps/ssird_8flo-12Gbps-1458B-1000ns-2025-08-12T_17-04-38Z_incast_poisson_3to1_8flo_1458B_1us_93pt312Gbps_stdout.out
INFO:dale_experiment_rig:### Output path (stderr): /data/dh1723/SIRD-Simulator/scripts/r2p2/coord/outputs/Poisson_Flows_incast_poisson_3to1_8flo_1458B_1us_93pt312Gbps/ssird_8flo-12Gbps-1458B-1000ns-2025-08-12T_17-04-38Z_incast_poisson_3to1_8flo_1458B_1us_93pt312Gbps_stderr.out
INFO:dale_experiment_rig:-----
Backing up app trace file paths
DEBUG:dale_experiment_rig:/data/dh1723/SIRD-Simulator/scripts/r2p2/post-process/experiment_app_trace_paths/Poisson_Flows_incast_poisson_3to1_8flo_1458B_1us_93pt312Gbps/8flo_12Gbps_2025-08-12T_17-26-40Z/SSIRD_app_traces.txt
INFO:dale_experiment_rig:-----
Backing up app trace file paths
DEBUG:dale_experiment_rig:/data/dh1723/SIRD-Simulator/scripts/r2p2/post-process/experiment_app_trace_paths/Poisson_Flows_incast_poisson_3to1_8flo_1458B_1us_93pt312Gbps/8flo_12Gbps_2025-08-12T_17-26-40Z/DCTCP-50_app_traces.txt
INFO:dale_experiment_rig:Simulations ended at: 2025-08-12 17:26:40.323004
INFO:dale_experiment_rig:
##### POST PROCESS RESULTS #####
INFO:dale_experiment_rig:=====
** Num Flows: 8, Target Flow Rate (Gbps): 11.664, ssird_sim_dur (s): 0.01, dctcp_sim_dur (s): 0.01
INFO:dale_experiment_rig:Processing SIRD results exp_id 0:: 8flo-11.664Gbps_target
INFO:dale_experiment_rig:Processing results from /data/dh1723/SIRD-Simulator/scripts/r2p2/coord/results/SSIRD-8flo-12Gbps-1458B-1000ns-2025-08-12T_17-04-38Z_incast_poisson_3to1_8flo_1458B_1us_93pt312Gbps/data/SSIRD/60/applications_trace.str
INFO:dale_experiment_rig:Flow 0:: num of byteloads: 156, num srq events: 156, num rrq events: 1
DEBUG:dale_experiment_rig:Flow 0:: first_event_name: srq, final_event_name: rrq, expected_data_B: 227448, recv_data_B: 227448
INFO:dale_experiment_rig:Flow 1:: num of byteloads: 191, num srq events: 191, num rrq events: 1
DEBUG:dale_experiment_rig:Flow 1:: first_event_name: srq, final_event_name: rrq, expected_data_B: 278478, recv_data_B: 278478
INFO:dale_experiment_rig:Flow 2:: num of byteloads: 346, num srq events: 346, num rrq events: 9
DEBUG:dale_experiment_rig:Flow 2:: first_event_name: srq, final_event_name: rrq, expected_data_B: 504468, recv_data_B: 504468
INFO:dale_experiment_rig:Flow 3:: num of byteloads: 441, num srq events: 441, num rrq events: 6
DEBUG:dale_experiment_rig:Flow 3:: first_event_name: srq, final_event_name: rrq, expected_data_B: 642978, recv_data_B: 642978
INFO:dale_experiment_rig:Flow 4:: num of byteloads: 386, num srq events: 386, num rrq events: 2
DEBUG:dale_experiment_rig:Flow 4:: first_event_name: srq, final_event_name: rrq, expected_data_B: 562788, recv_data_B: 562788
INFO:dale_experiment_rig:Flow 5:: num of byteloads: 1208, num srq events: 1208, num rrq events: 1
DEBUG:dale_experiment_rig:Flow 5:: first_event_name: srq, final_event_name: rrq, expected_data_B: 1761264, recv_data_B: 1761264
INFO:dale_experiment_rig:Flow 6:: num of byteloads: 102, num srq events: 102, num rrq events: 1
DEBUG:dale_experiment_rig:Flow 6:: first_event_name: srq, final_event_name: rrq, expected_data_B: 148716, recv_data_B: 148716
INFO:dale_experiment_rig:Flow 7:: num of byteloads: 666, num srq events: 666, num rrq events: 3
DEBUG:dale_experiment_rig:Flow 7:: first_event_name: srq, final_event_name: rrq, expected_data_B: 971028, recv_data_B: 971028
INFO:dale_experiment_rig:Flow 0:: num of byteloads: 156, num srq events: 156, num rrq events: 1
DEBUG:dale_experiment_rig:Flow 0:: first_event_name: srq, final_event_name: rrq, expected_data_B: 227448, recv_data_B: 227448
INFO:dale_experiment_rig:Flow 1:: num of byteloads: 191, num srq events: 191, num rrq events: 1
DEBUG:dale_experiment_rig:Flow 1:: first_event_name: srq, final_event_name: rrq, expected_data_B: 278478, recv_data_B: 278478
INFO:dale_experiment_rig:Flow 2:: num of byteloads: 346, num srq events: 346, num rrq events: 7
DEBUG:dale_experiment_rig:Flow 2:: first_event_name: srq, final_event_name: rrq, expected_data_B: 504468, recv_data_B: 504468
INFO:dale_experiment_rig:Flow 3:: num of byteloads: 441, num srq events: 441, num rrq events: 8
DEBUG:dale_experiment_rig:Flow 3:: first_event_name: srq, final_event_name: rrq, expected_data_B: 642978, recv_data_B: 642978
INFO:dale_experiment_rig:Flow 4:: num of byteloads: 386, num srq events: 386, num rrq events: 2
DEBUG:dale_experiment_rig:Flow 4:: first_event_name: srq, final_event_name: rrq, expected_data_B: 562788, recv_data_B: 562788
INFO:dale_experiment_rig:Flow 5:: num of byteloads: 1208, num srq events: 1208, num rrq events: 1
DEBUG:dale_experiment_rig:Flow 5:: first_event_name: srq, final_event_name: rrq, expected_data_B: 1761264, recv_data_B: 1761264
INFO:dale_experiment_rig:Flow 6:: num of byteloads: 102, num srq events: 102, num rrq events: 1
DEBUG:dale_experiment_rig:Flow 6:: first_event_name: srq, final_event_name: rrq, expected_data_B: 148716, recv_data_B: 148716
INFO:dale_experiment_rig:Flow 7:: num of byteloads: 666, num srq events: 666, num rrq events: 11
DEBUG:dale_experiment_rig:Flow 7:: first_event_name: srq, final_event_name: rrq, expected_data_B: 971028, recv_data_B: 971028
INFO:dale_experiment_rig:Flow 0:: num of byteloads: 156, num srq events: 156, num rrq events: 1
DEBUG:dale_experiment_rig:Flow 0:: first_event_name: srq, final_event_name: rrq, expected_data_B: 227448, recv_data_B: 227448
INFO:dale_experiment_rig:Flow 1:: num of byteloads: 191, num srq events: 191, num rrq events: 1
DEBUG:dale_experiment_rig:Flow 1:: first_event_name: srq, final_event_name: rrq, expected_data_B: 278478, recv_data_B: 278478
INFO:dale_experiment_rig:Flow 2:: num of byteloads: 346, num srq events: 346, num rrq events: 3
DEBUG:dale_experiment_rig:Flow 2:: first_event_name: srq, final_event_name: rrq, expected_data_B: 504468, recv_data_B: 504468
INFO:dale_experiment_rig:Flow 3:: num of byteloads: 441, num srq events: 441, num rrq events: 3
DEBUG:dale_experiment_rig:Flow 3:: first_event_name: srq, final_event_name: rrq, expected_data_B: 642978, recv_data_B: 642978
INFO:dale_experiment_rig:Flow 4:: num of byteloads: 386, num srq events: 386, num rrq events: 9
DEBUG:dale_experiment_rig:Flow 4:: first_event_name: srq, final_event_name: rrq, expected_data_B: 562788, recv_data_B: 562788
INFO:dale_experiment_rig:Flow 5:: num of byteloads: 1208, num srq events: 1208, num rrq events: 1
DEBUG:dale_experiment_rig:Flow 5:: first_event_name: srq, final_event_name: rrq, expected_data_B: 1761264, recv_data_B: 1761264
INFO:dale_experiment_rig:Flow 6:: num of byteloads: 102, num srq events: 102, num rrq events: 1
DEBUG:dale_experiment_rig:Flow 6:: first_event_name: srq, final_event_name: rrq, expected_data_B: 148716, recv_data_B: 148716
INFO:dale_experiment_rig:Flow 7:: num of byteloads: 666, num srq events: 666, num rrq events: 13
DEBUG:dale_experiment_rig:Flow 7:: first_event_name: srq, final_event_name: rrq, expected_data_B: 971028, recv_data_B: 971028
INFO:dale_experiment_rig:SSIRD FCT (ms): [0.0004968660000006508, 0.0005992419999998333, 0.0003568930000010795, 0.0009269029999998679, 0.0008273889999994566, 0.0013613960000000702, 0.00040296599999933846, 0.0006801280000008347, 0.000526791000000415, 0.000636679999999501, 0.000728527999999784, 0.00044929499999923905, 0.0009315489999988102, 0.0012452469999999494, 0.0004373589999993044, 0.0006714770000009196, 0.0005566689999998431, 0.0007853850000003604, 0.0003587990000006869, 0.0008753860000005886, 0.00039889099999967925, 0.0012183009999997552, 0.00045799499999965576, 0.0006739580000001411]
App Gdpt (overall): 100.73273787664668 Gbps
App Gdpt (per flow): [11.663999999906878, 11.664000000005375, 11.66400000002118, 11.664000000017765, 11.66400000001104, 11.664000000008988, 11.664000000113345, 11.664000000005375, 11.663999999906878, 11.664000000005375, 11.66400000002118, 11.664000000017765, 11.66400000001104, 11.664000000008988, 11.664000000113345, 11.664000000005375, 11.663999999906878, 11.664000000005375, 11.66400000002118, 11.664000000017765, 11.66400000001104, 11.664000000008988, 11.664000000113345, 11.664000000005375]
Network Gdpt (overall): 89.3781349044171
Network Gdpt (per flow): [3.6621221818309495, 3.717736740750181, 11.307994272759043, 5.549473893169764, 5.441580683333907, 10.34975275379043, 2.9524277482515977, 11.421708854789784, 3.454090901322472, 3.4991267198620126, 5.539586673403351, 11.448656228110066, 4.833137065259852, 11.315114190197264, 2.720254985039504, 11.568860884273565, 3.2687000713179875, 2.836601157392843, 11.2479243252971, 5.87606381641532, 11.287053355437001, 11.565378342464491, 2.5976877476847875, 11.526273150549995]
INFO:dale_experiment_rig:Processing DCTCP results exp_id 0:: 8flo-11.664Gbps_target
INFO:dale_experiment_rig:Processing results from /data/dh1723/SIRD-Simulator/scripts/r2p2/coord/results/DCTCP-50-8flo-12Gbps-1458B-1000ns-2025-08-12T_17-04-38Z_incast_poisson_3to1_8flo_1458B_1us_93pt312Gbps/data/DCTCP-50/60/applications_trace.str
INFO:dale_experiment_rig:Flow 0:: num of byteloads: 156, num srq events: 156, num rrq events: 1
DEBUG:dale_experiment_rig:Flow 0:: first_event_name: srq, final_event_name: rrq, expected_data_B: 227448, recv_data_B: 227448
INFO:dale_experiment_rig:Flow 1:: num of byteloads: 191, num srq events: 191, num rrq events: 1
DEBUG:dale_experiment_rig:Flow 1:: first_event_name: srq, final_event_name: rrq, expected_data_B: 278478, recv_data_B: 278478
INFO:dale_experiment_rig:Flow 2:: num of byteloads: 346, num srq events: 346, num rrq events: 1
DEBUG:dale_experiment_rig:Flow 2:: first_event_name: srq, final_event_name: rrq, expected_data_B: 504468, recv_data_B: 504468
INFO:dale_experiment_rig:Flow 3:: num of byteloads: 441, num srq events: 441, num rrq events: 1
DEBUG:dale_experiment_rig:Flow 3:: first_event_name: srq, final_event_name: rrq, expected_data_B: 642978, recv_data_B: 642978
INFO:dale_experiment_rig:Flow 4:: num of byteloads: 386, num srq events: 386, num rrq events: 1
DEBUG:dale_experiment_rig:Flow 4:: first_event_name: srq, final_event_name: rrq, expected_data_B: 562788, recv_data_B: 562788
INFO:dale_experiment_rig:Flow 5:: num of byteloads: 1208, num srq events: 1208, num rrq events: 1
DEBUG:dale_experiment_rig:Flow 5:: first_event_name: srq, final_event_name: rrq, expected_data_B: 1761264, recv_data_B: 1761264
INFO:dale_experiment_rig:Flow 6:: num of byteloads: 102, num srq events: 102, num rrq events: 1
DEBUG:dale_experiment_rig:Flow 6:: first_event_name: srq, final_event_name: rrq, expected_data_B: 148716, recv_data_B: 148716
INFO:dale_experiment_rig:Flow 7:: num of byteloads: 666, num srq events: 666, num rrq events: 1
DEBUG:dale_experiment_rig:Flow 7:: first_event_name: srq, final_event_name: rrq, expected_data_B: 971028, recv_data_B: 971028
INFO:dale_experiment_rig:Flow 0:: num of byteloads: 156, num srq events: 156, num rrq events: 1
DEBUG:dale_experiment_rig:Flow 0:: first_event_name: srq, final_event_name: rrq, expected_data_B: 227448, recv_data_B: 227448
INFO:dale_experiment_rig:Flow 1:: num of byteloads: 191, num srq events: 191, num rrq events: 1
DEBUG:dale_experiment_rig:Flow 1:: first_event_name: srq, final_event_name: rrq, expected_data_B: 278478, recv_data_B: 278478
INFO:dale_experiment_rig:Flow 2:: num of byteloads: 346, num srq events: 346, num rrq events: 1
DEBUG:dale_experiment_rig:Flow 2:: first_event_name: srq, final_event_name: rrq, expected_data_B: 504468, recv_data_B: 504468
INFO:dale_experiment_rig:Flow 3:: num of byteloads: 441, num srq events: 441, num rrq events: 1
DEBUG:dale_experiment_rig:Flow 3:: first_event_name: srq, final_event_name: rrq, expected_data_B: 642978, recv_data_B: 642978
INFO:dale_experiment_rig:Flow 4:: num of byteloads: 386, num srq events: 386, num rrq events: 1
DEBUG:dale_experiment_rig:Flow 4:: first_event_name: srq, final_event_name: rrq, expected_data_B: 562788, recv_data_B: 562788
INFO:dale_experiment_rig:Flow 5:: num of byteloads: 1208, num srq events: 1208, num rrq events: 1
DEBUG:dale_experiment_rig:Flow 5:: first_event_name: srq, final_event_name: rrq, expected_data_B: 1761264, recv_data_B: 1761264
INFO:dale_experiment_rig:Flow 6:: num of byteloads: 102, num srq events: 102, num rrq events: 1
DEBUG:dale_experiment_rig:Flow 6:: first_event_name: srq, final_event_name: rrq, expected_data_B: 148716, recv_data_B: 148716
INFO:dale_experiment_rig:Flow 7:: num of byteloads: 666, num srq events: 666, num rrq events: 1
DEBUG:dale_experiment_rig:Flow 7:: first_event_name: srq, final_event_name: rrq, expected_data_B: 971028, recv_data_B: 971028
INFO:dale_experiment_rig:Flow 0:: num of byteloads: 156, num srq events: 156, num rrq events: 1
DEBUG:dale_experiment_rig:Flow 0:: first_event_name: srq, final_event_name: rrq, expected_data_B: 227448, recv_data_B: 227448
INFO:dale_experiment_rig:Flow 1:: num of byteloads: 191, num srq events: 191, num rrq events: 1
DEBUG:dale_experiment_rig:Flow 1:: first_event_name: srq, final_event_name: rrq, expected_data_B: 278478, recv_data_B: 278478
INFO:dale_experiment_rig:Flow 2:: num of byteloads: 346, num srq events: 346, num rrq events: 1
DEBUG:dale_experiment_rig:Flow 2:: first_event_name: srq, final_event_name: rrq, expected_data_B: 504468, recv_data_B: 504468
INFO:dale_experiment_rig:Flow 3:: num of byteloads: 441, num srq events: 441, num rrq events: 1
DEBUG:dale_experiment_rig:Flow 3:: first_event_name: srq, final_event_name: rrq, expected_data_B: 642978, recv_data_B: 642978
INFO:dale_experiment_rig:Flow 4:: num of byteloads: 386, num srq events: 386, num rrq events: 1
DEBUG:dale_experiment_rig:Flow 4:: first_event_name: srq, final_event_name: rrq, expected_data_B: 562788, recv_data_B: 562788
INFO:dale_experiment_rig:Flow 5:: num of byteloads: 1208, num srq events: 1208, num rrq events: 1
DEBUG:dale_experiment_rig:Flow 5:: first_event_name: srq, final_event_name: rrq, expected_data_B: 1761264, recv_data_B: 1761264
INFO:dale_experiment_rig:Flow 6:: num of byteloads: 102, num srq events: 102, num rrq events: 1
DEBUG:dale_experiment_rig:Flow 6:: first_event_name: srq, final_event_name: rrq, expected_data_B: 148716, recv_data_B: 148716
INFO:dale_experiment_rig:Flow 7:: num of byteloads: 666, num srq events: 666, num rrq events: 1
DEBUG:dale_experiment_rig:Flow 7:: first_event_name: srq, final_event_name: rrq, expected_data_B: 971028, recv_data_B: 971028
INFO:dale_experiment_rig:DCTCP-50 FCT (ms): [0.00043463200000104507, 0.0005141840000000286, 0.0008885989999996013, 0.0009896719999993309, 0.000888222999998689, 0.0012713239999992965, 0.0002892839999990571, 0.0013072259999997726, 0.00043474599999981933, 0.0005138440000003186, 0.0008886819999993634, 0.00098940800000058, 0.0008884239999993326, 0.0012697260000003041, 0.0002891619999996209, 0.0013079650000005216, 0.0004352290000007031, 0.0005140749999998917, 0.0008887650000009018, 0.0009896020000006445, 0.0008886249999999762, 0.0012702789999998743, 0.00028940700000035235, 0.0013087030000011879]
App Gdpt (overall): 100.73273787664668 Gbps
App Gdpt (per flow): [11.663999999906878, 11.664000000005375, 11.66400000002118, 11.664000000017765, 11.66400000001104, 11.664000000008988, 11.664000000113345, 11.664000000005375, 11.663999999906878, 11.664000000005375, 11.66400000002118, 11.664000000017765, 11.66400000001104, 11.664000000008988, 11.664000000113345, 11.664000000005375, 11.663999999906878, 11.664000000005375, 11.66400000002118, 11.664000000017765, 11.66400000001104, 11.664000000008988, 11.664000000113345, 11.664000000005375]
Network Gdpt (overall): 92.88611256845515
Network Gdpt (per flow): [4.186493401304149, 4.332736919079311, 4.541693159683739, 5.197503819450766, 5.068889231653139, 11.083022109240286, 4.112664371357829, 5.94252562296141, 4.185395610312128, 4.335603801929416, 4.541268980358431, 5.198890649759234, 5.067742429294326, 11.096970527496978, 4.114399540747263, 5.939168097003286, 4.180750823123139, 4.333655595001643, 4.540844880250578, 5.197871467515881, 5.066596145730899, 11.092139600828947, 4.110916460205011, 5.935818898552956]
INFO:dale_experiment_rig:
##### GENERATE METRICS #####
INFO:dale_experiment_rig:Poisson_Flows_incast_poisson_3to1_8flo_1458B_1us_93pt312Gbps
INFO:__main__:Protos tested: ['SSIRD', 'DCTCP-50']
INFO:__main__:Topo Yaml File: 4-hosts.yaml
INFO:__main__:Src-Dst pairs list: [(1, 0), (2, 0), (3, 0)]
INFO:__main__:Num Flows: 8
INFO:__main__:Byteload Size (B): 1458
INFO:__main__:Target Mean Byteload Interval (ns): 1000
INFO:__main__:  is_use_poisson_num_byteloads=True
INFO:__main__:Target Mean Flow Interarrival (ns): 1000
INFO:__main__:  is_use_poisson_flow_interarr=True
INFO:__main__:Target Flow Rate (Gbps): 11.664
INFO:__main__:Num Byteloads: [156, 191, 346, 441, 386, 1208, 102, 666]
INFO:__main__:  is_use_poisson_num_byteloads=True
INFO:__main__:Flow Start Times (us): [0.626, 1.622, 4.322, 7.867, 7.895, 7.932, 8.062, 8.934]
INFO:__main__:Flow Rate (Gbps): [11.664, 11.664, 11.664, 11.664, 11.664, 11.664, 11.664, 11.664]
INFO:__main__:Flow Size (B): [227448, 278478, 504468, 642978, 562788, 1761264, 148716, 971028]
INFO:__main__:Flow Send Durations (us): [155.626, 191.622, 349.322, 447.867, 392.895, 1214.932, 109.062, 673.934]
INFO:__main__:Flow Min Byteload Size (B): [1458, 1458, 1458, 1458, 1458, 1458, 1458, 1458]
INFO:__main__:Flow Max Byteload Size (B): [1458, 1458, 1458, 1458, 1458, 1458, 1458, 1458]
INFO:__main__:Flow Min Interval (us): [0.004, 0.007, 0.002, 0.003, 0.006, 0.002, 0.011, 0.003]
INFO:__main__:Flow Max Interval (us): [7.916, 5.65, 6.953, 6.195, 9.756, 8.664, 4.891, 5.666]
INFO:__main__:APP Gdpt Gbps measured (SSIRD): [100.73273787664668]
INFO:__main__:APP Gdpt Gbps measured (DCTCP): [100.73273787664668]
DEBUG:__main__:APP Gdpt Gbps measured per flow (SSIRD): [[11.663999999906878, 11.664000000005375, 11.66400000002118, 11.664000000017765, 11.66400000001104, 11.664000000008988, 11.664000000113345, 11.664000000005375, 11.663999999906878, 11.664000000005375, 11.66400000002118, 11.664000000017765, 11.66400000001104, 11.664000000008988, 11.664000000113345, 11.664000000005375, 11.663999999906878, 11.664000000005375, 11.66400000002118, 11.664000000017765, 11.66400000001104, 11.664000000008988, 11.664000000113345, 11.664000000005375]]
DEBUG:__main__:APP Gdpt Gbps measured per flow (DCTCP): [[11.663999999906878, 11.664000000005375, 11.66400000002118, 11.664000000017765, 11.66400000001104, 11.664000000008988, 11.664000000113345, 11.664000000005375, 11.663999999906878, 11.664000000005375, 11.66400000002118, 11.664000000017765, 11.66400000001104, 11.664000000008988, 11.664000000113345, 11.664000000005375, 11.663999999906878, 11.664000000005375, 11.66400000002118, 11.664000000017765, 11.66400000001104, 11.664000000008988, 11.664000000113345, 11.664000000005375]]
INFO:__main__:NW Gdpt Gbps measured (SSIRD): [89.3781349044171]
INFO:__main__:NW Gdpt Gbps measured (DCTCP): [92.88611256845515]
DEBUG:__main__:NW Gdpt Gbps measured per flow (SSIRD): [[3.6621221818309495, 3.717736740750181, 11.307994272759043, 5.549473893169764, 5.441580683333907, 10.34975275379043, 2.9524277482515977, 11.421708854789784, 3.454090901322472, 3.4991267198620126, 5.539586673403351, 11.448656228110066, 4.833137065259852, 11.315114190197264, 2.720254985039504, 11.568860884273565, 3.2687000713179875, 2.836601157392843, 11.2479243252971, 5.87606381641532, 11.287053355437001, 11.565378342464491, 2.5976877476847875, 11.526273150549995]]
DEBUG:__main__:NW Gdpt Gbps measured per flow (DCTCP): [[4.186493401304149, 4.332736919079311, 4.541693159683739, 5.197503819450766, 5.068889231653139, 11.083022109240286, 4.112664371357829, 5.94252562296141, 4.185395610312128, 4.335603801929416, 4.541268980358431, 5.198890649759234, 5.067742429294326, 11.096970527496978, 4.114399540747263, 5.939168097003286, 4.180750823123139, 4.333655595001643, 4.540844880250578, 5.197871467515881, 5.066596145730899, 11.092139600828947, 4.110916460205011, 5.935818898552956]]
INFO:__main__:* Sim duration (SSIRD): [0.01]
INFO:__main__:* Sim duration (DCTCP): [0.01]
INFO:__main__:* SSIRD FCT: [[0.0004968660000006508, 0.0005992419999998333, 0.0003568930000010795, 0.0009269029999998679, 0.0008273889999994566, 0.0013613960000000702, 0.00040296599999933846, 0.0006801280000008347, 0.000526791000000415, 0.000636679999999501, 0.000728527999999784, 0.00044929499999923905, 0.0009315489999988102, 0.0012452469999999494, 0.0004373589999993044, 0.0006714770000009196, 0.0005566689999998431, 0.0007853850000003604, 0.0003587990000006869, 0.0008753860000005886, 0.00039889099999967925, 0.0012183009999997552, 0.00045799499999965576, 0.0006739580000001411]]
INFO:__main__:* DCTCP FCT: [[0.00043463200000104507, 0.0005141840000000286, 0.0008885989999996013, 0.0009896719999993309, 0.000888222999998689, 0.0012713239999992965, 0.0002892839999990571, 0.0013072259999997726, 0.00043474599999981933, 0.0005138440000003186, 0.0008886819999993634, 0.00098940800000058, 0.0008884239999993326, 0.0012697260000003041, 0.0002891619999996209, 0.0013079650000005216, 0.0004352290000007031, 0.0005140749999998917, 0.0008887650000009018, 0.0009896020000006445, 0.0008886249999999762, 0.0012702789999998743, 0.00028940700000035235, 0.0013087030000011879]]
