DEBUG:__main__:Protos tested: ['SSIRD']
DEBUG:__main__:Total_flow_size_B: 14580000
DEBUG:__main__:Byteload sizes list: [1458]
DEBUG:__main__:Num Flows: 20
DEBUG:__main__:Inter-flow spacing (us): 0
DEBUG:__main__:Flow start times (us): [0, 0, 0, 0, 0, 0, 0, 0, 0, 0, 0, 0, 0, 0, 0, 0, 0, 0, 0, 0]
DEBUG:__main__:Num Byteloads list: [10000]
DEBUG:__main__:Total injection period (us): 100000
DEBUG:__main__:Inter-Byteload Periods list: [10.0]
INFO:__main__:Total Flow Size (Bytes): 14580000
INFO:__main__:Total Injection Period (us): 100000
INFO:__main__:Byteload Size (Bytes): [1458]
INFO:__main__:Num Byteloads: [10000]
INFO:__main__:Intervals (us): [10.0]
INFO:__main__:Num flows: 20
INFO:__main__:Gdpt GBps theoretical: [23.328]
INFO:__main__:* Sim duration (SSIRD): [0.2, 0.2, 0.2, 0.2, 0.2]
INFO:__main__:* Sim duration (DCTCP): [0.3, 0.3, 0.3, 0.3, 0.3]
INFO:dale_experiment_rig:Experiment started at: 2025-08-04 19:13:22.710788
INFO:dale_experiment_rig:
##### RUN GROUP #####
INFO:dale_experiment_rig:
=====
Execute experiment 20flo-10000#-1458B-10000ns_1458B_20flo_1pt16Gbps
INFO:dale_experiment_rig:Flags: 1, 1, 1, 1, 0
INFO:dale_experiment_rig:ssird_sim_duration=0.200000; dctcp_sim_duration=0.300000
INFO:dale_experiment_rig:-----
Preparing experiment input MRIs
INFO:dale_experiment_rig:### Creating MRI inputs parent dir: /data/dh1723/SIRD-Simulator/scripts/r2p2/coord/config/manual-req-intervals/dale_experiments/Normal_Byteloads_1458B_20flo_1pt16Gbps/
DEBUG:dale_experiment_rig:num flows: 20
INFO:dale_experiment_rig:-----
Preparing experiment spec scripts
INFO:dale_experiment_rig:### Creating spec scripts parent dir: /data/dh1723/SIRD-Simulator/scripts/r2p2/coord/config/dale_experiments/Normal_Byteloads_1458B_20flo_1pt16Gbps/
INFO:dale_experiment_rig:-----
Running experiment for SSIRD
INFO:dale_experiment_rig:### Script:/data/dh1723/SIRD-Simulator/scripts/r2p2/coord/config/dale_experiments/Normal_Byteloads_1458B_20flo_1pt16Gbps/SSIRD-20flo-10000#-1458B-10000ns_1458B_20flo_1pt16Gbps.sh
INFO:dale_experiment_rig:### Output path (stdout): /data/dh1723/SIRD-Simulator/scripts/r2p2/coord/outputs/Normal_Byteloads_1458B_20flo_1pt16Gbps/ssird_20flo-10000#-1458B-10000ns_1458B_20flo_1pt16Gbps_stdout.out
INFO:dale_experiment_rig:### Output path (stderr): /data/dh1723/SIRD-Simulator/scripts/r2p2/coord/outputs/Normal_Byteloads_1458B_20flo_1pt16Gbps/ssird_20flo-10000#-1458B-10000ns_1458B_20flo_1pt16Gbps_stderr.out
INFO:dale_experiment_rig:-----
Backing up app trace file paths
DEBUG:dale_experiment_rig:/data/dh1723/SIRD-Simulator/scripts/r2p2/post-process/experiment_app_trace_paths/Normal_Byteloads_1458B_20flo_1pt16Gbps/20flo/SSIRD_app_traces.txt
INFO:dale_experiment_rig:-----
Backing up app trace file paths
DEBUG:dale_experiment_rig:/data/dh1723/SIRD-Simulator/scripts/r2p2/post-process/experiment_app_trace_paths/Normal_Byteloads_1458B_20flo_1pt16Gbps/20flo/DCTCP-50_app_traces.txt
INFO:dale_experiment_rig:Simulations ended at: 2025-08-04 23:24:06.304512
INFO:dale_experiment_rig:
##### POST PROCESS RESULTS #####
INFO:dale_experiment_rig:=====
** Num Byteloads Per Flow: 10000, Byteload Size (B): 1458, Inter-Byteload Interval (us): 10.0, ssird_sim_dur (s): 0.2, dctcp_sim_dur (s): 0.3
INFO:dale_experiment_rig:Processing SIRD results exp_id 0:: 20flo-10000#-1458B
INFO:dale_experiment_rig:Processing results from /data/dh1723/SIRD-Simulator/scripts/r2p2/coord/results/SSIRD-20flo-10000#-1458B-10000ns_1458B_20flo_1pt16Gbps/data/SSIRD/60/applications_trace.str
INFO:dale_experiment_rig:Flow 0:: num of byteloads: 10000, num srq events: 10000, num rrq events: 10000
DEBUG:dale_experiment_rig:Flow 0:: first_event_name: srq, final_event_name: rrq, expected_data_B: 14580000, recv_data_B: 14580000
INFO:dale_experiment_rig:Flow 1:: num of byteloads: 10000, num srq events: 10000, num rrq events: 10000
DEBUG:dale_experiment_rig:Flow 1:: first_event_name: srq, final_event_name: rrq, expected_data_B: 14580000, recv_data_B: 14580000
INFO:dale_experiment_rig:Flow 2:: num of byteloads: 10000, num srq events: 10000, num rrq events: 10000
DEBUG:dale_experiment_rig:Flow 2:: first_event_name: srq, final_event_name: rrq, expected_data_B: 14580000, recv_data_B: 14580000
INFO:dale_experiment_rig:Flow 3:: num of byteloads: 10000, num srq events: 10000, num rrq events: 10000
DEBUG:dale_experiment_rig:Flow 3:: first_event_name: srq, final_event_name: rrq, expected_data_B: 14580000, recv_data_B: 14580000
INFO:dale_experiment_rig:Flow 4:: num of byteloads: 10000, num srq events: 10000, num rrq events: 10000
DEBUG:dale_experiment_rig:Flow 4:: first_event_name: srq, final_event_name: rrq, expected_data_B: 14580000, recv_data_B: 14580000
INFO:dale_experiment_rig:Flow 5:: num of byteloads: 10000, num srq events: 10000, num rrq events: 10000
DEBUG:dale_experiment_rig:Flow 5:: first_event_name: srq, final_event_name: rrq, expected_data_B: 14580000, recv_data_B: 14580000
INFO:dale_experiment_rig:Flow 6:: num of byteloads: 10000, num srq events: 10000, num rrq events: 10000
DEBUG:dale_experiment_rig:Flow 6:: first_event_name: srq, final_event_name: rrq, expected_data_B: 14580000, recv_data_B: 14580000
INFO:dale_experiment_rig:Flow 7:: num of byteloads: 10000, num srq events: 10000, num rrq events: 10000
DEBUG:dale_experiment_rig:Flow 7:: first_event_name: srq, final_event_name: rrq, expected_data_B: 14580000, recv_data_B: 14580000
INFO:dale_experiment_rig:Flow 8:: num of byteloads: 10000, num srq events: 10000, num rrq events: 10000
DEBUG:dale_experiment_rig:Flow 8:: first_event_name: srq, final_event_name: rrq, expected_data_B: 14580000, recv_data_B: 14580000
INFO:dale_experiment_rig:Flow 9:: num of byteloads: 10000, num srq events: 10000, num rrq events: 10000
DEBUG:dale_experiment_rig:Flow 9:: first_event_name: srq, final_event_name: rrq, expected_data_B: 14580000, recv_data_B: 14580000
INFO:dale_experiment_rig:Flow 10:: num of byteloads: 10000, num srq events: 10000, num rrq events: 10000
DEBUG:dale_experiment_rig:Flow 10:: first_event_name: srq, final_event_name: rrq, expected_data_B: 14580000, recv_data_B: 14580000
INFO:dale_experiment_rig:Flow 11:: num of byteloads: 10000, num srq events: 10000, num rrq events: 10000
DEBUG:dale_experiment_rig:Flow 11:: first_event_name: srq, final_event_name: rrq, expected_data_B: 14580000, recv_data_B: 14580000
INFO:dale_experiment_rig:Flow 12:: num of byteloads: 10000, num srq events: 10000, num rrq events: 10000
DEBUG:dale_experiment_rig:Flow 12:: first_event_name: srq, final_event_name: rrq, expected_data_B: 14580000, recv_data_B: 14580000
INFO:dale_experiment_rig:Flow 13:: num of byteloads: 10000, num srq events: 10000, num rrq events: 10000
DEBUG:dale_experiment_rig:Flow 13:: first_event_name: srq, final_event_name: rrq, expected_data_B: 14580000, recv_data_B: 14580000
INFO:dale_experiment_rig:Flow 14:: num of byteloads: 10000, num srq events: 10000, num rrq events: 10000
DEBUG:dale_experiment_rig:Flow 14:: first_event_name: srq, final_event_name: rrq, expected_data_B: 14580000, recv_data_B: 14580000
INFO:dale_experiment_rig:Flow 15:: num of byteloads: 10000, num srq events: 10000, num rrq events: 10000
DEBUG:dale_experiment_rig:Flow 15:: first_event_name: srq, final_event_name: rrq, expected_data_B: 14580000, recv_data_B: 14580000
INFO:dale_experiment_rig:Flow 16:: num of byteloads: 10000, num srq events: 10000, num rrq events: 10000
DEBUG:dale_experiment_rig:Flow 16:: first_event_name: srq, final_event_name: rrq, expected_data_B: 14580000, recv_data_B: 14580000
INFO:dale_experiment_rig:Flow 17:: num of byteloads: 10000, num srq events: 10000, num rrq events: 10000
DEBUG:dale_experiment_rig:Flow 17:: first_event_name: srq, final_event_name: rrq, expected_data_B: 14580000, recv_data_B: 14580000
INFO:dale_experiment_rig:Flow 18:: num of byteloads: 10000, num srq events: 10000, num rrq events: 10000
DEBUG:dale_experiment_rig:Flow 18:: first_event_name: srq, final_event_name: rrq, expected_data_B: 14580000, recv_data_B: 14580000
INFO:dale_experiment_rig:Flow 19:: num of byteloads: 10000, num srq events: 10000, num rrq events: 10000
DEBUG:dale_experiment_rig:Flow 19:: first_event_name: srq, final_event_name: rrq, expected_data_B: 14580000, recv_data_B: 14580000
INFO:dale_experiment_rig:SSIRD FCT: [0.099999265000001, 0.099998158, 0.09999840400000082, 0.09999914200000148, 0.09999852700000034, 0.10000012600000119, 0.10000000299999989, 0.09999988000000037, 0.09999865000000163, 0.09999889600000067, 0.09999778800000136, 0.09999951100000004, 0.09999938800000052, 0.09999803500000048, 0.09999975700000086, 0.09999901900000019, 0.09999877300000115, 0.09999963400000134, 0.0999982810000013, 0.09999791100000088] ms
App Gdpt (overall): 23.33021638163816 Gbps
App Gdpt (per flow): [1.1663999999999999, 1.1663999999999999, 1.1663999999999999, 1.1663999999999999, 1.1663999999999999, 1.1663999999999999, 1.1663999999999999, 1.1663999999999999, 1.1663999999999999, 1.1663999999999999, 1.1663999999999999, 1.1663999999999999, 1.1663999999999999, 1.1663999999999999, 1.1663999999999999, 1.1663999999999999, 1.1663999999999999, 1.1663999999999999, 1.1663999999999999, 1.1663999999999999]
Network Gdpt (overall): 23.32797060675676
Network Gdpt (per flow): [1.1664085731030007, 1.1664214854837627, 1.1664186160411025, 1.1664100077978496, 1.1664171813250772, 1.166398530337838, 1.1663999650080024, 1.1664013996816753, 1.1664157466125604, 1.1664128771981563, 1.1664258013387097, 1.1664057037238909, 1.166407138411681, 1.1664229202103766, 1.1664028343588775, 1.1664114424962488, 1.1664143119035937, 1.1664042690396093, 1.1664200507606575, 1.1664243666050083]
ERROR:dale_experiment_rig:No results for DCTCP
INFO:dale_experiment_rig:
##### GENERATE METRICS #####
INFO:__main__:Total Flow Size (Bytes): 14580000
INFO:__main__:Total Injection Period (us): 100000
INFO:__main__:Byteload Size (Bytes): [1458]
INFO:__main__:Num Byteloads: [10000]
INFO:__main__:Intervals (us): [10.0]
INFO:__main__:Num flows: 20
DEBUG:__main__:Flow start times (us): [0, 0, 0, 0, 0, 0, 0, 0, 0, 0, 0, 0, 0, 0, 0, 0, 0, 0, 0, 0]
INFO:__main__:Gdpt Gbps theoretical: [23.328]
INFO:__main__:APP Gdpt Gbps measured (SSIRD): [23.33021638163816]
INFO:__main__:APP Gdpt Gbps measured (DCTCP): [None]
DEBUG:__main__:APP Gdpt Gbps measured per flow (SSIRD): [[1.1663999999999999, 1.1663999999999999, 1.1663999999999999, 1.1663999999999999, 1.1663999999999999, 1.1663999999999999, 1.1663999999999999, 1.1663999999999999, 1.1663999999999999, 1.1663999999999999, 1.1663999999999999, 1.1663999999999999, 1.1663999999999999, 1.1663999999999999, 1.1663999999999999, 1.1663999999999999, 1.1663999999999999, 1.1663999999999999, 1.1663999999999999, 1.1663999999999999]]
DEBUG:__main__:APP Gdpt Gbps measured per flow (DCTCP): [None]
INFO:__main__:NW Gdpt Gbps measured (SSIRD): [23.32797060675676]
INFO:__main__:NW Gdpt Gbps measured (DCTCP): [None]
DEBUG:__main__:NW Gdpt Gbps measured per flow (SSIRD): [[1.1664085731030007, 1.1664214854837627, 1.1664186160411025, 1.1664100077978496, 1.1664171813250772, 1.166398530337838, 1.1663999650080024, 1.1664013996816753, 1.1664157466125604, 1.1664128771981563, 1.1664258013387097, 1.1664057037238909, 1.166407138411681, 1.1664229202103766, 1.1664028343588775, 1.1664114424962488, 1.1664143119035937, 1.1664042690396093, 1.1664200507606575, 1.1664243666050083]]
DEBUG:__main__:NW Gdpt Gbps measured per flow (DCTCP): [None]
INFO:__main__:* Sim duration (SSIRD): [0.2, 0.2, 0.2, 0.2, 0.2]
INFO:__main__:* Sim duration (DCTCP): [0.3, 0.3, 0.3, 0.3, 0.3]
INFO:__main__:* SSIRD FCT: [[0.099999265000001, 0.099998158, 0.09999840400000082, 0.09999914200000148, 0.09999852700000034, 0.10000012600000119, 0.10000000299999989, 0.09999988000000037, 0.09999865000000163, 0.09999889600000067, 0.09999778800000136, 0.09999951100000004, 0.09999938800000052, 0.09999803500000048, 0.09999975700000086, 0.09999901900000019, 0.09999877300000115, 0.09999963400000134, 0.0999982810000013, 0.09999791100000088]]
INFO:__main__:* DCTCP FCT: [None]
