INFO:__main__:Time Period: 100
INFO:__main__:Num Byteloads: 10
INFO:__main__:Byteload Size (Bytes): [100000, 500000, 1000000, 5000000, 10000000]
INFO:__main__:Load GBps theoretical: [1.0000000000000002, 5.000000000000001, 10.000000000000002, 50.00000000000001, 100.00000000000001]
INFO:__main__:* Sim duration (SSIRD): [0.002, 0.002, 0.002, 0.006, 0.01]
INFO:__main__:* Sim duration (DCTCP): [0.002, 0.002, 0.002, 0.006, 0.01]
INFO:__main__:
=====
INFO:__main__:Execute experiment 10#-100000B-100us_dctcp_manyconns
INFO:__main__:Flags: 1, 1, 1, 1, 0
INFO:__main__:ssird_sim_duration=0.002000; dctcp_sim_duration=0.002000
INFO:__main__:-----
INFO:__main__:Preparing experiment input MRIs
INFO:__main__:### Creating MRI inputs parent dir: /home/dalehuang/Documents/ICL/msc_proj/SIRD-Simulator/scripts/r2p2/coord/config/manual-req-intervals/dale_experiments/FCT_Rate_Sweep_dctcp_manyconns/
INFO:__main__:-----
INFO:__main__:Preparing experiment spec scripts
INFO:__main__:### Creating spec scripts parent dir: /home/dalehuang/Documents/ICL/msc_proj/SIRD-Simulator/scripts/r2p2/coord/config/dale_experiments/FCT_Rate_Sweep_dctcp_manyconns/
INFO:__main__:-----
INFO:__main__:Running experiment for SSIRD
INFO:__main__:### Script:/home/dalehuang/Documents/ICL/msc_proj/SIRD-Simulator/scripts/r2p2/coord/config/dale_experiments/FCT_Rate_Sweep_dctcp_manyconns/SSIRD-10#-100000B-100us_dctcp_manyconns.sh
INFO:__main__:### Output:/home/dalehuang/Documents/ICL/msc_proj/SIRD-Simulator/scripts/r2p2/coord/outputs/ssird_10#-100000B-100us_dctcp_manyconns.out
INFO:__main__:
Processing results
INFO:__main__:/home/dalehuang/Documents/ICL/msc_proj/SIRD-Simulator/scripts/r2p2/coord/results/SSIRD-10#-100000B-100us_dctcp_manyconns/data/SSIRD/60/applications_trace.str
INFO:__main__:num of byteloads: 10, num of srq_events: 10, num of rrq_events 10
INFO:__main__:SSIRD FCT: 0.0009161049999999449 ms, Load: 1.0000000000001101 Gbps
INFO:__main__:-----
INFO:__main__:Running experiment for DCTCP-50
INFO:__main__:### Script:/home/dalehuang/Documents/ICL/msc_proj/SIRD-Simulator/scripts/r2p2/coord/config/dale_experiments/FCT_Rate_Sweep_dctcp_manyconns/DCTCP-50-10#-100000B-100us_dctcp_manyconns.sh
INFO:__main__:### Output:/home/dalehuang/Documents/ICL/msc_proj/SIRD-Simulator/scripts/r2p2/coord/outputs/DCTCP-50-10#-100000B-100us_dctcp_manyconns.out
INFO:__main__:
Processing results
INFO:__main__:/home/dalehuang/Documents/ICL/msc_proj/SIRD-Simulator/scripts/r2p2/coord/results/DCTCP-50-10#-100000B-100us_dctcp_manyconns/data/DCTCP-50/60/applications_trace.str
INFO:__main__:num of byteloads: 10, num of srq_events: 10, num of rrq_events 10
INFO:__main__:DCTCP FCT: 0.0009110540000012435 ms, Load: 1.0000000000001101 Gbps
INFO:__main__:
=====
INFO:__main__:Execute experiment 10#-500000B-100us_dctcp_manyconns
INFO:__main__:Flags: 1, 1, 1, 1, 0
INFO:__main__:ssird_sim_duration=0.002000; dctcp_sim_duration=0.002000
INFO:__main__:-----
INFO:__main__:Preparing experiment input MRIs
INFO:__main__:### Creating MRI inputs parent dir: /home/dalehuang/Documents/ICL/msc_proj/SIRD-Simulator/scripts/r2p2/coord/config/manual-req-intervals/dale_experiments/FCT_Rate_Sweep_dctcp_manyconns/
INFO:__main__:File /home/dalehuang/Documents/ICL/msc_proj/SIRD-Simulator/scripts/r2p2/coord/config/manual-req-intervals/dale_experiments/FCT_Rate_Sweep_dctcp_manyconns/ aready exists.
INFO:__main__:-----
INFO:__main__:Preparing experiment spec scripts
INFO:__main__:### Creating spec scripts parent dir: /home/dalehuang/Documents/ICL/msc_proj/SIRD-Simulator/scripts/r2p2/coord/config/dale_experiments/FCT_Rate_Sweep_dctcp_manyconns/
INFO:__main__:#### WARNING: File /home/dalehuang/Documents/ICL/msc_proj/SIRD-Simulator/scripts/r2p2/coord/config/dale_experiments/FCT_Rate_Sweep_dctcp_manyconns/ aready exists.
INFO:__main__:-----
INFO:__main__:Running experiment for SSIRD
INFO:__main__:### Script:/home/dalehuang/Documents/ICL/msc_proj/SIRD-Simulator/scripts/r2p2/coord/config/dale_experiments/FCT_Rate_Sweep_dctcp_manyconns/SSIRD-10#-500000B-100us_dctcp_manyconns.sh
INFO:__main__:### Output:/home/dalehuang/Documents/ICL/msc_proj/SIRD-Simulator/scripts/r2p2/coord/outputs/ssird_10#-500000B-100us_dctcp_manyconns.out
INFO:__main__:
Processing results
INFO:__main__:/home/dalehuang/Documents/ICL/msc_proj/SIRD-Simulator/scripts/r2p2/coord/results/SSIRD-10#-500000B-100us_dctcp_manyconns/data/SSIRD/60/applications_trace.str
INFO:__main__:num of byteloads: 10, num of srq_events: 10, num of rrq_events 10
INFO:__main__:SSIRD FCT: 0.0009498580000002477 ms, Load: 5.000000000000551 Gbps
INFO:__main__:-----
INFO:__main__:Running experiment for DCTCP-50
INFO:__main__:### Script:/home/dalehuang/Documents/ICL/msc_proj/SIRD-Simulator/scripts/r2p2/coord/config/dale_experiments/FCT_Rate_Sweep_dctcp_manyconns/DCTCP-50-10#-500000B-100us_dctcp_manyconns.sh
INFO:__main__:### Output:/home/dalehuang/Documents/ICL/msc_proj/SIRD-Simulator/scripts/r2p2/coord/outputs/DCTCP-50-10#-500000B-100us_dctcp_manyconns.out
INFO:__main__:
Processing results
INFO:__main__:/home/dalehuang/Documents/ICL/msc_proj/SIRD-Simulator/scripts/r2p2/coord/results/DCTCP-50-10#-500000B-100us_dctcp_manyconns/data/DCTCP-50/60/applications_trace.str
INFO:__main__:num of byteloads: 10, num of srq_events: 10, num of rrq_events 10
INFO:__main__:DCTCP FCT: 0.0009447630000014584 ms, Load: 5.000000000000551 Gbps
INFO:__main__:
=====
INFO:__main__:Execute experiment 10#-1000000B-100us_dctcp_manyconns
INFO:__main__:Flags: 1, 1, 1, 1, 0
INFO:__main__:ssird_sim_duration=0.002000; dctcp_sim_duration=0.002000
INFO:__main__:-----
INFO:__main__:Preparing experiment input MRIs
INFO:__main__:### Creating MRI inputs parent dir: /home/dalehuang/Documents/ICL/msc_proj/SIRD-Simulator/scripts/r2p2/coord/config/manual-req-intervals/dale_experiments/FCT_Rate_Sweep_dctcp_manyconns/
INFO:__main__:File /home/dalehuang/Documents/ICL/msc_proj/SIRD-Simulator/scripts/r2p2/coord/config/manual-req-intervals/dale_experiments/FCT_Rate_Sweep_dctcp_manyconns/ aready exists.
INFO:__main__:-----
INFO:__main__:Preparing experiment spec scripts
INFO:__main__:### Creating spec scripts parent dir: /home/dalehuang/Documents/ICL/msc_proj/SIRD-Simulator/scripts/r2p2/coord/config/dale_experiments/FCT_Rate_Sweep_dctcp_manyconns/
INFO:__main__:#### WARNING: File /home/dalehuang/Documents/ICL/msc_proj/SIRD-Simulator/scripts/r2p2/coord/config/dale_experiments/FCT_Rate_Sweep_dctcp_manyconns/ aready exists.
INFO:__main__:-----
INFO:__main__:Running experiment for SSIRD
INFO:__main__:### Script:/home/dalehuang/Documents/ICL/msc_proj/SIRD-Simulator/scripts/r2p2/coord/config/dale_experiments/FCT_Rate_Sweep_dctcp_manyconns/SSIRD-10#-1000000B-100us_dctcp_manyconns.sh
INFO:__main__:### Output:/home/dalehuang/Documents/ICL/msc_proj/SIRD-Simulator/scripts/r2p2/coord/outputs/ssird_10#-1000000B-100us_dctcp_manyconns.out
INFO:__main__:
Processing results
INFO:__main__:/home/dalehuang/Documents/ICL/msc_proj/SIRD-Simulator/scripts/r2p2/coord/results/SSIRD-10#-1000000B-100us_dctcp_manyconns/data/SSIRD/60/applications_trace.str
INFO:__main__:num of byteloads: 10, num of srq_events: 10, num of rrq_events 10
INFO:__main__:SSIRD FCT: 0.0009920530000009364 ms, Load: 10.000000000001101 Gbps
INFO:__main__:-----
INFO:__main__:Running experiment for DCTCP-50
INFO:__main__:### Script:/home/dalehuang/Documents/ICL/msc_proj/SIRD-Simulator/scripts/r2p2/coord/config/dale_experiments/FCT_Rate_Sweep_dctcp_manyconns/DCTCP-50-10#-1000000B-100us_dctcp_manyconns.sh
INFO:__main__:### Output:/home/dalehuang/Documents/ICL/msc_proj/SIRD-Simulator/scripts/r2p2/coord/outputs/DCTCP-50-10#-1000000B-100us_dctcp_manyconns.out
INFO:__main__:
Processing results
INFO:__main__:/home/dalehuang/Documents/ICL/msc_proj/SIRD-Simulator/scripts/r2p2/coord/results/DCTCP-50-10#-1000000B-100us_dctcp_manyconns/data/DCTCP-50/60/applications_trace.str
INFO:__main__:num of byteloads: 10, num of srq_events: 10, num of rrq_events 10
INFO:__main__:DCTCP FCT: 0.0009868970000006527 ms, Load: 10.000000000001101 Gbps
INFO:__main__:
=====
INFO:__main__:Execute experiment 10#-5000000B-100us_dctcp_manyconns
INFO:__main__:Flags: 1, 1, 1, 1, 0
INFO:__main__:ssird_sim_duration=0.006000; dctcp_sim_duration=0.006000
INFO:__main__:-----
INFO:__main__:Preparing experiment input MRIs
INFO:__main__:### Creating MRI inputs parent dir: /home/dalehuang/Documents/ICL/msc_proj/SIRD-Simulator/scripts/r2p2/coord/config/manual-req-intervals/dale_experiments/FCT_Rate_Sweep_dctcp_manyconns/
INFO:__main__:File /home/dalehuang/Documents/ICL/msc_proj/SIRD-Simulator/scripts/r2p2/coord/config/manual-req-intervals/dale_experiments/FCT_Rate_Sweep_dctcp_manyconns/ aready exists.
INFO:__main__:-----
INFO:__main__:Preparing experiment spec scripts
INFO:__main__:### Creating spec scripts parent dir: /home/dalehuang/Documents/ICL/msc_proj/SIRD-Simulator/scripts/r2p2/coord/config/dale_experiments/FCT_Rate_Sweep_dctcp_manyconns/
INFO:__main__:#### WARNING: File /home/dalehuang/Documents/ICL/msc_proj/SIRD-Simulator/scripts/r2p2/coord/config/dale_experiments/FCT_Rate_Sweep_dctcp_manyconns/ aready exists.
INFO:__main__:-----
INFO:__main__:Running experiment for SSIRD
INFO:__main__:### Script:/home/dalehuang/Documents/ICL/msc_proj/SIRD-Simulator/scripts/r2p2/coord/config/dale_experiments/FCT_Rate_Sweep_dctcp_manyconns/SSIRD-10#-5000000B-100us_dctcp_manyconns.sh
INFO:__main__:### Output:/home/dalehuang/Documents/ICL/msc_proj/SIRD-Simulator/scripts/r2p2/coord/outputs/ssird_10#-5000000B-100us_dctcp_manyconns.out
INFO:__main__:
Processing results
INFO:__main__:/home/dalehuang/Documents/ICL/msc_proj/SIRD-Simulator/scripts/r2p2/coord/results/SSIRD-10#-5000000B-100us_dctcp_manyconns/data/SSIRD/60/applications_trace.str
INFO:__main__:num of byteloads: 10, num of srq_events: 10, num of rrq_events 1
INFO:__main__:SSIRD FCT: 0.004227265000000813 ms, Load: 50.000000000005514 Gbps
INFO:__main__:-----
INFO:__main__:Running experiment for DCTCP-50
INFO:__main__:### Script:/home/dalehuang/Documents/ICL/msc_proj/SIRD-Simulator/scripts/r2p2/coord/config/dale_experiments/FCT_Rate_Sweep_dctcp_manyconns/DCTCP-50-10#-5000000B-100us_dctcp_manyconns.sh
INFO:__main__:### Output:/home/dalehuang/Documents/ICL/msc_proj/SIRD-Simulator/scripts/r2p2/coord/outputs/DCTCP-50-10#-5000000B-100us_dctcp_manyconns.out
INFO:__main__:
Processing results
INFO:__main__:/home/dalehuang/Documents/ICL/msc_proj/SIRD-Simulator/scripts/r2p2/coord/results/DCTCP-50-10#-5000000B-100us_dctcp_manyconns/data/DCTCP-50/60/applications_trace.str
INFO:__main__:num of byteloads: 10, num of srq_events: 10, num of rrq_events 10
INFO:__main__:DCTCP FCT: 0.004218168000001299 ms, Load: 50.000000000005514 Gbps
INFO:__main__:
=====
INFO:__main__:Execute experiment 10#-10000000B-100us_dctcp_manyconns
INFO:__main__:Flags: 1, 1, 1, 1, 0
INFO:__main__:ssird_sim_duration=0.010000; dctcp_sim_duration=0.010000
INFO:__main__:-----
INFO:__main__:Preparing experiment input MRIs
INFO:__main__:### Creating MRI inputs parent dir: /home/dalehuang/Documents/ICL/msc_proj/SIRD-Simulator/scripts/r2p2/coord/config/manual-req-intervals/dale_experiments/FCT_Rate_Sweep_dctcp_manyconns/
INFO:__main__:File /home/dalehuang/Documents/ICL/msc_proj/SIRD-Simulator/scripts/r2p2/coord/config/manual-req-intervals/dale_experiments/FCT_Rate_Sweep_dctcp_manyconns/ aready exists.
INFO:__main__:-----
INFO:__main__:Preparing experiment spec scripts
INFO:__main__:### Creating spec scripts parent dir: /home/dalehuang/Documents/ICL/msc_proj/SIRD-Simulator/scripts/r2p2/coord/config/dale_experiments/FCT_Rate_Sweep_dctcp_manyconns/
INFO:__main__:#### WARNING: File /home/dalehuang/Documents/ICL/msc_proj/SIRD-Simulator/scripts/r2p2/coord/config/dale_experiments/FCT_Rate_Sweep_dctcp_manyconns/ aready exists.
INFO:__main__:-----
INFO:__main__:Running experiment for SSIRD
INFO:__main__:### Script:/home/dalehuang/Documents/ICL/msc_proj/SIRD-Simulator/scripts/r2p2/coord/config/dale_experiments/FCT_Rate_Sweep_dctcp_manyconns/SSIRD-10#-10000000B-100us_dctcp_manyconns.sh
INFO:__main__:### Output:/home/dalehuang/Documents/ICL/msc_proj/SIRD-Simulator/scripts/r2p2/coord/outputs/ssird_10#-10000000B-100us_dctcp_manyconns.out
INFO:__main__:
Processing results
INFO:__main__:/home/dalehuang/Documents/ICL/msc_proj/SIRD-Simulator/scripts/r2p2/coord/results/SSIRD-10#-10000000B-100us_dctcp_manyconns/data/SSIRD/60/applications_trace.str
INFO:__main__:num of byteloads: 10, num of srq_events: 10, num of rrq_events 1
INFO:__main__:SSIRD FCT: 0.008446747000000698 ms, Load: 100.00000000001103 Gbps
INFO:__main__:-----
INFO:__main__:Running experiment for DCTCP-50
INFO:__main__:### Script:/home/dalehuang/Documents/ICL/msc_proj/SIRD-Simulator/scripts/r2p2/coord/config/dale_experiments/FCT_Rate_Sweep_dctcp_manyconns/DCTCP-50-10#-10000000B-100us_dctcp_manyconns.sh
INFO:__main__:### Output:/home/dalehuang/Documents/ICL/msc_proj/SIRD-Simulator/scripts/r2p2/coord/outputs/DCTCP-50-10#-10000000B-100us_dctcp_manyconns.out
INFO:__main__:
Processing results
INFO:__main__:/home/dalehuang/Documents/ICL/msc_proj/SIRD-Simulator/scripts/r2p2/coord/results/DCTCP-50-10#-10000000B-100us_dctcp_manyconns/data/DCTCP-50/60/applications_trace.str
INFO:__main__:num of byteloads: 10, num of srq_events: 10, num of rrq_events 10
INFO:__main__:DCTCP FCT: 0.008432386000000847 ms, Load: 100.00000000001103 Gbps
INFO:__main__:Time Period: 100
INFO:__main__:Num Byteloads: 10
INFO:__main__:Byteload Size (Bytes): [100000, 500000, 1000000, 5000000, 10000000]
INFO:__main__:Load GBps theoretical: [1.0000000000000002, 5.000000000000001, 10.000000000000002, 50.00000000000001, 100.00000000000001]
INFO:__main__:Load GBps measured: [1.0000000000001101, 5.000000000000551, 10.000000000001101, 50.000000000005514, 100.00000000001103]
INFO:__main__:Sim duration (SSIRD): [0.002, 0.002, 0.002, 0.006, 0.01]
INFO:__main__:Sim duration (DCTCP): [0.002, 0.002, 0.002, 0.006, 0.01]
INFO:__main__:* IDEAL FCT: [0.000901, 0.000905, 0.00091, 0.00095, 0.001]
INFO:__main__:* SSIRD FCT: [0.0009161049999999449, 0.0009498580000002477, 0.0009920530000009364, 0.004227265000000813, 0.008446747000000698]
INFO:__main__:* DCTCP FCT: [0.0009110540000012435, 0.0009447630000014584, 0.0009868970000006527, 0.004218168000001299, 0.008432386000000847]
