INFO:__main__:
=====
INFO:__main__:Execute experiment 5#-1000000B-10us
INFO:__main__:Flags: 1, 1, 1, 1, 0
INFO:__main__:ssird_sim_duration=0.000500; dctcp_sim_duration=0.000500
INFO:__main__:-----
INFO:__main__:Preparing experiment input MRIs
INFO:__main__:### Creating MRI inputs parent dir: /home/dalehuang/Documents/ICL/msc_proj/SIRD-Simulator/scripts/r2p2/coord/config/manual-req-intervals/dale_experiments/FCT_Varying_Time_Interval_Size/
INFO:__main__:File /home/dalehuang/Documents/ICL/msc_proj/SIRD-Simulator/scripts/r2p2/coord/config/manual-req-intervals/dale_experiments/FCT_Varying_Time_Interval_Size/ aready exists.
INFO:__main__:-----
INFO:__main__:Preparing experiment spec scripts
INFO:__main__:### Creating spec scripts parent dir: /home/dalehuang/Documents/ICL/msc_proj/SIRD-Simulator/scripts/r2p2/coord/config/dale_experiments/FCT_Varying_Time_Interval_Size/
INFO:__main__:#### WARNING: File /home/dalehuang/Documents/ICL/msc_proj/SIRD-Simulator/scripts/r2p2/coord/config/dale_experiments/FCT_Varying_Time_Interval_Size/ aready exists.
INFO:__main__:-----
INFO:__main__:Running experiment for SSIRD
INFO:__main__:### Script:/home/dalehuang/Documents/ICL/msc_proj/SIRD-Simulator/scripts/r2p2/coord/config/dale_experiments/FCT_Varying_Time_Interval_Size/SSIRD-5#-1000000B-10us.sh
INFO:__main__:### Output:/home/dalehuang/Documents/ICL/msc_proj/SIRD-Simulator/scripts/r2p2/coord/outputs/ssird_5#-1000000B-10us.out
INFO:__main__:
Processing results
INFO:__main__:/home/dalehuang/Documents/ICL/msc_proj/SIRD-Simulator/scripts/r2p2/coord/results/SSIRD-5#-1000000B-10us/data/SSIRD/60/applications_trace.str
INFO:__main__:num of byteloads: 5, num of srq_events: 5, num of rrq_events 1
INFO:__main__:-----
INFO:__main__:Running experiment for DCTCP-50
INFO:__main__:### Script:/home/dalehuang/Documents/ICL/msc_proj/SIRD-Simulator/scripts/r2p2/coord/config/dale_experiments/FCT_Varying_Time_Interval_Size/DCTCP-50-5#-1000000B-10us.sh
INFO:__main__:### Output:/home/dalehuang/Documents/ICL/msc_proj/SIRD-Simulator/scripts/r2p2/coord/outputs/DCTCP-50-5#-1000000B-10us.out
INFO:__main__:
Processing results
INFO:__main__:/home/dalehuang/Documents/ICL/msc_proj/SIRD-Simulator/scripts/r2p2/coord/results/DCTCP-50-5#-1000000B-10us/data/DCTCP-50/60/applications_trace.str
INFO:__main__:num of byteloads: 5, num of srq_events: 5, num of rrq_events 5
INFO:__main__:
=====
INFO:__main__:Execute experiment 5#-1000000B-50us
INFO:__main__:Flags: 1, 1, 1, 1, 0
INFO:__main__:ssird_sim_duration=0.002500; dctcp_sim_duration=0.002500
INFO:__main__:-----
INFO:__main__:Preparing experiment input MRIs
INFO:__main__:### Creating MRI inputs parent dir: /home/dalehuang/Documents/ICL/msc_proj/SIRD-Simulator/scripts/r2p2/coord/config/manual-req-intervals/dale_experiments/FCT_Varying_Time_Interval_Size/
INFO:__main__:File /home/dalehuang/Documents/ICL/msc_proj/SIRD-Simulator/scripts/r2p2/coord/config/manual-req-intervals/dale_experiments/FCT_Varying_Time_Interval_Size/ aready exists.
INFO:__main__:-----
INFO:__main__:Preparing experiment spec scripts
INFO:__main__:### Creating spec scripts parent dir: /home/dalehuang/Documents/ICL/msc_proj/SIRD-Simulator/scripts/r2p2/coord/config/dale_experiments/FCT_Varying_Time_Interval_Size/
INFO:__main__:#### WARNING: File /home/dalehuang/Documents/ICL/msc_proj/SIRD-Simulator/scripts/r2p2/coord/config/dale_experiments/FCT_Varying_Time_Interval_Size/ aready exists.
INFO:__main__:-----
INFO:__main__:Running experiment for SSIRD
INFO:__main__:### Script:/home/dalehuang/Documents/ICL/msc_proj/SIRD-Simulator/scripts/r2p2/coord/config/dale_experiments/FCT_Varying_Time_Interval_Size/SSIRD-5#-1000000B-50us.sh
INFO:__main__:### Output:/home/dalehuang/Documents/ICL/msc_proj/SIRD-Simulator/scripts/r2p2/coord/outputs/ssird_5#-1000000B-50us.out
INFO:__main__:
Processing results
INFO:__main__:/home/dalehuang/Documents/ICL/msc_proj/SIRD-Simulator/scripts/r2p2/coord/results/SSIRD-5#-1000000B-50us/data/SSIRD/60/applications_trace.str
INFO:__main__:num of byteloads: 5, num of srq_events: 5, num of rrq_events 3
INFO:__main__:-----
INFO:__main__:Running experiment for DCTCP-50
INFO:__main__:### Script:/home/dalehuang/Documents/ICL/msc_proj/SIRD-Simulator/scripts/r2p2/coord/config/dale_experiments/FCT_Varying_Time_Interval_Size/DCTCP-50-5#-1000000B-50us.sh
INFO:__main__:### Output:/home/dalehuang/Documents/ICL/msc_proj/SIRD-Simulator/scripts/r2p2/coord/outputs/DCTCP-50-5#-1000000B-50us.out
INFO:__main__:
Processing results
INFO:__main__:/home/dalehuang/Documents/ICL/msc_proj/SIRD-Simulator/scripts/r2p2/coord/results/DCTCP-50-5#-1000000B-50us/data/DCTCP-50/60/applications_trace.str
INFO:__main__:num of byteloads: 5, num of srq_events: 5, num of rrq_events 5
INFO:__main__:
=====
INFO:__main__:Execute experiment 5#-1000000B-100us
INFO:__main__:Flags: 1, 1, 1, 1, 0
INFO:__main__:ssird_sim_duration=0.005000; dctcp_sim_duration=0.005000
INFO:__main__:-----
INFO:__main__:Preparing experiment input MRIs
INFO:__main__:### Creating MRI inputs parent dir: /home/dalehuang/Documents/ICL/msc_proj/SIRD-Simulator/scripts/r2p2/coord/config/manual-req-intervals/dale_experiments/FCT_Varying_Time_Interval_Size/
INFO:__main__:File /home/dalehuang/Documents/ICL/msc_proj/SIRD-Simulator/scripts/r2p2/coord/config/manual-req-intervals/dale_experiments/FCT_Varying_Time_Interval_Size/ aready exists.
INFO:__main__:-----
INFO:__main__:Preparing experiment spec scripts
INFO:__main__:### Creating spec scripts parent dir: /home/dalehuang/Documents/ICL/msc_proj/SIRD-Simulator/scripts/r2p2/coord/config/dale_experiments/FCT_Varying_Time_Interval_Size/
INFO:__main__:#### WARNING: File /home/dalehuang/Documents/ICL/msc_proj/SIRD-Simulator/scripts/r2p2/coord/config/dale_experiments/FCT_Varying_Time_Interval_Size/ aready exists.
INFO:__main__:-----
INFO:__main__:Running experiment for SSIRD
INFO:__main__:### Script:/home/dalehuang/Documents/ICL/msc_proj/SIRD-Simulator/scripts/r2p2/coord/config/dale_experiments/FCT_Varying_Time_Interval_Size/SSIRD-5#-1000000B-100us.sh
INFO:__main__:### Output:/home/dalehuang/Documents/ICL/msc_proj/SIRD-Simulator/scripts/r2p2/coord/outputs/ssird_5#-1000000B-100us.out
INFO:__main__:
Processing results
INFO:__main__:/home/dalehuang/Documents/ICL/msc_proj/SIRD-Simulator/scripts/r2p2/coord/results/SSIRD-5#-1000000B-100us/data/SSIRD/60/applications_trace.str
INFO:__main__:num of byteloads: 5, num of srq_events: 5, num of rrq_events 5
INFO:__main__:-----
INFO:__main__:Running experiment for DCTCP-50
INFO:__main__:### Script:/home/dalehuang/Documents/ICL/msc_proj/SIRD-Simulator/scripts/r2p2/coord/config/dale_experiments/FCT_Varying_Time_Interval_Size/DCTCP-50-5#-1000000B-100us.sh
INFO:__main__:### Output:/home/dalehuang/Documents/ICL/msc_proj/SIRD-Simulator/scripts/r2p2/coord/outputs/DCTCP-50-5#-1000000B-100us.out
INFO:__main__:
Processing results
INFO:__main__:/home/dalehuang/Documents/ICL/msc_proj/SIRD-Simulator/scripts/r2p2/coord/results/DCTCP-50-5#-1000000B-100us/data/DCTCP-50/60/applications_trace.str
INFO:__main__:num of byteloads: 5, num of srq_events: 5, num of rrq_events 5
INFO:__main__:
=====
INFO:__main__:Execute experiment 5#-1000000B-500us
INFO:__main__:Flags: 1, 1, 1, 1, 0
INFO:__main__:ssird_sim_duration=0.025000; dctcp_sim_duration=0.025000
INFO:__main__:-----
INFO:__main__:Preparing experiment input MRIs
INFO:__main__:### Creating MRI inputs parent dir: /home/dalehuang/Documents/ICL/msc_proj/SIRD-Simulator/scripts/r2p2/coord/config/manual-req-intervals/dale_experiments/FCT_Varying_Time_Interval_Size/
INFO:__main__:File /home/dalehuang/Documents/ICL/msc_proj/SIRD-Simulator/scripts/r2p2/coord/config/manual-req-intervals/dale_experiments/FCT_Varying_Time_Interval_Size/ aready exists.
INFO:__main__:-----
INFO:__main__:Preparing experiment spec scripts
INFO:__main__:### Creating spec scripts parent dir: /home/dalehuang/Documents/ICL/msc_proj/SIRD-Simulator/scripts/r2p2/coord/config/dale_experiments/FCT_Varying_Time_Interval_Size/
INFO:__main__:#### WARNING: File /home/dalehuang/Documents/ICL/msc_proj/SIRD-Simulator/scripts/r2p2/coord/config/dale_experiments/FCT_Varying_Time_Interval_Size/ aready exists.
INFO:__main__:-----
INFO:__main__:Running experiment for SSIRD
INFO:__main__:### Script:/home/dalehuang/Documents/ICL/msc_proj/SIRD-Simulator/scripts/r2p2/coord/config/dale_experiments/FCT_Varying_Time_Interval_Size/SSIRD-5#-1000000B-500us.sh
INFO:__main__:### Output:/home/dalehuang/Documents/ICL/msc_proj/SIRD-Simulator/scripts/r2p2/coord/outputs/ssird_5#-1000000B-500us.out
INFO:__main__:
Processing results
INFO:__main__:/home/dalehuang/Documents/ICL/msc_proj/SIRD-Simulator/scripts/r2p2/coord/results/SSIRD-5#-1000000B-500us/data/SSIRD/60/applications_trace.str
INFO:__main__:num of byteloads: 5, num of srq_events: 5, num of rrq_events 5
INFO:__main__:-----
INFO:__main__:Running experiment for DCTCP-50
INFO:__main__:### Script:/home/dalehuang/Documents/ICL/msc_proj/SIRD-Simulator/scripts/r2p2/coord/config/dale_experiments/FCT_Varying_Time_Interval_Size/DCTCP-50-5#-1000000B-500us.sh
INFO:__main__:### Output:/home/dalehuang/Documents/ICL/msc_proj/SIRD-Simulator/scripts/r2p2/coord/outputs/DCTCP-50-5#-1000000B-500us.out
INFO:__main__:
Processing results
INFO:__main__:/home/dalehuang/Documents/ICL/msc_proj/SIRD-Simulator/scripts/r2p2/coord/results/DCTCP-50-5#-1000000B-500us/data/DCTCP-50/60/applications_trace.str
INFO:__main__:num of byteloads: 5, num of srq_events: 5, num of rrq_events 5
INFO:__main__:
=====
INFO:__main__:Execute experiment 5#-1000000B-1000us
INFO:__main__:Flags: 1, 1, 1, 1, 0
INFO:__main__:ssird_sim_duration=0.050000; dctcp_sim_duration=0.050000
INFO:__main__:-----
INFO:__main__:Preparing experiment input MRIs
INFO:__main__:### Creating MRI inputs parent dir: /home/dalehuang/Documents/ICL/msc_proj/SIRD-Simulator/scripts/r2p2/coord/config/manual-req-intervals/dale_experiments/FCT_Varying_Time_Interval_Size/
INFO:__main__:File /home/dalehuang/Documents/ICL/msc_proj/SIRD-Simulator/scripts/r2p2/coord/config/manual-req-intervals/dale_experiments/FCT_Varying_Time_Interval_Size/ aready exists.
INFO:__main__:-----
INFO:__main__:Preparing experiment spec scripts
INFO:__main__:### Creating spec scripts parent dir: /home/dalehuang/Documents/ICL/msc_proj/SIRD-Simulator/scripts/r2p2/coord/config/dale_experiments/FCT_Varying_Time_Interval_Size/
INFO:__main__:#### WARNING: File /home/dalehuang/Documents/ICL/msc_proj/SIRD-Simulator/scripts/r2p2/coord/config/dale_experiments/FCT_Varying_Time_Interval_Size/ aready exists.
INFO:__main__:-----
INFO:__main__:Running experiment for SSIRD
INFO:__main__:### Script:/home/dalehuang/Documents/ICL/msc_proj/SIRD-Simulator/scripts/r2p2/coord/config/dale_experiments/FCT_Varying_Time_Interval_Size/SSIRD-5#-1000000B-1000us.sh
INFO:__main__:### Output:/home/dalehuang/Documents/ICL/msc_proj/SIRD-Simulator/scripts/r2p2/coord/outputs/ssird_5#-1000000B-1000us.out
INFO:__main__:
Processing results
INFO:__main__:/home/dalehuang/Documents/ICL/msc_proj/SIRD-Simulator/scripts/r2p2/coord/results/SSIRD-5#-1000000B-1000us/data/SSIRD/60/applications_trace.str
INFO:__main__:num of byteloads: 5, num of srq_events: 5, num of rrq_events 5
INFO:__main__:-----
INFO:__main__:Running experiment for DCTCP-50
INFO:__main__:### Script:/home/dalehuang/Documents/ICL/msc_proj/SIRD-Simulator/scripts/r2p2/coord/config/dale_experiments/FCT_Varying_Time_Interval_Size/DCTCP-50-5#-1000000B-1000us.sh
INFO:__main__:### Output:/home/dalehuang/Documents/ICL/msc_proj/SIRD-Simulator/scripts/r2p2/coord/outputs/DCTCP-50-5#-1000000B-1000us.out
INFO:__main__:
Processing results
INFO:__main__:/home/dalehuang/Documents/ICL/msc_proj/SIRD-Simulator/scripts/r2p2/coord/results/DCTCP-50-5#-1000000B-1000us/data/DCTCP-50/60/applications_trace.str
INFO:__main__:num of byteloads: 5, num of srq_events: 5, num of rrq_events 5
INFO:__main__:
=====
INFO:__main__:Execute experiment 5#-1000000B-5000us
INFO:__main__:Flags: 1, 1, 1, 1, 0
INFO:__main__:ssird_sim_duration=0.250000; dctcp_sim_duration=0.250000
INFO:__main__:-----
INFO:__main__:Preparing experiment input MRIs
INFO:__main__:### Creating MRI inputs parent dir: /home/dalehuang/Documents/ICL/msc_proj/SIRD-Simulator/scripts/r2p2/coord/config/manual-req-intervals/dale_experiments/FCT_Varying_Time_Interval_Size/
INFO:__main__:File /home/dalehuang/Documents/ICL/msc_proj/SIRD-Simulator/scripts/r2p2/coord/config/manual-req-intervals/dale_experiments/FCT_Varying_Time_Interval_Size/ aready exists.
INFO:__main__:-----
INFO:__main__:Preparing experiment spec scripts
INFO:__main__:### Creating spec scripts parent dir: /home/dalehuang/Documents/ICL/msc_proj/SIRD-Simulator/scripts/r2p2/coord/config/dale_experiments/FCT_Varying_Time_Interval_Size/
INFO:__main__:#### WARNING: File /home/dalehuang/Documents/ICL/msc_proj/SIRD-Simulator/scripts/r2p2/coord/config/dale_experiments/FCT_Varying_Time_Interval_Size/ aready exists.
INFO:__main__:-----
INFO:__main__:Running experiment for SSIRD
INFO:__main__:### Script:/home/dalehuang/Documents/ICL/msc_proj/SIRD-Simulator/scripts/r2p2/coord/config/dale_experiments/FCT_Varying_Time_Interval_Size/SSIRD-5#-1000000B-5000us.sh
INFO:__main__:### Output:/home/dalehuang/Documents/ICL/msc_proj/SIRD-Simulator/scripts/r2p2/coord/outputs/ssird_5#-1000000B-5000us.out
INFO:__main__:
Processing results
INFO:__main__:/home/dalehuang/Documents/ICL/msc_proj/SIRD-Simulator/scripts/r2p2/coord/results/SSIRD-5#-1000000B-5000us/data/SSIRD/60/applications_trace.str
INFO:__main__:num of byteloads: 5, num of srq_events: 5, num of rrq_events 5
INFO:__main__:-----
INFO:__main__:Running experiment for DCTCP-50
INFO:__main__:### Script:/home/dalehuang/Documents/ICL/msc_proj/SIRD-Simulator/scripts/r2p2/coord/config/dale_experiments/FCT_Varying_Time_Interval_Size/DCTCP-50-5#-1000000B-5000us.sh
INFO:__main__:### Output:/home/dalehuang/Documents/ICL/msc_proj/SIRD-Simulator/scripts/r2p2/coord/outputs/DCTCP-50-5#-1000000B-5000us.out
INFO:__main__:
Processing results
INFO:__main__:/home/dalehuang/Documents/ICL/msc_proj/SIRD-Simulator/scripts/r2p2/coord/results/DCTCP-50-5#-1000000B-5000us/data/DCTCP-50/60/applications_trace.str
INFO:__main__:num of byteloads: 5, num of srq_events: 5, num of rrq_events 5
INFO:__main__:Time Periods: [10, 50, 100, 500, 1000, 5000]
INFO:__main__:Num Byteloads: 5
INFO:__main__:Byteload Size: 1000000 Bytes
INFO:__main__:Sim duration (SSIRD): [0.0005, 0.0025, 0.005, 0.024999999999999998, 0.049999999999999996, 0.25]
INFO:__main__:Sim duration (DCTCP): [0.0005, 0.0025, 0.005, 0.024999999999999998, 0.049999999999999996, 0.25]
INFO:__main__:* IDEAL FCT: [4.9999999999999996e-05, 0.00020999999999999998, 0.00041, 0.00201, 0.00401, 0.02001]
INFO:__main__:* SSIRD FCT: [0.00042970199999992076, 0.0005960530000006514, 0.0010960630000003135, 0.005096054000000905, 0.010096064000000737, 0.050096055000000916]
INFO:__main__:* DCTCP FCT: [0.00044456500000045196, 0.0005908970000003677, 0.0010908970000009788, 0.005090897000000538, 0.01009089700000132, 0.05009089700000047]
