DEBUG:__main__:Protos tested: ['SSIRD']
DEBUG:__main__:Total_flow_size_B: 200000
DEBUG:__main__:Byteload sizes list: [20, 200, 2000]
DEBUG:__main__:Num Flows: 5
DEBUG:__main__:Inter-flow spacing (us): 0
DEBUG:__main__:Flow start times (us): [0, 0, 0, 0, 0]
DEBUG:__main__:Num Byteloads list: [10000, 1000, 100]
DEBUG:__main__:Inter-Byteload Periods list: [10.0, 10.0, 10.0]
INFO:__main__:Total Flow Size (Bytes): 200000
INFO:__main__:Byteload Size (Bytes): [20, 200, 2000]
INFO:__main__:Num Byteloads: [10000, 1000, 100]
INFO:__main__:Intervals (us): [10.0, 10.0, 10.0]
INFO:__main__:Num flows: 5
INFO:__main__:Gdpt GBps theoretical: [0.08, 0.8, 8.0]
INFO:__main__:* Sim duration (SSIRD): [0.12, 0.12, 0.12]
INFO:__main__:* Sim duration (DCTCP): [0.09, 0.09, 0.09]
INFO:dale_experiment_rig:
##### RUN GROUP #####
INFO:dale_experiment_rig:
=====
Execute experiment 5flo-10000#-20B-10000ns_vary_num_bload_5flo_1msRTT
INFO:dale_experiment_rig:Flags: 1, 1, 1, 1, 0
INFO:dale_experiment_rig:ssird_sim_duration=0.120000; dctcp_sim_duration=0.090000
INFO:dale_experiment_rig:
=====
Execute experiment 5flo-1000#-200B-10000ns_vary_num_bload_5flo_1msRTT
INFO:dale_experiment_rig:-----
Preparing experiment input MRIs
INFO:dale_experiment_rig:
=====
Execute experiment 5flo-100#-2000B-10000ns_vary_num_bload_5flo_1msRTT
INFO:dale_experiment_rig:Flags: 1, 1, 1, 1, 0
INFO:dale_experiment_rig:### Creating MRI inputs parent dir: /data/dh1723/SIRD-Simulator/scripts/r2p2/coord/config/manual-req-intervals/dale_experiments/FCT_VARY_NUM_BLOAD_SSIRD_ONLY_vary_num_bload_5flo_1msRTT/
INFO:dale_experiment_rig:Flags: 1, 1, 1, 1, 0
INFO:dale_experiment_rig:ssird_sim_duration=0.120000; dctcp_sim_duration=0.090000
INFO:dale_experiment_rig:ssird_sim_duration=0.120000; dctcp_sim_duration=0.090000
INFO:dale_experiment_rig:-----
Preparing experiment input MRIs
INFO:dale_experiment_rig:-----
Preparing experiment input MRIs
INFO:dale_experiment_rig:### Creating MRI inputs parent dir: /data/dh1723/SIRD-Simulator/scripts/r2p2/coord/config/manual-req-intervals/dale_experiments/FCT_VARY_NUM_BLOAD_SSIRD_ONLY_vary_num_bload_5flo_1msRTT/
INFO:dale_experiment_rig:### Creating MRI inputs parent dir: /data/dh1723/SIRD-Simulator/scripts/r2p2/coord/config/manual-req-intervals/dale_experiments/FCT_VARY_NUM_BLOAD_SSIRD_ONLY_vary_num_bload_5flo_1msRTT/
INFO:dale_experiment_rig:File /data/dh1723/SIRD-Simulator/scripts/r2p2/coord/config/manual-req-intervals/dale_experiments/FCT_VARY_NUM_BLOAD_SSIRD_ONLY_vary_num_bload_5flo_1msRTT/ aready exists.
INFO:dale_experiment_rig:File /data/dh1723/SIRD-Simulator/scripts/r2p2/coord/config/manual-req-intervals/dale_experiments/FCT_VARY_NUM_BLOAD_SSIRD_ONLY_vary_num_bload_5flo_1msRTT/ aready exists.
INFO:dale_experiment_rig:-----
Preparing experiment spec scripts
INFO:dale_experiment_rig:-----
Preparing experiment spec scripts
INFO:dale_experiment_rig:### Creating spec scripts parent dir: /data/dh1723/SIRD-Simulator/scripts/r2p2/coord/config/dale_experiments/FCT_VARY_NUM_BLOAD_SSIRD_ONLY_vary_num_bload_5flo_1msRTT/
INFO:dale_experiment_rig:### Creating spec scripts parent dir: /data/dh1723/SIRD-Simulator/scripts/r2p2/coord/config/dale_experiments/FCT_VARY_NUM_BLOAD_SSIRD_ONLY_vary_num_bload_5flo_1msRTT/
INFO:dale_experiment_rig:#### WARNING: File /data/dh1723/SIRD-Simulator/scripts/r2p2/coord/config/dale_experiments/FCT_VARY_NUM_BLOAD_SSIRD_ONLY_vary_num_bload_5flo_1msRTT/ aready exists.
INFO:dale_experiment_rig:-----
Running experiment for SSIRD
INFO:dale_experiment_rig:### Script:/data/dh1723/SIRD-Simulator/scripts/r2p2/coord/config/dale_experiments/FCT_VARY_NUM_BLOAD_SSIRD_ONLY_vary_num_bload_5flo_1msRTT/SSIRD-5flo-1000#-200B-10000ns_vary_num_bload_5flo_1msRTT.sh
INFO:dale_experiment_rig:### Output path (stdout): /data/dh1723/SIRD-Simulator/scripts/r2p2/coord/outputs/FCT_VARY_NUM_BLOAD_SSIRD_ONLY_vary_num_bload_5flo_1msRTT/ssird_5flo-1000#-200B-10000ns_vary_num_bload_5flo_1msRTT_stdout.out
INFO:dale_experiment_rig:-----
Preparing experiment spec scripts
INFO:dale_experiment_rig:### Output path (stderr): /data/dh1723/SIRD-Simulator/scripts/r2p2/coord/outputs/FCT_VARY_NUM_BLOAD_SSIRD_ONLY_vary_num_bload_5flo_1msRTT/ssird_5flo-1000#-200B-10000ns_vary_num_bload_5flo_1msRTT_stderr.out
INFO:dale_experiment_rig:### Creating spec scripts parent dir: /data/dh1723/SIRD-Simulator/scripts/r2p2/coord/config/dale_experiments/FCT_VARY_NUM_BLOAD_SSIRD_ONLY_vary_num_bload_5flo_1msRTT/
INFO:dale_experiment_rig:#### WARNING: File /data/dh1723/SIRD-Simulator/scripts/r2p2/coord/config/dale_experiments/FCT_VARY_NUM_BLOAD_SSIRD_ONLY_vary_num_bload_5flo_1msRTT/ aready exists.
INFO:dale_experiment_rig:-----
Running experiment for SSIRD
INFO:dale_experiment_rig:### Script:/data/dh1723/SIRD-Simulator/scripts/r2p2/coord/config/dale_experiments/FCT_VARY_NUM_BLOAD_SSIRD_ONLY_vary_num_bload_5flo_1msRTT/SSIRD-5flo-100#-2000B-10000ns_vary_num_bload_5flo_1msRTT.sh
INFO:dale_experiment_rig:### Output path (stdout): /data/dh1723/SIRD-Simulator/scripts/r2p2/coord/outputs/FCT_VARY_NUM_BLOAD_SSIRD_ONLY_vary_num_bload_5flo_1msRTT/ssird_5flo-100#-2000B-10000ns_vary_num_bload_5flo_1msRTT_stdout.out
INFO:dale_experiment_rig:### Output path (stderr): /data/dh1723/SIRD-Simulator/scripts/r2p2/coord/outputs/FCT_VARY_NUM_BLOAD_SSIRD_ONLY_vary_num_bload_5flo_1msRTT/ssird_5flo-100#-2000B-10000ns_vary_num_bload_5flo_1msRTT_stderr.out
INFO:dale_experiment_rig:-----
Running experiment for SSIRD
INFO:dale_experiment_rig:### Script:/data/dh1723/SIRD-Simulator/scripts/r2p2/coord/config/dale_experiments/FCT_VARY_NUM_BLOAD_SSIRD_ONLY_vary_num_bload_5flo_1msRTT/SSIRD-5flo-10000#-20B-10000ns_vary_num_bload_5flo_1msRTT.sh
INFO:dale_experiment_rig:### Output path (stdout): /data/dh1723/SIRD-Simulator/scripts/r2p2/coord/outputs/FCT_VARY_NUM_BLOAD_SSIRD_ONLY_vary_num_bload_5flo_1msRTT/ssird_5flo-10000#-20B-10000ns_vary_num_bload_5flo_1msRTT_stdout.out
INFO:dale_experiment_rig:### Output path (stderr): /data/dh1723/SIRD-Simulator/scripts/r2p2/coord/outputs/FCT_VARY_NUM_BLOAD_SSIRD_ONLY_vary_num_bload_5flo_1msRTT/ssird_5flo-10000#-20B-10000ns_vary_num_bload_5flo_1msRTT_stderr.out
INFO:dale_experiment_rig:-----
Backing up app trace file paths
DEBUG:dale_experiment_rig:/data/dh1723/SIRD-Simulator/scripts/r2p2/post-process/experiment_app_trace_paths/FCT_VARY_NUM_BLOAD_SSIRD_ONLY_vary_num_bload_5flo_1msRTT/5flo/SSIRD_app_traces.txt
INFO:dale_experiment_rig:-----
Backing up app trace file paths
DEBUG:dale_experiment_rig:/data/dh1723/SIRD-Simulator/scripts/r2p2/post-process/experiment_app_trace_paths/FCT_VARY_NUM_BLOAD_SSIRD_ONLY_vary_num_bload_5flo_1msRTT/5flo/DCTCP-50_app_traces.txt
INFO:dale_experiment_rig:
##### POST PROCESS RESULTS #####
INFO:dale_experiment_rig:=====
** Num Byteloads Per Flow: 10000, Byteload Size (B): 20, Inter-Byteload Interval (us): 10.0, ssird_sim_dur (s): 0.12, dctcp_sim_dur (s): 0.09
INFO:dale_experiment_rig:Processing SIRD results exp_id 0:: 5flo-10000#-20B
INFO:dale_experiment_rig:Processing results from /data/dh1723/SIRD-Simulator/scripts/r2p2/coord/results/SSIRD-5flo-10000#-20B-10000ns_vary_num_bload_5flo_1msRTT/data/SSIRD/60/applications_trace.str
INFO:dale_experiment_rig:Flow 0:: num of byteloads: 10000, num srq events: 10000, num rrq events: 9896
DEBUG:dale_experiment_rig:Flow 0:: first_event_name: srq, final_event_name: rrq, expected_data_B: 200000, recv_data_B: 200000
INFO:dale_experiment_rig:Flow 1:: num of byteloads: 10000, num srq events: 10000, num rrq events: 9890
DEBUG:dale_experiment_rig:Flow 1:: first_event_name: srq, final_event_name: rrq, expected_data_B: 200000, recv_data_B: 200000
INFO:dale_experiment_rig:Flow 2:: num of byteloads: 10000, num srq events: 10000, num rrq events: 9882
DEBUG:dale_experiment_rig:Flow 2:: first_event_name: srq, final_event_name: rrq, expected_data_B: 200000, recv_data_B: 200000
INFO:dale_experiment_rig:Flow 3:: num of byteloads: 10000, num srq events: 10000, num rrq events: 9868
DEBUG:dale_experiment_rig:Flow 3:: first_event_name: srq, final_event_name: rrq, expected_data_B: 200000, recv_data_B: 200000
INFO:dale_experiment_rig:Flow 4:: num of byteloads: 10000, num srq events: 10000, num rrq events: 9833
DEBUG:dale_experiment_rig:Flow 4:: first_event_name: srq, final_event_name: rrq, expected_data_B: 200000, recv_data_B: 200000
INFO:dale_experiment_rig:SSIRD FCT: [0.10049007799999998, 0.10049010800000069, 0.1004901380000014, 0.1004901750000009, 0.10049020500000161] ms, Gdpt (overall): 0.080006400640064 Gbps, Gdpt (per flow): [0.015999999999999997, 0.015999999999999997, 0.015999999999999997, 0.015999999999999997, 0.015999999999999997]
ERROR:dale_experiment_rig:No results for DCTCP
INFO:dale_experiment_rig:DCTCP FCT: None ms, Gtpt (overall): None Gbps, Gdpt (per flow): None
INFO:dale_experiment_rig:=====
** Num Byteloads Per Flow: 1000, Byteload Size (B): 200, Inter-Byteload Interval (us): 10.0, ssird_sim_dur (s): 0.12, dctcp_sim_dur (s): 0.09
INFO:dale_experiment_rig:Processing SIRD results exp_id 1:: 5flo-1000#-200B
INFO:dale_experiment_rig:Processing results from /data/dh1723/SIRD-Simulator/scripts/r2p2/coord/results/SSIRD-5flo-1000#-200B-10000ns_vary_num_bload_5flo_1msRTT/data/SSIRD/60/applications_trace.str
INFO:dale_experiment_rig:Flow 0:: num of byteloads: 1000, num srq events: 1000, num rrq events: 883
DEBUG:dale_experiment_rig:Flow 0:: first_event_name: srq, final_event_name: rrq, expected_data_B: 200000, recv_data_B: 200000
INFO:dale_experiment_rig:Flow 1:: num of byteloads: 1000, num srq events: 1000, num rrq events: 855
DEBUG:dale_experiment_rig:Flow 1:: first_event_name: srq, final_event_name: rrq, expected_data_B: 200000, recv_data_B: 200000
INFO:dale_experiment_rig:Flow 2:: num of byteloads: 1000, num srq events: 1000, num rrq events: 807
DEBUG:dale_experiment_rig:Flow 2:: first_event_name: srq, final_event_name: rrq, expected_data_B: 200000, recv_data_B: 200000
INFO:dale_experiment_rig:Flow 3:: num of byteloads: 1000, num srq events: 1000, num rrq events: 689
DEBUG:dale_experiment_rig:Flow 3:: first_event_name: srq, final_event_name: rrq, expected_data_B: 200000, recv_data_B: 200000
INFO:dale_experiment_rig:Flow 4:: num of byteloads: 1000, num srq events: 1000, num rrq events: 1
DEBUG:dale_experiment_rig:Flow 4:: first_event_name: srq, final_event_name: rrq, expected_data_B: 200000, recv_data_B: 200000
INFO:dale_experiment_rig:SSIRD FCT: [0.010490079000000208, 0.010490105000000582, 0.010490135000001288, 0.010490165000000218, 0.010620380000000651] ms, Gdpt (overall): 0.8006406406406275 Gbps, Gdpt (per flow): [0.15999999999999737, 0.15999999999999737, 0.15999999999999737, 0.15999999999999737, 0.15999999999999737]
ERROR:dale_experiment_rig:No results for DCTCP
INFO:dale_experiment_rig:DCTCP FCT: None ms, Gtpt (overall): None Gbps, Gdpt (per flow): None
INFO:dale_experiment_rig:=====
** Num Byteloads Per Flow: 100, Byteload Size (B): 2000, Inter-Byteload Interval (us): 10.0, ssird_sim_dur (s): 0.12, dctcp_sim_dur (s): 0.09
INFO:dale_experiment_rig:Processing SIRD results exp_id 2:: 5flo-100#-2000B
INFO:dale_experiment_rig:Processing results from /data/dh1723/SIRD-Simulator/scripts/r2p2/coord/results/SSIRD-5flo-100#-2000B-10000ns_vary_num_bload_5flo_1msRTT/data/SSIRD/60/applications_trace.str
INFO:dale_experiment_rig:Flow 0:: num of byteloads: 100, num srq events: 100, num rrq events: 1
DEBUG:dale_experiment_rig:Flow 0:: first_event_name: srq, final_event_name: rrq, expected_data_B: 200000, recv_data_B: 200000
INFO:dale_experiment_rig:Flow 1:: num of byteloads: 100, num srq events: 100, num rrq events: 1
DEBUG:dale_experiment_rig:Flow 1:: first_event_name: srq, final_event_name: rrq, expected_data_B: 200000, recv_data_B: 200000
INFO:dale_experiment_rig:Flow 2:: num of byteloads: 100, num srq events: 100, num rrq events: 1
DEBUG:dale_experiment_rig:Flow 2:: first_event_name: srq, final_event_name: rrq, expected_data_B: 200000, recv_data_B: 200000
INFO:dale_experiment_rig:Flow 3:: num of byteloads: 100, num srq events: 100, num rrq events: 1
DEBUG:dale_experiment_rig:Flow 3:: first_event_name: srq, final_event_name: rrq, expected_data_B: 200000, recv_data_B: 200000
INFO:dale_experiment_rig:Flow 4:: num of byteloads: 100, num srq events: 100, num rrq events: 1
DEBUG:dale_experiment_rig:Flow 4:: first_event_name: srq, final_event_name: rrq, expected_data_B: 200000, recv_data_B: 200000
INFO:dale_experiment_rig:SSIRD FCT: [0.00169073600000047, 0.0018903230000013593, 0.0020808350000010023, 0.0022803230000008057, 0.002470859000000658] ms, Gdpt (overall): 8.064646464633425 Gbps, Gdpt (per flow): [1.599999999997413, 1.599999999997413, 1.599999999997413, 1.599999999997413, 1.599999999997413]
ERROR:dale_experiment_rig:No results for DCTCP
INFO:dale_experiment_rig:DCTCP FCT: None ms, Gtpt (overall): None Gbps, Gdpt (per flow): None
INFO:dale_experiment_rig:
##### GENERATE METRICS #####
INFO:__main__:Total Flow Size (Bytes): 200000
INFO:__main__:Byteload Size (Bytes): [20, 200, 2000]
INFO:__main__:Num Byteloads: [10000, 1000, 100]
INFO:__main__:Intervals (us): [10.0, 10.0, 10.0]
INFO:__main__:Num flows: 5
DEBUG:__main__:Flow start times (us): [0, 0, 0, 0, 0]
INFO:__main__:Gdpt Gbps theoretical: [0.08, 0.8, 8.0]
INFO:__main__:Gdpt Gbps measured (SSIRD): [0.080006400640064, 0.8006406406406275, 8.064646464633425]
INFO:__main__:Gdpt Gbps measured (DCTCP): [None, None, None]
DEBUG:__main__:Gdpt Gbps measured per flow (SSIRD): [[0.015999999999999997, 0.015999999999999997, 0.015999999999999997, 0.015999999999999997, 0.015999999999999997], [0.15999999999999737, 0.15999999999999737, 0.15999999999999737, 0.15999999999999737, 0.15999999999999737], [1.599999999997413, 1.599999999997413, 1.599999999997413, 1.599999999997413, 1.599999999997413]]
DEBUG:__main__:Gdpt Gbps measured per flow (DCTCP): [None, None, None]
INFO:__main__:* Sim duration (SSIRD): [0.12, 0.12, 0.12]
INFO:__main__:* Sim duration (DCTCP): [0.09, 0.09, 0.09]
INFO:__main__:* SSIRD FCT: [[0.10049007799999998, 0.10049010800000069, 0.1004901380000014, 0.1004901750000009, 0.10049020500000161], [0.010490079000000208, 0.010490105000000582, 0.010490135000001288, 0.010490165000000218, 0.010620380000000651], [0.00169073600000047, 0.0018903230000013593, 0.0020808350000010023, 0.0022803230000008057, 0.002470859000000658]]
INFO:__main__:* DCTCP FCT: [None, None, None]
