DEBUG:__main__:Protos tested: ['SSIRD']
DEBUG:__main__:Total_flow_size_B: 200000
DEBUG:__main__:Byteload sizes list: [20, 20, 20, 20]
DEBUG:__main__:Num Flows: 5
DEBUG:__main__:Inter-flow spacing (us): 0
DEBUG:__main__:Flow start times (us): [0, 0, 0, 0, 0]
DEBUG:__main__:Num Byteloads list: [10000, 10000, 10000, 10000]
DEBUG:__main__:Inter-Byteload Periods list: [0.01, 0.1, 1, 10]
INFO:__main__:Total Flow Size (Bytes): 200000
INFO:__main__:Byteload Size (Bytes): [20, 20, 20, 20]
INFO:__main__:Num Byteloads: [10000, 10000, 10000, 10000]
INFO:__main__:Intervals (us): [0.01, 0.1, 1, 10]
INFO:__main__:Num flows: 5
INFO:__main__:Gdpt GBps theoretical: [80.0, 8.0, 0.8, 0.08]
INFO:__main__:* Sim duration (SSIRD): [0.0015, 0.002, 0.02, 0.12]
INFO:__main__:* Sim duration (DCTCP): [0.0, 0.0, 0.0, 0.0]
INFO:dale_experiment_rig:
##### RUN GROUP #####
INFO:dale_experiment_rig:
=====
Execute experiment 5flo-10000#-20B-10ns_vary_interval_5flo_1msRTT
INFO:dale_experiment_rig:
=====
Execute experiment 5flo-10000#-20B-100ns_vary_interval_5flo_1msRTT
INFO:dale_experiment_rig:Flags: 1, 1, 1, 1, 0
INFO:dale_experiment_rig:
=====
Execute experiment 5flo-10000#-20B-1000ns_vary_interval_5flo_1msRTT
INFO:dale_experiment_rig:Flags: 1, 1, 1, 1, 0
INFO:dale_experiment_rig:ssird_sim_duration=0.001500; dctcp_sim_duration=0.000000
INFO:dale_experiment_rig:
=====
Execute experiment 5flo-10000#-20B-10000ns_vary_interval_5flo_1msRTT
INFO:dale_experiment_rig:Flags: 1, 1, 1, 1, 0
INFO:dale_experiment_rig:ssird_sim_duration=0.002000; dctcp_sim_duration=0.000000
INFO:dale_experiment_rig:-----
Preparing experiment input MRIs
INFO:dale_experiment_rig:Flags: 1, 1, 1, 1, 0
INFO:dale_experiment_rig:ssird_sim_duration=0.020000; dctcp_sim_duration=0.000000
INFO:dale_experiment_rig:-----
Preparing experiment input MRIs
INFO:dale_experiment_rig:### Creating MRI inputs parent dir: /data/dh1723/SIRD-Simulator/scripts/r2p2/coord/config/manual-req-intervals/dale_experiments/FCT_VARY_INTERVAL_SSIRD_ONLY_vary_interval_5flo_1msRTT/
INFO:dale_experiment_rig:ssird_sim_duration=0.120000; dctcp_sim_duration=0.000000
INFO:dale_experiment_rig:-----
Preparing experiment input MRIs
INFO:dale_experiment_rig:### Creating MRI inputs parent dir: /data/dh1723/SIRD-Simulator/scripts/r2p2/coord/config/manual-req-intervals/dale_experiments/FCT_VARY_INTERVAL_SSIRD_ONLY_vary_interval_5flo_1msRTT/
INFO:dale_experiment_rig:File /data/dh1723/SIRD-Simulator/scripts/r2p2/coord/config/manual-req-intervals/dale_experiments/FCT_VARY_INTERVAL_SSIRD_ONLY_vary_interval_5flo_1msRTT/ aready exists.
INFO:dale_experiment_rig:-----
Preparing experiment input MRIs
INFO:dale_experiment_rig:### Creating MRI inputs parent dir: /data/dh1723/SIRD-Simulator/scripts/r2p2/coord/config/manual-req-intervals/dale_experiments/FCT_VARY_INTERVAL_SSIRD_ONLY_vary_interval_5flo_1msRTT/
INFO:dale_experiment_rig:File /data/dh1723/SIRD-Simulator/scripts/r2p2/coord/config/manual-req-intervals/dale_experiments/FCT_VARY_INTERVAL_SSIRD_ONLY_vary_interval_5flo_1msRTT/ aready exists.
INFO:dale_experiment_rig:### Creating MRI inputs parent dir: /data/dh1723/SIRD-Simulator/scripts/r2p2/coord/config/manual-req-intervals/dale_experiments/FCT_VARY_INTERVAL_SSIRD_ONLY_vary_interval_5flo_1msRTT/
INFO:dale_experiment_rig:File /data/dh1723/SIRD-Simulator/scripts/r2p2/coord/config/manual-req-intervals/dale_experiments/FCT_VARY_INTERVAL_SSIRD_ONLY_vary_interval_5flo_1msRTT/ aready exists.
INFO:dale_experiment_rig:File /data/dh1723/SIRD-Simulator/scripts/r2p2/coord/config/manual-req-intervals/dale_experiments/FCT_VARY_INTERVAL_SSIRD_ONLY_vary_interval_5flo_1msRTT/ aready exists.
INFO:dale_experiment_rig:-----
Preparing experiment spec scripts
INFO:dale_experiment_rig:### Creating spec scripts parent dir: /data/dh1723/SIRD-Simulator/scripts/r2p2/coord/config/dale_experiments/FCT_VARY_INTERVAL_SSIRD_ONLY_vary_interval_5flo_1msRTT/
INFO:dale_experiment_rig:#### WARNING: File /data/dh1723/SIRD-Simulator/scripts/r2p2/coord/config/dale_experiments/FCT_VARY_INTERVAL_SSIRD_ONLY_vary_interval_5flo_1msRTT/ aready exists.
INFO:dale_experiment_rig:-----
Preparing experiment spec scripts
INFO:dale_experiment_rig:### Creating spec scripts parent dir: /data/dh1723/SIRD-Simulator/scripts/r2p2/coord/config/dale_experiments/FCT_VARY_INTERVAL_SSIRD_ONLY_vary_interval_5flo_1msRTT/
INFO:dale_experiment_rig:-----
Preparing experiment spec scripts
INFO:dale_experiment_rig:#### WARNING: File /data/dh1723/SIRD-Simulator/scripts/r2p2/coord/config/dale_experiments/FCT_VARY_INTERVAL_SSIRD_ONLY_vary_interval_5flo_1msRTT/ aready exists.
INFO:dale_experiment_rig:-----
Running experiment for SSIRD
INFO:dale_experiment_rig:### Creating spec scripts parent dir: /data/dh1723/SIRD-Simulator/scripts/r2p2/coord/config/dale_experiments/FCT_VARY_INTERVAL_SSIRD_ONLY_vary_interval_5flo_1msRTT/
INFO:dale_experiment_rig:### Script:/data/dh1723/SIRD-Simulator/scripts/r2p2/coord/config/dale_experiments/FCT_VARY_INTERVAL_SSIRD_ONLY_vary_interval_5flo_1msRTT/SSIRD-5flo-10000#-20B-10ns_vary_interval_5flo_1msRTT.sh
INFO:dale_experiment_rig:-----
Preparing experiment spec scripts
INFO:dale_experiment_rig:#### WARNING: File /data/dh1723/SIRD-Simulator/scripts/r2p2/coord/config/dale_experiments/FCT_VARY_INTERVAL_SSIRD_ONLY_vary_interval_5flo_1msRTT/ aready exists.
INFO:dale_experiment_rig:### Output path (stdout): /data/dh1723/SIRD-Simulator/scripts/r2p2/coord/outputs/FCT_VARY_INTERVAL_SSIRD_ONLY_vary_interval_5flo_1msRTT/ssird_5flo-10000#-20B-10ns_vary_interval_5flo_1msRTT_stdout.out
INFO:dale_experiment_rig:### Creating spec scripts parent dir: /data/dh1723/SIRD-Simulator/scripts/r2p2/coord/config/dale_experiments/FCT_VARY_INTERVAL_SSIRD_ONLY_vary_interval_5flo_1msRTT/
INFO:dale_experiment_rig:### Output path (stderr): /data/dh1723/SIRD-Simulator/scripts/r2p2/coord/outputs/FCT_VARY_INTERVAL_SSIRD_ONLY_vary_interval_5flo_1msRTT/ssird_5flo-10000#-20B-10ns_vary_interval_5flo_1msRTT_stderr.out
INFO:dale_experiment_rig:#### WARNING: File /data/dh1723/SIRD-Simulator/scripts/r2p2/coord/config/dale_experiments/FCT_VARY_INTERVAL_SSIRD_ONLY_vary_interval_5flo_1msRTT/ aready exists.
INFO:dale_experiment_rig:-----
Running experiment for SSIRD
INFO:dale_experiment_rig:### Script:/data/dh1723/SIRD-Simulator/scripts/r2p2/coord/config/dale_experiments/FCT_VARY_INTERVAL_SSIRD_ONLY_vary_interval_5flo_1msRTT/SSIRD-5flo-10000#-20B-1000ns_vary_interval_5flo_1msRTT.sh
INFO:dale_experiment_rig:-----
Running experiment for SSIRD
INFO:dale_experiment_rig:### Output path (stdout): /data/dh1723/SIRD-Simulator/scripts/r2p2/coord/outputs/FCT_VARY_INTERVAL_SSIRD_ONLY_vary_interval_5flo_1msRTT/ssird_5flo-10000#-20B-1000ns_vary_interval_5flo_1msRTT_stdout.out
INFO:dale_experiment_rig:### Script:/data/dh1723/SIRD-Simulator/scripts/r2p2/coord/config/dale_experiments/FCT_VARY_INTERVAL_SSIRD_ONLY_vary_interval_5flo_1msRTT/SSIRD-5flo-10000#-20B-100ns_vary_interval_5flo_1msRTT.sh
INFO:dale_experiment_rig:### Output path (stderr): /data/dh1723/SIRD-Simulator/scripts/r2p2/coord/outputs/FCT_VARY_INTERVAL_SSIRD_ONLY_vary_interval_5flo_1msRTT/ssird_5flo-10000#-20B-1000ns_vary_interval_5flo_1msRTT_stderr.out
INFO:dale_experiment_rig:### Output path (stdout): /data/dh1723/SIRD-Simulator/scripts/r2p2/coord/outputs/FCT_VARY_INTERVAL_SSIRD_ONLY_vary_interval_5flo_1msRTT/ssird_5flo-10000#-20B-100ns_vary_interval_5flo_1msRTT_stdout.out
INFO:dale_experiment_rig:### Output path (stderr): /data/dh1723/SIRD-Simulator/scripts/r2p2/coord/outputs/FCT_VARY_INTERVAL_SSIRD_ONLY_vary_interval_5flo_1msRTT/ssird_5flo-10000#-20B-100ns_vary_interval_5flo_1msRTT_stderr.out
INFO:dale_experiment_rig:-----
Running experiment for SSIRD
INFO:dale_experiment_rig:### Script:/data/dh1723/SIRD-Simulator/scripts/r2p2/coord/config/dale_experiments/FCT_VARY_INTERVAL_SSIRD_ONLY_vary_interval_5flo_1msRTT/SSIRD-5flo-10000#-20B-10000ns_vary_interval_5flo_1msRTT.sh
INFO:dale_experiment_rig:### Output path (stdout): /data/dh1723/SIRD-Simulator/scripts/r2p2/coord/outputs/FCT_VARY_INTERVAL_SSIRD_ONLY_vary_interval_5flo_1msRTT/ssird_5flo-10000#-20B-10000ns_vary_interval_5flo_1msRTT_stdout.out
INFO:dale_experiment_rig:### Output path (stderr): /data/dh1723/SIRD-Simulator/scripts/r2p2/coord/outputs/FCT_VARY_INTERVAL_SSIRD_ONLY_vary_interval_5flo_1msRTT/ssird_5flo-10000#-20B-10000ns_vary_interval_5flo_1msRTT_stderr.out
INFO:dale_experiment_rig:-----
Backing up app trace file paths
DEBUG:dale_experiment_rig:/data/dh1723/SIRD-Simulator/scripts/r2p2/post-process/experiment_app_trace_paths/FCT_VARY_INTERVAL_SSIRD_ONLY_vary_interval_5flo_1msRTT/5flo/SSIRD_app_traces.txt
INFO:dale_experiment_rig:-----
Backing up app trace file paths
DEBUG:dale_experiment_rig:/data/dh1723/SIRD-Simulator/scripts/r2p2/post-process/experiment_app_trace_paths/FCT_VARY_INTERVAL_SSIRD_ONLY_vary_interval_5flo_1msRTT/5flo/DCTCP-50_app_traces.txt
INFO:dale_experiment_rig:
##### POST PROCESS RESULTS #####
INFO:dale_experiment_rig:=====
** Num Byteloads Per Flow: 10000, Byteload Size (B): 20, Inter-Byteload Interval (us): 0.01, ssird_sim_dur (s): 0.0015, dctcp_sim_dur (s): 0.0
INFO:dale_experiment_rig:Processing SIRD results exp_id 0:: 5flo-10000#-20B
INFO:dale_experiment_rig:Processing results from /data/dh1723/SIRD-Simulator/scripts/r2p2/coord/results/SSIRD-5flo-10000#-20B-10ns_vary_interval_5flo_1msRTT/data/SSIRD/60/applications_trace.str
INFO:dale_experiment_rig:Flow 0:: num of byteloads: 10000, num srq events: 10000, num rrq events: 1
DEBUG:dale_experiment_rig:Flow 0:: first_event_name: srq, final_event_name: rrq, expected_data_B: 200000, recv_data_B: 200000
INFO:dale_experiment_rig:Flow 1:: num of byteloads: 10000, num srq events: 10000, num rrq events: 1
DEBUG:dale_experiment_rig:Flow 1:: first_event_name: srq, final_event_name: rrq, expected_data_B: 200000, recv_data_B: 200000
INFO:dale_experiment_rig:Flow 2:: num of byteloads: 10000, num srq events: 10000, num rrq events: 1
DEBUG:dale_experiment_rig:Flow 2:: first_event_name: srq, final_event_name: rrq, expected_data_B: 200000, recv_data_B: 200000
INFO:dale_experiment_rig:Flow 3:: num of byteloads: 10000, num srq events: 10000, num rrq events: 1
DEBUG:dale_experiment_rig:Flow 3:: first_event_name: srq, final_event_name: rrq, expected_data_B: 200000, recv_data_B: 200000
INFO:dale_experiment_rig:Flow 4:: num of byteloads: 10000, num srq events: 10000, num rrq events: 1
DEBUG:dale_experiment_rig:Flow 4:: first_event_name: srq, final_event_name: rrq, expected_data_B: 200000, recv_data_B: 200000
INFO:dale_experiment_rig:SSIRD FCT: [0.001517223000000456, 0.0015341060000011453, 0.0015509890000000581, 0.0015678720000007473, 0.0015847560000015193] ms, Gdpt (overall): 80.00640063949119 Gbps, Gdpt (per flow): [15.999999999885446, 15.999999999885446, 15.999999999885446, 15.999999999885446, 15.999999999885446]
ERROR:dale_experiment_rig:No results for DCTCP
INFO:dale_experiment_rig:DCTCP FCT: None ms, Gtpt (overall): None Gbps, Gdpt (per flow): None
INFO:dale_experiment_rig:=====
** Num Byteloads Per Flow: 10000, Byteload Size (B): 20, Inter-Byteload Interval (us): 0.1, ssird_sim_dur (s): 0.002, dctcp_sim_dur (s): 0.0
INFO:dale_experiment_rig:Processing SIRD results exp_id 1:: 5flo-10000#-20B
INFO:dale_experiment_rig:Processing results from /data/dh1723/SIRD-Simulator/scripts/r2p2/coord/results/SSIRD-5flo-10000#-20B-100ns_vary_interval_5flo_1msRTT/data/SSIRD/60/applications_trace.str
INFO:dale_experiment_rig:Flow 0:: num of byteloads: 10000, num srq events: 10000, num rrq events: 1
DEBUG:dale_experiment_rig:Flow 0:: first_event_name: srq, final_event_name: rrq, expected_data_B: 200000, recv_data_B: 200000
INFO:dale_experiment_rig:Flow 1:: num of byteloads: 10000, num srq events: 10000, num rrq events: 1
DEBUG:dale_experiment_rig:Flow 1:: first_event_name: srq, final_event_name: rrq, expected_data_B: 200000, recv_data_B: 200000
INFO:dale_experiment_rig:Flow 2:: num of byteloads: 10000, num srq events: 10000, num rrq events: 1
DEBUG:dale_experiment_rig:Flow 2:: first_event_name: srq, final_event_name: rrq, expected_data_B: 200000, recv_data_B: 200000
INFO:dale_experiment_rig:Flow 3:: num of byteloads: 10000, num srq events: 10000, num rrq events: 1
DEBUG:dale_experiment_rig:Flow 3:: first_event_name: srq, final_event_name: rrq, expected_data_B: 200000, recv_data_B: 200000
INFO:dale_experiment_rig:Flow 4:: num of byteloads: 10000, num srq events: 10000, num rrq events: 1
DEBUG:dale_experiment_rig:Flow 4:: first_event_name: srq, final_event_name: rrq, expected_data_B: 200000, recv_data_B: 200000
INFO:dale_experiment_rig:SSIRD FCT: [0.0015424730000006548, 0.0015846530000001025, 0.001626863000000256, 0.0016690730000004095, 0.0017112530000016335] ms, Gdpt (overall): 8.000640064005973 Gbps, Gdpt (per flow): [1.5999999999999146, 1.5999999999999146, 1.5999999999999146, 1.5999999999999146, 1.5999999999999146]
ERROR:dale_experiment_rig:No results for DCTCP
INFO:dale_experiment_rig:DCTCP FCT: None ms, Gtpt (overall): None Gbps, Gdpt (per flow): None
INFO:dale_experiment_rig:=====
** Num Byteloads Per Flow: 10000, Byteload Size (B): 20, Inter-Byteload Interval (us): 1, ssird_sim_dur (s): 0.02, dctcp_sim_dur (s): 0.0
INFO:dale_experiment_rig:Processing SIRD results exp_id 2:: 5flo-10000#-20B
INFO:dale_experiment_rig:Processing results from /data/dh1723/SIRD-Simulator/scripts/r2p2/coord/results/SSIRD-5flo-10000#-20B-1000ns_vary_interval_5flo_1msRTT/data/SSIRD/60/applications_trace.str
INFO:dale_experiment_rig:Flow 0:: num of byteloads: 10000, num srq events: 10000, num rrq events: 8956
DEBUG:dale_experiment_rig:Flow 0:: first_event_name: srq, final_event_name: rrq, expected_data_B: 200000, recv_data_B: 200000
INFO:dale_experiment_rig:Flow 1:: num of byteloads: 10000, num srq events: 10000, num rrq events: 8898
DEBUG:dale_experiment_rig:Flow 1:: first_event_name: srq, final_event_name: rrq, expected_data_B: 200000, recv_data_B: 200000
INFO:dale_experiment_rig:Flow 2:: num of byteloads: 10000, num srq events: 10000, num rrq events: 8815
DEBUG:dale_experiment_rig:Flow 2:: first_event_name: srq, final_event_name: rrq, expected_data_B: 200000, recv_data_B: 200000
INFO:dale_experiment_rig:Flow 3:: num of byteloads: 10000, num srq events: 10000, num rrq events: 8675
DEBUG:dale_experiment_rig:Flow 3:: first_event_name: srq, final_event_name: rrq, expected_data_B: 200000, recv_data_B: 200000
INFO:dale_experiment_rig:Flow 4:: num of byteloads: 10000, num srq events: 10000, num rrq events: 8320
DEBUG:dale_experiment_rig:Flow 4:: first_event_name: srq, final_event_name: rrq, expected_data_B: 200000, recv_data_B: 200000
INFO:dale_experiment_rig:SSIRD FCT: [0.01049907600000033, 0.010499106000001035, 0.010499135999999964, 0.01049917300000125, 0.010499203000000179] ms, Gdpt (overall): 0.8000640064005973 Gbps, Gdpt (per flow): [0.15999999999999145, 0.15999999999999145, 0.15999999999999145, 0.15999999999999145, 0.15999999999999145]
ERROR:dale_experiment_rig:No results for DCTCP
INFO:dale_experiment_rig:DCTCP FCT: None ms, Gtpt (overall): None Gbps, Gdpt (per flow): None
INFO:dale_experiment_rig:=====
** Num Byteloads Per Flow: 10000, Byteload Size (B): 20, Inter-Byteload Interval (us): 10, ssird_sim_dur (s): 0.12, dctcp_sim_dur (s): 0.0
INFO:dale_experiment_rig:Processing SIRD results exp_id 3:: 5flo-10000#-20B
INFO:dale_experiment_rig:Processing results from /data/dh1723/SIRD-Simulator/scripts/r2p2/coord/results/SSIRD-5flo-10000#-20B-10000ns_vary_interval_5flo_1msRTT/data/SSIRD/60/applications_trace.str
INFO:dale_experiment_rig:Flow 0:: num of byteloads: 10000, num srq events: 10000, num rrq events: 9896
DEBUG:dale_experiment_rig:Flow 0:: first_event_name: srq, final_event_name: rrq, expected_data_B: 200000, recv_data_B: 200000
INFO:dale_experiment_rig:Flow 1:: num of byteloads: 10000, num srq events: 10000, num rrq events: 9890
DEBUG:dale_experiment_rig:Flow 1:: first_event_name: srq, final_event_name: rrq, expected_data_B: 200000, recv_data_B: 200000
INFO:dale_experiment_rig:Flow 2:: num of byteloads: 10000, num srq events: 10000, num rrq events: 9882
DEBUG:dale_experiment_rig:Flow 2:: first_event_name: srq, final_event_name: rrq, expected_data_B: 200000, recv_data_B: 200000
INFO:dale_experiment_rig:Flow 3:: num of byteloads: 10000, num srq events: 10000, num rrq events: 9868
DEBUG:dale_experiment_rig:Flow 3:: first_event_name: srq, final_event_name: rrq, expected_data_B: 200000, recv_data_B: 200000
INFO:dale_experiment_rig:Flow 4:: num of byteloads: 10000, num srq events: 10000, num rrq events: 9833
DEBUG:dale_experiment_rig:Flow 4:: first_event_name: srq, final_event_name: rrq, expected_data_B: 200000, recv_data_B: 200000
INFO:dale_experiment_rig:SSIRD FCT: [0.10049007799999998, 0.10049010800000069, 0.1004901380000014, 0.1004901750000009, 0.10049020500000161] ms, Gdpt (overall): 0.080006400640064 Gbps, Gdpt (per flow): [0.015999999999999997, 0.015999999999999997, 0.015999999999999997, 0.015999999999999997, 0.015999999999999997]
ERROR:dale_experiment_rig:No results for DCTCP
INFO:dale_experiment_rig:DCTCP FCT: None ms, Gtpt (overall): None Gbps, Gdpt (per flow): None
INFO:dale_experiment_rig:
##### GENERATE METRICS #####
INFO:__main__:Total Flow Size (Bytes): 200000
INFO:__main__:Byteload Size (Bytes): [20, 20, 20, 20]
INFO:__main__:Num Byteloads: [10000, 10000, 10000, 10000]
INFO:__main__:Intervals (us): [0.01, 0.1, 1, 10]
INFO:__main__:Num flows: 5
DEBUG:__main__:Flow start times (us): [0, 0, 0, 0, 0]
INFO:__main__:Gdpt Gbps theoretical: [80.0, 8.0, 0.8, 0.08]
INFO:__main__:Gdpt Gbps measured (SSIRD): [80.00640063949119, 8.000640064005973, 0.8000640064005973, 0.080006400640064]
INFO:__main__:Gdpt Gbps measured (DCTCP): [None, None, None, None]
DEBUG:__main__:Gdpt Gbps measured per flow (SSIRD): [[15.999999999885446, 15.999999999885446, 15.999999999885446, 15.999999999885446, 15.999999999885446], [1.5999999999999146, 1.5999999999999146, 1.5999999999999146, 1.5999999999999146, 1.5999999999999146], [0.15999999999999145, 0.15999999999999145, 0.15999999999999145, 0.15999999999999145, 0.15999999999999145], [0.015999999999999997, 0.015999999999999997, 0.015999999999999997, 0.015999999999999997, 0.015999999999999997]]
DEBUG:__main__:Gdpt Gbps measured per flow (DCTCP): [None, None, None, None]
INFO:__main__:* Sim duration (SSIRD): [0.0015, 0.002, 0.02, 0.12]
INFO:__main__:* Sim duration (DCTCP): [0.0, 0.0, 0.0, 0.0]
INFO:__main__:* SSIRD FCT: [[0.001517223000000456, 0.0015341060000011453, 0.0015509890000000581, 0.0015678720000007473, 0.0015847560000015193], [0.0015424730000006548, 0.0015846530000001025, 0.001626863000000256, 0.0016690730000004095, 0.0017112530000016335], [0.01049907600000033, 0.010499106000001035, 0.010499135999999964, 0.01049917300000125, 0.010499203000000179], [0.10049007799999998, 0.10049010800000069, 0.1004901380000014, 0.1004901750000009, 0.10049020500000161]]
INFO:__main__:* DCTCP FCT: [None, None, None, None]
