INFO:root:PoissonIntervalGenerator: Genrate Byteload Intervals:
target_mean_ns=1000
min_interval_ns=1
max_interval_ns=10000
num_intervals=129
num_samples_needed=1
DEBUG:root:Step 1) λ solving for mean=1000 is 0.001000
DEBUG:root:Generated samples: shape=(1, 129)
DEBUG:root:Step 2) Generated 1 samples, taking first 1 samples needed
DEBUG:root:sample unique means (ns): [1000.]
INFO:root:PoissonIntervalGenerator: Genrate Byteload Intervals:
target_mean_ns=1000
min_interval_ns=1
max_interval_ns=10000
num_intervals=17
num_samples_needed=1
DEBUG:root:Step 1) λ solving for mean=1000 is 0.001000
DEBUG:root:Generated samples: shape=(1, 17)
DEBUG:root:Step 2) Generated 1 samples, taking first 1 samples needed
DEBUG:root:sample unique means (ns): [1000.]
INFO:__main__:Protos tested: ['SSIRD', 'DCTCP-50']
INFO:__main__:Topo Yaml File: 4-hosts.yaml
INFO:__main__:Src-Dst pairs list: [(1, 0), (2, 0), (3, 0)]
INFO:__main__:Num Flows: 2
INFO:__main__:Byteload Size (B): 1458
INFO:__main__:Target Mean Byteload Interval (ns): 1000
INFO:__main__:  is_use_poisson_byteload_intervals=True
INFO:__main__:Target Mean Flow Interarrival (ns): 1000
INFO:__main__:  is_use_poisson_flow_interarr=True
INFO:__main__:Target Flow Rate (Gbps): 11.664
INFO:__main__:Num Byteloads: [130, 18]
INFO:__main__:  is_use_poisson_num_byteloads=True
INFO:__main__:Flow Start Times (us): [0.33, 1.11]
INFO:__main__:Flow Rate (Gbps): [11.664, 11.664]
INFO:__main__:Flow Size (B): [189540, 26244]
INFO:__main__:Flow Send Durations (us): [129.33, 18.11]
INFO:__main__:Flow Min Byteload Size (B): [1458, 1458]
INFO:__main__:Flow Max Byteload Size (B): [1458, 1458]
INFO:__main__:Flow Min Interval (us): [0.009, 0.026]
INFO:__main__:Flow Max Interval (us): [4.785, 3.851]
DEBUG:__main__:Max flow send durations (us): 129.33
INFO:__main__:* Sim duration (SSIRD): [0.01]
INFO:__main__:* Sim duration (DCTCP): [0.01]
INFO:dale_experiment_rig:Experiment started at: 2025-08-13 11:34:22.844532
INFO:dale_experiment_rig:
##### RUN GROUP #####
INFO:dale_experiment_rig:
=====
Execute experiment 2flo-12Gbps-1458B-1000ns-2025-08-13T_11-34-13Z_incast_poisson_3to1_2flo_1458B_1us_23pt33Gbps
INFO:dale_experiment_rig:Flags: 1, 1, 1, 1, 0
INFO:dale_experiment_rig:
=====
Execute experiment 2flo-12Gbps-1458B-1000ns-2025-08-13T_11-34-13Z_incast_poisson_3to1_2flo_1458B_1us_23pt33Gbps
INFO:dale_experiment_rig:ssird_sim_duration=0.010000; dctcp_sim_duration=0.010000
INFO:dale_experiment_rig:Flags: 1, 1, 1, 1, 0
INFO:dale_experiment_rig:-----
Preparing experiment input MRIs
INFO:dale_experiment_rig:ssird_sim_duration=0.010000; dctcp_sim_duration=0.010000
INFO:dale_experiment_rig:### Creating MRI inputs parent dir: /data/dh1723/SIRD-Simulator/scripts/r2p2/coord/config/manual-req-intervals/dale_experiments/Poisson_Flows_incast_poisson_3to1_2flo_1458B_1us_23pt33Gbps/
INFO:dale_experiment_rig:-----
Preparing experiment input MRIs
INFO:dale_experiment_rig:### Creating MRI inputs parent dir: /data/dh1723/SIRD-Simulator/scripts/r2p2/coord/config/manual-req-intervals/dale_experiments/Poisson_Flows_incast_poisson_3to1_2flo_1458B_1us_23pt33Gbps/
DEBUG:dale_experiment_rig:num flows: 2
INFO:dale_experiment_rig:File /data/dh1723/SIRD-Simulator/scripts/r2p2/coord/config/manual-req-intervals/dale_experiments/Poisson_Flows_incast_poisson_3to1_2flo_1458B_1us_23pt33Gbps/ aready exists.
DEBUG:dale_experiment_rig:num flows: 2
DEBUG:dale_experiment_rig:num flows: 2
DEBUG:dale_experiment_rig:num flows: 2
DEBUG:dale_experiment_rig:num flows: 2
DEBUG:dale_experiment_rig:num flows: 2
INFO:dale_experiment_rig:-----
Preparing experiment spec scripts
INFO:dale_experiment_rig:### Creating spec scripts parent dir: /data/dh1723/SIRD-Simulator/scripts/r2p2/coord/config/dale_experiments/Poisson_Flows_incast_poisson_3to1_2flo_1458B_1us_23pt33Gbps/
INFO:dale_experiment_rig:-----
Preparing experiment spec scripts
INFO:dale_experiment_rig:### Creating spec scripts parent dir: /data/dh1723/SIRD-Simulator/scripts/r2p2/coord/config/dale_experiments/Poisson_Flows_incast_poisson_3to1_2flo_1458B_1us_23pt33Gbps/
INFO:dale_experiment_rig:#### WARNING: File /data/dh1723/SIRD-Simulator/scripts/r2p2/coord/config/dale_experiments/Poisson_Flows_incast_poisson_3to1_2flo_1458B_1us_23pt33Gbps/ aready exists.
INFO:dale_experiment_rig:-----
Running experiment for DCTCP-50
INFO:dale_experiment_rig:-----
Running experiment for SSIRD
INFO:dale_experiment_rig:### Script:/data/dh1723/SIRD-Simulator/scripts/r2p2/coord/config/dale_experiments/Poisson_Flows_incast_poisson_3to1_2flo_1458B_1us_23pt33Gbps/DCTCP-50-2flo-12Gbps-1458B-1000ns-2025-08-13T_11-34-13Z_incast_poisson_3to1_2flo_1458B_1us_23pt33Gbps.sh
INFO:dale_experiment_rig:### Script:/data/dh1723/SIRD-Simulator/scripts/r2p2/coord/config/dale_experiments/Poisson_Flows_incast_poisson_3to1_2flo_1458B_1us_23pt33Gbps/SSIRD-2flo-12Gbps-1458B-1000ns-2025-08-13T_11-34-13Z_incast_poisson_3to1_2flo_1458B_1us_23pt33Gbps.sh
INFO:dale_experiment_rig:### Output path (stdout): /data/dh1723/SIRD-Simulator/scripts/r2p2/coord/outputs/Poisson_Flows_incast_poisson_3to1_2flo_1458B_1us_23pt33Gbps/DCTCP-50_2flo-12Gbps-1458B-1000ns-2025-08-13T_11-34-13Z_incast_poisson_3to1_2flo_1458B_1us_23pt33Gbps_stdout.out
INFO:dale_experiment_rig:### Output path (stdout): /data/dh1723/SIRD-Simulator/scripts/r2p2/coord/outputs/Poisson_Flows_incast_poisson_3to1_2flo_1458B_1us_23pt33Gbps/ssird_2flo-12Gbps-1458B-1000ns-2025-08-13T_11-34-13Z_incast_poisson_3to1_2flo_1458B_1us_23pt33Gbps_stdout.out
INFO:dale_experiment_rig:### Output path (stderr): /data/dh1723/SIRD-Simulator/scripts/r2p2/coord/outputs/Poisson_Flows_incast_poisson_3to1_2flo_1458B_1us_23pt33Gbps/DCTCP-50_2flo-12Gbps-1458B-1000ns-2025-08-13T_11-34-13Z_incast_poisson_3to1_2flo_1458B_1us_23pt33Gbps_stderr.out
INFO:dale_experiment_rig:### Output path (stderr): /data/dh1723/SIRD-Simulator/scripts/r2p2/coord/outputs/Poisson_Flows_incast_poisson_3to1_2flo_1458B_1us_23pt33Gbps/ssird_2flo-12Gbps-1458B-1000ns-2025-08-13T_11-34-13Z_incast_poisson_3to1_2flo_1458B_1us_23pt33Gbps_stderr.out
INFO:dale_experiment_rig:-----
Backing up app trace file paths
DEBUG:dale_experiment_rig:/data/dh1723/SIRD-Simulator/scripts/r2p2/post-process/experiment_app_trace_paths/Poisson_Flows_incast_poisson_3to1_2flo_1458B_1us_23pt33Gbps/2flo_12Gbps_2025-08-13T_11-37-04Z/SSIRD_app_traces.txt
INFO:dale_experiment_rig:-----
Backing up app trace file paths
DEBUG:dale_experiment_rig:/data/dh1723/SIRD-Simulator/scripts/r2p2/post-process/experiment_app_trace_paths/Poisson_Flows_incast_poisson_3to1_2flo_1458B_1us_23pt33Gbps/2flo_12Gbps_2025-08-13T_11-37-04Z/DCTCP-50_app_traces.txt
INFO:dale_experiment_rig:Simulations ended at: 2025-08-13 11:37:04.958448
INFO:dale_experiment_rig:
##### POST PROCESS RESULTS #####
INFO:dale_experiment_rig:=====
** Num Flows: 2, Target Flow Rate (Gbps): 11.664, ssird_sim_dur (s): 0.01, dctcp_sim_dur (s): 0.01
INFO:dale_experiment_rig:Processing SIRD results exp_id 0:: 2flo-11.664Gbps_target
INFO:dale_experiment_rig:Processing results from /data/dh1723/SIRD-Simulator/scripts/r2p2/coord/results/SSIRD-2flo-12Gbps-1458B-1000ns-2025-08-13T_11-34-13Z_incast_poisson_3to1_2flo_1458B_1us_23pt33Gbps/data/SSIRD/60/applications_trace.str
INFO:dale_experiment_rig:Flow 0:: num of byteloads: 130, num srq events: 130, num rrq events: 1
DEBUG:dale_experiment_rig:Flow 0:: first_event_name: srq, final_event_name: rrq, expected_data_B: 189540, recv_data_B: 189540
INFO:dale_experiment_rig:Flow 1:: num of byteloads: 18, num srq events: 18, num rrq events: 7
DEBUG:dale_experiment_rig:Flow 1:: first_event_name: srq, final_event_name: rrq, expected_data_B: 26244, recv_data_B: 26244
INFO:dale_experiment_rig:Flow 0:: num of byteloads: 130, num srq events: 130, num rrq events: 1
DEBUG:dale_experiment_rig:Flow 0:: first_event_name: srq, final_event_name: rrq, expected_data_B: 189540, recv_data_B: 189540
INFO:dale_experiment_rig:Flow 1:: num of byteloads: 18, num srq events: 18, num rrq events: 6
DEBUG:dale_experiment_rig:Flow 1:: first_event_name: srq, final_event_name: rrq, expected_data_B: 26244, recv_data_B: 26244
INFO:dale_experiment_rig:Flow 0:: num of byteloads: 130, num srq events: 130, num rrq events: 1
DEBUG:dale_experiment_rig:Flow 0:: first_event_name: srq, final_event_name: rrq, expected_data_B: 189540, recv_data_B: 189540
INFO:dale_experiment_rig:Flow 1:: num of byteloads: 18, num srq events: 18, num rrq events: 7
DEBUG:dale_experiment_rig:Flow 1:: first_event_name: srq, final_event_name: rrq, expected_data_B: 26244, recv_data_B: 26244
INFO:dale_experiment_rig:SSIRD FCT (ms): [0.00013728999999962355, 1.9942999999855715e-05, 0.0001370440000005857, 2.0188999998893564e-05, 0.00013692099999929042, 2.1192000000169742e-05]
App Gdpt (overall): 40.05544186065776 Gbps
App Gdpt (per flow): [11.664000000056095, 11.664000000197815, 11.664000000056095, 11.664000000197815, 11.664000000056095, 11.664000000197815]
Network Gdpt (overall): 37.721727729726865
Network Gdpt (per flow): [11.044650010956063, 10.52760367053698, 11.064475642811942, 10.399326366412708, 11.074415173770703, 9.907134767757567]
INFO:dale_experiment_rig:Processing DCTCP results exp_id 0:: 2flo-11.664Gbps_target
INFO:dale_experiment_rig:Processing results from /data/dh1723/SIRD-Simulator/scripts/r2p2/coord/results/DCTCP-50-2flo-12Gbps-1458B-1000ns-2025-08-13T_11-34-13Z_incast_poisson_3to1_2flo_1458B_1us_23pt33Gbps/data/DCTCP-50/60/applications_trace.str
INFO:dale_experiment_rig:Flow 0:: num of byteloads: 130, num srq events: 130, num rrq events: 1
DEBUG:dale_experiment_rig:Flow 0:: first_event_name: srq, final_event_name: rrq, expected_data_B: 189540, recv_data_B: 189540
INFO:dale_experiment_rig:Flow 1:: num of byteloads: 18, num srq events: 18, num rrq events: 1
DEBUG:dale_experiment_rig:Flow 1:: first_event_name: srq, final_event_name: rrq, expected_data_B: 26244, recv_data_B: 26244
INFO:dale_experiment_rig:Flow 0:: num of byteloads: 130, num srq events: 130, num rrq events: 1
DEBUG:dale_experiment_rig:Flow 0:: first_event_name: srq, final_event_name: rrq, expected_data_B: 189540, recv_data_B: 189540
INFO:dale_experiment_rig:Flow 1:: num of byteloads: 18, num srq events: 18, num rrq events: 1
DEBUG:dale_experiment_rig:Flow 1:: first_event_name: srq, final_event_name: rrq, expected_data_B: 26244, recv_data_B: 26244
INFO:dale_experiment_rig:Flow 0:: num of byteloads: 130, num srq events: 130, num rrq events: 1
DEBUG:dale_experiment_rig:Flow 0:: first_event_name: srq, final_event_name: rrq, expected_data_B: 189540, recv_data_B: 189540
INFO:dale_experiment_rig:Flow 1:: num of byteloads: 18, num srq events: 18, num rrq events: 1
DEBUG:dale_experiment_rig:Flow 1:: first_event_name: srq, final_event_name: rrq, expected_data_B: 26244, recv_data_B: 26244
INFO:dale_experiment_rig:DCTCP-50 FCT (ms): [0.0001319869999996115, 1.981800000017131e-05, 0.00013211000000090678, 1.9940999999690234e-05, 0.0001322330000004257, 2.006399999920916e-05]
App Gdpt (overall): 40.05544186065776 Gbps
App Gdpt (per flow): [11.664000000056095, 11.664000000197815, 11.664000000056095, 11.664000000197815, 11.664000000056095, 11.664000000197815]
Network Gdpt (overall): 39.16432358022073
Network Gdpt (per flow): [11.488404161049674, 10.594005449499704, 11.477707970551755, 10.52865954582325, 11.467031678893457, 10.464114832948338]
INFO:dale_experiment_rig:
##### GENERATE METRICS #####
INFO:dale_experiment_rig:Poisson_Flows_incast_poisson_3to1_2flo_1458B_1us_23pt33Gbps
INFO:__main__:Protos tested: ['SSIRD', 'DCTCP-50']
INFO:__main__:Topo Yaml File: 4-hosts.yaml
INFO:__main__:Src-Dst pairs list: [(1, 0), (2, 0), (3, 0)]
INFO:__main__:Num Flows: 2
INFO:__main__:Byteload Size (B): 1458
INFO:__main__:Target Mean Byteload Interval (ns): 1000
INFO:__main__:  is_use_poisson_byteload_intervals=True
INFO:__main__:Target Mean Flow Interarrival (ns): 1000
INFO:__main__:  is_use_poisson_flow_interarr=True
INFO:__main__:Target Flow Rate (Gbps): 11.664
INFO:__main__:Num Byteloads: [130, 18]
INFO:__main__:  is_use_poisson_num_byteloads=True
INFO:__main__:Flow Start Times (us): [0.33, 1.11]
INFO:__main__:Flow Rate (Gbps): [11.664, 11.664]
INFO:__main__:Flow Size (B): [189540, 26244]
INFO:__main__:Flow Send Durations (us): [129.33, 18.11]
INFO:__main__:Flow Min Byteload Size (B): [1458, 1458]
INFO:__main__:Flow Max Byteload Size (B): [1458, 1458]
INFO:__main__:Flow Min Interval (us): [0.009, 0.026]
INFO:__main__:Flow Max Interval (us): [4.785, 3.851]
INFO:__main__:APP Gdpt Gbps measured (SSIRD): [40.05544186065776]
INFO:__main__:APP Gdpt Gbps measured (DCTCP): [40.05544186065776]
DEBUG:__main__:APP Gdpt Gbps measured per flow (SSIRD): [[11.664000000056095, 11.664000000197815, 11.664000000056095, 11.664000000197815, 11.664000000056095, 11.664000000197815]]
DEBUG:__main__:APP Gdpt Gbps measured per flow (DCTCP): [[11.664000000056095, 11.664000000197815, 11.664000000056095, 11.664000000197815, 11.664000000056095, 11.664000000197815]]
INFO:__main__:NW Gdpt Gbps measured (SSIRD): [37.721727729726865]
INFO:__main__:NW Gdpt Gbps measured (DCTCP): [39.16432358022073]
DEBUG:__main__:NW Gdpt Gbps measured per flow (SSIRD): [[11.044650010956063, 10.52760367053698, 11.064475642811942, 10.399326366412708, 11.074415173770703, 9.907134767757567]]
DEBUG:__main__:NW Gdpt Gbps measured per flow (DCTCP): [[11.488404161049674, 10.594005449499704, 11.477707970551755, 10.52865954582325, 11.467031678893457, 10.464114832948338]]
INFO:__main__:* Sim duration (SSIRD): [0.01]
INFO:__main__:* Sim duration (DCTCP): [0.01]
INFO:__main__:* SSIRD FCT: [[0.00013728999999962355, 1.9942999999855715e-05, 0.0001370440000005857, 2.0188999998893564e-05, 0.00013692099999929042, 2.1192000000169742e-05]]
INFO:__main__:* DCTCP FCT: [[0.0001319869999996115, 1.981800000017131e-05, 0.00013211000000090678, 1.9940999999690234e-05, 0.0001322330000004257, 2.006399999920916e-05]]
