DEBUG:__main__:Protos tested: ['SSIRD', 'DCTCP-50']
DEBUG:__main__:Total_flow_size_B: 40000
DEBUG:__main__:Byteload sizes list: [4, 40, 400, 4000, 40000]
DEBUG:__main__:Num Flows: 15
DEBUG:__main__:Inter-flow spacing (us): 0
DEBUG:__main__:Flow start times (us): [0, 0, 0, 0, 0, 0, 0, 0, 0, 0, 0, 0, 0, 0, 0]
DEBUG:__main__:Num Byteloads list: [10000, 1000, 100, 10, 1]
DEBUG:__main__:Total injection period (us): 100.0
DEBUG:__main__:Inter-Byteload Periods list: [0.01, 0.1, 1.0, 10.0, 100.0]
DEBUG:__main__:Sim Durations list (SSIRD): [0.02, 0.02, 0.02, 0.02, 0.02]
DEBUG:__main__:Sim Durations list (DCTCP): [0.02, 0.02, 0.02, 0.02, 0.02]
INFO:__main__:Total Flow Size (Bytes): 40000
INFO:__main__:Total Injection Period (us): 100.0
INFO:__main__:Byteload Size (Bytes): [4, 40, 400, 4000, 40000]
INFO:__main__:Num Byteloads: [10000, 1000, 100, 10, 1]
INFO:__main__:Intervals (us): [0.01, 0.1, 1.0, 10.0, 100.0]
INFO:__main__:Num flows: 15
INFO:__main__:Gdpt GBps theoretical: [48.0, 48.0, 48.0, 48.0, 48.0]
INFO:__main__:* Sim duration (SSIRD): [0.02, 0.02, 0.02, 0.02, 0.02]
INFO:__main__:* Sim duration (DCTCP): [0.02, 0.02, 0.02, 0.02, 0.02]
INFO:dale_experiment_rig:
##### RUN GROUP #####
INFO:dale_experiment_rig:
=====
Execute experiment 15flo-10000#-4B-10ns_subpkt_multiflow_fastpace_extended
INFO:dale_experiment_rig:
=====
Execute experiment 15flo-10000#-4B-10ns_subpkt_multiflow_fastpace_extended
INFO:dale_experiment_rig:Flags: 1, 1, 1, 1, 0
INFO:dale_experiment_rig:Flags: 1, 1, 1, 1, 0
INFO:dale_experiment_rig:ssird_sim_duration=0.020000; dctcp_sim_duration=0.020000
INFO:dale_experiment_rig:
=====
Execute experiment 15flo-1000#-40B-100ns_subpkt_multiflow_fastpace_extended
INFO:dale_experiment_rig:ssird_sim_duration=0.020000; dctcp_sim_duration=0.020000
INFO:dale_experiment_rig:
=====
Execute experiment 15flo-1000#-40B-100ns_subpkt_multiflow_fastpace_extended
INFO:dale_experiment_rig:-----
Preparing experiment input MRIs
INFO:dale_experiment_rig:
=====
Execute experiment 15flo-100#-400B-1000ns_subpkt_multiflow_fastpace_extended
INFO:dale_experiment_rig:
=====
Execute experiment 15flo-100#-400B-1000ns_subpkt_multiflow_fastpace_extended
INFO:dale_experiment_rig:Flags: 1, 1, 1, 1, 0
INFO:dale_experiment_rig:-----
Preparing experiment input MRIs
INFO:dale_experiment_rig:
=====
Execute experiment 15flo-10#-4000B-10000ns_subpkt_multiflow_fastpace_extended
INFO:dale_experiment_rig:Flags: 1, 1, 1, 1, 0
INFO:dale_experiment_rig:### Creating MRI inputs parent dir: /data/dh1723/SIRD-Simulator/scripts/r2p2/coord/config/manual-req-intervals/dale_experiments/FCT_Subpkt_Byteloads_subpkt_multiflow_fastpace_extended/
INFO:dale_experiment_rig:
=====
Execute experiment 15flo-10#-4000B-10000ns_subpkt_multiflow_fastpace_extended
INFO:dale_experiment_rig:Flags: 1, 1, 1, 1, 0
INFO:dale_experiment_rig:
=====
Execute experiment 15flo-1#-40000B-100000ns_subpkt_multiflow_fastpace_extended
INFO:dale_experiment_rig:Flags: 1, 1, 1, 1, 0
INFO:dale_experiment_rig:ssird_sim_duration=0.020000; dctcp_sim_duration=0.020000
INFO:dale_experiment_rig:
=====
Execute experiment 15flo-1#-40000B-100000ns_subpkt_multiflow_fastpace_extended
INFO:dale_experiment_rig:### Creating MRI inputs parent dir: /data/dh1723/SIRD-Simulator/scripts/r2p2/coord/config/manual-req-intervals/dale_experiments/FCT_Subpkt_Byteloads_subpkt_multiflow_fastpace_extended/
INFO:dale_experiment_rig:Flags: 1, 1, 1, 1, 0
INFO:dale_experiment_rig:ssird_sim_duration=0.020000; dctcp_sim_duration=0.020000
INFO:dale_experiment_rig:File /data/dh1723/SIRD-Simulator/scripts/r2p2/coord/config/manual-req-intervals/dale_experiments/FCT_Subpkt_Byteloads_subpkt_multiflow_fastpace_extended/ aready exists.
INFO:dale_experiment_rig:Flags: 1, 1, 1, 1, 0
INFO:dale_experiment_rig:ssird_sim_duration=0.020000; dctcp_sim_duration=0.020000
INFO:dale_experiment_rig:Flags: 1, 1, 1, 1, 0
INFO:dale_experiment_rig:ssird_sim_duration=0.020000; dctcp_sim_duration=0.020000
INFO:dale_experiment_rig:-----
Preparing experiment input MRIs
INFO:dale_experiment_rig:Flags: 1, 1, 1, 1, 0
INFO:dale_experiment_rig:File /data/dh1723/SIRD-Simulator/scripts/r2p2/coord/config/manual-req-intervals/dale_experiments/FCT_Subpkt_Byteloads_subpkt_multiflow_fastpace_extended/ aready exists.
INFO:dale_experiment_rig:ssird_sim_duration=0.020000; dctcp_sim_duration=0.020000
INFO:dale_experiment_rig:-----
Preparing experiment input MRIs
INFO:dale_experiment_rig:ssird_sim_duration=0.020000; dctcp_sim_duration=0.020000
INFO:dale_experiment_rig:-----
Preparing experiment input MRIs
INFO:dale_experiment_rig:ssird_sim_duration=0.020000; dctcp_sim_duration=0.020000
INFO:dale_experiment_rig:-----
Preparing experiment input MRIs
INFO:dale_experiment_rig:### Creating MRI inputs parent dir: /data/dh1723/SIRD-Simulator/scripts/r2p2/coord/config/manual-req-intervals/dale_experiments/FCT_Subpkt_Byteloads_subpkt_multiflow_fastpace_extended/
INFO:dale_experiment_rig:ssird_sim_duration=0.020000; dctcp_sim_duration=0.020000
INFO:dale_experiment_rig:-----
Preparing experiment input MRIs
INFO:dale_experiment_rig:### Creating MRI inputs parent dir: /data/dh1723/SIRD-Simulator/scripts/r2p2/coord/config/manual-req-intervals/dale_experiments/FCT_Subpkt_Byteloads_subpkt_multiflow_fastpace_extended/
INFO:dale_experiment_rig:-----
Preparing experiment input MRIs
INFO:dale_experiment_rig:### Creating MRI inputs parent dir: /data/dh1723/SIRD-Simulator/scripts/r2p2/coord/config/manual-req-intervals/dale_experiments/FCT_Subpkt_Byteloads_subpkt_multiflow_fastpace_extended/
INFO:dale_experiment_rig:-----
Preparing experiment input MRIs
INFO:dale_experiment_rig:### Creating MRI inputs parent dir: /data/dh1723/SIRD-Simulator/scripts/r2p2/coord/config/manual-req-intervals/dale_experiments/FCT_Subpkt_Byteloads_subpkt_multiflow_fastpace_extended/
INFO:dale_experiment_rig:File /data/dh1723/SIRD-Simulator/scripts/r2p2/coord/config/manual-req-intervals/dale_experiments/FCT_Subpkt_Byteloads_subpkt_multiflow_fastpace_extended/ aready exists.
INFO:dale_experiment_rig:-----
Preparing experiment input MRIs
INFO:dale_experiment_rig:### Creating MRI inputs parent dir: /data/dh1723/SIRD-Simulator/scripts/r2p2/coord/config/manual-req-intervals/dale_experiments/FCT_Subpkt_Byteloads_subpkt_multiflow_fastpace_extended/
INFO:dale_experiment_rig:File /data/dh1723/SIRD-Simulator/scripts/r2p2/coord/config/manual-req-intervals/dale_experiments/FCT_Subpkt_Byteloads_subpkt_multiflow_fastpace_extended/ aready exists.
INFO:dale_experiment_rig:### Creating MRI inputs parent dir: /data/dh1723/SIRD-Simulator/scripts/r2p2/coord/config/manual-req-intervals/dale_experiments/FCT_Subpkt_Byteloads_subpkt_multiflow_fastpace_extended/
INFO:dale_experiment_rig:File /data/dh1723/SIRD-Simulator/scripts/r2p2/coord/config/manual-req-intervals/dale_experiments/FCT_Subpkt_Byteloads_subpkt_multiflow_fastpace_extended/ aready exists.
INFO:dale_experiment_rig:### Creating MRI inputs parent dir: /data/dh1723/SIRD-Simulator/scripts/r2p2/coord/config/manual-req-intervals/dale_experiments/FCT_Subpkt_Byteloads_subpkt_multiflow_fastpace_extended/
INFO:dale_experiment_rig:File /data/dh1723/SIRD-Simulator/scripts/r2p2/coord/config/manual-req-intervals/dale_experiments/FCT_Subpkt_Byteloads_subpkt_multiflow_fastpace_extended/ aready exists.
INFO:dale_experiment_rig:### Creating MRI inputs parent dir: /data/dh1723/SIRD-Simulator/scripts/r2p2/coord/config/manual-req-intervals/dale_experiments/FCT_Subpkt_Byteloads_subpkt_multiflow_fastpace_extended/
INFO:dale_experiment_rig:File /data/dh1723/SIRD-Simulator/scripts/r2p2/coord/config/manual-req-intervals/dale_experiments/FCT_Subpkt_Byteloads_subpkt_multiflow_fastpace_extended/ aready exists.
INFO:dale_experiment_rig:-----
Preparing experiment spec scripts
INFO:dale_experiment_rig:File /data/dh1723/SIRD-Simulator/scripts/r2p2/coord/config/manual-req-intervals/dale_experiments/FCT_Subpkt_Byteloads_subpkt_multiflow_fastpace_extended/ aready exists.
INFO:dale_experiment_rig:File /data/dh1723/SIRD-Simulator/scripts/r2p2/coord/config/manual-req-intervals/dale_experiments/FCT_Subpkt_Byteloads_subpkt_multiflow_fastpace_extended/ aready exists.
INFO:dale_experiment_rig:-----
Preparing experiment spec scripts
INFO:dale_experiment_rig:-----
Preparing experiment spec scripts
INFO:dale_experiment_rig:File /data/dh1723/SIRD-Simulator/scripts/r2p2/coord/config/manual-req-intervals/dale_experiments/FCT_Subpkt_Byteloads_subpkt_multiflow_fastpace_extended/ aready exists.
INFO:dale_experiment_rig:### Creating spec scripts parent dir: /data/dh1723/SIRD-Simulator/scripts/r2p2/coord/config/dale_experiments/FCT_Subpkt_Byteloads_subpkt_multiflow_fastpace_extended/
INFO:dale_experiment_rig:-----
Preparing experiment spec scripts
INFO:dale_experiment_rig:-----
Preparing experiment spec scripts
INFO:dale_experiment_rig:-----
Preparing experiment spec scripts
INFO:dale_experiment_rig:### Creating spec scripts parent dir: /data/dh1723/SIRD-Simulator/scripts/r2p2/coord/config/dale_experiments/FCT_Subpkt_Byteloads_subpkt_multiflow_fastpace_extended/
INFO:dale_experiment_rig:-----
Preparing experiment spec scripts
INFO:dale_experiment_rig:### Creating spec scripts parent dir: /data/dh1723/SIRD-Simulator/scripts/r2p2/coord/config/dale_experiments/FCT_Subpkt_Byteloads_subpkt_multiflow_fastpace_extended/
INFO:dale_experiment_rig:#### WARNING: File /data/dh1723/SIRD-Simulator/scripts/r2p2/coord/config/dale_experiments/FCT_Subpkt_Byteloads_subpkt_multiflow_fastpace_extended/ aready exists.
INFO:dale_experiment_rig:### Creating spec scripts parent dir: /data/dh1723/SIRD-Simulator/scripts/r2p2/coord/config/dale_experiments/FCT_Subpkt_Byteloads_subpkt_multiflow_fastpace_extended/
INFO:dale_experiment_rig:-----
Preparing experiment spec scripts
INFO:dale_experiment_rig:### Creating spec scripts parent dir: /data/dh1723/SIRD-Simulator/scripts/r2p2/coord/config/dale_experiments/FCT_Subpkt_Byteloads_subpkt_multiflow_fastpace_extended/
INFO:dale_experiment_rig:-----
Preparing experiment spec scripts
INFO:dale_experiment_rig:### Creating spec scripts parent dir: /data/dh1723/SIRD-Simulator/scripts/r2p2/coord/config/dale_experiments/FCT_Subpkt_Byteloads_subpkt_multiflow_fastpace_extended/
INFO:dale_experiment_rig:#### WARNING: File /data/dh1723/SIRD-Simulator/scripts/r2p2/coord/config/dale_experiments/FCT_Subpkt_Byteloads_subpkt_multiflow_fastpace_extended/ aready exists.
INFO:dale_experiment_rig:### Creating spec scripts parent dir: /data/dh1723/SIRD-Simulator/scripts/r2p2/coord/config/dale_experiments/FCT_Subpkt_Byteloads_subpkt_multiflow_fastpace_extended/
INFO:dale_experiment_rig:#### WARNING: File /data/dh1723/SIRD-Simulator/scripts/r2p2/coord/config/dale_experiments/FCT_Subpkt_Byteloads_subpkt_multiflow_fastpace_extended/ aready exists.
INFO:dale_experiment_rig:#### WARNING: File /data/dh1723/SIRD-Simulator/scripts/r2p2/coord/config/dale_experiments/FCT_Subpkt_Byteloads_subpkt_multiflow_fastpace_extended/ aready exists.
INFO:dale_experiment_rig:### Creating spec scripts parent dir: /data/dh1723/SIRD-Simulator/scripts/r2p2/coord/config/dale_experiments/FCT_Subpkt_Byteloads_subpkt_multiflow_fastpace_extended/
INFO:dale_experiment_rig:#### WARNING: File /data/dh1723/SIRD-Simulator/scripts/r2p2/coord/config/dale_experiments/FCT_Subpkt_Byteloads_subpkt_multiflow_fastpace_extended/ aready exists.
INFO:dale_experiment_rig:### Creating spec scripts parent dir: /data/dh1723/SIRD-Simulator/scripts/r2p2/coord/config/dale_experiments/FCT_Subpkt_Byteloads_subpkt_multiflow_fastpace_extended/
INFO:dale_experiment_rig:#### WARNING: File /data/dh1723/SIRD-Simulator/scripts/r2p2/coord/config/dale_experiments/FCT_Subpkt_Byteloads_subpkt_multiflow_fastpace_extended/ aready exists.
INFO:dale_experiment_rig:#### WARNING: File /data/dh1723/SIRD-Simulator/scripts/r2p2/coord/config/dale_experiments/FCT_Subpkt_Byteloads_subpkt_multiflow_fastpace_extended/ aready exists.
INFO:dale_experiment_rig:#### WARNING: File /data/dh1723/SIRD-Simulator/scripts/r2p2/coord/config/dale_experiments/FCT_Subpkt_Byteloads_subpkt_multiflow_fastpace_extended/ aready exists.
INFO:dale_experiment_rig:-----
Preparing experiment spec scripts
INFO:dale_experiment_rig:-----
Running experiment for SSIRD
INFO:dale_experiment_rig:#### WARNING: File /data/dh1723/SIRD-Simulator/scripts/r2p2/coord/config/dale_experiments/FCT_Subpkt_Byteloads_subpkt_multiflow_fastpace_extended/ aready exists.
INFO:dale_experiment_rig:-----
Running experiment for SSIRD
INFO:dale_experiment_rig:-----
Running experiment for SSIRD
INFO:dale_experiment_rig:-----
Running experiment for DCTCP-50
INFO:dale_experiment_rig:### Creating spec scripts parent dir: /data/dh1723/SIRD-Simulator/scripts/r2p2/coord/config/dale_experiments/FCT_Subpkt_Byteloads_subpkt_multiflow_fastpace_extended/
INFO:dale_experiment_rig:-----
Running experiment for DCTCP-50
INFO:dale_experiment_rig:### Script:/data/dh1723/SIRD-Simulator/scripts/r2p2/coord/config/dale_experiments/FCT_Subpkt_Byteloads_subpkt_multiflow_fastpace_extended/SSIRD-15flo-10#-4000B-10000ns_subpkt_multiflow_fastpace_extended.sh
INFO:dale_experiment_rig:### Script:/data/dh1723/SIRD-Simulator/scripts/r2p2/coord/config/dale_experiments/FCT_Subpkt_Byteloads_subpkt_multiflow_fastpace_extended/SSIRD-15flo-100#-400B-1000ns_subpkt_multiflow_fastpace_extended.sh
INFO:dale_experiment_rig:-----
Running experiment for DCTCP-50
INFO:dale_experiment_rig:### Script:/data/dh1723/SIRD-Simulator/scripts/r2p2/coord/config/dale_experiments/FCT_Subpkt_Byteloads_subpkt_multiflow_fastpace_extended/SSIRD-15flo-1000#-40B-100ns_subpkt_multiflow_fastpace_extended.sh
INFO:dale_experiment_rig:### Script:/data/dh1723/SIRD-Simulator/scripts/r2p2/coord/config/dale_experiments/FCT_Subpkt_Byteloads_subpkt_multiflow_fastpace_extended/DCTCP-50-15flo-1000#-40B-100ns_subpkt_multiflow_fastpace_extended.sh
INFO:dale_experiment_rig:#### WARNING: File /data/dh1723/SIRD-Simulator/scripts/r2p2/coord/config/dale_experiments/FCT_Subpkt_Byteloads_subpkt_multiflow_fastpace_extended/ aready exists.
INFO:dale_experiment_rig:-----
Running experiment for DCTCP-50
INFO:dale_experiment_rig:-----
Running experiment for SSIRD
INFO:dale_experiment_rig:### Script:/data/dh1723/SIRD-Simulator/scripts/r2p2/coord/config/dale_experiments/FCT_Subpkt_Byteloads_subpkt_multiflow_fastpace_extended/DCTCP-50-15flo-100#-400B-1000ns_subpkt_multiflow_fastpace_extended.sh
INFO:dale_experiment_rig:### Output path (stdout): /data/dh1723/SIRD-Simulator/scripts/r2p2/coord/outputs/FCT_Subpkt_Byteloads_subpkt_multiflow_fastpace_extended/ssird_15flo-10#-4000B-10000ns_subpkt_multiflow_fastpace_extended_stdout.out
INFO:dale_experiment_rig:### Output path (stdout): /data/dh1723/SIRD-Simulator/scripts/r2p2/coord/outputs/FCT_Subpkt_Byteloads_subpkt_multiflow_fastpace_extended/ssird_15flo-100#-400B-1000ns_subpkt_multiflow_fastpace_extended_stdout.out
INFO:dale_experiment_rig:### Script:/data/dh1723/SIRD-Simulator/scripts/r2p2/coord/config/dale_experiments/FCT_Subpkt_Byteloads_subpkt_multiflow_fastpace_extended/DCTCP-50-15flo-10#-4000B-10000ns_subpkt_multiflow_fastpace_extended.sh
INFO:dale_experiment_rig:-----
Running experiment for SSIRD
INFO:dale_experiment_rig:### Output path (stdout): /data/dh1723/SIRD-Simulator/scripts/r2p2/coord/outputs/FCT_Subpkt_Byteloads_subpkt_multiflow_fastpace_extended/ssird_15flo-1000#-40B-100ns_subpkt_multiflow_fastpace_extended_stdout.out
INFO:dale_experiment_rig:### Output path (stdout): /data/dh1723/SIRD-Simulator/scripts/r2p2/coord/outputs/FCT_Subpkt_Byteloads_subpkt_multiflow_fastpace_extended/DCTCP-50_15flo-1000#-40B-100ns_subpkt_multiflow_fastpace_extended_stdout.out
INFO:dale_experiment_rig:### Script:/data/dh1723/SIRD-Simulator/scripts/r2p2/coord/config/dale_experiments/FCT_Subpkt_Byteloads_subpkt_multiflow_fastpace_extended/DCTCP-50-15flo-1#-40000B-100000ns_subpkt_multiflow_fastpace_extended.sh
INFO:dale_experiment_rig:### Script:/data/dh1723/SIRD-Simulator/scripts/r2p2/coord/config/dale_experiments/FCT_Subpkt_Byteloads_subpkt_multiflow_fastpace_extended/SSIRD-15flo-1#-40000B-100000ns_subpkt_multiflow_fastpace_extended.sh
INFO:dale_experiment_rig:### Output path (stdout): /data/dh1723/SIRD-Simulator/scripts/r2p2/coord/outputs/FCT_Subpkt_Byteloads_subpkt_multiflow_fastpace_extended/DCTCP-50_15flo-100#-400B-1000ns_subpkt_multiflow_fastpace_extended_stdout.out
INFO:dale_experiment_rig:### Output path (stderr): /data/dh1723/SIRD-Simulator/scripts/r2p2/coord/outputs/FCT_Subpkt_Byteloads_subpkt_multiflow_fastpace_extended/ssird_15flo-10#-4000B-10000ns_subpkt_multiflow_fastpace_extended_stderr.out
INFO:dale_experiment_rig:### Output path (stderr): /data/dh1723/SIRD-Simulator/scripts/r2p2/coord/outputs/FCT_Subpkt_Byteloads_subpkt_multiflow_fastpace_extended/ssird_15flo-100#-400B-1000ns_subpkt_multiflow_fastpace_extended_stderr.out
INFO:dale_experiment_rig:### Output path (stdout): /data/dh1723/SIRD-Simulator/scripts/r2p2/coord/outputs/FCT_Subpkt_Byteloads_subpkt_multiflow_fastpace_extended/DCTCP-50_15flo-10#-4000B-10000ns_subpkt_multiflow_fastpace_extended_stdout.out
INFO:dale_experiment_rig:### Script:/data/dh1723/SIRD-Simulator/scripts/r2p2/coord/config/dale_experiments/FCT_Subpkt_Byteloads_subpkt_multiflow_fastpace_extended/SSIRD-15flo-10000#-4B-10ns_subpkt_multiflow_fastpace_extended.sh
INFO:dale_experiment_rig:### Output path (stderr): /data/dh1723/SIRD-Simulator/scripts/r2p2/coord/outputs/FCT_Subpkt_Byteloads_subpkt_multiflow_fastpace_extended/ssird_15flo-1000#-40B-100ns_subpkt_multiflow_fastpace_extended_stderr.out
INFO:dale_experiment_rig:-----
Running experiment for DCTCP-50
INFO:dale_experiment_rig:### Output path (stderr): /data/dh1723/SIRD-Simulator/scripts/r2p2/coord/outputs/FCT_Subpkt_Byteloads_subpkt_multiflow_fastpace_extended/DCTCP-50_15flo-1000#-40B-100ns_subpkt_multiflow_fastpace_extended_stderr.out
INFO:dale_experiment_rig:### Output path (stdout): /data/dh1723/SIRD-Simulator/scripts/r2p2/coord/outputs/FCT_Subpkt_Byteloads_subpkt_multiflow_fastpace_extended/DCTCP-50_15flo-1#-40000B-100000ns_subpkt_multiflow_fastpace_extended_stdout.out
INFO:dale_experiment_rig:### Output path (stdout): /data/dh1723/SIRD-Simulator/scripts/r2p2/coord/outputs/FCT_Subpkt_Byteloads_subpkt_multiflow_fastpace_extended/ssird_15flo-1#-40000B-100000ns_subpkt_multiflow_fastpace_extended_stdout.out
INFO:dale_experiment_rig:### Output path (stderr): /data/dh1723/SIRD-Simulator/scripts/r2p2/coord/outputs/FCT_Subpkt_Byteloads_subpkt_multiflow_fastpace_extended/DCTCP-50_15flo-100#-400B-1000ns_subpkt_multiflow_fastpace_extended_stderr.out
INFO:dale_experiment_rig:### Output path (stderr): /data/dh1723/SIRD-Simulator/scripts/r2p2/coord/outputs/FCT_Subpkt_Byteloads_subpkt_multiflow_fastpace_extended/DCTCP-50_15flo-10#-4000B-10000ns_subpkt_multiflow_fastpace_extended_stderr.out
INFO:dale_experiment_rig:### Output path (stdout): /data/dh1723/SIRD-Simulator/scripts/r2p2/coord/outputs/FCT_Subpkt_Byteloads_subpkt_multiflow_fastpace_extended/ssird_15flo-10000#-4B-10ns_subpkt_multiflow_fastpace_extended_stdout.out
INFO:dale_experiment_rig:### Script:/data/dh1723/SIRD-Simulator/scripts/r2p2/coord/config/dale_experiments/FCT_Subpkt_Byteloads_subpkt_multiflow_fastpace_extended/DCTCP-50-15flo-10000#-4B-10ns_subpkt_multiflow_fastpace_extended.sh
INFO:dale_experiment_rig:### Output path (stderr): /data/dh1723/SIRD-Simulator/scripts/r2p2/coord/outputs/FCT_Subpkt_Byteloads_subpkt_multiflow_fastpace_extended/DCTCP-50_15flo-1#-40000B-100000ns_subpkt_multiflow_fastpace_extended_stderr.out
INFO:dale_experiment_rig:### Output path (stderr): /data/dh1723/SIRD-Simulator/scripts/r2p2/coord/outputs/FCT_Subpkt_Byteloads_subpkt_multiflow_fastpace_extended/ssird_15flo-1#-40000B-100000ns_subpkt_multiflow_fastpace_extended_stderr.out
INFO:dale_experiment_rig:### Output path (stderr): /data/dh1723/SIRD-Simulator/scripts/r2p2/coord/outputs/FCT_Subpkt_Byteloads_subpkt_multiflow_fastpace_extended/ssird_15flo-10000#-4B-10ns_subpkt_multiflow_fastpace_extended_stderr.out
INFO:dale_experiment_rig:### Output path (stdout): /data/dh1723/SIRD-Simulator/scripts/r2p2/coord/outputs/FCT_Subpkt_Byteloads_subpkt_multiflow_fastpace_extended/DCTCP-50_15flo-10000#-4B-10ns_subpkt_multiflow_fastpace_extended_stdout.out
INFO:dale_experiment_rig:### Output path (stderr): /data/dh1723/SIRD-Simulator/scripts/r2p2/coord/outputs/FCT_Subpkt_Byteloads_subpkt_multiflow_fastpace_extended/DCTCP-50_15flo-10000#-4B-10ns_subpkt_multiflow_fastpace_extended_stderr.out
INFO:dale_experiment_rig:-----
Backing up app trace file paths
DEBUG:dale_experiment_rig:/data/dh1723/SIRD-Simulator/scripts/r2p2/post-process/experiment_app_trace_paths/FCT_Subpkt_Byteloads_subpkt_multiflow_fastpace_extended/15flo/SSIRD_app_traces.txt
INFO:dale_experiment_rig:-----
Backing up app trace file paths
DEBUG:dale_experiment_rig:/data/dh1723/SIRD-Simulator/scripts/r2p2/post-process/experiment_app_trace_paths/FCT_Subpkt_Byteloads_subpkt_multiflow_fastpace_extended/15flo/DCTCP-50_app_traces.txt
INFO:dale_experiment_rig:
##### POST PROCESS RESULTS #####
INFO:dale_experiment_rig:=====
** Num Byteloads Per Flow: 10000, Byteload Size (B): 4, Inter-Byteload Interval (us): 0.01, ssird_sim_dur (s): 0.02, dctcp_sim_dur (s): 0.02
INFO:dale_experiment_rig:Processing SIRD results exp_id 0:: 15flo-10000#-4B
INFO:dale_experiment_rig:Processing results from /data/dh1723/SIRD-Simulator/scripts/r2p2/coord/results/SSIRD-15flo-10000#-4B-10ns_subpkt_multiflow_fastpace_extended/data/SSIRD/60/applications_trace.str
INFO:dale_experiment_rig:Flow 0:: num of byteloads: 10000, num srq events: 10000, num rrq events: 1
DEBUG:dale_experiment_rig:Flow 0:: first_event_name: srq, final_event_name: rrq, expected_data_B: 40000, recv_data_B: 40000
INFO:dale_experiment_rig:Flow 1:: num of byteloads: 10000, num srq events: 10000, num rrq events: 1
DEBUG:dale_experiment_rig:Flow 1:: first_event_name: srq, final_event_name: rrq, expected_data_B: 40000, recv_data_B: 40000
INFO:dale_experiment_rig:Flow 2:: num of byteloads: 10000, num srq events: 10000, num rrq events: 1
DEBUG:dale_experiment_rig:Flow 2:: first_event_name: srq, final_event_name: rrq, expected_data_B: 40000, recv_data_B: 40000
INFO:dale_experiment_rig:Flow 3:: num of byteloads: 10000, num srq events: 10000, num rrq events: 1
DEBUG:dale_experiment_rig:Flow 3:: first_event_name: srq, final_event_name: rrq, expected_data_B: 40000, recv_data_B: 40000
INFO:dale_experiment_rig:Flow 4:: num of byteloads: 10000, num srq events: 10000, num rrq events: 1
DEBUG:dale_experiment_rig:Flow 4:: first_event_name: srq, final_event_name: rrq, expected_data_B: 40000, recv_data_B: 40000
INFO:dale_experiment_rig:Flow 5:: num of byteloads: 10000, num srq events: 10000, num rrq events: 1
DEBUG:dale_experiment_rig:Flow 5:: first_event_name: srq, final_event_name: rrq, expected_data_B: 40000, recv_data_B: 40000
INFO:dale_experiment_rig:Flow 6:: num of byteloads: 10000, num srq events: 10000, num rrq events: 1
DEBUG:dale_experiment_rig:Flow 6:: first_event_name: srq, final_event_name: rrq, expected_data_B: 40000, recv_data_B: 40000
INFO:dale_experiment_rig:Flow 7:: num of byteloads: 10000, num srq events: 10000, num rrq events: 1
DEBUG:dale_experiment_rig:Flow 7:: first_event_name: srq, final_event_name: rrq, expected_data_B: 40000, recv_data_B: 40000
INFO:dale_experiment_rig:Flow 8:: num of byteloads: 10000, num srq events: 10000, num rrq events: 1
DEBUG:dale_experiment_rig:Flow 8:: first_event_name: srq, final_event_name: rrq, expected_data_B: 40000, recv_data_B: 40000
INFO:dale_experiment_rig:Flow 9:: num of byteloads: 10000, num srq events: 10000, num rrq events: 1
DEBUG:dale_experiment_rig:Flow 9:: first_event_name: srq, final_event_name: rrq, expected_data_B: 40000, recv_data_B: 40000
INFO:dale_experiment_rig:Flow 10:: num of byteloads: 10000, num srq events: 10000, num rrq events: 1
DEBUG:dale_experiment_rig:Flow 10:: first_event_name: srq, final_event_name: rrq, expected_data_B: 40000, recv_data_B: 40000
INFO:dale_experiment_rig:Flow 11:: num of byteloads: 10000, num srq events: 10000, num rrq events: 1
DEBUG:dale_experiment_rig:Flow 11:: first_event_name: srq, final_event_name: rrq, expected_data_B: 40000, recv_data_B: 40000
INFO:dale_experiment_rig:Flow 12:: num of byteloads: 10000, num srq events: 10000, num rrq events: 1
DEBUG:dale_experiment_rig:Flow 12:: first_event_name: srq, final_event_name: rrq, expected_data_B: 40000, recv_data_B: 40000
INFO:dale_experiment_rig:Flow 13:: num of byteloads: 10000, num srq events: 10000, num rrq events: 1
DEBUG:dale_experiment_rig:Flow 13:: first_event_name: srq, final_event_name: rrq, expected_data_B: 40000, recv_data_B: 40000
INFO:dale_experiment_rig:Flow 14:: num of byteloads: 10000, num srq events: 10000, num rrq events: 1
DEBUG:dale_experiment_rig:Flow 14:: first_event_name: srq, final_event_name: rrq, expected_data_B: 40000, recv_data_B: 40000
INFO:dale_experiment_rig:SSIRD FCT: [0.0003420990000009283, 0.00034547899999992637, 0.00034886500000119725, 0.00035225100000069176, 0.00035563600000010354, 0.0003590220000013744, 0.0003624080000008689, 0.00036579400000036344, 0.0003691800000016343, 0.00037256600000112883, 0.00037595200000062334, 0.00037933800000011786, 0.00038272400000138873, 0.00038611000000088325, 0.00038949600000037776] ms, Gdpt (overall): 48.00448044770111 Gbps, Gdpt (per flow): [3.199999999977089, 3.199999999977089, 3.199999999977089, 3.199999999977089, 3.199999999977089, 3.199999999977089, 3.199999999977089, 3.199999999977089, 3.199999999977089, 3.199999999977089, 3.199999999977089, 3.199999999977089, 3.199999999977089, 3.199999999977089, 3.199999999977089]
INFO:dale_experiment_rig:Processing DCTCP results exp_id 0:: 15flo-10000#-4B
INFO:dale_experiment_rig:Processing results from /data/dh1723/SIRD-Simulator/scripts/r2p2/coord/results/DCTCP-50-15flo-10000#-4B-10ns_subpkt_multiflow_fastpace_extended/data/DCTCP-50/60/applications_trace.str
INFO:dale_experiment_rig:Flow 0:: num of byteloads: 10000, num srq events: 10000, num rrq events: 10000
DEBUG:dale_experiment_rig:Flow 0:: first_event_name: srq, final_event_name: rrq, expected_data_B: 40000, recv_data_B: 40000
INFO:dale_experiment_rig:Flow 1:: num of byteloads: 10000, num srq events: 10000, num rrq events: 10000
DEBUG:dale_experiment_rig:Flow 1:: first_event_name: srq, final_event_name: rrq, expected_data_B: 40000, recv_data_B: 40000
INFO:dale_experiment_rig:Flow 2:: num of byteloads: 10000, num srq events: 10000, num rrq events: 10000
DEBUG:dale_experiment_rig:Flow 2:: first_event_name: srq, final_event_name: rrq, expected_data_B: 40000, recv_data_B: 40000
INFO:dale_experiment_rig:Flow 3:: num of byteloads: 10000, num srq events: 10000, num rrq events: 10000
DEBUG:dale_experiment_rig:Flow 3:: first_event_name: srq, final_event_name: rrq, expected_data_B: 40000, recv_data_B: 40000
INFO:dale_experiment_rig:Flow 4:: num of byteloads: 10000, num srq events: 10000, num rrq events: 10000
DEBUG:dale_experiment_rig:Flow 4:: first_event_name: srq, final_event_name: rrq, expected_data_B: 40000, recv_data_B: 40000
INFO:dale_experiment_rig:Flow 5:: num of byteloads: 10000, num srq events: 10000, num rrq events: 10000
DEBUG:dale_experiment_rig:Flow 5:: first_event_name: srq, final_event_name: rrq, expected_data_B: 40000, recv_data_B: 40000
INFO:dale_experiment_rig:Flow 6:: num of byteloads: 10000, num srq events: 10000, num rrq events: 10000
DEBUG:dale_experiment_rig:Flow 6:: first_event_name: srq, final_event_name: rrq, expected_data_B: 40000, recv_data_B: 40000
INFO:dale_experiment_rig:Flow 7:: num of byteloads: 10000, num srq events: 10000, num rrq events: 10000
DEBUG:dale_experiment_rig:Flow 7:: first_event_name: srq, final_event_name: rrq, expected_data_B: 40000, recv_data_B: 40000
INFO:dale_experiment_rig:Flow 8:: num of byteloads: 10000, num srq events: 10000, num rrq events: 10000
DEBUG:dale_experiment_rig:Flow 8:: first_event_name: srq, final_event_name: rrq, expected_data_B: 40000, recv_data_B: 40000
INFO:dale_experiment_rig:Flow 9:: num of byteloads: 10000, num srq events: 10000, num rrq events: 10000
DEBUG:dale_experiment_rig:Flow 9:: first_event_name: srq, final_event_name: rrq, expected_data_B: 40000, recv_data_B: 40000
INFO:dale_experiment_rig:Flow 10:: num of byteloads: 10000, num srq events: 10000, num rrq events: 10000
DEBUG:dale_experiment_rig:Flow 10:: first_event_name: srq, final_event_name: rrq, expected_data_B: 40000, recv_data_B: 40000
INFO:dale_experiment_rig:Flow 11:: num of byteloads: 10000, num srq events: 10000, num rrq events: 10000
DEBUG:dale_experiment_rig:Flow 11:: first_event_name: srq, final_event_name: rrq, expected_data_B: 40000, recv_data_B: 40000
INFO:dale_experiment_rig:Flow 12:: num of byteloads: 10000, num srq events: 10000, num rrq events: 10000
DEBUG:dale_experiment_rig:Flow 12:: first_event_name: srq, final_event_name: rrq, expected_data_B: 40000, recv_data_B: 40000
INFO:dale_experiment_rig:Flow 13:: num of byteloads: 10000, num srq events: 10000, num rrq events: 10000
DEBUG:dale_experiment_rig:Flow 13:: first_event_name: srq, final_event_name: rrq, expected_data_B: 40000, recv_data_B: 40000
INFO:dale_experiment_rig:Flow 14:: num of byteloads: 10000, num srq events: 10000, num rrq events: 10000
DEBUG:dale_experiment_rig:Flow 14:: first_event_name: srq, final_event_name: rrq, expected_data_B: 40000, recv_data_B: 40000
INFO:dale_experiment_rig:DCTCP FCT: [0.018869601000000458, 0.01886961300000145, 0.01886962600000075, 0.01886963900000005, 0.018869652000001125, 0.018869665000000424, 0.018869677000001417, 0.018869690000000716, 0.018869703000000015, 0.01886971600000109, 0.01886972900000039, 0.018869741000001383, 0.018869754000000682, 0.018869766999999982, 0.018869780000001057] ms, Gtpt (overall): 48.00448044770111 Gbps, Gdpt (per flow): [3.199999999977089, 3.199999999977089, 3.199999999977089, 3.199999999977089, 3.199999999977089, 3.199999999977089, 3.199999999977089, 3.199999999977089, 3.199999999977089, 3.199999999977089, 3.199999999977089, 3.199999999977089, 3.199999999977089, 3.199999999977089, 3.199999999977089]
INFO:dale_experiment_rig:=====
** Num Byteloads Per Flow: 1000, Byteload Size (B): 40, Inter-Byteload Interval (us): 0.1, ssird_sim_dur (s): 0.02, dctcp_sim_dur (s): 0.02
INFO:dale_experiment_rig:Processing SIRD results exp_id 1:: 15flo-1000#-40B
INFO:dale_experiment_rig:Processing results from /data/dh1723/SIRD-Simulator/scripts/r2p2/coord/results/SSIRD-15flo-1000#-40B-100ns_subpkt_multiflow_fastpace_extended/data/SSIRD/60/applications_trace.str
INFO:dale_experiment_rig:Flow 0:: num of byteloads: 1000, num srq events: 1000, num rrq events: 1
DEBUG:dale_experiment_rig:Flow 0:: first_event_name: srq, final_event_name: rrq, expected_data_B: 40000, recv_data_B: 40000
INFO:dale_experiment_rig:Flow 1:: num of byteloads: 1000, num srq events: 1000, num rrq events: 1
DEBUG:dale_experiment_rig:Flow 1:: first_event_name: srq, final_event_name: rrq, expected_data_B: 40000, recv_data_B: 40000
INFO:dale_experiment_rig:Flow 2:: num of byteloads: 1000, num srq events: 1000, num rrq events: 1
DEBUG:dale_experiment_rig:Flow 2:: first_event_name: srq, final_event_name: rrq, expected_data_B: 40000, recv_data_B: 40000
INFO:dale_experiment_rig:Flow 3:: num of byteloads: 1000, num srq events: 1000, num rrq events: 1
DEBUG:dale_experiment_rig:Flow 3:: first_event_name: srq, final_event_name: rrq, expected_data_B: 40000, recv_data_B: 40000
INFO:dale_experiment_rig:Flow 4:: num of byteloads: 1000, num srq events: 1000, num rrq events: 1
DEBUG:dale_experiment_rig:Flow 4:: first_event_name: srq, final_event_name: rrq, expected_data_B: 40000, recv_data_B: 40000
INFO:dale_experiment_rig:Flow 5:: num of byteloads: 1000, num srq events: 1000, num rrq events: 1
DEBUG:dale_experiment_rig:Flow 5:: first_event_name: srq, final_event_name: rrq, expected_data_B: 40000, recv_data_B: 40000
INFO:dale_experiment_rig:Flow 6:: num of byteloads: 1000, num srq events: 1000, num rrq events: 1
DEBUG:dale_experiment_rig:Flow 6:: first_event_name: srq, final_event_name: rrq, expected_data_B: 40000, recv_data_B: 40000
INFO:dale_experiment_rig:Flow 7:: num of byteloads: 1000, num srq events: 1000, num rrq events: 1
DEBUG:dale_experiment_rig:Flow 7:: first_event_name: srq, final_event_name: rrq, expected_data_B: 40000, recv_data_B: 40000
INFO:dale_experiment_rig:Flow 8:: num of byteloads: 1000, num srq events: 1000, num rrq events: 1
DEBUG:dale_experiment_rig:Flow 8:: first_event_name: srq, final_event_name: rrq, expected_data_B: 40000, recv_data_B: 40000
INFO:dale_experiment_rig:Flow 9:: num of byteloads: 1000, num srq events: 1000, num rrq events: 1
DEBUG:dale_experiment_rig:Flow 9:: first_event_name: srq, final_event_name: rrq, expected_data_B: 40000, recv_data_B: 40000
INFO:dale_experiment_rig:Flow 10:: num of byteloads: 1000, num srq events: 1000, num rrq events: 1
DEBUG:dale_experiment_rig:Flow 10:: first_event_name: srq, final_event_name: rrq, expected_data_B: 40000, recv_data_B: 40000
INFO:dale_experiment_rig:Flow 11:: num of byteloads: 1000, num srq events: 1000, num rrq events: 1
DEBUG:dale_experiment_rig:Flow 11:: first_event_name: srq, final_event_name: rrq, expected_data_B: 40000, recv_data_B: 40000
INFO:dale_experiment_rig:Flow 12:: num of byteloads: 1000, num srq events: 1000, num rrq events: 1
DEBUG:dale_experiment_rig:Flow 12:: first_event_name: srq, final_event_name: rrq, expected_data_B: 40000, recv_data_B: 40000
INFO:dale_experiment_rig:Flow 13:: num of byteloads: 1000, num srq events: 1000, num rrq events: 1
DEBUG:dale_experiment_rig:Flow 13:: first_event_name: srq, final_event_name: rrq, expected_data_B: 40000, recv_data_B: 40000
INFO:dale_experiment_rig:Flow 14:: num of byteloads: 1000, num srq events: 1000, num rrq events: 1
DEBUG:dale_experiment_rig:Flow 14:: first_event_name: srq, final_event_name: rrq, expected_data_B: 40000, recv_data_B: 40000
INFO:dale_experiment_rig:SSIRD FCT: [0.00010683200000016768, 0.00011021100000085937, 0.00011359700000035389, 0.00011698300000162476, 0.00012036900000111928, 0.0001237550000006138, 0.0001271410000001083, 0.00013052700000137918, 0.0001339130000008737, 0.0001372990000003682, 0.00014068499999986273, 0.0001440710000011336, 0.0001474570000006281, 0.0001508420000000399, 0.00015422800000131076] ms, Gdpt (overall): 48.044844844664645 Gbps, Gdpt (per flow): [3.1999999999879982, 3.1999999999879982, 3.1999999999879982, 3.1999999999879982, 3.1999999999879982, 3.1999999999879982, 3.1999999999879982, 3.1999999999879982, 3.1999999999879982, 3.1999999999879982, 3.1999999999879982, 3.1999999999879982, 3.1999999999879982, 3.1999999999879982, 3.1999999999879982]
INFO:dale_experiment_rig:Processing DCTCP results exp_id 1:: 15flo-1000#-40B
INFO:dale_experiment_rig:Processing results from /data/dh1723/SIRD-Simulator/scripts/r2p2/coord/results/DCTCP-50-15flo-1000#-40B-100ns_subpkt_multiflow_fastpace_extended/data/DCTCP-50/60/applications_trace.str
INFO:dale_experiment_rig:Flow 0:: num of byteloads: 1000, num srq events: 1000, num rrq events: 1000
DEBUG:dale_experiment_rig:Flow 0:: first_event_name: srq, final_event_name: rrq, expected_data_B: 40000, recv_data_B: 40000
INFO:dale_experiment_rig:Flow 1:: num of byteloads: 1000, num srq events: 1000, num rrq events: 1000
DEBUG:dale_experiment_rig:Flow 1:: first_event_name: srq, final_event_name: rrq, expected_data_B: 40000, recv_data_B: 40000
INFO:dale_experiment_rig:Flow 2:: num of byteloads: 1000, num srq events: 1000, num rrq events: 1000
DEBUG:dale_experiment_rig:Flow 2:: first_event_name: srq, final_event_name: rrq, expected_data_B: 40000, recv_data_B: 40000
INFO:dale_experiment_rig:Flow 3:: num of byteloads: 1000, num srq events: 1000, num rrq events: 1000
DEBUG:dale_experiment_rig:Flow 3:: first_event_name: srq, final_event_name: rrq, expected_data_B: 40000, recv_data_B: 40000
INFO:dale_experiment_rig:Flow 4:: num of byteloads: 1000, num srq events: 1000, num rrq events: 1000
DEBUG:dale_experiment_rig:Flow 4:: first_event_name: srq, final_event_name: rrq, expected_data_B: 40000, recv_data_B: 40000
INFO:dale_experiment_rig:Flow 5:: num of byteloads: 1000, num srq events: 1000, num rrq events: 1000
DEBUG:dale_experiment_rig:Flow 5:: first_event_name: srq, final_event_name: rrq, expected_data_B: 40000, recv_data_B: 40000
INFO:dale_experiment_rig:Flow 6:: num of byteloads: 1000, num srq events: 1000, num rrq events: 1000
DEBUG:dale_experiment_rig:Flow 6:: first_event_name: srq, final_event_name: rrq, expected_data_B: 40000, recv_data_B: 40000
INFO:dale_experiment_rig:Flow 7:: num of byteloads: 1000, num srq events: 1000, num rrq events: 1000
DEBUG:dale_experiment_rig:Flow 7:: first_event_name: srq, final_event_name: rrq, expected_data_B: 40000, recv_data_B: 40000
INFO:dale_experiment_rig:Flow 8:: num of byteloads: 1000, num srq events: 1000, num rrq events: 1000
DEBUG:dale_experiment_rig:Flow 8:: first_event_name: srq, final_event_name: rrq, expected_data_B: 40000, recv_data_B: 40000
INFO:dale_experiment_rig:Flow 9:: num of byteloads: 1000, num srq events: 1000, num rrq events: 1000
DEBUG:dale_experiment_rig:Flow 9:: first_event_name: srq, final_event_name: rrq, expected_data_B: 40000, recv_data_B: 40000
INFO:dale_experiment_rig:Flow 10:: num of byteloads: 1000, num srq events: 1000, num rrq events: 1000
DEBUG:dale_experiment_rig:Flow 10:: first_event_name: srq, final_event_name: rrq, expected_data_B: 40000, recv_data_B: 40000
INFO:dale_experiment_rig:Flow 11:: num of byteloads: 1000, num srq events: 1000, num rrq events: 1000
DEBUG:dale_experiment_rig:Flow 11:: first_event_name: srq, final_event_name: rrq, expected_data_B: 40000, recv_data_B: 40000
INFO:dale_experiment_rig:Flow 12:: num of byteloads: 1000, num srq events: 1000, num rrq events: 1000
DEBUG:dale_experiment_rig:Flow 12:: first_event_name: srq, final_event_name: rrq, expected_data_B: 40000, recv_data_B: 40000
INFO:dale_experiment_rig:Flow 13:: num of byteloads: 1000, num srq events: 1000, num rrq events: 1000
DEBUG:dale_experiment_rig:Flow 13:: first_event_name: srq, final_event_name: rrq, expected_data_B: 40000, recv_data_B: 40000
INFO:dale_experiment_rig:Flow 14:: num of byteloads: 1000, num srq events: 1000, num rrq events: 1000
DEBUG:dale_experiment_rig:Flow 14:: first_event_name: srq, final_event_name: rrq, expected_data_B: 40000, recv_data_B: 40000
INFO:dale_experiment_rig:DCTCP FCT: [0.0018871410000009803, 0.0018871530000001968, 0.0018871660000012724, 0.0018871790000005717, 0.001887191999999871, 0.0018872050000009466, 0.0018872170000001631, 0.0018872300000012387, 0.001887243000000538, 0.0018872560000016136, 0.001887269000000913, 0.0018872810000001294, 0.001887294000001205, 0.0018873070000005043, 0.00188732000000158] ms, Gtpt (overall): 48.044844844664645 Gbps, Gdpt (per flow): [3.1999999999879982, 3.1999999999879982, 3.1999999999879982, 3.1999999999879982, 3.1999999999879982, 3.1999999999879982, 3.1999999999879982, 3.1999999999879982, 3.1999999999879982, 3.1999999999879982, 3.1999999999879982, 3.1999999999879982, 3.1999999999879982, 3.1999999999879982, 3.1999999999879982]
INFO:dale_experiment_rig:=====
** Num Byteloads Per Flow: 100, Byteload Size (B): 400, Inter-Byteload Interval (us): 1.0, ssird_sim_dur (s): 0.02, dctcp_sim_dur (s): 0.02
INFO:dale_experiment_rig:Processing SIRD results exp_id 2:: 15flo-100#-400B
INFO:dale_experiment_rig:Processing results from /data/dh1723/SIRD-Simulator/scripts/r2p2/coord/results/SSIRD-15flo-100#-400B-1000ns_subpkt_multiflow_fastpace_extended/data/SSIRD/60/applications_trace.str
INFO:dale_experiment_rig:Flow 0:: num of byteloads: 100, num srq events: 100, num rrq events: 95
DEBUG:dale_experiment_rig:Flow 0:: first_event_name: srq, final_event_name: rrq, expected_data_B: 40000, recv_data_B: 40000
INFO:dale_experiment_rig:Flow 1:: num of byteloads: 100, num srq events: 100, num rrq events: 95
DEBUG:dale_experiment_rig:Flow 1:: first_event_name: srq, final_event_name: rrq, expected_data_B: 40000, recv_data_B: 40000
INFO:dale_experiment_rig:Flow 2:: num of byteloads: 100, num srq events: 100, num rrq events: 94
DEBUG:dale_experiment_rig:Flow 2:: first_event_name: srq, final_event_name: rrq, expected_data_B: 40000, recv_data_B: 40000
INFO:dale_experiment_rig:Flow 3:: num of byteloads: 100, num srq events: 100, num rrq events: 94
DEBUG:dale_experiment_rig:Flow 3:: first_event_name: srq, final_event_name: rrq, expected_data_B: 40000, recv_data_B: 40000
INFO:dale_experiment_rig:Flow 4:: num of byteloads: 100, num srq events: 100, num rrq events: 93
DEBUG:dale_experiment_rig:Flow 4:: first_event_name: srq, final_event_name: rrq, expected_data_B: 40000, recv_data_B: 40000
INFO:dale_experiment_rig:Flow 5:: num of byteloads: 100, num srq events: 100, num rrq events: 93
DEBUG:dale_experiment_rig:Flow 5:: first_event_name: srq, final_event_name: rrq, expected_data_B: 40000, recv_data_B: 40000
INFO:dale_experiment_rig:Flow 6:: num of byteloads: 100, num srq events: 100, num rrq events: 92
DEBUG:dale_experiment_rig:Flow 6:: first_event_name: srq, final_event_name: rrq, expected_data_B: 40000, recv_data_B: 40000
INFO:dale_experiment_rig:Flow 7:: num of byteloads: 100, num srq events: 100, num rrq events: 91
DEBUG:dale_experiment_rig:Flow 7:: first_event_name: srq, final_event_name: rrq, expected_data_B: 40000, recv_data_B: 40000
INFO:dale_experiment_rig:Flow 8:: num of byteloads: 100, num srq events: 100, num rrq events: 89
DEBUG:dale_experiment_rig:Flow 8:: first_event_name: srq, final_event_name: rrq, expected_data_B: 40000, recv_data_B: 40000
INFO:dale_experiment_rig:Flow 9:: num of byteloads: 100, num srq events: 100, num rrq events: 87
DEBUG:dale_experiment_rig:Flow 9:: first_event_name: srq, final_event_name: rrq, expected_data_B: 40000, recv_data_B: 40000
INFO:dale_experiment_rig:Flow 10:: num of byteloads: 100, num srq events: 100, num rrq events: 85
DEBUG:dale_experiment_rig:Flow 10:: first_event_name: srq, final_event_name: rrq, expected_data_B: 40000, recv_data_B: 40000
INFO:dale_experiment_rig:Flow 11:: num of byteloads: 100, num srq events: 100, num rrq events: 80
DEBUG:dale_experiment_rig:Flow 11:: first_event_name: srq, final_event_name: rrq, expected_data_B: 40000, recv_data_B: 40000
INFO:dale_experiment_rig:Flow 12:: num of byteloads: 100, num srq events: 100, num rrq events: 72
DEBUG:dale_experiment_rig:Flow 12:: first_event_name: srq, final_event_name: rrq, expected_data_B: 40000, recv_data_B: 40000
INFO:dale_experiment_rig:Flow 13:: num of byteloads: 100, num srq events: 100, num rrq events: 49
DEBUG:dale_experiment_rig:Flow 13:: first_event_name: srq, final_event_name: rrq, expected_data_B: 40000, recv_data_B: 40000
INFO:dale_experiment_rig:Flow 14:: num of byteloads: 100, num srq events: 100, num rrq events: 1
DEBUG:dale_experiment_rig:Flow 14:: first_event_name: srq, final_event_name: rrq, expected_data_B: 40000, recv_data_B: 40000
INFO:dale_experiment_rig:SSIRD FCT: [0.00010167800000004945, 0.00010171600000141723, 0.00010175400000100865, 0.00010179300000068281, 0.00010183100000027423, 0.00010186999999994839, 0.00010190800000131617, 0.00010194600000090759, 0.00010198500000058175, 0.00010202300000017317, 0.00010206200000162369, 0.00010210000000121511, 0.00010213800000080653, 0.00010217700000048069, 0.00010513900000042042] ms, Gdpt (overall): 48.452525252273034 Gbps, Gdpt (per flow): [3.199999999983343, 3.199999999983343, 3.199999999983343, 3.199999999983343, 3.199999999983343, 3.199999999983343, 3.199999999983343, 3.199999999983343, 3.199999999983343, 3.199999999983343, 3.199999999983343, 3.199999999983343, 3.199999999983343, 3.199999999983343, 3.199999999983343]
INFO:dale_experiment_rig:Processing DCTCP results exp_id 2:: 15flo-100#-400B
INFO:dale_experiment_rig:Processing results from /data/dh1723/SIRD-Simulator/scripts/r2p2/coord/results/DCTCP-50-15flo-100#-400B-1000ns_subpkt_multiflow_fastpace_extended/data/DCTCP-50/60/applications_trace.str
INFO:dale_experiment_rig:Flow 0:: num of byteloads: 100, num srq events: 100, num rrq events: 100
DEBUG:dale_experiment_rig:Flow 0:: first_event_name: srq, final_event_name: rrq, expected_data_B: 40000, recv_data_B: 40000
INFO:dale_experiment_rig:Flow 1:: num of byteloads: 100, num srq events: 100, num rrq events: 100
DEBUG:dale_experiment_rig:Flow 1:: first_event_name: srq, final_event_name: rrq, expected_data_B: 40000, recv_data_B: 40000
INFO:dale_experiment_rig:Flow 2:: num of byteloads: 100, num srq events: 100, num rrq events: 100
DEBUG:dale_experiment_rig:Flow 2:: first_event_name: srq, final_event_name: rrq, expected_data_B: 40000, recv_data_B: 40000
INFO:dale_experiment_rig:Flow 3:: num of byteloads: 100, num srq events: 100, num rrq events: 100
DEBUG:dale_experiment_rig:Flow 3:: first_event_name: srq, final_event_name: rrq, expected_data_B: 40000, recv_data_B: 40000
INFO:dale_experiment_rig:Flow 4:: num of byteloads: 100, num srq events: 100, num rrq events: 100
DEBUG:dale_experiment_rig:Flow 4:: first_event_name: srq, final_event_name: rrq, expected_data_B: 40000, recv_data_B: 40000
INFO:dale_experiment_rig:Flow 5:: num of byteloads: 100, num srq events: 100, num rrq events: 100
DEBUG:dale_experiment_rig:Flow 5:: first_event_name: srq, final_event_name: rrq, expected_data_B: 40000, recv_data_B: 40000
INFO:dale_experiment_rig:Flow 6:: num of byteloads: 100, num srq events: 100, num rrq events: 100
DEBUG:dale_experiment_rig:Flow 6:: first_event_name: srq, final_event_name: rrq, expected_data_B: 40000, recv_data_B: 40000
INFO:dale_experiment_rig:Flow 7:: num of byteloads: 100, num srq events: 100, num rrq events: 100
DEBUG:dale_experiment_rig:Flow 7:: first_event_name: srq, final_event_name: rrq, expected_data_B: 40000, recv_data_B: 40000
INFO:dale_experiment_rig:Flow 8:: num of byteloads: 100, num srq events: 100, num rrq events: 100
DEBUG:dale_experiment_rig:Flow 8:: first_event_name: srq, final_event_name: rrq, expected_data_B: 40000, recv_data_B: 40000
INFO:dale_experiment_rig:Flow 9:: num of byteloads: 100, num srq events: 100, num rrq events: 100
DEBUG:dale_experiment_rig:Flow 9:: first_event_name: srq, final_event_name: rrq, expected_data_B: 40000, recv_data_B: 40000
INFO:dale_experiment_rig:Flow 10:: num of byteloads: 100, num srq events: 100, num rrq events: 100
DEBUG:dale_experiment_rig:Flow 10:: first_event_name: srq, final_event_name: rrq, expected_data_B: 40000, recv_data_B: 40000
INFO:dale_experiment_rig:Flow 11:: num of byteloads: 100, num srq events: 100, num rrq events: 100
DEBUG:dale_experiment_rig:Flow 11:: first_event_name: srq, final_event_name: rrq, expected_data_B: 40000, recv_data_B: 40000
INFO:dale_experiment_rig:Flow 12:: num of byteloads: 100, num srq events: 100, num rrq events: 100
DEBUG:dale_experiment_rig:Flow 12:: first_event_name: srq, final_event_name: rrq, expected_data_B: 40000, recv_data_B: 40000
INFO:dale_experiment_rig:Flow 13:: num of byteloads: 100, num srq events: 100, num rrq events: 100
DEBUG:dale_experiment_rig:Flow 13:: first_event_name: srq, final_event_name: rrq, expected_data_B: 40000, recv_data_B: 40000
INFO:dale_experiment_rig:Flow 14:: num of byteloads: 100, num srq events: 100, num rrq events: 100
DEBUG:dale_experiment_rig:Flow 14:: first_event_name: srq, final_event_name: rrq, expected_data_B: 40000, recv_data_B: 40000
INFO:dale_experiment_rig:DCTCP FCT: [0.00019131400000027554, 0.00019135199999986696, 0.00019139000000123474, 0.00019142800000082616, 0.00019146700000050032, 0.00019150500000009174, 0.00019154300000145952, 0.00019158100000105094, 0.0001916200000007251, 0.00019165800000031652, 0.0001921230000014873, 0.00019216100000107872, 0.00019219900000067014, 0.00019223700000026156, 0.00019227599999993572] ms, Gtpt (overall): 48.452525252273034 Gbps, Gdpt (per flow): [3.199999999983343, 3.199999999983343, 3.199999999983343, 3.199999999983343, 3.199999999983343, 3.199999999983343, 3.199999999983343, 3.199999999983343, 3.199999999983343, 3.199999999983343, 3.199999999983343, 3.199999999983343, 3.199999999983343, 3.199999999983343, 3.199999999983343]
INFO:dale_experiment_rig:=====
** Num Byteloads Per Flow: 10, Byteload Size (B): 4000, Inter-Byteload Interval (us): 10.0, ssird_sim_dur (s): 0.02, dctcp_sim_dur (s): 0.02
INFO:dale_experiment_rig:Processing SIRD results exp_id 3:: 15flo-10#-4000B
INFO:dale_experiment_rig:Processing results from /data/dh1723/SIRD-Simulator/scripts/r2p2/coord/results/SSIRD-15flo-10#-4000B-10000ns_subpkt_multiflow_fastpace_extended/data/SSIRD/60/applications_trace.str
INFO:dale_experiment_rig:Flow 0:: num of byteloads: 10, num srq events: 10, num rrq events: 10
DEBUG:dale_experiment_rig:Flow 0:: first_event_name: srq, final_event_name: rrq, expected_data_B: 40000, recv_data_B: 40000
INFO:dale_experiment_rig:Flow 1:: num of byteloads: 10, num srq events: 10, num rrq events: 10
DEBUG:dale_experiment_rig:Flow 1:: first_event_name: srq, final_event_name: rrq, expected_data_B: 40000, recv_data_B: 40000
INFO:dale_experiment_rig:Flow 2:: num of byteloads: 10, num srq events: 10, num rrq events: 10
DEBUG:dale_experiment_rig:Flow 2:: first_event_name: srq, final_event_name: rrq, expected_data_B: 40000, recv_data_B: 40000
INFO:dale_experiment_rig:Flow 3:: num of byteloads: 10, num srq events: 10, num rrq events: 10
DEBUG:dale_experiment_rig:Flow 3:: first_event_name: srq, final_event_name: rrq, expected_data_B: 40000, recv_data_B: 40000
INFO:dale_experiment_rig:Flow 4:: num of byteloads: 10, num srq events: 10, num rrq events: 10
DEBUG:dale_experiment_rig:Flow 4:: first_event_name: srq, final_event_name: rrq, expected_data_B: 40000, recv_data_B: 40000
INFO:dale_experiment_rig:Flow 5:: num of byteloads: 10, num srq events: 10, num rrq events: 10
DEBUG:dale_experiment_rig:Flow 5:: first_event_name: srq, final_event_name: rrq, expected_data_B: 40000, recv_data_B: 40000
INFO:dale_experiment_rig:Flow 6:: num of byteloads: 10, num srq events: 10, num rrq events: 10
DEBUG:dale_experiment_rig:Flow 6:: first_event_name: srq, final_event_name: rrq, expected_data_B: 40000, recv_data_B: 40000
INFO:dale_experiment_rig:Flow 7:: num of byteloads: 10, num srq events: 10, num rrq events: 10
DEBUG:dale_experiment_rig:Flow 7:: first_event_name: srq, final_event_name: rrq, expected_data_B: 40000, recv_data_B: 40000
INFO:dale_experiment_rig:Flow 8:: num of byteloads: 10, num srq events: 10, num rrq events: 10
DEBUG:dale_experiment_rig:Flow 8:: first_event_name: srq, final_event_name: rrq, expected_data_B: 40000, recv_data_B: 40000
INFO:dale_experiment_rig:Flow 9:: num of byteloads: 10, num srq events: 10, num rrq events: 10
DEBUG:dale_experiment_rig:Flow 9:: first_event_name: srq, final_event_name: rrq, expected_data_B: 40000, recv_data_B: 40000
INFO:dale_experiment_rig:Flow 10:: num of byteloads: 10, num srq events: 10, num rrq events: 10
DEBUG:dale_experiment_rig:Flow 10:: first_event_name: srq, final_event_name: rrq, expected_data_B: 40000, recv_data_B: 40000
INFO:dale_experiment_rig:Flow 11:: num of byteloads: 10, num srq events: 10, num rrq events: 10
DEBUG:dale_experiment_rig:Flow 11:: first_event_name: srq, final_event_name: rrq, expected_data_B: 40000, recv_data_B: 40000
INFO:dale_experiment_rig:Flow 12:: num of byteloads: 10, num srq events: 10, num rrq events: 10
DEBUG:dale_experiment_rig:Flow 12:: first_event_name: srq, final_event_name: rrq, expected_data_B: 40000, recv_data_B: 40000
INFO:dale_experiment_rig:Flow 13:: num of byteloads: 10, num srq events: 10, num rrq events: 9
DEBUG:dale_experiment_rig:Flow 13:: first_event_name: srq, final_event_name: rrq, expected_data_B: 40000, recv_data_B: 40000
INFO:dale_experiment_rig:Flow 14:: num of byteloads: 10, num srq events: 10, num rrq events: 1
DEBUG:dale_experiment_rig:Flow 14:: first_event_name: srq, final_event_name: rrq, expected_data_B: 40000, recv_data_B: 40000
INFO:dale_experiment_rig:SSIRD FCT: [9.307800000080135e-05, 9.815200000140578e-05, 9.849800000161224e-05, 9.883700000123952e-05, 9.917700000094953e-05, 9.951600000057681e-05, 9.985500000020409e-05, 0.00010019400000160772, 0.000100533000001235, 0.00010087300000094501, 0.00010121200000057229, 0.00010155100000019956, 0.0001018900000016032, 0.00010222900000123047, 0.00010294900000040741] ms, Gdpt (overall): 52.97777777769212 Gbps, Gdpt (per flow): [3.199999999994826, 3.199999999994826, 3.199999999994826, 3.199999999994826, 3.199999999994826, 3.199999999994826, 3.199999999994826, 3.199999999994826, 3.199999999994826, 3.199999999994826, 3.199999999994826, 3.199999999994826, 3.199999999994826, 3.199999999994826, 3.199999999994826]
INFO:dale_experiment_rig:Processing DCTCP results exp_id 3:: 15flo-10#-4000B
INFO:dale_experiment_rig:Processing results from /data/dh1723/SIRD-Simulator/scripts/r2p2/coord/results/DCTCP-50-15flo-10#-4000B-10000ns_subpkt_multiflow_fastpace_extended/data/DCTCP-50/60/applications_trace.str
INFO:dale_experiment_rig:Flow 0:: num of byteloads: 10, num srq events: 10, num rrq events: 10
DEBUG:dale_experiment_rig:Flow 0:: first_event_name: srq, final_event_name: rrq, expected_data_B: 40000, recv_data_B: 40000
INFO:dale_experiment_rig:Flow 1:: num of byteloads: 10, num srq events: 10, num rrq events: 10
DEBUG:dale_experiment_rig:Flow 1:: first_event_name: srq, final_event_name: rrq, expected_data_B: 40000, recv_data_B: 40000
INFO:dale_experiment_rig:Flow 2:: num of byteloads: 10, num srq events: 10, num rrq events: 10
DEBUG:dale_experiment_rig:Flow 2:: first_event_name: srq, final_event_name: rrq, expected_data_B: 40000, recv_data_B: 40000
INFO:dale_experiment_rig:Flow 3:: num of byteloads: 10, num srq events: 10, num rrq events: 10
DEBUG:dale_experiment_rig:Flow 3:: first_event_name: srq, final_event_name: rrq, expected_data_B: 40000, recv_data_B: 40000
INFO:dale_experiment_rig:Flow 4:: num of byteloads: 10, num srq events: 10, num rrq events: 10
DEBUG:dale_experiment_rig:Flow 4:: first_event_name: srq, final_event_name: rrq, expected_data_B: 40000, recv_data_B: 40000
INFO:dale_experiment_rig:Flow 5:: num of byteloads: 10, num srq events: 10, num rrq events: 10
DEBUG:dale_experiment_rig:Flow 5:: first_event_name: srq, final_event_name: rrq, expected_data_B: 40000, recv_data_B: 40000
INFO:dale_experiment_rig:Flow 6:: num of byteloads: 10, num srq events: 10, num rrq events: 10
DEBUG:dale_experiment_rig:Flow 6:: first_event_name: srq, final_event_name: rrq, expected_data_B: 40000, recv_data_B: 40000
INFO:dale_experiment_rig:Flow 7:: num of byteloads: 10, num srq events: 10, num rrq events: 10
DEBUG:dale_experiment_rig:Flow 7:: first_event_name: srq, final_event_name: rrq, expected_data_B: 40000, recv_data_B: 40000
INFO:dale_experiment_rig:Flow 8:: num of byteloads: 10, num srq events: 10, num rrq events: 10
DEBUG:dale_experiment_rig:Flow 8:: first_event_name: srq, final_event_name: rrq, expected_data_B: 40000, recv_data_B: 40000
INFO:dale_experiment_rig:Flow 9:: num of byteloads: 10, num srq events: 10, num rrq events: 10
DEBUG:dale_experiment_rig:Flow 9:: first_event_name: srq, final_event_name: rrq, expected_data_B: 40000, recv_data_B: 40000
INFO:dale_experiment_rig:Flow 10:: num of byteloads: 10, num srq events: 10, num rrq events: 10
DEBUG:dale_experiment_rig:Flow 10:: first_event_name: srq, final_event_name: rrq, expected_data_B: 40000, recv_data_B: 40000
INFO:dale_experiment_rig:Flow 11:: num of byteloads: 10, num srq events: 10, num rrq events: 10
DEBUG:dale_experiment_rig:Flow 11:: first_event_name: srq, final_event_name: rrq, expected_data_B: 40000, recv_data_B: 40000
INFO:dale_experiment_rig:Flow 12:: num of byteloads: 10, num srq events: 10, num rrq events: 10
DEBUG:dale_experiment_rig:Flow 12:: first_event_name: srq, final_event_name: rrq, expected_data_B: 40000, recv_data_B: 40000
INFO:dale_experiment_rig:Flow 13:: num of byteloads: 10, num srq events: 10, num rrq events: 10
DEBUG:dale_experiment_rig:Flow 13:: first_event_name: srq, final_event_name: rrq, expected_data_B: 40000, recv_data_B: 40000
INFO:dale_experiment_rig:Flow 14:: num of byteloads: 10, num srq events: 10, num rrq events: 10
DEBUG:dale_experiment_rig:Flow 14:: first_event_name: srq, final_event_name: rrq, expected_data_B: 40000, recv_data_B: 40000
INFO:dale_experiment_rig:DCTCP FCT: [9.296200000008525e-05, 9.330000000140615e-05, 9.363900000103342e-05, 9.39780000006607e-05, 9.431700000028798e-05, 9.465500000160887e-05, 9.499400000123615e-05, 9.533300000086342e-05, 9.56720000004907e-05, 9.601000000003523e-05, 9.634900000143887e-05, 9.668800000106614e-05, 9.702600000061068e-05, 9.736500000023796e-05, 9.770399999986523e-05] ms, Gtpt (overall): 52.97777777769212 Gbps, Gdpt (per flow): [3.199999999994826, 3.199999999994826, 3.199999999994826, 3.199999999994826, 3.199999999994826, 3.199999999994826, 3.199999999994826, 3.199999999994826, 3.199999999994826, 3.199999999994826, 3.199999999994826, 3.199999999994826, 3.199999999994826, 3.199999999994826, 3.199999999994826]
INFO:dale_experiment_rig:=====
** Num Byteloads Per Flow: 1, Byteload Size (B): 40000, Inter-Byteload Interval (us): 100.0, ssird_sim_dur (s): 0.02, dctcp_sim_dur (s): 0.02
INFO:dale_experiment_rig:Processing SIRD results exp_id 4:: 15flo-1#-40000B
INFO:dale_experiment_rig:Processing results from /data/dh1723/SIRD-Simulator/scripts/r2p2/coord/results/SSIRD-15flo-1#-40000B-100000ns_subpkt_multiflow_fastpace_extended/data/SSIRD/60/applications_trace.str
INFO:dale_experiment_rig:Flow 0:: num of byteloads: 1, num srq events: 1, num rrq events: 1
DEBUG:dale_experiment_rig:Flow 0:: first_event_name: srq, final_event_name: rrq, expected_data_B: 40000, recv_data_B: 40000
INFO:dale_experiment_rig:Flow 1:: num of byteloads: 1, num srq events: 1, num rrq events: 1
DEBUG:dale_experiment_rig:Flow 1:: first_event_name: srq, final_event_name: rrq, expected_data_B: 40000, recv_data_B: 40000
INFO:dale_experiment_rig:Flow 2:: num of byteloads: 1, num srq events: 1, num rrq events: 1
DEBUG:dale_experiment_rig:Flow 2:: first_event_name: srq, final_event_name: rrq, expected_data_B: 40000, recv_data_B: 40000
INFO:dale_experiment_rig:Flow 3:: num of byteloads: 1, num srq events: 1, num rrq events: 1
DEBUG:dale_experiment_rig:Flow 3:: first_event_name: srq, final_event_name: rrq, expected_data_B: 40000, recv_data_B: 40000
INFO:dale_experiment_rig:Flow 4:: num of byteloads: 1, num srq events: 1, num rrq events: 1
DEBUG:dale_experiment_rig:Flow 4:: first_event_name: srq, final_event_name: rrq, expected_data_B: 40000, recv_data_B: 40000
INFO:dale_experiment_rig:Flow 5:: num of byteloads: 1, num srq events: 1, num rrq events: 1
DEBUG:dale_experiment_rig:Flow 5:: first_event_name: srq, final_event_name: rrq, expected_data_B: 40000, recv_data_B: 40000
INFO:dale_experiment_rig:Flow 6:: num of byteloads: 1, num srq events: 1, num rrq events: 1
DEBUG:dale_experiment_rig:Flow 6:: first_event_name: srq, final_event_name: rrq, expected_data_B: 40000, recv_data_B: 40000
INFO:dale_experiment_rig:Flow 7:: num of byteloads: 1, num srq events: 1, num rrq events: 1
DEBUG:dale_experiment_rig:Flow 7:: first_event_name: srq, final_event_name: rrq, expected_data_B: 40000, recv_data_B: 40000
INFO:dale_experiment_rig:Flow 8:: num of byteloads: 1, num srq events: 1, num rrq events: 1
DEBUG:dale_experiment_rig:Flow 8:: first_event_name: srq, final_event_name: rrq, expected_data_B: 40000, recv_data_B: 40000
INFO:dale_experiment_rig:Flow 9:: num of byteloads: 1, num srq events: 1, num rrq events: 1
DEBUG:dale_experiment_rig:Flow 9:: first_event_name: srq, final_event_name: rrq, expected_data_B: 40000, recv_data_B: 40000
INFO:dale_experiment_rig:Flow 10:: num of byteloads: 1, num srq events: 1, num rrq events: 1
DEBUG:dale_experiment_rig:Flow 10:: first_event_name: srq, final_event_name: rrq, expected_data_B: 40000, recv_data_B: 40000
INFO:dale_experiment_rig:Flow 11:: num of byteloads: 1, num srq events: 1, num rrq events: 1
DEBUG:dale_experiment_rig:Flow 11:: first_event_name: srq, final_event_name: rrq, expected_data_B: 40000, recv_data_B: 40000
INFO:dale_experiment_rig:Flow 12:: num of byteloads: 1, num srq events: 1, num rrq events: 1
DEBUG:dale_experiment_rig:Flow 12:: first_event_name: srq, final_event_name: rrq, expected_data_B: 40000, recv_data_B: 40000
INFO:dale_experiment_rig:Flow 13:: num of byteloads: 1, num srq events: 1, num rrq events: 1
DEBUG:dale_experiment_rig:Flow 13:: first_event_name: srq, final_event_name: rrq, expected_data_B: 40000, recv_data_B: 40000
INFO:dale_experiment_rig:Flow 14:: num of byteloads: 1, num srq events: 1, num rrq events: 1
DEBUG:dale_experiment_rig:Flow 14:: first_event_name: srq, final_event_name: rrq, expected_data_B: 40000, recv_data_B: 40000
INFO:dale_experiment_rig:SSIRD FCT: [1.1102000000207113e-05, 1.4481000000898803e-05, 1.7867000000393318e-05, 2.1252999999887834e-05, 2.4639000001158706e-05, 2.8025000000653222e-05, 3.141100000014774e-05, 3.479700000141861e-05, 3.8183000000913125e-05, 4.156900000040764e-05, 4.4954999999902157e-05, 4.834100000117303e-05, 5.1727000000667545e-05, 5.511200000007932e-05, 5.849800000135019e-05] ms, Gdpt (overall): -1 Gbps, Gdpt (per flow): [None, None, None, None, None, None, None, None, None, None, None, None, None, None, None]
INFO:dale_experiment_rig:Processing DCTCP results exp_id 4:: 15flo-1#-40000B
INFO:dale_experiment_rig:Processing results from /data/dh1723/SIRD-Simulator/scripts/r2p2/coord/results/DCTCP-50-15flo-1#-40000B-100000ns_subpkt_multiflow_fastpace_extended/data/DCTCP-50/60/applications_trace.str
INFO:dale_experiment_rig:Flow 0:: num of byteloads: 1, num srq events: 1, num rrq events: 1
DEBUG:dale_experiment_rig:Flow 0:: first_event_name: srq, final_event_name: rrq, expected_data_B: 40000, recv_data_B: 40000
INFO:dale_experiment_rig:Flow 1:: num of byteloads: 1, num srq events: 1, num rrq events: 1
DEBUG:dale_experiment_rig:Flow 1:: first_event_name: srq, final_event_name: rrq, expected_data_B: 40000, recv_data_B: 40000
INFO:dale_experiment_rig:Flow 2:: num of byteloads: 1, num srq events: 1, num rrq events: 1
DEBUG:dale_experiment_rig:Flow 2:: first_event_name: srq, final_event_name: rrq, expected_data_B: 40000, recv_data_B: 40000
INFO:dale_experiment_rig:Flow 3:: num of byteloads: 1, num srq events: 1, num rrq events: 1
DEBUG:dale_experiment_rig:Flow 3:: first_event_name: srq, final_event_name: rrq, expected_data_B: 40000, recv_data_B: 40000
INFO:dale_experiment_rig:Flow 4:: num of byteloads: 1, num srq events: 1, num rrq events: 1
DEBUG:dale_experiment_rig:Flow 4:: first_event_name: srq, final_event_name: rrq, expected_data_B: 40000, recv_data_B: 40000
INFO:dale_experiment_rig:Flow 5:: num of byteloads: 1, num srq events: 1, num rrq events: 1
DEBUG:dale_experiment_rig:Flow 5:: first_event_name: srq, final_event_name: rrq, expected_data_B: 40000, recv_data_B: 40000
INFO:dale_experiment_rig:Flow 6:: num of byteloads: 1, num srq events: 1, num rrq events: 1
DEBUG:dale_experiment_rig:Flow 6:: first_event_name: srq, final_event_name: rrq, expected_data_B: 40000, recv_data_B: 40000
INFO:dale_experiment_rig:Flow 7:: num of byteloads: 1, num srq events: 1, num rrq events: 1
DEBUG:dale_experiment_rig:Flow 7:: first_event_name: srq, final_event_name: rrq, expected_data_B: 40000, recv_data_B: 40000
INFO:dale_experiment_rig:Flow 8:: num of byteloads: 1, num srq events: 1, num rrq events: 1
DEBUG:dale_experiment_rig:Flow 8:: first_event_name: srq, final_event_name: rrq, expected_data_B: 40000, recv_data_B: 40000
INFO:dale_experiment_rig:Flow 9:: num of byteloads: 1, num srq events: 1, num rrq events: 1
DEBUG:dale_experiment_rig:Flow 9:: first_event_name: srq, final_event_name: rrq, expected_data_B: 40000, recv_data_B: 40000
INFO:dale_experiment_rig:Flow 10:: num of byteloads: 1, num srq events: 1, num rrq events: 1
DEBUG:dale_experiment_rig:Flow 10:: first_event_name: srq, final_event_name: rrq, expected_data_B: 40000, recv_data_B: 40000
INFO:dale_experiment_rig:Flow 11:: num of byteloads: 1, num srq events: 1, num rrq events: 1
DEBUG:dale_experiment_rig:Flow 11:: first_event_name: srq, final_event_name: rrq, expected_data_B: 40000, recv_data_B: 40000
INFO:dale_experiment_rig:Flow 12:: num of byteloads: 1, num srq events: 1, num rrq events: 1
DEBUG:dale_experiment_rig:Flow 12:: first_event_name: srq, final_event_name: rrq, expected_data_B: 40000, recv_data_B: 40000
INFO:dale_experiment_rig:Flow 13:: num of byteloads: 1, num srq events: 1, num rrq events: 1
DEBUG:dale_experiment_rig:Flow 13:: first_event_name: srq, final_event_name: rrq, expected_data_B: 40000, recv_data_B: 40000
INFO:dale_experiment_rig:Flow 14:: num of byteloads: 1, num srq events: 1, num rrq events: 1
DEBUG:dale_experiment_rig:Flow 14:: first_event_name: srq, final_event_name: rrq, expected_data_B: 40000, recv_data_B: 40000
INFO:dale_experiment_rig:DCTCP FCT: [5.998000000673187e-06, 9.372000000951175e-06, 1.2747000001311903e-05, 1.6121999999896275e-05, 1.9497000000257003e-05, 2.287100000053499e-05, 2.624600000089572e-05, 2.9621000001256448e-05, 3.2996000001617176e-05, 3.637000000011881e-05, 3.9745000000479536e-05, 4.3120000000840264e-05, 4.649400000111825e-05, 4.986900000147898e-05, 5.324400000006335e-05] ms, Gtpt (overall): -1 Gbps, Gdpt (per flow): [None, None, None, None, None, None, None, None, None, None, None, None, None, None, None]
INFO:dale_experiment_rig:
##### GENERATE METRICS #####
INFO:__main__:Total Flow Size (Bytes): 40000
INFO:__main__:Total Injection Period (us): 100.0
INFO:__main__:Byteload Size (Bytes): [4, 40, 400, 4000, 40000]
INFO:__main__:Num Byteloads: [10000, 1000, 100, 10, 1]
INFO:__main__:Intervals (us): [0.01, 0.1, 1.0, 10.0, 100.0]
INFO:__main__:Num flows: 15
DEBUG:__main__:Flow start times (us): [0, 0, 0, 0, 0, 0, 0, 0, 0, 0, 0, 0, 0, 0, 0]
INFO:__main__:Gdpt Gbps theoretical: [48.0, 48.0, 48.0, 48.0, 48.0]
INFO:__main__:Gdpt Gbps measured (SSIRD): [48.00448044770111, 48.044844844664645, 48.452525252273034, 52.97777777769212, -1]
INFO:__main__:Gdpt Gbps measured (DCTCP): [48.00448044770111, 48.044844844664645, 48.452525252273034, 52.97777777769212, -1]
DEBUG:__main__:Gdpt Gbps measured per flow (SSIRD): [[3.199999999977089, 3.199999999977089, 3.199999999977089, 3.199999999977089, 3.199999999977089, 3.199999999977089, 3.199999999977089, 3.199999999977089, 3.199999999977089, 3.199999999977089, 3.199999999977089, 3.199999999977089, 3.199999999977089, 3.199999999977089, 3.199999999977089], [3.1999999999879982, 3.1999999999879982, 3.1999999999879982, 3.1999999999879982, 3.1999999999879982, 3.1999999999879982, 3.1999999999879982, 3.1999999999879982, 3.1999999999879982, 3.1999999999879982, 3.1999999999879982, 3.1999999999879982, 3.1999999999879982, 3.1999999999879982, 3.1999999999879982], [3.199999999983343, 3.199999999983343, 3.199999999983343, 3.199999999983343, 3.199999999983343, 3.199999999983343, 3.199999999983343, 3.199999999983343, 3.199999999983343, 3.199999999983343, 3.199999999983343, 3.199999999983343, 3.199999999983343, 3.199999999983343, 3.199999999983343], [3.199999999994826, 3.199999999994826, 3.199999999994826, 3.199999999994826, 3.199999999994826, 3.199999999994826, 3.199999999994826, 3.199999999994826, 3.199999999994826, 3.199999999994826, 3.199999999994826, 3.199999999994826, 3.199999999994826, 3.199999999994826, 3.199999999994826], [None, None, None, None, None, None, None, None, None, None, None, None, None, None, None]]
DEBUG:__main__:Gdpt Gbps measured per flow (DCTCP): [[3.199999999977089, 3.199999999977089, 3.199999999977089, 3.199999999977089, 3.199999999977089, 3.199999999977089, 3.199999999977089, 3.199999999977089, 3.199999999977089, 3.199999999977089, 3.199999999977089, 3.199999999977089, 3.199999999977089, 3.199999999977089, 3.199999999977089], [3.1999999999879982, 3.1999999999879982, 3.1999999999879982, 3.1999999999879982, 3.1999999999879982, 3.1999999999879982, 3.1999999999879982, 3.1999999999879982, 3.1999999999879982, 3.1999999999879982, 3.1999999999879982, 3.1999999999879982, 3.1999999999879982, 3.1999999999879982, 3.1999999999879982], [3.199999999983343, 3.199999999983343, 3.199999999983343, 3.199999999983343, 3.199999999983343, 3.199999999983343, 3.199999999983343, 3.199999999983343, 3.199999999983343, 3.199999999983343, 3.199999999983343, 3.199999999983343, 3.199999999983343, 3.199999999983343, 3.199999999983343], [3.199999999994826, 3.199999999994826, 3.199999999994826, 3.199999999994826, 3.199999999994826, 3.199999999994826, 3.199999999994826, 3.199999999994826, 3.199999999994826, 3.199999999994826, 3.199999999994826, 3.199999999994826, 3.199999999994826, 3.199999999994826, 3.199999999994826], [None, None, None, None, None, None, None, None, None, None, None, None, None, None, None]]
INFO:__main__:* Sim duration (SSIRD): [0.02, 0.02, 0.02, 0.02, 0.02]
INFO:__main__:* Sim duration (DCTCP): [0.02, 0.02, 0.02, 0.02, 0.02]
INFO:__main__:* SSIRD FCT: [[0.0003420990000009283, 0.00034547899999992637, 0.00034886500000119725, 0.00035225100000069176, 0.00035563600000010354, 0.0003590220000013744, 0.0003624080000008689, 0.00036579400000036344, 0.0003691800000016343, 0.00037256600000112883, 0.00037595200000062334, 0.00037933800000011786, 0.00038272400000138873, 0.00038611000000088325, 0.00038949600000037776], [0.00010683200000016768, 0.00011021100000085937, 0.00011359700000035389, 0.00011698300000162476, 0.00012036900000111928, 0.0001237550000006138, 0.0001271410000001083, 0.00013052700000137918, 0.0001339130000008737, 0.0001372990000003682, 0.00014068499999986273, 0.0001440710000011336, 0.0001474570000006281, 0.0001508420000000399, 0.00015422800000131076], [0.00010167800000004945, 0.00010171600000141723, 0.00010175400000100865, 0.00010179300000068281, 0.00010183100000027423, 0.00010186999999994839, 0.00010190800000131617, 0.00010194600000090759, 0.00010198500000058175, 0.00010202300000017317, 0.00010206200000162369, 0.00010210000000121511, 0.00010213800000080653, 0.00010217700000048069, 0.00010513900000042042], [9.307800000080135e-05, 9.815200000140578e-05, 9.849800000161224e-05, 9.883700000123952e-05, 9.917700000094953e-05, 9.951600000057681e-05, 9.985500000020409e-05, 0.00010019400000160772, 0.000100533000001235, 0.00010087300000094501, 0.00010121200000057229, 0.00010155100000019956, 0.0001018900000016032, 0.00010222900000123047, 0.00010294900000040741], [1.1102000000207113e-05, 1.4481000000898803e-05, 1.7867000000393318e-05, 2.1252999999887834e-05, 2.4639000001158706e-05, 2.8025000000653222e-05, 3.141100000014774e-05, 3.479700000141861e-05, 3.8183000000913125e-05, 4.156900000040764e-05, 4.4954999999902157e-05, 4.834100000117303e-05, 5.1727000000667545e-05, 5.511200000007932e-05, 5.849800000135019e-05]]
INFO:__main__:* DCTCP FCT: [[0.018869601000000458, 0.01886961300000145, 0.01886962600000075, 0.01886963900000005, 0.018869652000001125, 0.018869665000000424, 0.018869677000001417, 0.018869690000000716, 0.018869703000000015, 0.01886971600000109, 0.01886972900000039, 0.018869741000001383, 0.018869754000000682, 0.018869766999999982, 0.018869780000001057], [0.0018871410000009803, 0.0018871530000001968, 0.0018871660000012724, 0.0018871790000005717, 0.001887191999999871, 0.0018872050000009466, 0.0018872170000001631, 0.0018872300000012387, 0.001887243000000538, 0.0018872560000016136, 0.001887269000000913, 0.0018872810000001294, 0.001887294000001205, 0.0018873070000005043, 0.00188732000000158], [0.00019131400000027554, 0.00019135199999986696, 0.00019139000000123474, 0.00019142800000082616, 0.00019146700000050032, 0.00019150500000009174, 0.00019154300000145952, 0.00019158100000105094, 0.0001916200000007251, 0.00019165800000031652, 0.0001921230000014873, 0.00019216100000107872, 0.00019219900000067014, 0.00019223700000026156, 0.00019227599999993572], [9.296200000008525e-05, 9.330000000140615e-05, 9.363900000103342e-05, 9.39780000006607e-05, 9.431700000028798e-05, 9.465500000160887e-05, 9.499400000123615e-05, 9.533300000086342e-05, 9.56720000004907e-05, 9.601000000003523e-05, 9.634900000143887e-05, 9.668800000106614e-05, 9.702600000061068e-05, 9.736500000023796e-05, 9.770399999986523e-05], [5.998000000673187e-06, 9.372000000951175e-06, 1.2747000001311903e-05, 1.6121999999896275e-05, 1.9497000000257003e-05, 2.287100000053499e-05, 2.624600000089572e-05, 2.9621000001256448e-05, 3.2996000001617176e-05, 3.637000000011881e-05, 3.9745000000479536e-05, 4.3120000000840264e-05, 4.649400000111825e-05, 4.986900000147898e-05, 5.324400000006335e-05]]
