DEBUG:__main__:Protos tested: ['SSIRD']
DEBUG:__main__:Total_flow_size_B: 145800
DEBUG:__main__:Byteload sizes list: [1458]
DEBUG:__main__:Num Flows: 85
DEBUG:__main__:Inter-flow spacing (us): 0
DEBUG:__main__:Flow start times (us): [0, 0, 0, 0, 0, 0, 0, 0, 0, 0, 0, 0, 0, 0, 0, 0, 0, 0, 0, 0, 0, 0, 0, 0, 0, 0, 0, 0, 0, 0, 0, 0, 0, 0, 0, 0, 0, 0, 0, 0, 0, 0, 0, 0, 0, 0, 0, 0, 0, 0, 0, 0, 0, 0, 0, 0, 0, 0, 0, 0, 0, 0, 0, 0, 0, 0, 0, 0, 0, 0, 0, 0, 0, 0, 0, 0, 0, 0, 0, 0, 0, 0, 0, 0, 0]
DEBUG:__main__:Num Byteloads list: [100]
DEBUG:__main__:Total injection period (us): 1000
DEBUG:__main__:Inter-Byteload Periods list: [10.0]
INFO:__main__:Total Flow Size (Bytes): 145800
INFO:__main__:Total Injection Period (us): 1000
INFO:__main__:Byteload Size (Bytes): [1458]
INFO:__main__:Num Byteloads: [100]
INFO:__main__:Intervals (us): [10.0]
INFO:__main__:Num flows: 85
INFO:__main__:Gdpt GBps theoretical: [99.144]
INFO:__main__:* Sim duration (SSIRD): [0.005, 0.005, 0.005, 0.005, 0.005]
INFO:__main__:* Sim duration (DCTCP): [0.3, 0.3, 0.3, 0.3, 0.3]
INFO:dale_experiment_rig:Experiment started at: 2025-07-29 15:00:47.193362
INFO:dale_experiment_rig:
##### RUN GROUP #####
INFO:dale_experiment_rig:
=====
Execute experiment 85flo-100#-1458B-10000ns_1458B_85flo_99pt144Gbps
INFO:dale_experiment_rig:Flags: 1, 1, 1, 1, 0
INFO:dale_experiment_rig:ssird_sim_duration=0.005000; dctcp_sim_duration=0.300000
INFO:dale_experiment_rig:-----
Preparing experiment input MRIs
INFO:dale_experiment_rig:### Creating MRI inputs parent dir: /data/dh1723/SIRD-Simulator/scripts/r2p2/coord/config/manual-req-intervals/dale_experiments/Normal_Byteloads_1458B_85flo_99pt144Gbps/
DEBUG:dale_experiment_rig:num flows: 85
INFO:dale_experiment_rig:-----
Preparing experiment spec scripts
INFO:dale_experiment_rig:### Creating spec scripts parent dir: /data/dh1723/SIRD-Simulator/scripts/r2p2/coord/config/dale_experiments/Normal_Byteloads_1458B_85flo_99pt144Gbps/
INFO:dale_experiment_rig:-----
Running experiment for SSIRD
INFO:dale_experiment_rig:### Script:/data/dh1723/SIRD-Simulator/scripts/r2p2/coord/config/dale_experiments/Normal_Byteloads_1458B_85flo_99pt144Gbps/SSIRD-85flo-100#-1458B-10000ns_1458B_85flo_99pt144Gbps.sh
INFO:dale_experiment_rig:### Output path (stdout): /data/dh1723/SIRD-Simulator/scripts/r2p2/coord/outputs/Normal_Byteloads_1458B_85flo_99pt144Gbps/ssird_85flo-100#-1458B-10000ns_1458B_85flo_99pt144Gbps_stdout.out
INFO:dale_experiment_rig:### Output path (stderr): /data/dh1723/SIRD-Simulator/scripts/r2p2/coord/outputs/Normal_Byteloads_1458B_85flo_99pt144Gbps/ssird_85flo-100#-1458B-10000ns_1458B_85flo_99pt144Gbps_stderr.out
INFO:dale_experiment_rig:-----
Backing up app trace file paths
DEBUG:dale_experiment_rig:/data/dh1723/SIRD-Simulator/scripts/r2p2/post-process/experiment_app_trace_paths/Normal_Byteloads_1458B_85flo_99pt144Gbps/85flo/SSIRD_app_traces.txt
INFO:dale_experiment_rig:-----
Backing up app trace file paths
DEBUG:dale_experiment_rig:/data/dh1723/SIRD-Simulator/scripts/r2p2/post-process/experiment_app_trace_paths/Normal_Byteloads_1458B_85flo_99pt144Gbps/85flo/DCTCP-50_app_traces.txt
INFO:dale_experiment_rig:Simulations ended at: 2025-07-29 16:10:58.200865
INFO:dale_experiment_rig:
##### POST PROCESS RESULTS #####
INFO:dale_experiment_rig:=====
** Num Byteloads Per Flow: 100, Byteload Size (B): 1458, Inter-Byteload Interval (us): 10.0, ssird_sim_dur (s): 0.005, dctcp_sim_dur (s): 0.3
INFO:dale_experiment_rig:Processing SIRD results exp_id 0:: 85flo-100#-1458B
INFO:dale_experiment_rig:Processing results from /data/dh1723/SIRD-Simulator/scripts/r2p2/coord/results/SSIRD-85flo-100#-1458B-10000ns_1458B_85flo_99pt144Gbps/data/SSIRD/60/applications_trace.str
INFO:dale_experiment_rig:Flow 0:: num of byteloads: 100, num srq events: 100, num rrq events: 99
DEBUG:dale_experiment_rig:Flow 0:: first_event_name: srq, final_event_name: rrq, expected_data_B: 145800, recv_data_B: 145800
INFO:dale_experiment_rig:Flow 1:: num of byteloads: 100, num srq events: 100, num rrq events: 100
DEBUG:dale_experiment_rig:Flow 1:: first_event_name: srq, final_event_name: rrq, expected_data_B: 145800, recv_data_B: 145800
INFO:dale_experiment_rig:Flow 2:: num of byteloads: 100, num srq events: 100, num rrq events: 100
DEBUG:dale_experiment_rig:Flow 2:: first_event_name: srq, final_event_name: rrq, expected_data_B: 145800, recv_data_B: 145800
INFO:dale_experiment_rig:Flow 3:: num of byteloads: 100, num srq events: 100, num rrq events: 100
DEBUG:dale_experiment_rig:Flow 3:: first_event_name: srq, final_event_name: rrq, expected_data_B: 145800, recv_data_B: 145800
INFO:dale_experiment_rig:Flow 4:: num of byteloads: 100, num srq events: 100, num rrq events: 100
DEBUG:dale_experiment_rig:Flow 4:: first_event_name: srq, final_event_name: rrq, expected_data_B: 145800, recv_data_B: 145800
INFO:dale_experiment_rig:Flow 5:: num of byteloads: 100, num srq events: 100, num rrq events: 100
DEBUG:dale_experiment_rig:Flow 5:: first_event_name: srq, final_event_name: rrq, expected_data_B: 145800, recv_data_B: 145800
INFO:dale_experiment_rig:Flow 6:: num of byteloads: 100, num srq events: 100, num rrq events: 100
DEBUG:dale_experiment_rig:Flow 6:: first_event_name: srq, final_event_name: rrq, expected_data_B: 145800, recv_data_B: 145800
INFO:dale_experiment_rig:Flow 7:: num of byteloads: 100, num srq events: 100, num rrq events: 100
DEBUG:dale_experiment_rig:Flow 7:: first_event_name: srq, final_event_name: rrq, expected_data_B: 145800, recv_data_B: 145800
INFO:dale_experiment_rig:Flow 8:: num of byteloads: 100, num srq events: 100, num rrq events: 100
DEBUG:dale_experiment_rig:Flow 8:: first_event_name: srq, final_event_name: rrq, expected_data_B: 145800, recv_data_B: 145800
INFO:dale_experiment_rig:Flow 9:: num of byteloads: 100, num srq events: 100, num rrq events: 100
DEBUG:dale_experiment_rig:Flow 9:: first_event_name: srq, final_event_name: rrq, expected_data_B: 145800, recv_data_B: 145800
INFO:dale_experiment_rig:Flow 10:: num of byteloads: 100, num srq events: 100, num rrq events: 100
DEBUG:dale_experiment_rig:Flow 10:: first_event_name: srq, final_event_name: rrq, expected_data_B: 145800, recv_data_B: 145800
INFO:dale_experiment_rig:Flow 11:: num of byteloads: 100, num srq events: 100, num rrq events: 100
DEBUG:dale_experiment_rig:Flow 11:: first_event_name: srq, final_event_name: rrq, expected_data_B: 145800, recv_data_B: 145800
INFO:dale_experiment_rig:Flow 12:: num of byteloads: 100, num srq events: 100, num rrq events: 99
DEBUG:dale_experiment_rig:Flow 12:: first_event_name: srq, final_event_name: rrq, expected_data_B: 145800, recv_data_B: 145800
INFO:dale_experiment_rig:Flow 13:: num of byteloads: 100, num srq events: 100, num rrq events: 1
DEBUG:dale_experiment_rig:Flow 13:: first_event_name: srq, final_event_name: rrq, expected_data_B: 145800, recv_data_B: 145800
INFO:dale_experiment_rig:Flow 14:: num of byteloads: 100, num srq events: 100, num rrq events: 100
DEBUG:dale_experiment_rig:Flow 14:: first_event_name: srq, final_event_name: rrq, expected_data_B: 145800, recv_data_B: 145800
INFO:dale_experiment_rig:Flow 15:: num of byteloads: 100, num srq events: 100, num rrq events: 93
DEBUG:dale_experiment_rig:Flow 15:: first_event_name: srq, final_event_name: rrq, expected_data_B: 145800, recv_data_B: 145800
INFO:dale_experiment_rig:Flow 16:: num of byteloads: 100, num srq events: 100, num rrq events: 99
DEBUG:dale_experiment_rig:Flow 16:: first_event_name: srq, final_event_name: rrq, expected_data_B: 145800, recv_data_B: 145800
INFO:dale_experiment_rig:Flow 17:: num of byteloads: 100, num srq events: 100, num rrq events: 99
DEBUG:dale_experiment_rig:Flow 17:: first_event_name: srq, final_event_name: rrq, expected_data_B: 145800, recv_data_B: 145800
INFO:dale_experiment_rig:Flow 18:: num of byteloads: 100, num srq events: 100, num rrq events: 99
DEBUG:dale_experiment_rig:Flow 18:: first_event_name: srq, final_event_name: rrq, expected_data_B: 145800, recv_data_B: 145800
INFO:dale_experiment_rig:Flow 19:: num of byteloads: 100, num srq events: 100, num rrq events: 98
DEBUG:dale_experiment_rig:Flow 19:: first_event_name: srq, final_event_name: rrq, expected_data_B: 145800, recv_data_B: 145800
INFO:dale_experiment_rig:Flow 20:: num of byteloads: 100, num srq events: 100, num rrq events: 98
DEBUG:dale_experiment_rig:Flow 20:: first_event_name: srq, final_event_name: rrq, expected_data_B: 145800, recv_data_B: 145800
INFO:dale_experiment_rig:Flow 21:: num of byteloads: 100, num srq events: 100, num rrq events: 100
DEBUG:dale_experiment_rig:Flow 21:: first_event_name: srq, final_event_name: rrq, expected_data_B: 145800, recv_data_B: 145800
INFO:dale_experiment_rig:Flow 22:: num of byteloads: 100, num srq events: 100, num rrq events: 100
DEBUG:dale_experiment_rig:Flow 22:: first_event_name: srq, final_event_name: rrq, expected_data_B: 145800, recv_data_B: 145800
INFO:dale_experiment_rig:Flow 23:: num of byteloads: 100, num srq events: 100, num rrq events: 100
DEBUG:dale_experiment_rig:Flow 23:: first_event_name: srq, final_event_name: rrq, expected_data_B: 145800, recv_data_B: 145800
INFO:dale_experiment_rig:Flow 24:: num of byteloads: 100, num srq events: 100, num rrq events: 100
DEBUG:dale_experiment_rig:Flow 24:: first_event_name: srq, final_event_name: rrq, expected_data_B: 145800, recv_data_B: 145800
INFO:dale_experiment_rig:Flow 25:: num of byteloads: 100, num srq events: 100, num rrq events: 1
DEBUG:dale_experiment_rig:Flow 25:: first_event_name: srq, final_event_name: rrq, expected_data_B: 145800, recv_data_B: 145800
INFO:dale_experiment_rig:Flow 26:: num of byteloads: 100, num srq events: 100, num rrq events: 98
DEBUG:dale_experiment_rig:Flow 26:: first_event_name: srq, final_event_name: rrq, expected_data_B: 145800, recv_data_B: 145800
INFO:dale_experiment_rig:Flow 27:: num of byteloads: 100, num srq events: 100, num rrq events: 99
DEBUG:dale_experiment_rig:Flow 27:: first_event_name: srq, final_event_name: rrq, expected_data_B: 145800, recv_data_B: 145800
INFO:dale_experiment_rig:Flow 28:: num of byteloads: 100, num srq events: 100, num rrq events: 100
DEBUG:dale_experiment_rig:Flow 28:: first_event_name: srq, final_event_name: rrq, expected_data_B: 145800, recv_data_B: 145800
INFO:dale_experiment_rig:Flow 29:: num of byteloads: 100, num srq events: 100, num rrq events: 97
DEBUG:dale_experiment_rig:Flow 29:: first_event_name: srq, final_event_name: rrq, expected_data_B: 145800, recv_data_B: 145800
INFO:dale_experiment_rig:Flow 30:: num of byteloads: 100, num srq events: 100, num rrq events: 100
DEBUG:dale_experiment_rig:Flow 30:: first_event_name: srq, final_event_name: rrq, expected_data_B: 145800, recv_data_B: 145800
INFO:dale_experiment_rig:Flow 31:: num of byteloads: 100, num srq events: 100, num rrq events: 100
DEBUG:dale_experiment_rig:Flow 31:: first_event_name: srq, final_event_name: rrq, expected_data_B: 145800, recv_data_B: 145800
INFO:dale_experiment_rig:Flow 32:: num of byteloads: 100, num srq events: 100, num rrq events: 95
DEBUG:dale_experiment_rig:Flow 32:: first_event_name: srq, final_event_name: rrq, expected_data_B: 145800, recv_data_B: 145800
INFO:dale_experiment_rig:Flow 33:: num of byteloads: 100, num srq events: 100, num rrq events: 100
DEBUG:dale_experiment_rig:Flow 33:: first_event_name: srq, final_event_name: rrq, expected_data_B: 145800, recv_data_B: 145800
INFO:dale_experiment_rig:Flow 34:: num of byteloads: 100, num srq events: 100, num rrq events: 100
DEBUG:dale_experiment_rig:Flow 34:: first_event_name: srq, final_event_name: rrq, expected_data_B: 145800, recv_data_B: 145800
INFO:dale_experiment_rig:Flow 35:: num of byteloads: 100, num srq events: 100, num rrq events: 98
DEBUG:dale_experiment_rig:Flow 35:: first_event_name: srq, final_event_name: rrq, expected_data_B: 145800, recv_data_B: 145800
INFO:dale_experiment_rig:Flow 36:: num of byteloads: 100, num srq events: 100, num rrq events: 78
DEBUG:dale_experiment_rig:Flow 36:: first_event_name: srq, final_event_name: rrq, expected_data_B: 145800, recv_data_B: 145800
INFO:dale_experiment_rig:Flow 37:: num of byteloads: 100, num srq events: 100, num rrq events: 99
DEBUG:dale_experiment_rig:Flow 37:: first_event_name: srq, final_event_name: rrq, expected_data_B: 145800, recv_data_B: 145800
INFO:dale_experiment_rig:Flow 38:: num of byteloads: 100, num srq events: 100, num rrq events: 99
DEBUG:dale_experiment_rig:Flow 38:: first_event_name: srq, final_event_name: rrq, expected_data_B: 145800, recv_data_B: 145800
INFO:dale_experiment_rig:Flow 39:: num of byteloads: 100, num srq events: 100, num rrq events: 83
DEBUG:dale_experiment_rig:Flow 39:: first_event_name: srq, final_event_name: rrq, expected_data_B: 145800, recv_data_B: 145800
INFO:dale_experiment_rig:Flow 40:: num of byteloads: 100, num srq events: 100, num rrq events: 1
DEBUG:dale_experiment_rig:Flow 40:: first_event_name: srq, final_event_name: rrq, expected_data_B: 145800, recv_data_B: 145800
INFO:dale_experiment_rig:Flow 41:: num of byteloads: 100, num srq events: 100, num rrq events: 99
DEBUG:dale_experiment_rig:Flow 41:: first_event_name: srq, final_event_name: rrq, expected_data_B: 145800, recv_data_B: 145800
INFO:dale_experiment_rig:Flow 42:: num of byteloads: 100, num srq events: 100, num rrq events: 100
DEBUG:dale_experiment_rig:Flow 42:: first_event_name: srq, final_event_name: rrq, expected_data_B: 145800, recv_data_B: 145800
INFO:dale_experiment_rig:Flow 43:: num of byteloads: 100, num srq events: 100, num rrq events: 100
DEBUG:dale_experiment_rig:Flow 43:: first_event_name: srq, final_event_name: rrq, expected_data_B: 145800, recv_data_B: 145800
INFO:dale_experiment_rig:Flow 44:: num of byteloads: 100, num srq events: 100, num rrq events: 97
DEBUG:dale_experiment_rig:Flow 44:: first_event_name: srq, final_event_name: rrq, expected_data_B: 145800, recv_data_B: 145800
INFO:dale_experiment_rig:Flow 45:: num of byteloads: 100, num srq events: 100, num rrq events: 90
DEBUG:dale_experiment_rig:Flow 45:: first_event_name: srq, final_event_name: rrq, expected_data_B: 145800, recv_data_B: 145800
INFO:dale_experiment_rig:Flow 46:: num of byteloads: 100, num srq events: 100, num rrq events: 98
DEBUG:dale_experiment_rig:Flow 46:: first_event_name: srq, final_event_name: rrq, expected_data_B: 145800, recv_data_B: 145800
INFO:dale_experiment_rig:Flow 47:: num of byteloads: 100, num srq events: 100, num rrq events: 1
DEBUG:dale_experiment_rig:Flow 47:: first_event_name: srq, final_event_name: rrq, expected_data_B: 145800, recv_data_B: 145800
INFO:dale_experiment_rig:Flow 48:: num of byteloads: 100, num srq events: 100, num rrq events: 99
DEBUG:dale_experiment_rig:Flow 48:: first_event_name: srq, final_event_name: rrq, expected_data_B: 145800, recv_data_B: 145800
INFO:dale_experiment_rig:Flow 49:: num of byteloads: 100, num srq events: 100, num rrq events: 1
DEBUG:dale_experiment_rig:Flow 49:: first_event_name: srq, final_event_name: rrq, expected_data_B: 145800, recv_data_B: 145800
INFO:dale_experiment_rig:Flow 50:: num of byteloads: 100, num srq events: 100, num rrq events: 100
DEBUG:dale_experiment_rig:Flow 50:: first_event_name: srq, final_event_name: rrq, expected_data_B: 145800, recv_data_B: 145800
INFO:dale_experiment_rig:Flow 51:: num of byteloads: 100, num srq events: 100, num rrq events: 99
DEBUG:dale_experiment_rig:Flow 51:: first_event_name: srq, final_event_name: rrq, expected_data_B: 145800, recv_data_B: 145800
INFO:dale_experiment_rig:Flow 52:: num of byteloads: 100, num srq events: 100, num rrq events: 50
DEBUG:dale_experiment_rig:Flow 52:: first_event_name: srq, final_event_name: rrq, expected_data_B: 145800, recv_data_B: 145800
INFO:dale_experiment_rig:Flow 53:: num of byteloads: 100, num srq events: 100, num rrq events: 100
DEBUG:dale_experiment_rig:Flow 53:: first_event_name: srq, final_event_name: rrq, expected_data_B: 145800, recv_data_B: 145800
INFO:dale_experiment_rig:Flow 54:: num of byteloads: 100, num srq events: 100, num rrq events: 100
DEBUG:dale_experiment_rig:Flow 54:: first_event_name: srq, final_event_name: rrq, expected_data_B: 145800, recv_data_B: 145800
INFO:dale_experiment_rig:Flow 55:: num of byteloads: 100, num srq events: 100, num rrq events: 100
DEBUG:dale_experiment_rig:Flow 55:: first_event_name: srq, final_event_name: rrq, expected_data_B: 145800, recv_data_B: 145800
INFO:dale_experiment_rig:Flow 56:: num of byteloads: 100, num srq events: 100, num rrq events: 100
DEBUG:dale_experiment_rig:Flow 56:: first_event_name: srq, final_event_name: rrq, expected_data_B: 145800, recv_data_B: 145800
INFO:dale_experiment_rig:Flow 57:: num of byteloads: 100, num srq events: 100, num rrq events: 100
DEBUG:dale_experiment_rig:Flow 57:: first_event_name: srq, final_event_name: rrq, expected_data_B: 145800, recv_data_B: 145800
INFO:dale_experiment_rig:Flow 58:: num of byteloads: 100, num srq events: 100, num rrq events: 100
DEBUG:dale_experiment_rig:Flow 58:: first_event_name: srq, final_event_name: rrq, expected_data_B: 145800, recv_data_B: 145800
INFO:dale_experiment_rig:Flow 59:: num of byteloads: 100, num srq events: 100, num rrq events: 1
DEBUG:dale_experiment_rig:Flow 59:: first_event_name: srq, final_event_name: rrq, expected_data_B: 145800, recv_data_B: 145800
INFO:dale_experiment_rig:Flow 60:: num of byteloads: 100, num srq events: 100, num rrq events: 100
DEBUG:dale_experiment_rig:Flow 60:: first_event_name: srq, final_event_name: rrq, expected_data_B: 145800, recv_data_B: 145800
INFO:dale_experiment_rig:Flow 61:: num of byteloads: 100, num srq events: 100, num rrq events: 100
DEBUG:dale_experiment_rig:Flow 61:: first_event_name: srq, final_event_name: rrq, expected_data_B: 145800, recv_data_B: 145800
INFO:dale_experiment_rig:Flow 62:: num of byteloads: 100, num srq events: 100, num rrq events: 100
DEBUG:dale_experiment_rig:Flow 62:: first_event_name: srq, final_event_name: rrq, expected_data_B: 145800, recv_data_B: 145800
INFO:dale_experiment_rig:Flow 63:: num of byteloads: 100, num srq events: 100, num rrq events: 100
DEBUG:dale_experiment_rig:Flow 63:: first_event_name: srq, final_event_name: rrq, expected_data_B: 145800, recv_data_B: 145800
INFO:dale_experiment_rig:Flow 64:: num of byteloads: 100, num srq events: 100, num rrq events: 100
DEBUG:dale_experiment_rig:Flow 64:: first_event_name: srq, final_event_name: rrq, expected_data_B: 145800, recv_data_B: 145800
INFO:dale_experiment_rig:Flow 65:: num of byteloads: 100, num srq events: 100, num rrq events: 99
DEBUG:dale_experiment_rig:Flow 65:: first_event_name: srq, final_event_name: rrq, expected_data_B: 145800, recv_data_B: 145800
INFO:dale_experiment_rig:Flow 66:: num of byteloads: 100, num srq events: 100, num rrq events: 1
DEBUG:dale_experiment_rig:Flow 66:: first_event_name: srq, final_event_name: rrq, expected_data_B: 145800, recv_data_B: 145800
INFO:dale_experiment_rig:Flow 67:: num of byteloads: 100, num srq events: 100, num rrq events: 1
DEBUG:dale_experiment_rig:Flow 67:: first_event_name: srq, final_event_name: rrq, expected_data_B: 145800, recv_data_B: 145800
INFO:dale_experiment_rig:Flow 68:: num of byteloads: 100, num srq events: 100, num rrq events: 1
DEBUG:dale_experiment_rig:Flow 68:: first_event_name: srq, final_event_name: rrq, expected_data_B: 145800, recv_data_B: 145800
INFO:dale_experiment_rig:Flow 69:: num of byteloads: 100, num srq events: 100, num rrq events: 86
DEBUG:dale_experiment_rig:Flow 69:: first_event_name: srq, final_event_name: rrq, expected_data_B: 145800, recv_data_B: 145800
INFO:dale_experiment_rig:Flow 70:: num of byteloads: 100, num srq events: 100, num rrq events: 69
DEBUG:dale_experiment_rig:Flow 70:: first_event_name: srq, final_event_name: rrq, expected_data_B: 145800, recv_data_B: 145800
INFO:dale_experiment_rig:Flow 71:: num of byteloads: 100, num srq events: 100, num rrq events: 98
DEBUG:dale_experiment_rig:Flow 71:: first_event_name: srq, final_event_name: rrq, expected_data_B: 145800, recv_data_B: 145800
INFO:dale_experiment_rig:Flow 72:: num of byteloads: 100, num srq events: 100, num rrq events: 1
DEBUG:dale_experiment_rig:Flow 72:: first_event_name: srq, final_event_name: rrq, expected_data_B: 145800, recv_data_B: 145800
INFO:dale_experiment_rig:Flow 73:: num of byteloads: 100, num srq events: 100, num rrq events: 99
DEBUG:dale_experiment_rig:Flow 73:: first_event_name: srq, final_event_name: rrq, expected_data_B: 145800, recv_data_B: 145800
INFO:dale_experiment_rig:Flow 74:: num of byteloads: 100, num srq events: 100, num rrq events: 100
DEBUG:dale_experiment_rig:Flow 74:: first_event_name: srq, final_event_name: rrq, expected_data_B: 145800, recv_data_B: 145800
INFO:dale_experiment_rig:Flow 75:: num of byteloads: 100, num srq events: 100, num rrq events: 100
DEBUG:dale_experiment_rig:Flow 75:: first_event_name: srq, final_event_name: rrq, expected_data_B: 145800, recv_data_B: 145800
INFO:dale_experiment_rig:Flow 76:: num of byteloads: 100, num srq events: 100, num rrq events: 100
DEBUG:dale_experiment_rig:Flow 76:: first_event_name: srq, final_event_name: rrq, expected_data_B: 145800, recv_data_B: 145800
INFO:dale_experiment_rig:Flow 77:: num of byteloads: 100, num srq events: 100, num rrq events: 97
DEBUG:dale_experiment_rig:Flow 77:: first_event_name: srq, final_event_name: rrq, expected_data_B: 145800, recv_data_B: 145800
INFO:dale_experiment_rig:Flow 78:: num of byteloads: 100, num srq events: 100, num rrq events: 100
DEBUG:dale_experiment_rig:Flow 78:: first_event_name: srq, final_event_name: rrq, expected_data_B: 145800, recv_data_B: 145800
INFO:dale_experiment_rig:Flow 79:: num of byteloads: 100, num srq events: 100, num rrq events: 96
DEBUG:dale_experiment_rig:Flow 79:: first_event_name: srq, final_event_name: rrq, expected_data_B: 145800, recv_data_B: 145800
INFO:dale_experiment_rig:Flow 80:: num of byteloads: 100, num srq events: 100, num rrq events: 100
DEBUG:dale_experiment_rig:Flow 80:: first_event_name: srq, final_event_name: rrq, expected_data_B: 145800, recv_data_B: 145800
INFO:dale_experiment_rig:Flow 81:: num of byteloads: 100, num srq events: 100, num rrq events: 100
DEBUG:dale_experiment_rig:Flow 81:: first_event_name: srq, final_event_name: rrq, expected_data_B: 145800, recv_data_B: 145800
INFO:dale_experiment_rig:Flow 82:: num of byteloads: 100, num srq events: 100, num rrq events: 94
DEBUG:dale_experiment_rig:Flow 82:: first_event_name: srq, final_event_name: rrq, expected_data_B: 145800, recv_data_B: 145800
INFO:dale_experiment_rig:Flow 83:: num of byteloads: 100, num srq events: 100, num rrq events: 99
DEBUG:dale_experiment_rig:Flow 83:: first_event_name: srq, final_event_name: rrq, expected_data_B: 145800, recv_data_B: 145800
INFO:dale_experiment_rig:Flow 84:: num of byteloads: 100, num srq events: 100, num rrq events: 99
DEBUG:dale_experiment_rig:Flow 84:: first_event_name: srq, final_event_name: rrq, expected_data_B: 145800, recv_data_B: 145800
INFO:dale_experiment_rig:SSIRD FCT: [0.0009955380000015168, 0.0009972600000001108, 0.0009991060000000829, 0.000996522000001221, 0.0009961530000008878, 0.0010007050000009343, 0.001001321000000388, 0.000997014000001073, 0.0010020590000010543, 0.0010021820000005732, 0.0009950459999998884, 0.000999352000000897, 0.001001443999999907, 0.0010666550000006936, 0.0009941840000013968, 0.0009962760000004067, 0.0009966450000007399, 0.0009981220000003788, 0.0009973830000014061, 0.0009998440000007491, 0.0010008280000004532, 0.0009997210000012302, 0.000997876000001341, 0.0009943070000009158, 0.00100181300000024, 0.0010174389999999534, 0.0009935690000002495, 0.0009982449999998977, 0.0009936920000015448, 0.0010023050000000922, 0.0010005820000014154, 0.0009934460000007306, 0.0009957840000005547, 0.0010011980000008691, 0.000998491000000712, 0.0010025510000009064, 0.0009944300000004347, 0.0009959070000000736, 0.0009939380000005826, 0.0010000900000015633, 0.0010543510000005085, 0.000998860000001045, 0.0009977519999999629, 0.0009960300000013689, 0.000999475000000416, 0.000999597999999935, 0.0010003360000006012, 0.0010912630000010637, 0.0010015670000012022, 0.0011035670000012487, 0.0009954150000002215, 0.0010004590000001201, 0.0009940610000001016, 0.000999967000000268, 0.0009967680000002588, 0.0009938150000010637, 0.000998368000001193, 0.000997629000000444, 0.0009945529999999536, 0.0011158710000014338, 0.001000952000000055, 0.0009951690000011837, 0.0009963989999999256, 0.0009992290000013782, 0.0009948000000008506, 0.000997506000000925, 0.0010789590000008786, 0.0010420470000003235, 0.0010051350000015447, 0.000994676000001249, 0.0009979990000008598, 0.0010002130000010823, 0.0010297430000001384, 0.0009952920000007026, 0.0010010750000013502, 0.000997137000000592, 0.000998983000000564, 0.0009956610000010357, 0.0009986140000002308, 0.0009949230000003695, 0.0010019360000015354, 0.0010016900000007212, 0.000998737000001526, 0.0010024280000013874, 0.000996891000001554] ms, Gdpt (overall): 100.13367272711083 Gbps, Gdpt (per flow): [1.1663999999981143, 1.1663999999981143, 1.1663999999981143, 1.1663999999981143, 1.1663999999981143, 1.1663999999981143, 1.1663999999981143, 1.1663999999981143, 1.1663999999981143, 1.1663999999981143, 1.1663999999981143, 1.1663999999981143, 1.1663999999981143, 1.1663999999981143, 1.1663999999981143, 1.1663999999981143, 1.1663999999981143, 1.1663999999981143, 1.1663999999981143, 1.1663999999981143, 1.1663999999981143, 1.1663999999981143, 1.1663999999981143, 1.1663999999981143, 1.1663999999981143, 1.1663999999981143, 1.1663999999981143, 1.1663999999981143, 1.1663999999981143, 1.1663999999981143, 1.1663999999981143, 1.1663999999981143, 1.1663999999981143, 1.1663999999981143, 1.1663999999981143, 1.1663999999981143, 1.1663999999981143, 1.1663999999981143, 1.1663999999981143, 1.1663999999981143, 1.1663999999981143, 1.1663999999981143, 1.1663999999981143, 1.1663999999981143, 1.1663999999981143, 1.1663999999981143, 1.1663999999981143, 1.1663999999981143, 1.1663999999981143, 1.1663999999981143, 1.1663999999981143, 1.1663999999981143, 1.1663999999981143, 1.1663999999981143, 1.1663999999981143, 1.1663999999981143, 1.1663999999981143, 1.1663999999981143, 1.1663999999981143, 1.1663999999981143, 1.1663999999981143, 1.1663999999981143, 1.1663999999981143, 1.1663999999981143, 1.1663999999981143, 1.1663999999981143, 1.1663999999981143, 1.1663999999981143, 1.1663999999981143, 1.1663999999981143, 1.1663999999981143, 1.1663999999981143, 1.1663999999981143, 1.1663999999981143, 1.1663999999981143, 1.1663999999981143, 1.1663999999981143, 1.1663999999981143, 1.1663999999981143, 1.1663999999981143, 1.1663999999981143, 1.1663999999981143, 1.1663999999981143, 1.1663999999981143, 1.1663999999981143]
ERROR:dale_experiment_rig:No results for DCTCP
INFO:dale_experiment_rig:DCTCP FCT: None ms, Gtpt (overall): None Gbps, Gdpt (per flow): None
INFO:dale_experiment_rig:
##### GENERATE METRICS #####
INFO:__main__:Total Flow Size (Bytes): 145800
INFO:__main__:Total Injection Period (us): 1000
INFO:__main__:Byteload Size (Bytes): [1458]
INFO:__main__:Num Byteloads: [100]
INFO:__main__:Intervals (us): [10.0]
INFO:__main__:Num flows: 85
DEBUG:__main__:Flow start times (us): [0, 0, 0, 0, 0, 0, 0, 0, 0, 0, 0, 0, 0, 0, 0, 0, 0, 0, 0, 0, 0, 0, 0, 0, 0, 0, 0, 0, 0, 0, 0, 0, 0, 0, 0, 0, 0, 0, 0, 0, 0, 0, 0, 0, 0, 0, 0, 0, 0, 0, 0, 0, 0, 0, 0, 0, 0, 0, 0, 0, 0, 0, 0, 0, 0, 0, 0, 0, 0, 0, 0, 0, 0, 0, 0, 0, 0, 0, 0, 0, 0, 0, 0, 0, 0]
INFO:__main__:Gdpt Gbps theoretical: [99.144]
INFO:__main__:Gdpt Gbps measured (SSIRD): [100.13367272711083]
INFO:__main__:Gdpt Gbps measured (DCTCP): [None]
DEBUG:__main__:Gdpt Gbps measured per flow (SSIRD): [[1.1663999999981143, 1.1663999999981143, 1.1663999999981143, 1.1663999999981143, 1.1663999999981143, 1.1663999999981143, 1.1663999999981143, 1.1663999999981143, 1.1663999999981143, 1.1663999999981143, 1.1663999999981143, 1.1663999999981143, 1.1663999999981143, 1.1663999999981143, 1.1663999999981143, 1.1663999999981143, 1.1663999999981143, 1.1663999999981143, 1.1663999999981143, 1.1663999999981143, 1.1663999999981143, 1.1663999999981143, 1.1663999999981143, 1.1663999999981143, 1.1663999999981143, 1.1663999999981143, 1.1663999999981143, 1.1663999999981143, 1.1663999999981143, 1.1663999999981143, 1.1663999999981143, 1.1663999999981143, 1.1663999999981143, 1.1663999999981143, 1.1663999999981143, 1.1663999999981143, 1.1663999999981143, 1.1663999999981143, 1.1663999999981143, 1.1663999999981143, 1.1663999999981143, 1.1663999999981143, 1.1663999999981143, 1.1663999999981143, 1.1663999999981143, 1.1663999999981143, 1.1663999999981143, 1.1663999999981143, 1.1663999999981143, 1.1663999999981143, 1.1663999999981143, 1.1663999999981143, 1.1663999999981143, 1.1663999999981143, 1.1663999999981143, 1.1663999999981143, 1.1663999999981143, 1.1663999999981143, 1.1663999999981143, 1.1663999999981143, 1.1663999999981143, 1.1663999999981143, 1.1663999999981143, 1.1663999999981143, 1.1663999999981143, 1.1663999999981143, 1.1663999999981143, 1.1663999999981143, 1.1663999999981143, 1.1663999999981143, 1.1663999999981143, 1.1663999999981143, 1.1663999999981143, 1.1663999999981143, 1.1663999999981143, 1.1663999999981143, 1.1663999999981143, 1.1663999999981143, 1.1663999999981143, 1.1663999999981143, 1.1663999999981143, 1.1663999999981143, 1.1663999999981143, 1.1663999999981143, 1.1663999999981143]]
DEBUG:__main__:Gdpt Gbps measured per flow (DCTCP): [None]
INFO:__main__:* Sim duration (SSIRD): [0.005, 0.005, 0.005, 0.005, 0.005]
INFO:__main__:* Sim duration (DCTCP): [0.3, 0.3, 0.3, 0.3, 0.3]
INFO:__main__:* SSIRD FCT: [[0.0009955380000015168, 0.0009972600000001108, 0.0009991060000000829, 0.000996522000001221, 0.0009961530000008878, 0.0010007050000009343, 0.001001321000000388, 0.000997014000001073, 0.0010020590000010543, 0.0010021820000005732, 0.0009950459999998884, 0.000999352000000897, 0.001001443999999907, 0.0010666550000006936, 0.0009941840000013968, 0.0009962760000004067, 0.0009966450000007399, 0.0009981220000003788, 0.0009973830000014061, 0.0009998440000007491, 0.0010008280000004532, 0.0009997210000012302, 0.000997876000001341, 0.0009943070000009158, 0.00100181300000024, 0.0010174389999999534, 0.0009935690000002495, 0.0009982449999998977, 0.0009936920000015448, 0.0010023050000000922, 0.0010005820000014154, 0.0009934460000007306, 0.0009957840000005547, 0.0010011980000008691, 0.000998491000000712, 0.0010025510000009064, 0.0009944300000004347, 0.0009959070000000736, 0.0009939380000005826, 0.0010000900000015633, 0.0010543510000005085, 0.000998860000001045, 0.0009977519999999629, 0.0009960300000013689, 0.000999475000000416, 0.000999597999999935, 0.0010003360000006012, 0.0010912630000010637, 0.0010015670000012022, 0.0011035670000012487, 0.0009954150000002215, 0.0010004590000001201, 0.0009940610000001016, 0.000999967000000268, 0.0009967680000002588, 0.0009938150000010637, 0.000998368000001193, 0.000997629000000444, 0.0009945529999999536, 0.0011158710000014338, 0.001000952000000055, 0.0009951690000011837, 0.0009963989999999256, 0.0009992290000013782, 0.0009948000000008506, 0.000997506000000925, 0.0010789590000008786, 0.0010420470000003235, 0.0010051350000015447, 0.000994676000001249, 0.0009979990000008598, 0.0010002130000010823, 0.0010297430000001384, 0.0009952920000007026, 0.0010010750000013502, 0.000997137000000592, 0.000998983000000564, 0.0009956610000010357, 0.0009986140000002308, 0.0009949230000003695, 0.0010019360000015354, 0.0010016900000007212, 0.000998737000001526, 0.0010024280000013874, 0.000996891000001554]]
INFO:__main__:* DCTCP FCT: [None]
