DEBUG:__main__:Protos tested: ['SSIRD']
DEBUG:__main__:Total_flow_size_B: 145800
DEBUG:__main__:Byteload sizes list: [1458]
DEBUG:__main__:Num Flows: 8
DEBUG:__main__:Inter-flow spacing (us): 0
DEBUG:__main__:Flow start times (us): [0, 0, 0, 0, 0, 0, 0, 0]
DEBUG:__main__:Num Byteloads list: [100]
DEBUG:__main__:Total injection period (us): 100
DEBUG:__main__:Inter-Byteload Periods list: [1.0]
INFO:__main__:Total Flow Size (Bytes): 145800
INFO:__main__:Total Injection Period (us): 100
INFO:__main__:Byteload Size (Bytes): [1458]
INFO:__main__:Num Byteloads: [100]
INFO:__main__:Intervals (us): [1.0]
INFO:__main__:Num flows: 8
INFO:__main__:Gdpt GBps theoretical: [93.312]
INFO:__main__:* Sim duration (SSIRD): [0.005, 0.005, 0.005, 0.005, 0.005]
INFO:__main__:* Sim duration (DCTCP): [0.3, 0.3, 0.3, 0.3, 0.3]
INFO:dale_experiment_rig:Experiment started at: 2025-07-29 14:50:15.794540
INFO:dale_experiment_rig:
##### RUN GROUP #####
INFO:dale_experiment_rig:
=====
Execute experiment 8flo-100#-1458B-1000ns_1458B_8flo_93pt312Gbps_1msRTT
INFO:dale_experiment_rig:Flags: 1, 1, 1, 1, 0
INFO:dale_experiment_rig:ssird_sim_duration=0.005000; dctcp_sim_duration=0.300000
INFO:dale_experiment_rig:-----
Preparing experiment input MRIs
INFO:dale_experiment_rig:### Creating MRI inputs parent dir: /data/dh1723/SIRD-Simulator/scripts/r2p2/coord/config/manual-req-intervals/dale_experiments/Normal_Byteloads_1458B_8flo_93pt312Gbps_1msRTT/
DEBUG:dale_experiment_rig:num flows: 8
INFO:dale_experiment_rig:-----
Preparing experiment spec scripts
INFO:dale_experiment_rig:### Creating spec scripts parent dir: /data/dh1723/SIRD-Simulator/scripts/r2p2/coord/config/dale_experiments/Normal_Byteloads_1458B_8flo_93pt312Gbps_1msRTT/
INFO:dale_experiment_rig:-----
Running experiment for SSIRD
INFO:dale_experiment_rig:### Script:/data/dh1723/SIRD-Simulator/scripts/r2p2/coord/config/dale_experiments/Normal_Byteloads_1458B_8flo_93pt312Gbps_1msRTT/SSIRD-8flo-100#-1458B-1000ns_1458B_8flo_93pt312Gbps_1msRTT.sh
INFO:dale_experiment_rig:### Output path (stdout): /data/dh1723/SIRD-Simulator/scripts/r2p2/coord/outputs/Normal_Byteloads_1458B_8flo_93pt312Gbps_1msRTT/ssird_8flo-100#-1458B-1000ns_1458B_8flo_93pt312Gbps_1msRTT_stdout.out
INFO:dale_experiment_rig:### Output path (stderr): /data/dh1723/SIRD-Simulator/scripts/r2p2/coord/outputs/Normal_Byteloads_1458B_8flo_93pt312Gbps_1msRTT/ssird_8flo-100#-1458B-1000ns_1458B_8flo_93pt312Gbps_1msRTT_stderr.out
INFO:dale_experiment_rig:-----
Backing up app trace file paths
DEBUG:dale_experiment_rig:/data/dh1723/SIRD-Simulator/scripts/r2p2/post-process/experiment_app_trace_paths/Normal_Byteloads_1458B_8flo_93pt312Gbps_1msRTT/8flo/SSIRD_app_traces.txt
INFO:dale_experiment_rig:-----
Backing up app trace file paths
DEBUG:dale_experiment_rig:/data/dh1723/SIRD-Simulator/scripts/r2p2/post-process/experiment_app_trace_paths/Normal_Byteloads_1458B_8flo_93pt312Gbps_1msRTT/8flo/DCTCP-50_app_traces.txt
INFO:dale_experiment_rig:Simulations ended at: 2025-07-29 14:51:43.603674
INFO:dale_experiment_rig:
##### POST PROCESS RESULTS #####
INFO:dale_experiment_rig:=====
** Num Byteloads Per Flow: 100, Byteload Size (B): 1458, Inter-Byteload Interval (us): 1.0, ssird_sim_dur (s): 0.005, dctcp_sim_dur (s): 0.3
INFO:dale_experiment_rig:Processing SIRD results exp_id 0:: 8flo-100#-1458B
INFO:dale_experiment_rig:Processing results from /data/dh1723/SIRD-Simulator/scripts/r2p2/coord/results/SSIRD-8flo-100#-1458B-1000ns_1458B_8flo_93pt312Gbps_1msRTT/data/SSIRD/60/applications_trace.str
INFO:dale_experiment_rig:Flow 0:: num of byteloads: 100, num srq events: 100, num rrq events: 1
DEBUG:dale_experiment_rig:Flow 0:: first_event_name: srq, final_event_name: rrq, expected_data_B: 145800, recv_data_B: 145800
INFO:dale_experiment_rig:Flow 1:: num of byteloads: 100, num srq events: 100, num rrq events: 1
DEBUG:dale_experiment_rig:Flow 1:: first_event_name: srq, final_event_name: rrq, expected_data_B: 145800, recv_data_B: 145800
INFO:dale_experiment_rig:Flow 2:: num of byteloads: 100, num srq events: 100, num rrq events: 1
DEBUG:dale_experiment_rig:Flow 2:: first_event_name: srq, final_event_name: rrq, expected_data_B: 145800, recv_data_B: 145800
INFO:dale_experiment_rig:Flow 3:: num of byteloads: 100, num srq events: 100, num rrq events: 1
DEBUG:dale_experiment_rig:Flow 3:: first_event_name: srq, final_event_name: rrq, expected_data_B: 145800, recv_data_B: 145800
INFO:dale_experiment_rig:Flow 4:: num of byteloads: 100, num srq events: 100, num rrq events: 1
DEBUG:dale_experiment_rig:Flow 4:: first_event_name: srq, final_event_name: rrq, expected_data_B: 145800, recv_data_B: 145800
INFO:dale_experiment_rig:Flow 5:: num of byteloads: 100, num srq events: 100, num rrq events: 1
DEBUG:dale_experiment_rig:Flow 5:: first_event_name: srq, final_event_name: rrq, expected_data_B: 145800, recv_data_B: 145800
INFO:dale_experiment_rig:Flow 6:: num of byteloads: 100, num srq events: 100, num rrq events: 1
DEBUG:dale_experiment_rig:Flow 6:: first_event_name: srq, final_event_name: rrq, expected_data_B: 145800, recv_data_B: 145800
INFO:dale_experiment_rig:Flow 7:: num of byteloads: 100, num srq events: 100, num rrq events: 1
DEBUG:dale_experiment_rig:Flow 7:: first_event_name: srq, final_event_name: rrq, expected_data_B: 145800, recv_data_B: 145800
INFO:dale_experiment_rig:SSIRD FCT: [0.001512664999999913, 0.0015251570000014425, 0.0015376850000006215, 0.0015501770000003745, 0.001562675000000624, 0.001575167000000377, 0.0015876650000006265, 0.0016001570000003795] ms, Gdpt (overall): 94.13672727223725 Gbps, Gdpt (per flow): [11.663999999939284, 11.663999999939284, 11.663999999939284, 11.663999999939284, 11.663999999939284, 11.663999999939284, 11.663999999939284, 11.663999999939284]
ERROR:dale_experiment_rig:No results for DCTCP
INFO:dale_experiment_rig:DCTCP FCT: None ms, Gtpt (overall): None Gbps, Gdpt (per flow): None
INFO:dale_experiment_rig:
##### GENERATE METRICS #####
INFO:__main__:Total Flow Size (Bytes): 145800
INFO:__main__:Total Injection Period (us): 100
INFO:__main__:Byteload Size (Bytes): [1458]
INFO:__main__:Num Byteloads: [100]
INFO:__main__:Intervals (us): [1.0]
INFO:__main__:Num flows: 8
DEBUG:__main__:Flow start times (us): [0, 0, 0, 0, 0, 0, 0, 0]
INFO:__main__:Gdpt Gbps theoretical: [93.312]
INFO:__main__:Gdpt Gbps measured (SSIRD): [94.13672727223725]
INFO:__main__:Gdpt Gbps measured (DCTCP): [None]
DEBUG:__main__:Gdpt Gbps measured per flow (SSIRD): [[11.663999999939284, 11.663999999939284, 11.663999999939284, 11.663999999939284, 11.663999999939284, 11.663999999939284, 11.663999999939284, 11.663999999939284]]
DEBUG:__main__:Gdpt Gbps measured per flow (DCTCP): [None]
INFO:__main__:* Sim duration (SSIRD): [0.005, 0.005, 0.005, 0.005, 0.005]
INFO:__main__:* Sim duration (DCTCP): [0.3, 0.3, 0.3, 0.3, 0.3]
INFO:__main__:* SSIRD FCT: [[0.001512664999999913, 0.0015251570000014425, 0.0015376850000006215, 0.0015501770000003745, 0.001562675000000624, 0.001575167000000377, 0.0015876650000006265, 0.0016001570000003795]]
INFO:__main__:* DCTCP FCT: [None]
