INFO:root:PoissonIntervalGenerator: Genrate Byteload Intervals:
target_mean_ns=1000
min_interval_ns=1
max_interval_ns=10000
num_intervals=499
num_samples_needed=1
DEBUG:root:Step 1) λ solving for mean=1000 is 0.001000
DEBUG:root:Generated samples: shape=(1, 499)
DEBUG:root:Step 2) Generated 1 samples, taking first 1 samples needed
DEBUG:root:sample unique means (ns): [1000.]
INFO:root:PoissonIntervalGenerator: Genrate Byteload Intervals:
target_mean_ns=1000
min_interval_ns=1
max_interval_ns=10000
num_intervals=499
num_samples_needed=1
DEBUG:root:Step 1) λ solving for mean=1000 is 0.001000
DEBUG:root:Generated samples: shape=(1, 499)
DEBUG:root:Step 2) Generated 1 samples, taking first 1 samples needed
DEBUG:root:sample unique means (ns): [1000.]
INFO:root:PoissonIntervalGenerator: Genrate Byteload Intervals:
target_mean_ns=1000
min_interval_ns=1
max_interval_ns=10000
num_intervals=499
num_samples_needed=1
DEBUG:root:Step 1) λ solving for mean=1000 is 0.001000
DEBUG:root:Generated samples: shape=(1, 499)
DEBUG:root:Step 2) Generated 1 samples, taking first 1 samples needed
DEBUG:root:sample unique means (ns): [1000.]
INFO:root:PoissonIntervalGenerator: Genrate Byteload Intervals:
target_mean_ns=1000
min_interval_ns=1
max_interval_ns=10000
num_intervals=499
num_samples_needed=1
DEBUG:root:Step 1) λ solving for mean=1000 is 0.001000
DEBUG:root:Generated samples: shape=(1, 499)
DEBUG:root:Step 2) Generated 1 samples, taking first 1 samples needed
DEBUG:root:sample unique means (ns): [1000.]
INFO:root:PoissonIntervalGenerator: Genrate Byteload Intervals:
target_mean_ns=1000
min_interval_ns=1
max_interval_ns=10000
num_intervals=499
num_samples_needed=1
DEBUG:root:Step 1) λ solving for mean=1000 is 0.001000
DEBUG:root:Generated samples: shape=(1, 499)
DEBUG:root:Step 2) Generated 1 samples, taking first 1 samples needed
DEBUG:root:sample unique means (ns): [1000.]
INFO:root:PoissonIntervalGenerator: Genrate Byteload Intervals:
target_mean_ns=1000
min_interval_ns=1
max_interval_ns=10000
num_intervals=499
num_samples_needed=1
DEBUG:root:Step 1) λ solving for mean=1000 is 0.001000
DEBUG:root:Generated samples: shape=(1, 499)
DEBUG:root:Step 2) Generated 1 samples, taking first 1 samples needed
DEBUG:root:sample unique means (ns): [1000.]
INFO:root:PoissonIntervalGenerator: Genrate Byteload Intervals:
target_mean_ns=1000
min_interval_ns=1
max_interval_ns=10000
num_intervals=499
num_samples_needed=1
DEBUG:root:Step 1) λ solving for mean=1000 is 0.001000
DEBUG:root:Generated samples: shape=(1, 499)
DEBUG:root:Step 2) Generated 1 samples, taking first 1 samples needed
DEBUG:root:sample unique means (ns): [1000.]
INFO:root:PoissonIntervalGenerator: Genrate Byteload Intervals:
target_mean_ns=1000
min_interval_ns=1
max_interval_ns=10000
num_intervals=499
num_samples_needed=1
DEBUG:root:Step 1) λ solving for mean=1000 is 0.001000
DEBUG:root:Generated samples: shape=(1, 499)
DEBUG:root:Step 2) Generated 1 samples, taking first 1 samples needed
DEBUG:root:sample unique means (ns): [1000.]
INFO:__main__:Protos tested: ['SSIRD', 'DCTCP-50']
INFO:__main__:Src-Dst pairs list: [(1, 0), (2, 0), (3, 0)]
INFO:__main__:Num Flows: 8
INFO:__main__:Byteload Size (B): 1560
INFO:__main__:Target Mean Byteload Interval (ns): 1000
INFO:__main__:  is_use_poisson_num_byteloads=False
INFO:__main__:Target Mean Flow Interarrival (ns): 1000
INFO:__main__:  is_use_poisson_flow_interarr=True
INFO:__main__:Target Flow Rate (Gbps): 12.479999999999999
INFO:__main__:Flow Start Times (us): [4.347, 5.456, 6.581, 7.449, 7.687, 8.026, 8.34, 8.612]
INFO:__main__:Flow Rate (Gbps): [12.48, 12.48, 12.48, 12.48, 12.48, 12.48, 12.48, 12.48]
INFO:__main__:Flow Size (B): [780000, 780000, 780000, 780000, 780000, 780000, 780000, 780000]
INFO:__main__:Num Byteloads: [500, 500, 500, 500, 500, 500, 500, 500]
INFO:__main__:Flow Send Durations (us): [503.347, 504.456, 505.581, 506.449, 506.687, 507.026, 507.34, 507.612]
INFO:__main__:Flow Min Byteload Size (B): [1560, 1560, 1560, 1560, 1560, 1560, 1560, 1560]
INFO:__main__:Flow Max Byteload Size (B): [1560, 1560, 1560, 1560, 1560, 1560, 1560, 1560]
INFO:__main__:Flow Min Interval (us): [0.003, 0.003, 0.003, 0.003, 0.003, 0.003, 0.003, 0.003]
INFO:__main__:Flow Max Interval (us): [5.664, 5.664, 5.664, 5.664, 5.664, 5.664, 5.664, 5.664]
DEBUG:__main__:Max flow send durations (us): 507.612
INFO:__main__:* Sim duration (SSIRD): [0.1]
INFO:__main__:* Sim duration (DCTCP): [0.1]
INFO:dale_experiment_rig:Experiment started at: 2025-08-12 10:58:57.068764
INFO:dale_experiment_rig:
##### RUN GROUP #####
INFO:dale_experiment_rig:
=====
Execute experiment 8flo-12Gbps-1560B-1000ns-2025-08-12T_10-58-57Z_incast_poisson_3to1_8flo_1560B_1us_99pt84Gbps_fixed_bload_1msRTT
INFO:dale_experiment_rig:Flags: 1, 1, 1, 1, 0
INFO:dale_experiment_rig:
=====
Execute experiment 8flo-12Gbps-1560B-1000ns-2025-08-12T_10-58-57Z_incast_poisson_3to1_8flo_1560B_1us_99pt84Gbps_fixed_bload_1msRTT
INFO:dale_experiment_rig:ssird_sim_duration=0.100000; dctcp_sim_duration=0.100000
INFO:dale_experiment_rig:Flags: 1, 1, 1, 1, 0
INFO:dale_experiment_rig:-----
Preparing experiment input MRIs
INFO:dale_experiment_rig:ssird_sim_duration=0.100000; dctcp_sim_duration=0.100000
INFO:dale_experiment_rig:### Creating MRI inputs parent dir: /data/dh1723/SIRD-Simulator/scripts/r2p2/coord/config/manual-req-intervals/dale_experiments/Poisson_Flows_incast_poisson_3to1_8flo_1560B_1us_99pt84Gbps_fixed_bload_1msRTT/
INFO:dale_experiment_rig:-----
Preparing experiment input MRIs
INFO:dale_experiment_rig:### Creating MRI inputs parent dir: /data/dh1723/SIRD-Simulator/scripts/r2p2/coord/config/manual-req-intervals/dale_experiments/Poisson_Flows_incast_poisson_3to1_8flo_1560B_1us_99pt84Gbps_fixed_bload_1msRTT/
INFO:dale_experiment_rig:File /data/dh1723/SIRD-Simulator/scripts/r2p2/coord/config/manual-req-intervals/dale_experiments/Poisson_Flows_incast_poisson_3to1_8flo_1560B_1us_99pt84Gbps_fixed_bload_1msRTT/ aready exists.
DEBUG:dale_experiment_rig:num flows: 8
DEBUG:dale_experiment_rig:num flows: 8
DEBUG:dale_experiment_rig:num flows: 8
DEBUG:dale_experiment_rig:num flows: 8
DEBUG:dale_experiment_rig:num flows: 8
DEBUG:dale_experiment_rig:num flows: 8
INFO:dale_experiment_rig:-----
Preparing experiment spec scripts
INFO:dale_experiment_rig:### Creating spec scripts parent dir: /data/dh1723/SIRD-Simulator/scripts/r2p2/coord/config/dale_experiments/Poisson_Flows_incast_poisson_3to1_8flo_1560B_1us_99pt84Gbps_fixed_bload_1msRTT/
INFO:dale_experiment_rig:-----
Preparing experiment spec scripts
INFO:dale_experiment_rig:### Creating spec scripts parent dir: /data/dh1723/SIRD-Simulator/scripts/r2p2/coord/config/dale_experiments/Poisson_Flows_incast_poisson_3to1_8flo_1560B_1us_99pt84Gbps_fixed_bload_1msRTT/
INFO:dale_experiment_rig:#### WARNING: File /data/dh1723/SIRD-Simulator/scripts/r2p2/coord/config/dale_experiments/Poisson_Flows_incast_poisson_3to1_8flo_1560B_1us_99pt84Gbps_fixed_bload_1msRTT/ aready exists.
INFO:dale_experiment_rig:-----
Running experiment for SSIRD
INFO:dale_experiment_rig:### Script:/data/dh1723/SIRD-Simulator/scripts/r2p2/coord/config/dale_experiments/Poisson_Flows_incast_poisson_3to1_8flo_1560B_1us_99pt84Gbps_fixed_bload_1msRTT/SSIRD-8flo-12Gbps-1560B-1000ns-2025-08-12T_10-58-57Z_incast_poisson_3to1_8flo_1560B_1us_99pt84Gbps_fixed_bload_1msRTT.sh
INFO:dale_experiment_rig:-----
Running experiment for DCTCP-50
INFO:dale_experiment_rig:### Output path (stdout): /data/dh1723/SIRD-Simulator/scripts/r2p2/coord/outputs/Poisson_Flows_incast_poisson_3to1_8flo_1560B_1us_99pt84Gbps_fixed_bload_1msRTT/ssird_8flo-12Gbps-1560B-1000ns-2025-08-12T_10-58-57Z_incast_poisson_3to1_8flo_1560B_1us_99pt84Gbps_fixed_bload_1msRTT_stdout.out
INFO:dale_experiment_rig:### Script:/data/dh1723/SIRD-Simulator/scripts/r2p2/coord/config/dale_experiments/Poisson_Flows_incast_poisson_3to1_8flo_1560B_1us_99pt84Gbps_fixed_bload_1msRTT/DCTCP-50-8flo-12Gbps-1560B-1000ns-2025-08-12T_10-58-57Z_incast_poisson_3to1_8flo_1560B_1us_99pt84Gbps_fixed_bload_1msRTT.sh
INFO:dale_experiment_rig:### Output path (stderr): /data/dh1723/SIRD-Simulator/scripts/r2p2/coord/outputs/Poisson_Flows_incast_poisson_3to1_8flo_1560B_1us_99pt84Gbps_fixed_bload_1msRTT/ssird_8flo-12Gbps-1560B-1000ns-2025-08-12T_10-58-57Z_incast_poisson_3to1_8flo_1560B_1us_99pt84Gbps_fixed_bload_1msRTT_stderr.out
INFO:dale_experiment_rig:### Output path (stdout): /data/dh1723/SIRD-Simulator/scripts/r2p2/coord/outputs/Poisson_Flows_incast_poisson_3to1_8flo_1560B_1us_99pt84Gbps_fixed_bload_1msRTT/DCTCP-50_8flo-12Gbps-1560B-1000ns-2025-08-12T_10-58-57Z_incast_poisson_3to1_8flo_1560B_1us_99pt84Gbps_fixed_bload_1msRTT_stdout.out
INFO:dale_experiment_rig:### Output path (stderr): /data/dh1723/SIRD-Simulator/scripts/r2p2/coord/outputs/Poisson_Flows_incast_poisson_3to1_8flo_1560B_1us_99pt84Gbps_fixed_bload_1msRTT/DCTCP-50_8flo-12Gbps-1560B-1000ns-2025-08-12T_10-58-57Z_incast_poisson_3to1_8flo_1560B_1us_99pt84Gbps_fixed_bload_1msRTT_stderr.out
INFO:dale_experiment_rig:-----
Backing up app trace file paths
DEBUG:dale_experiment_rig:/data/dh1723/SIRD-Simulator/scripts/r2p2/post-process/experiment_app_trace_paths/Poisson_Flows_incast_poisson_3to1_8flo_1560B_1us_99pt84Gbps_fixed_bload_1msRTT/8flo_12Gbps_2025-08-12T_14-38-29Z/SSIRD_app_traces.txt
INFO:dale_experiment_rig:-----
Backing up app trace file paths
DEBUG:dale_experiment_rig:/data/dh1723/SIRD-Simulator/scripts/r2p2/post-process/experiment_app_trace_paths/Poisson_Flows_incast_poisson_3to1_8flo_1560B_1us_99pt84Gbps_fixed_bload_1msRTT/8flo_12Gbps_2025-08-12T_14-38-29Z/DCTCP-50_app_traces.txt
INFO:dale_experiment_rig:Simulations ended at: 2025-08-12 14:38:29.287893
INFO:dale_experiment_rig:
##### POST PROCESS RESULTS #####
INFO:dale_experiment_rig:=====
** Num Flows: 8, Target Flow Rate (Gbps): 12.479999999999999, ssird_sim_dur (s): 0.1, dctcp_sim_dur (s): 0.1
INFO:dale_experiment_rig:Processing SIRD results exp_id 0:: 8flo-12.479999999999999Gbps_target
INFO:dale_experiment_rig:Processing results from /data/dh1723/SIRD-Simulator/scripts/r2p2/coord/results/SSIRD-8flo-12Gbps-1560B-1000ns-2025-08-12T_10-58-57Z_incast_poisson_3to1_8flo_1560B_1us_99pt84Gbps_fixed_bload_1msRTT/data/SSIRD/60/applications_trace.str
INFO:dale_experiment_rig:Flow 0:: num of byteloads: 500, num srq events: 500, num rrq events: 1
DEBUG:dale_experiment_rig:Flow 0:: first_event_name: srq, final_event_name: rrq, expected_data_B: 780000, recv_data_B: 780000
INFO:dale_experiment_rig:Flow 1:: num of byteloads: 500, num srq events: 500, num rrq events: 1
DEBUG:dale_experiment_rig:Flow 1:: first_event_name: srq, final_event_name: rrq, expected_data_B: 780000, recv_data_B: 780000
INFO:dale_experiment_rig:Flow 2:: num of byteloads: 500, num srq events: 500, num rrq events: 1
DEBUG:dale_experiment_rig:Flow 2:: first_event_name: srq, final_event_name: rrq, expected_data_B: 780000, recv_data_B: 780000
INFO:dale_experiment_rig:Flow 3:: num of byteloads: 500, num srq events: 500, num rrq events: 1
DEBUG:dale_experiment_rig:Flow 3:: first_event_name: srq, final_event_name: rrq, expected_data_B: 780000, recv_data_B: 780000
INFO:dale_experiment_rig:Flow 4:: num of byteloads: 500, num srq events: 500, num rrq events: 1
DEBUG:dale_experiment_rig:Flow 4:: first_event_name: srq, final_event_name: rrq, expected_data_B: 780000, recv_data_B: 780000
INFO:dale_experiment_rig:Flow 5:: num of byteloads: 500, num srq events: 500, num rrq events: 1
DEBUG:dale_experiment_rig:Flow 5:: first_event_name: srq, final_event_name: rrq, expected_data_B: 780000, recv_data_B: 780000
INFO:dale_experiment_rig:Flow 6:: num of byteloads: 500, num srq events: 500, num rrq events: 1
DEBUG:dale_experiment_rig:Flow 6:: first_event_name: srq, final_event_name: rrq, expected_data_B: 780000, recv_data_B: 780000
INFO:dale_experiment_rig:Flow 7:: num of byteloads: 500, num srq events: 500, num rrq events: 1
DEBUG:dale_experiment_rig:Flow 7:: first_event_name: srq, final_event_name: rrq, expected_data_B: 780000, recv_data_B: 780000
INFO:dale_experiment_rig:Flow 0:: num of byteloads: 500, num srq events: 500, num rrq events: 1
DEBUG:dale_experiment_rig:Flow 0:: first_event_name: srq, final_event_name: rrq, expected_data_B: 780000, recv_data_B: 780000
INFO:dale_experiment_rig:Flow 1:: num of byteloads: 500, num srq events: 500, num rrq events: 1
DEBUG:dale_experiment_rig:Flow 1:: first_event_name: srq, final_event_name: rrq, expected_data_B: 780000, recv_data_B: 780000
INFO:dale_experiment_rig:Flow 2:: num of byteloads: 500, num srq events: 500, num rrq events: 1
DEBUG:dale_experiment_rig:Flow 2:: first_event_name: srq, final_event_name: rrq, expected_data_B: 780000, recv_data_B: 780000
INFO:dale_experiment_rig:Flow 3:: num of byteloads: 500, num srq events: 500, num rrq events: 1
DEBUG:dale_experiment_rig:Flow 3:: first_event_name: srq, final_event_name: rrq, expected_data_B: 780000, recv_data_B: 780000
INFO:dale_experiment_rig:Flow 4:: num of byteloads: 500, num srq events: 500, num rrq events: 1
DEBUG:dale_experiment_rig:Flow 4:: first_event_name: srq, final_event_name: rrq, expected_data_B: 780000, recv_data_B: 780000
INFO:dale_experiment_rig:Flow 5:: num of byteloads: 500, num srq events: 500, num rrq events: 1
DEBUG:dale_experiment_rig:Flow 5:: first_event_name: srq, final_event_name: rrq, expected_data_B: 780000, recv_data_B: 780000
INFO:dale_experiment_rig:Flow 6:: num of byteloads: 500, num srq events: 500, num rrq events: 1
DEBUG:dale_experiment_rig:Flow 6:: first_event_name: srq, final_event_name: rrq, expected_data_B: 780000, recv_data_B: 780000
INFO:dale_experiment_rig:Flow 7:: num of byteloads: 500, num srq events: 500, num rrq events: 1
DEBUG:dale_experiment_rig:Flow 7:: first_event_name: srq, final_event_name: rrq, expected_data_B: 780000, recv_data_B: 780000
INFO:dale_experiment_rig:Flow 0:: num of byteloads: 500, num srq events: 500, num rrq events: 1
DEBUG:dale_experiment_rig:Flow 0:: first_event_name: srq, final_event_name: rrq, expected_data_B: 780000, recv_data_B: 780000
INFO:dale_experiment_rig:Flow 1:: num of byteloads: 500, num srq events: 500, num rrq events: 1
DEBUG:dale_experiment_rig:Flow 1:: first_event_name: srq, final_event_name: rrq, expected_data_B: 780000, recv_data_B: 780000
INFO:dale_experiment_rig:Flow 2:: num of byteloads: 500, num srq events: 500, num rrq events: 1
DEBUG:dale_experiment_rig:Flow 2:: first_event_name: srq, final_event_name: rrq, expected_data_B: 780000, recv_data_B: 780000
INFO:dale_experiment_rig:Flow 3:: num of byteloads: 500, num srq events: 500, num rrq events: 1
DEBUG:dale_experiment_rig:Flow 3:: first_event_name: srq, final_event_name: rrq, expected_data_B: 780000, recv_data_B: 780000
INFO:dale_experiment_rig:Flow 4:: num of byteloads: 500, num srq events: 500, num rrq events: 1
DEBUG:dale_experiment_rig:Flow 4:: first_event_name: srq, final_event_name: rrq, expected_data_B: 780000, recv_data_B: 780000
INFO:dale_experiment_rig:Flow 5:: num of byteloads: 500, num srq events: 500, num rrq events: 1
DEBUG:dale_experiment_rig:Flow 5:: first_event_name: srq, final_event_name: rrq, expected_data_B: 780000, recv_data_B: 780000
INFO:dale_experiment_rig:Flow 6:: num of byteloads: 500, num srq events: 500, num rrq events: 1
DEBUG:dale_experiment_rig:Flow 6:: first_event_name: srq, final_event_name: rrq, expected_data_B: 780000, recv_data_B: 780000
INFO:dale_experiment_rig:Flow 7:: num of byteloads: 500, num srq events: 500, num rrq events: 1
DEBUG:dale_experiment_rig:Flow 7:: first_event_name: srq, final_event_name: rrq, expected_data_B: 780000, recv_data_B: 780000
INFO:dale_experiment_rig:SSIRD FCT (ms): [0.002998717000000539, 0.0028137969999999513, 0.0026955329999989175, 0.002450486000000751, 0.0023464880000005905, 0.0020856079999997945, 0.0019267819999999602, 0.001713390000000814, 0.0031231569999992104, 0.003025274000000522, 0.002914799999999218, 0.002800535000000437, 0.002332031999999984, 0.0020924879999988377, 0.001906698999999179, 0.001697703999999689, 0.003151777999999439, 0.002688393999999761, 0.0025766120000003667, 0.0024961500000006964, 0.002284167000000892, 0.0021929489999994445, 0.0018999569999991195, 0.001699493000000274]
App Gdpt (overall): 297.55202527450984 Gbps
App Gdpt (per flow): [12.480000000010426, 12.479999999966001, 12.480000000010426, 12.479999999966001, 12.479999999966001, 12.480000000010426, 12.480000000010426, 12.479999999966001, 12.480000000010426, 12.479999999966001, 12.480000000010426, 12.479999999966001, 12.479999999966001, 12.480000000010426, 12.480000000010426, 12.479999999966001, 12.480000000010426, 12.479999999966001, 12.480000000010426, 12.479999999966001, 12.479999999966001, 12.480000000010426, 12.480000000010426, 12.479999999966001]
Network Gdpt (overall): 47.51603697977036
Network Gdpt (per flow): [2.080889927258517, 2.217643987821477, 2.314941052475524, 2.5464336462228667, 2.6592933780178845, 2.9919332875596063, 3.2385604598756523, 3.641902894260522, 1.9979783276990488, 2.062623088024068, 2.1407986825860004, 2.228145693590341, 2.675778033920651, 2.9820959546737984, 3.2726717746234133, 3.675552393115139, 1.9798348741570984, 2.321088352377128, 2.4217848865095375, 2.499849768643014, 2.7318492912285155, 2.8454834106956346, 3.2842848548692904, 3.671683260830727]
INFO:dale_experiment_rig:Processing DCTCP results exp_id 0:: 8flo-12.479999999999999Gbps_target
INFO:dale_experiment_rig:Processing results from /data/dh1723/SIRD-Simulator/scripts/r2p2/coord/results/DCTCP-50-8flo-12Gbps-1560B-1000ns-2025-08-12T_10-58-57Z_incast_poisson_3to1_8flo_1560B_1us_99pt84Gbps_fixed_bload_1msRTT/data/DCTCP-50/60/applications_trace.str
INFO:dale_experiment_rig:Flow 0:: num of byteloads: 500, num srq events: 500, num rrq events: 1
DEBUG:dale_experiment_rig:Flow 0:: first_event_name: srq, final_event_name: rrq, expected_data_B: 780000, recv_data_B: 780000
INFO:dale_experiment_rig:Flow 1:: num of byteloads: 500, num srq events: 500, num rrq events: 1
DEBUG:dale_experiment_rig:Flow 1:: first_event_name: srq, final_event_name: rrq, expected_data_B: 780000, recv_data_B: 780000
INFO:dale_experiment_rig:Flow 2:: num of byteloads: 500, num srq events: 500, num rrq events: 1
DEBUG:dale_experiment_rig:Flow 2:: first_event_name: srq, final_event_name: rrq, expected_data_B: 780000, recv_data_B: 780000
INFO:dale_experiment_rig:Flow 3:: num of byteloads: 500, num srq events: 500, num rrq events: 1
DEBUG:dale_experiment_rig:Flow 3:: first_event_name: srq, final_event_name: rrq, expected_data_B: 780000, recv_data_B: 780000
INFO:dale_experiment_rig:Flow 4:: num of byteloads: 500, num srq events: 500, num rrq events: 1
DEBUG:dale_experiment_rig:Flow 4:: first_event_name: srq, final_event_name: rrq, expected_data_B: 780000, recv_data_B: 780000
INFO:dale_experiment_rig:Flow 5:: num of byteloads: 500, num srq events: 500, num rrq events: 1
DEBUG:dale_experiment_rig:Flow 5:: first_event_name: srq, final_event_name: rrq, expected_data_B: 780000, recv_data_B: 780000
INFO:dale_experiment_rig:Flow 6:: num of byteloads: 500, num srq events: 500, num rrq events: 1
DEBUG:dale_experiment_rig:Flow 6:: first_event_name: srq, final_event_name: rrq, expected_data_B: 780000, recv_data_B: 780000
INFO:dale_experiment_rig:Flow 7:: num of byteloads: 500, num srq events: 500, num rrq events: 1
DEBUG:dale_experiment_rig:Flow 7:: first_event_name: srq, final_event_name: rrq, expected_data_B: 780000, recv_data_B: 780000
INFO:dale_experiment_rig:Flow 0:: num of byteloads: 500, num srq events: 500, num rrq events: 1
DEBUG:dale_experiment_rig:Flow 0:: first_event_name: srq, final_event_name: rrq, expected_data_B: 780000, recv_data_B: 780000
INFO:dale_experiment_rig:Flow 1:: num of byteloads: 500, num srq events: 500, num rrq events: 1
DEBUG:dale_experiment_rig:Flow 1:: first_event_name: srq, final_event_name: rrq, expected_data_B: 780000, recv_data_B: 780000
INFO:dale_experiment_rig:Flow 2:: num of byteloads: 500, num srq events: 500, num rrq events: 1
DEBUG:dale_experiment_rig:Flow 2:: first_event_name: srq, final_event_name: rrq, expected_data_B: 780000, recv_data_B: 780000
INFO:dale_experiment_rig:Flow 3:: num of byteloads: 500, num srq events: 500, num rrq events: 1
DEBUG:dale_experiment_rig:Flow 3:: first_event_name: srq, final_event_name: rrq, expected_data_B: 780000, recv_data_B: 780000
INFO:dale_experiment_rig:Flow 4:: num of byteloads: 500, num srq events: 500, num rrq events: 1
DEBUG:dale_experiment_rig:Flow 4:: first_event_name: srq, final_event_name: rrq, expected_data_B: 780000, recv_data_B: 780000
INFO:dale_experiment_rig:Flow 5:: num of byteloads: 500, num srq events: 500, num rrq events: 1
DEBUG:dale_experiment_rig:Flow 5:: first_event_name: srq, final_event_name: rrq, expected_data_B: 780000, recv_data_B: 780000
INFO:dale_experiment_rig:Flow 6:: num of byteloads: 500, num srq events: 500, num rrq events: 1
DEBUG:dale_experiment_rig:Flow 6:: first_event_name: srq, final_event_name: rrq, expected_data_B: 780000, recv_data_B: 780000
INFO:dale_experiment_rig:Flow 7:: num of byteloads: 500, num srq events: 500, num rrq events: 1
DEBUG:dale_experiment_rig:Flow 7:: first_event_name: srq, final_event_name: rrq, expected_data_B: 780000, recv_data_B: 780000
INFO:dale_experiment_rig:Flow 0:: num of byteloads: 500, num srq events: 500, num rrq events: 1
DEBUG:dale_experiment_rig:Flow 0:: first_event_name: srq, final_event_name: rrq, expected_data_B: 780000, recv_data_B: 780000
INFO:dale_experiment_rig:Flow 1:: num of byteloads: 500, num srq events: 500, num rrq events: 1
DEBUG:dale_experiment_rig:Flow 1:: first_event_name: srq, final_event_name: rrq, expected_data_B: 780000, recv_data_B: 780000
INFO:dale_experiment_rig:Flow 2:: num of byteloads: 500, num srq events: 500, num rrq events: 1
DEBUG:dale_experiment_rig:Flow 2:: first_event_name: srq, final_event_name: rrq, expected_data_B: 780000, recv_data_B: 780000
INFO:dale_experiment_rig:Flow 3:: num of byteloads: 500, num srq events: 500, num rrq events: 1
DEBUG:dale_experiment_rig:Flow 3:: first_event_name: srq, final_event_name: rrq, expected_data_B: 780000, recv_data_B: 780000
INFO:dale_experiment_rig:Flow 4:: num of byteloads: 500, num srq events: 500, num rrq events: 1
DEBUG:dale_experiment_rig:Flow 4:: first_event_name: srq, final_event_name: rrq, expected_data_B: 780000, recv_data_B: 780000
INFO:dale_experiment_rig:Flow 5:: num of byteloads: 500, num srq events: 500, num rrq events: 1
DEBUG:dale_experiment_rig:Flow 5:: first_event_name: srq, final_event_name: rrq, expected_data_B: 780000, recv_data_B: 780000
INFO:dale_experiment_rig:Flow 6:: num of byteloads: 500, num srq events: 500, num rrq events: 1
DEBUG:dale_experiment_rig:Flow 6:: first_event_name: srq, final_event_name: rrq, expected_data_B: 780000, recv_data_B: 780000
INFO:dale_experiment_rig:Flow 7:: num of byteloads: 500, num srq events: 500, num rrq events: 1
DEBUG:dale_experiment_rig:Flow 7:: first_event_name: srq, final_event_name: rrq, expected_data_B: 780000, recv_data_B: 780000
INFO:dale_experiment_rig:DCTCP-50 FCT (ms): [0.008502096999999154, 0.00850209700000093, 0.008502096999999154, 0.008503198000001433, 0.008503575000000652, 0.008504588999999285, 0.008505506000000551, 0.008506710000000695, 0.008502220000000449, 0.008502220000000449, 0.008502220000000449, 0.00850344400000047, 0.008503821000001466, 0.0085048350000001, 0.008505751999999589, 0.008506955999999732, 0.006633238999999236, 0.006648878000000025, 0.006707904999998959, 0.007520766000000734, 0.00752263400000075, 0.007557963000000001, 0.0075598639999991946, 0.007560330000000448]
App Gdpt (overall): 297.55202527450984 Gbps
App Gdpt (per flow): [12.480000000010426, 12.479999999966001, 12.480000000010426, 12.479999999966001, 12.479999999966001, 12.480000000010426, 12.480000000010426, 12.479999999966001, 12.480000000010426, 12.479999999966001, 12.480000000010426, 12.479999999966001, 12.479999999966001, 12.480000000010426, 12.480000000010426, 12.479999999966001, 12.480000000010426, 12.479999999966001, 12.480000000010426, 12.479999999966001, 12.479999999966001, 12.480000000010426, 12.480000000010426, 12.479999999966001]
Network Gdpt (overall): 17.59559527358242
Network Gdpt (per flow): [0.7339365805871918, 0.7339365805870385, 0.7339365805871918, 0.7338415499673121, 0.7338090156198448, 0.7337215237562361, 0.7336424193927552, 0.7335385830714214, 0.7339259628661304, 0.7339259628661304, 0.7339259628661304, 0.7338203203313451, 0.7337877878660575, 0.7337003010640333, 0.7336212012765364, 0.7335173709609168, 0.9407168956222924, 0.9385042107856358, 0.9302457324605773, 0.8297027191112436, 0.8294966895902922, 0.8256192839261054, 0.8254116740725317, 0.8253607977429067]
INFO:dale_experiment_rig:
##### GENERATE METRICS #####
INFO:dale_experiment_rig:Poisson_Flows_incast_poisson_3to1_8flo_1560B_1us_99pt84Gbps_fixed_bload_1msRTT
INFO:__main__:Protos tested: ['SSIRD', 'DCTCP-50']
INFO:__main__:Src-Dst pairs list: [(1, 0), (2, 0), (3, 0)]
INFO:__main__:Num Flows: 8
INFO:__main__:Byteload Size (B): 1560
INFO:__main__:Target Mean Byteload Interval (ns): 1000
INFO:__main__:  is_use_poisson_num_byteloads=False
INFO:__main__:Target Mean Flow Interarrival (ns): 1000
INFO:__main__:  is_use_poisson_flow_interarr=True
INFO:__main__:Target Flow Rate (Gbps): 12.479999999999999
INFO:__main__:Num Byteloads: [500, 500, 500, 500, 500, 500, 500, 500]
INFO:__main__:  is_use_poisson_num_byteloads=False
INFO:__main__:Flow Start Times (us): [4.347, 5.456, 6.581, 7.449, 7.687, 8.026, 8.34, 8.612]
INFO:__main__:Flow Rate (Gbps): [12.48, 12.48, 12.48, 12.48, 12.48, 12.48, 12.48, 12.48]
INFO:__main__:Flow Size (B): [780000, 780000, 780000, 780000, 780000, 780000, 780000, 780000]
INFO:__main__:Flow Send Durations (us): [503.347, 504.456, 505.581, 506.449, 506.687, 507.026, 507.34, 507.612]
INFO:__main__:Flow Min Byteload Size (B): [1560, 1560, 1560, 1560, 1560, 1560, 1560, 1560]
INFO:__main__:Flow Max Byteload Size (B): [1560, 1560, 1560, 1560, 1560, 1560, 1560, 1560]
INFO:__main__:Flow Min Interval (us): [0.003, 0.003, 0.003, 0.003, 0.003, 0.003, 0.003, 0.003]
INFO:__main__:Flow Max Interval (us): [5.664, 5.664, 5.664, 5.664, 5.664, 5.664, 5.664, 5.664]
INFO:__main__:APP Gdpt Gbps measured (SSIRD): [297.55202527450984]
INFO:__main__:APP Gdpt Gbps measured (DCTCP): [297.55202527450984]
DEBUG:__main__:APP Gdpt Gbps measured per flow (SSIRD): [[12.480000000010426, 12.479999999966001, 12.480000000010426, 12.479999999966001, 12.479999999966001, 12.480000000010426, 12.480000000010426, 12.479999999966001, 12.480000000010426, 12.479999999966001, 12.480000000010426, 12.479999999966001, 12.479999999966001, 12.480000000010426, 12.480000000010426, 12.479999999966001, 12.480000000010426, 12.479999999966001, 12.480000000010426, 12.479999999966001, 12.479999999966001, 12.480000000010426, 12.480000000010426, 12.479999999966001]]
DEBUG:__main__:APP Gdpt Gbps measured per flow (DCTCP): [[12.480000000010426, 12.479999999966001, 12.480000000010426, 12.479999999966001, 12.479999999966001, 12.480000000010426, 12.480000000010426, 12.479999999966001, 12.480000000010426, 12.479999999966001, 12.480000000010426, 12.479999999966001, 12.479999999966001, 12.480000000010426, 12.480000000010426, 12.479999999966001, 12.480000000010426, 12.479999999966001, 12.480000000010426, 12.479999999966001, 12.479999999966001, 12.480000000010426, 12.480000000010426, 12.479999999966001]]
INFO:__main__:NW Gdpt Gbps measured (SSIRD): [47.51603697977036]
INFO:__main__:NW Gdpt Gbps measured (DCTCP): [17.59559527358242]
DEBUG:__main__:NW Gdpt Gbps measured per flow (SSIRD): [[2.080889927258517, 2.217643987821477, 2.314941052475524, 2.5464336462228667, 2.6592933780178845, 2.9919332875596063, 3.2385604598756523, 3.641902894260522, 1.9979783276990488, 2.062623088024068, 2.1407986825860004, 2.228145693590341, 2.675778033920651, 2.9820959546737984, 3.2726717746234133, 3.675552393115139, 1.9798348741570984, 2.321088352377128, 2.4217848865095375, 2.499849768643014, 2.7318492912285155, 2.8454834106956346, 3.2842848548692904, 3.671683260830727]]
DEBUG:__main__:NW Gdpt Gbps measured per flow (DCTCP): [[0.7339365805871918, 0.7339365805870385, 0.7339365805871918, 0.7338415499673121, 0.7338090156198448, 0.7337215237562361, 0.7336424193927552, 0.7335385830714214, 0.7339259628661304, 0.7339259628661304, 0.7339259628661304, 0.7338203203313451, 0.7337877878660575, 0.7337003010640333, 0.7336212012765364, 0.7335173709609168, 0.9407168956222924, 0.9385042107856358, 0.9302457324605773, 0.8297027191112436, 0.8294966895902922, 0.8256192839261054, 0.8254116740725317, 0.8253607977429067]]
INFO:__main__:* Sim duration (SSIRD): [0.1]
INFO:__main__:* Sim duration (DCTCP): [0.1]
INFO:__main__:* SSIRD FCT: [[0.002998717000000539, 0.0028137969999999513, 0.0026955329999989175, 0.002450486000000751, 0.0023464880000005905, 0.0020856079999997945, 0.0019267819999999602, 0.001713390000000814, 0.0031231569999992104, 0.003025274000000522, 0.002914799999999218, 0.002800535000000437, 0.002332031999999984, 0.0020924879999988377, 0.001906698999999179, 0.001697703999999689, 0.003151777999999439, 0.002688393999999761, 0.0025766120000003667, 0.0024961500000006964, 0.002284167000000892, 0.0021929489999994445, 0.0018999569999991195, 0.001699493000000274]]
INFO:__main__:* DCTCP FCT: [[0.008502096999999154, 0.00850209700000093, 0.008502096999999154, 0.008503198000001433, 0.008503575000000652, 0.008504588999999285, 0.008505506000000551, 0.008506710000000695, 0.008502220000000449, 0.008502220000000449, 0.008502220000000449, 0.00850344400000047, 0.008503821000001466, 0.0085048350000001, 0.008505751999999589, 0.008506955999999732, 0.006633238999999236, 0.006648878000000025, 0.006707904999998959, 0.007520766000000734, 0.00752263400000075, 0.007557963000000001, 0.0075598639999991946, 0.007560330000000448]]
