INFO:root:PoissonIntervalGenerator: Genrate Byteload Intervals:
target_mean_ns=1000
min_interval_ns=1
max_interval_ns=10000
num_intervals=45
num_samples_needed=1
DEBUG:root:Step 1) λ solving for mean=1000 is 0.001000
DEBUG:root:Generated samples: shape=(1, 45)
DEBUG:root:Step 2) Generated 1 samples, taking first 1 samples needed
DEBUG:root:sample unique means (ns): [1000.]
INFO:root:PoissonIntervalGenerator: Genrate Byteload Intervals:
target_mean_ns=1000
min_interval_ns=1
max_interval_ns=10000
num_intervals=417
num_samples_needed=1
DEBUG:root:Step 1) λ solving for mean=1000 is 0.001000
DEBUG:root:Generated samples: shape=(1, 417)
DEBUG:root:Step 2) Generated 1 samples, taking first 1 samples needed
DEBUG:root:sample unique means (ns): [1000.]
INFO:root:PoissonIntervalGenerator: Genrate Byteload Intervals:
target_mean_ns=1000
min_interval_ns=1
max_interval_ns=10000
num_intervals=231
num_samples_needed=1
DEBUG:root:Step 1) λ solving for mean=1000 is 0.001000
DEBUG:root:Generated samples: shape=(1, 231)
DEBUG:root:Step 2) Generated 1 samples, taking first 1 samples needed
DEBUG:root:sample unique means (ns): [1000.]
INFO:root:PoissonIntervalGenerator: Genrate Byteload Intervals:
target_mean_ns=1000
min_interval_ns=1
max_interval_ns=10000
num_intervals=256
num_samples_needed=1
DEBUG:root:Step 1) λ solving for mean=1000 is 0.001000
DEBUG:root:Generated samples: shape=(1, 256)
DEBUG:root:Step 2) Generated 1 samples, taking first 1 samples needed
DEBUG:root:sample unique means (ns): [1000.]
INFO:root:PoissonIntervalGenerator: Genrate Byteload Intervals:
target_mean_ns=1000
min_interval_ns=1
max_interval_ns=10000
num_intervals=459
num_samples_needed=1
DEBUG:root:Step 1) λ solving for mean=1000 is 0.001000
DEBUG:root:Generated samples: shape=(1, 459)
DEBUG:root:Step 2) Generated 1 samples, taking first 1 samples needed
DEBUG:root:sample unique means (ns): [1000.]
INFO:root:PoissonIntervalGenerator: Genrate Byteload Intervals:
target_mean_ns=1000
min_interval_ns=1
max_interval_ns=10000
num_intervals=409
num_samples_needed=1
DEBUG:root:Step 1) λ solving for mean=1000 is 0.001000
DEBUG:root:Generated samples: shape=(1, 409)
DEBUG:root:Step 2) Generated 1 samples, taking first 1 samples needed
DEBUG:root:sample unique means (ns): [1000.]
INFO:root:PoissonIntervalGenerator: Genrate Byteload Intervals:
target_mean_ns=1000
min_interval_ns=1
max_interval_ns=10000
num_intervals=620
num_samples_needed=1
DEBUG:root:Step 1) λ solving for mean=1000 is 0.001000
DEBUG:root:Generated samples: shape=(1, 620)
DEBUG:root:Step 2) Generated 1 samples, taking first 1 samples needed
DEBUG:root:sample unique means (ns): [1000.]
INFO:root:PoissonIntervalGenerator: Genrate Byteload Intervals:
target_mean_ns=1000
min_interval_ns=1
max_interval_ns=10000
num_intervals=75
num_samples_needed=1
DEBUG:root:Step 1) λ solving for mean=1000 is 0.001000
DEBUG:root:Generated samples: shape=(1, 75)
DEBUG:root:Step 2) Generated 1 samples, taking first 1 samples needed
DEBUG:root:sample unique means (ns): [1000.]
INFO:__main__:Protos tested: ['SSIRD', 'DCTCP-50']
INFO:__main__:Topo Yaml File: 10-hosts-dumbbell.yaml
INFO:__main__:Src-Dst pairs list: [(1, 0), (2, 0), (3, 0), (4, 0), (5, 0), (6, 0), (7, 0), (8, 0), (9, 0)]
INFO:__main__:Num Flows: 8
INFO:__main__:Byteload Size (B): 1560
INFO:__main__:Target Mean Byteload Interval (ns): 1000
INFO:__main__:  is_use_poisson_byteload_intervals=True
INFO:__main__:Target Mean Flow Interarrival (ns): 1000
INFO:__main__:  is_use_poisson_flow_interarr=True
INFO:__main__:Target Flow Rate (Gbps): 12.479999999999999
INFO:__main__:Num Byteloads: [46, 418, 232, 257, 460, 410, 621, 76]
INFO:__main__:  is_use_poisson_num_byteloads=True
INFO:__main__:Flow Start Times (us): [1.079, 1.676, 2.507, 2.508, 3.118, 3.796, 3.828, 4.507]
INFO:__main__:Flow Rate (Gbps): [12.48, 12.48, 12.48, 12.48, 12.48, 12.48, 12.48, 12.48]
INFO:__main__:Flow Size (B): [71760, 652080, 361920, 400920, 717600, 639600, 968760, 118560]
INFO:__main__:Flow Send Durations (us): [46.079, 418.676, 233.507, 258.508, 462.118, 412.796, 623.828, 79.507]
INFO:__main__:Flow Min Byteload Size (B): [1560, 1560, 1560, 1560, 1560, 1560, 1560, 1560]
INFO:__main__:Flow Max Byteload Size (B): [1560, 1560, 1560, 1560, 1560, 1560, 1560, 1560]
INFO:__main__:Flow Min Interval (us): [0.038, 0.004, 0.004, 0.005, 0.003, 0.004, 0.003, 0.024]
INFO:__main__:Flow Max Interval (us): [3.305, 5.927, 7.601, 5.792, 5.781, 5.709, 6.09, 3.572]
DEBUG:__main__:Max flow send durations (us): 623.828
INFO:__main__:* Sim duration (SSIRD): [0.1]
INFO:__main__:* Sim duration (DCTCP): [0.1]
INFO:dale_experiment_rig:Experiment started at: 2025-08-12 18:38:02.222095
INFO:dale_experiment_rig:
##### RUN GROUP #####
INFO:dale_experiment_rig:
=====
Execute experiment 8flo-12Gbps-1560B-1000ns-2025-08-12T_18-37-26Z_incast_poisson_9to1_8flo_1560B_1us_99pt84Gbps
INFO:dale_experiment_rig:Flags: 1, 1, 1, 1, 0
INFO:dale_experiment_rig:
=====
Execute experiment 8flo-12Gbps-1560B-1000ns-2025-08-12T_18-37-26Z_incast_poisson_9to1_8flo_1560B_1us_99pt84Gbps
INFO:dale_experiment_rig:ssird_sim_duration=0.100000; dctcp_sim_duration=0.100000
INFO:dale_experiment_rig:Flags: 1, 1, 1, 1, 0
INFO:dale_experiment_rig:-----
Preparing experiment input MRIs
INFO:dale_experiment_rig:ssird_sim_duration=0.100000; dctcp_sim_duration=0.100000
INFO:dale_experiment_rig:### Creating MRI inputs parent dir: /data/dh1723/SIRD-Simulator/scripts/r2p2/coord/config/manual-req-intervals/dale_experiments/Poisson_Flows_incast_poisson_9to1_8flo_1560B_1us_99pt84Gbps/
INFO:dale_experiment_rig:-----
Preparing experiment input MRIs
INFO:dale_experiment_rig:File /data/dh1723/SIRD-Simulator/scripts/r2p2/coord/config/manual-req-intervals/dale_experiments/Poisson_Flows_incast_poisson_9to1_8flo_1560B_1us_99pt84Gbps/ aready exists.
INFO:dale_experiment_rig:### Creating MRI inputs parent dir: /data/dh1723/SIRD-Simulator/scripts/r2p2/coord/config/manual-req-intervals/dale_experiments/Poisson_Flows_incast_poisson_9to1_8flo_1560B_1us_99pt84Gbps/
DEBUG:dale_experiment_rig:num flows: 8
INFO:dale_experiment_rig:File /data/dh1723/SIRD-Simulator/scripts/r2p2/coord/config/manual-req-intervals/dale_experiments/Poisson_Flows_incast_poisson_9to1_8flo_1560B_1us_99pt84Gbps/ aready exists.
DEBUG:dale_experiment_rig:num flows: 8
DEBUG:dale_experiment_rig:num flows: 8
DEBUG:dale_experiment_rig:num flows: 8
DEBUG:dale_experiment_rig:num flows: 8
DEBUG:dale_experiment_rig:num flows: 8
DEBUG:dale_experiment_rig:num flows: 8
DEBUG:dale_experiment_rig:num flows: 8
DEBUG:dale_experiment_rig:num flows: 8
DEBUG:dale_experiment_rig:num flows: 8
DEBUG:dale_experiment_rig:num flows: 8
DEBUG:dale_experiment_rig:num flows: 8
DEBUG:dale_experiment_rig:num flows: 8
DEBUG:dale_experiment_rig:num flows: 8
DEBUG:dale_experiment_rig:num flows: 8
DEBUG:dale_experiment_rig:num flows: 8
DEBUG:dale_experiment_rig:num flows: 8
DEBUG:dale_experiment_rig:num flows: 8
INFO:dale_experiment_rig:-----
Preparing experiment spec scripts
INFO:dale_experiment_rig:-----
Preparing experiment spec scripts
INFO:dale_experiment_rig:### Creating spec scripts parent dir: /data/dh1723/SIRD-Simulator/scripts/r2p2/coord/config/dale_experiments/Poisson_Flows_incast_poisson_9to1_8flo_1560B_1us_99pt84Gbps/
INFO:dale_experiment_rig:### Creating spec scripts parent dir: /data/dh1723/SIRD-Simulator/scripts/r2p2/coord/config/dale_experiments/Poisson_Flows_incast_poisson_9to1_8flo_1560B_1us_99pt84Gbps/
INFO:dale_experiment_rig:#### WARNING: File /data/dh1723/SIRD-Simulator/scripts/r2p2/coord/config/dale_experiments/Poisson_Flows_incast_poisson_9to1_8flo_1560B_1us_99pt84Gbps/ aready exists.
INFO:dale_experiment_rig:#### WARNING: File /data/dh1723/SIRD-Simulator/scripts/r2p2/coord/config/dale_experiments/Poisson_Flows_incast_poisson_9to1_8flo_1560B_1us_99pt84Gbps/ aready exists.
INFO:dale_experiment_rig:-----
Running experiment for SSIRD
INFO:dale_experiment_rig:### Script:/data/dh1723/SIRD-Simulator/scripts/r2p2/coord/config/dale_experiments/Poisson_Flows_incast_poisson_9to1_8flo_1560B_1us_99pt84Gbps/SSIRD-8flo-12Gbps-1560B-1000ns-2025-08-12T_18-37-26Z_incast_poisson_9to1_8flo_1560B_1us_99pt84Gbps.sh
INFO:dale_experiment_rig:### Output path (stdout): /data/dh1723/SIRD-Simulator/scripts/r2p2/coord/outputs/Poisson_Flows_incast_poisson_9to1_8flo_1560B_1us_99pt84Gbps/ssird_8flo-12Gbps-1560B-1000ns-2025-08-12T_18-37-26Z_incast_poisson_9to1_8flo_1560B_1us_99pt84Gbps_stdout.out
INFO:dale_experiment_rig:### Output path (stderr): /data/dh1723/SIRD-Simulator/scripts/r2p2/coord/outputs/Poisson_Flows_incast_poisson_9to1_8flo_1560B_1us_99pt84Gbps/ssird_8flo-12Gbps-1560B-1000ns-2025-08-12T_18-37-26Z_incast_poisson_9to1_8flo_1560B_1us_99pt84Gbps_stderr.out
INFO:dale_experiment_rig:-----
Running experiment for DCTCP-50
INFO:dale_experiment_rig:### Script:/data/dh1723/SIRD-Simulator/scripts/r2p2/coord/config/dale_experiments/Poisson_Flows_incast_poisson_9to1_8flo_1560B_1us_99pt84Gbps/DCTCP-50-8flo-12Gbps-1560B-1000ns-2025-08-12T_18-37-26Z_incast_poisson_9to1_8flo_1560B_1us_99pt84Gbps.sh
INFO:dale_experiment_rig:### Output path (stdout): /data/dh1723/SIRD-Simulator/scripts/r2p2/coord/outputs/Poisson_Flows_incast_poisson_9to1_8flo_1560B_1us_99pt84Gbps/DCTCP-50_8flo-12Gbps-1560B-1000ns-2025-08-12T_18-37-26Z_incast_poisson_9to1_8flo_1560B_1us_99pt84Gbps_stdout.out
INFO:dale_experiment_rig:### Output path (stderr): /data/dh1723/SIRD-Simulator/scripts/r2p2/coord/outputs/Poisson_Flows_incast_poisson_9to1_8flo_1560B_1us_99pt84Gbps/DCTCP-50_8flo-12Gbps-1560B-1000ns-2025-08-12T_18-37-26Z_incast_poisson_9to1_8flo_1560B_1us_99pt84Gbps_stderr.out
INFO:dale_experiment_rig:-----
Backing up app trace file paths
DEBUG:dale_experiment_rig:/data/dh1723/SIRD-Simulator/scripts/r2p2/post-process/experiment_app_trace_paths/Poisson_Flows_incast_poisson_9to1_8flo_1560B_1us_99pt84Gbps/8flo_12Gbps_2025-08-13T_16-09-24Z/SSIRD_app_traces.txt
INFO:dale_experiment_rig:-----
Backing up app trace file paths
DEBUG:dale_experiment_rig:/data/dh1723/SIRD-Simulator/scripts/r2p2/post-process/experiment_app_trace_paths/Poisson_Flows_incast_poisson_9to1_8flo_1560B_1us_99pt84Gbps/8flo_12Gbps_2025-08-13T_16-09-24Z/DCTCP-50_app_traces.txt
INFO:dale_experiment_rig:Simulations ended at: 2025-08-13 16:09:24.680143
INFO:dale_experiment_rig:
##### POST PROCESS RESULTS #####
INFO:dale_experiment_rig:=====
** Num Flows: 8, Target Flow Rate (Gbps): 12.479999999999999, ssird_sim_dur (s): 0.1, dctcp_sim_dur (s): 0.1
INFO:dale_experiment_rig:Processing SIRD results exp_id 0:: 8flo-12.479999999999999Gbps_target
INFO:dale_experiment_rig:Processing results from /data/dh1723/SIRD-Simulator/scripts/r2p2/coord/results/SSIRD-8flo-12Gbps-1560B-1000ns-2025-08-12T_18-37-26Z_incast_poisson_9to1_8flo_1560B_1us_99pt84Gbps/data/SSIRD/60/applications_trace.str
INFO:dale_experiment_rig:Flow 0:: num of byteloads: 46, num srq events: 46, num rrq events: 1
DEBUG:dale_experiment_rig:Flow 0:: first_event_name: srq, final_event_name: rrq, expected_data_B: 71760, recv_data_B: 71760
INFO:dale_experiment_rig:Flow 1:: num of byteloads: 418, num srq events: 418, num rrq events: 1
DEBUG:dale_experiment_rig:Flow 1:: first_event_name: srq, final_event_name: rrq, expected_data_B: 652080, recv_data_B: 652080
INFO:dale_experiment_rig:Flow 2:: num of byteloads: 232, num srq events: 232, num rrq events: 1
DEBUG:dale_experiment_rig:Flow 2:: first_event_name: srq, final_event_name: rrq, expected_data_B: 361920, recv_data_B: 361920
INFO:dale_experiment_rig:Flow 3:: num of byteloads: 257, num srq events: 257, num rrq events: 1
DEBUG:dale_experiment_rig:Flow 3:: first_event_name: srq, final_event_name: rrq, expected_data_B: 400920, recv_data_B: 400920
INFO:dale_experiment_rig:Flow 4:: num of byteloads: 460, num srq events: 460, num rrq events: 1
DEBUG:dale_experiment_rig:Flow 4:: first_event_name: srq, final_event_name: rrq, expected_data_B: 717600, recv_data_B: 717600
INFO:dale_experiment_rig:Flow 5:: num of byteloads: 410, num srq events: 410, num rrq events: 2
DEBUG:dale_experiment_rig:Flow 5:: first_event_name: srq, final_event_name: rrq, expected_data_B: 639600, recv_data_B: 639600
INFO:dale_experiment_rig:Flow 6:: num of byteloads: 621, num srq events: 621, num rrq events: 1
DEBUG:dale_experiment_rig:Flow 6:: first_event_name: srq, final_event_name: rrq, expected_data_B: 968760, recv_data_B: 968760
INFO:dale_experiment_rig:Flow 7:: num of byteloads: 76, num srq events: 76, num rrq events: 1
DEBUG:dale_experiment_rig:Flow 7:: first_event_name: srq, final_event_name: rrq, expected_data_B: 118560, recv_data_B: 118560
INFO:dale_experiment_rig:Flow 0:: num of byteloads: 46, num srq events: 46, num rrq events: 1
DEBUG:dale_experiment_rig:Flow 0:: first_event_name: srq, final_event_name: rrq, expected_data_B: 71760, recv_data_B: 71760
INFO:dale_experiment_rig:Flow 1:: num of byteloads: 418, num srq events: 418, num rrq events: 1
DEBUG:dale_experiment_rig:Flow 1:: first_event_name: srq, final_event_name: rrq, expected_data_B: 652080, recv_data_B: 652080
INFO:dale_experiment_rig:Flow 2:: num of byteloads: 232, num srq events: 232, num rrq events: 1
DEBUG:dale_experiment_rig:Flow 2:: first_event_name: srq, final_event_name: rrq, expected_data_B: 361920, recv_data_B: 361920
INFO:dale_experiment_rig:Flow 3:: num of byteloads: 257, num srq events: 257, num rrq events: 1
DEBUG:dale_experiment_rig:Flow 3:: first_event_name: srq, final_event_name: rrq, expected_data_B: 400920, recv_data_B: 400920
INFO:dale_experiment_rig:Flow 4:: num of byteloads: 460, num srq events: 460, num rrq events: 1
DEBUG:dale_experiment_rig:Flow 4:: first_event_name: srq, final_event_name: rrq, expected_data_B: 717600, recv_data_B: 717600
INFO:dale_experiment_rig:Flow 5:: num of byteloads: 410, num srq events: 410, num rrq events: 1
DEBUG:dale_experiment_rig:Flow 5:: first_event_name: srq, final_event_name: rrq, expected_data_B: 639600, recv_data_B: 639600
INFO:dale_experiment_rig:Flow 6:: num of byteloads: 621, num srq events: 621, num rrq events: 2
DEBUG:dale_experiment_rig:Flow 6:: first_event_name: srq, final_event_name: rrq, expected_data_B: 968760, recv_data_B: 968760
INFO:dale_experiment_rig:Flow 7:: num of byteloads: 76, num srq events: 76, num rrq events: 1
DEBUG:dale_experiment_rig:Flow 7:: first_event_name: srq, final_event_name: rrq, expected_data_B: 118560, recv_data_B: 118560
INFO:dale_experiment_rig:Flow 0:: num of byteloads: 46, num srq events: 46, num rrq events: 1
DEBUG:dale_experiment_rig:Flow 0:: first_event_name: srq, final_event_name: rrq, expected_data_B: 71760, recv_data_B: 71760
INFO:dale_experiment_rig:Flow 1:: num of byteloads: 418, num srq events: 418, num rrq events: 1
DEBUG:dale_experiment_rig:Flow 1:: first_event_name: srq, final_event_name: rrq, expected_data_B: 652080, recv_data_B: 652080
INFO:dale_experiment_rig:Flow 2:: num of byteloads: 232, num srq events: 232, num rrq events: 1
DEBUG:dale_experiment_rig:Flow 2:: first_event_name: srq, final_event_name: rrq, expected_data_B: 361920, recv_data_B: 361920
INFO:dale_experiment_rig:Flow 3:: num of byteloads: 257, num srq events: 257, num rrq events: 1
DEBUG:dale_experiment_rig:Flow 3:: first_event_name: srq, final_event_name: rrq, expected_data_B: 400920, recv_data_B: 400920
INFO:dale_experiment_rig:Flow 4:: num of byteloads: 460, num srq events: 460, num rrq events: 1
DEBUG:dale_experiment_rig:Flow 4:: first_event_name: srq, final_event_name: rrq, expected_data_B: 717600, recv_data_B: 717600
INFO:dale_experiment_rig:Flow 5:: num of byteloads: 410, num srq events: 410, num rrq events: 1
DEBUG:dale_experiment_rig:Flow 5:: first_event_name: srq, final_event_name: rrq, expected_data_B: 639600, recv_data_B: 639600
INFO:dale_experiment_rig:Flow 6:: num of byteloads: 621, num srq events: 621, num rrq events: 1
DEBUG:dale_experiment_rig:Flow 6:: first_event_name: srq, final_event_name: rrq, expected_data_B: 968760, recv_data_B: 968760
INFO:dale_experiment_rig:Flow 7:: num of byteloads: 76, num srq events: 76, num rrq events: 1
DEBUG:dale_experiment_rig:Flow 7:: first_event_name: srq, final_event_name: rrq, expected_data_B: 118560, recv_data_B: 118560
INFO:dale_experiment_rig:Flow 0:: num of byteloads: 46, num srq events: 46, num rrq events: 1
DEBUG:dale_experiment_rig:Flow 0:: first_event_name: srq, final_event_name: rrq, expected_data_B: 71760, recv_data_B: 71760
INFO:dale_experiment_rig:Flow 1:: num of byteloads: 418, num srq events: 418, num rrq events: 1
DEBUG:dale_experiment_rig:Flow 1:: first_event_name: srq, final_event_name: rrq, expected_data_B: 652080, recv_data_B: 652080
INFO:dale_experiment_rig:Flow 2:: num of byteloads: 232, num srq events: 232, num rrq events: 1
DEBUG:dale_experiment_rig:Flow 2:: first_event_name: srq, final_event_name: rrq, expected_data_B: 361920, recv_data_B: 361920
INFO:dale_experiment_rig:Flow 3:: num of byteloads: 257, num srq events: 257, num rrq events: 1
DEBUG:dale_experiment_rig:Flow 3:: first_event_name: srq, final_event_name: rrq, expected_data_B: 400920, recv_data_B: 400920
INFO:dale_experiment_rig:Flow 4:: num of byteloads: 460, num srq events: 460, num rrq events: 1
DEBUG:dale_experiment_rig:Flow 4:: first_event_name: srq, final_event_name: rrq, expected_data_B: 717600, recv_data_B: 717600
INFO:dale_experiment_rig:Flow 5:: num of byteloads: 410, num srq events: 410, num rrq events: 1
DEBUG:dale_experiment_rig:Flow 5:: first_event_name: srq, final_event_name: rrq, expected_data_B: 639600, recv_data_B: 639600
INFO:dale_experiment_rig:Flow 6:: num of byteloads: 621, num srq events: 621, num rrq events: 4
DEBUG:dale_experiment_rig:Flow 6:: first_event_name: srq, final_event_name: rrq, expected_data_B: 968760, recv_data_B: 968760
INFO:dale_experiment_rig:Flow 7:: num of byteloads: 76, num srq events: 76, num rrq events: 1
DEBUG:dale_experiment_rig:Flow 7:: first_event_name: srq, final_event_name: rrq, expected_data_B: 118560, recv_data_B: 118560
INFO:dale_experiment_rig:Flow 0:: num of byteloads: 46, num srq events: 46, num rrq events: 1
DEBUG:dale_experiment_rig:Flow 0:: first_event_name: srq, final_event_name: rrq, expected_data_B: 71760, recv_data_B: 71760
INFO:dale_experiment_rig:Flow 1:: num of byteloads: 418, num srq events: 418, num rrq events: 1
DEBUG:dale_experiment_rig:Flow 1:: first_event_name: srq, final_event_name: rrq, expected_data_B: 652080, recv_data_B: 652080
INFO:dale_experiment_rig:Flow 2:: num of byteloads: 232, num srq events: 232, num rrq events: 1
DEBUG:dale_experiment_rig:Flow 2:: first_event_name: srq, final_event_name: rrq, expected_data_B: 361920, recv_data_B: 361920
INFO:dale_experiment_rig:Flow 3:: num of byteloads: 257, num srq events: 257, num rrq events: 1
DEBUG:dale_experiment_rig:Flow 3:: first_event_name: srq, final_event_name: rrq, expected_data_B: 400920, recv_data_B: 400920
INFO:dale_experiment_rig:Flow 4:: num of byteloads: 460, num srq events: 460, num rrq events: 1
DEBUG:dale_experiment_rig:Flow 4:: first_event_name: srq, final_event_name: rrq, expected_data_B: 717600, recv_data_B: 717600
INFO:dale_experiment_rig:Flow 5:: num of byteloads: 410, num srq events: 410, num rrq events: 1
DEBUG:dale_experiment_rig:Flow 5:: first_event_name: srq, final_event_name: rrq, expected_data_B: 639600, recv_data_B: 639600
INFO:dale_experiment_rig:Flow 6:: num of byteloads: 621, num srq events: 621, num rrq events: 1
DEBUG:dale_experiment_rig:Flow 6:: first_event_name: srq, final_event_name: rrq, expected_data_B: 968760, recv_data_B: 968760
INFO:dale_experiment_rig:Flow 7:: num of byteloads: 76, num srq events: 76, num rrq events: 1
DEBUG:dale_experiment_rig:Flow 7:: first_event_name: srq, final_event_name: rrq, expected_data_B: 118560, recv_data_B: 118560
INFO:dale_experiment_rig:Flow 0:: num of byteloads: 46, num srq events: 46, num rrq events: 1
DEBUG:dale_experiment_rig:Flow 0:: first_event_name: srq, final_event_name: rrq, expected_data_B: 71760, recv_data_B: 71760
INFO:dale_experiment_rig:Flow 1:: num of byteloads: 418, num srq events: 418, num rrq events: 1
DEBUG:dale_experiment_rig:Flow 1:: first_event_name: srq, final_event_name: rrq, expected_data_B: 652080, recv_data_B: 652080
INFO:dale_experiment_rig:Flow 2:: num of byteloads: 232, num srq events: 232, num rrq events: 1
DEBUG:dale_experiment_rig:Flow 2:: first_event_name: srq, final_event_name: rrq, expected_data_B: 361920, recv_data_B: 361920
INFO:dale_experiment_rig:Flow 3:: num of byteloads: 257, num srq events: 257, num rrq events: 1
DEBUG:dale_experiment_rig:Flow 3:: first_event_name: srq, final_event_name: rrq, expected_data_B: 400920, recv_data_B: 400920
INFO:dale_experiment_rig:Flow 4:: num of byteloads: 460, num srq events: 460, num rrq events: 1
DEBUG:dale_experiment_rig:Flow 4:: first_event_name: srq, final_event_name: rrq, expected_data_B: 717600, recv_data_B: 717600
INFO:dale_experiment_rig:Flow 5:: num of byteloads: 410, num srq events: 410, num rrq events: 1
DEBUG:dale_experiment_rig:Flow 5:: first_event_name: srq, final_event_name: rrq, expected_data_B: 639600, recv_data_B: 639600
INFO:dale_experiment_rig:Flow 6:: num of byteloads: 621, num srq events: 621, num rrq events: 1
DEBUG:dale_experiment_rig:Flow 6:: first_event_name: srq, final_event_name: rrq, expected_data_B: 968760, recv_data_B: 968760
INFO:dale_experiment_rig:Flow 7:: num of byteloads: 76, num srq events: 76, num rrq events: 1
DEBUG:dale_experiment_rig:Flow 7:: first_event_name: srq, final_event_name: rrq, expected_data_B: 118560, recv_data_B: 118560
INFO:dale_experiment_rig:Flow 0:: num of byteloads: 46, num srq events: 46, num rrq events: 1
DEBUG:dale_experiment_rig:Flow 0:: first_event_name: srq, final_event_name: rrq, expected_data_B: 71760, recv_data_B: 71760
INFO:dale_experiment_rig:Flow 1:: num of byteloads: 418, num srq events: 418, num rrq events: 1
DEBUG:dale_experiment_rig:Flow 1:: first_event_name: srq, final_event_name: rrq, expected_data_B: 652080, recv_data_B: 652080
INFO:dale_experiment_rig:Flow 2:: num of byteloads: 232, num srq events: 232, num rrq events: 1
DEBUG:dale_experiment_rig:Flow 2:: first_event_name: srq, final_event_name: rrq, expected_data_B: 361920, recv_data_B: 361920
INFO:dale_experiment_rig:Flow 3:: num of byteloads: 257, num srq events: 257, num rrq events: 1
DEBUG:dale_experiment_rig:Flow 3:: first_event_name: srq, final_event_name: rrq, expected_data_B: 400920, recv_data_B: 400920
INFO:dale_experiment_rig:Flow 4:: num of byteloads: 460, num srq events: 460, num rrq events: 1
DEBUG:dale_experiment_rig:Flow 4:: first_event_name: srq, final_event_name: rrq, expected_data_B: 717600, recv_data_B: 717600
INFO:dale_experiment_rig:Flow 5:: num of byteloads: 410, num srq events: 410, num rrq events: 1
DEBUG:dale_experiment_rig:Flow 5:: first_event_name: srq, final_event_name: rrq, expected_data_B: 639600, recv_data_B: 639600
INFO:dale_experiment_rig:Flow 6:: num of byteloads: 621, num srq events: 621, num rrq events: 1
DEBUG:dale_experiment_rig:Flow 6:: first_event_name: srq, final_event_name: rrq, expected_data_B: 968760, recv_data_B: 968760
INFO:dale_experiment_rig:Flow 7:: num of byteloads: 76, num srq events: 76, num rrq events: 1
DEBUG:dale_experiment_rig:Flow 7:: first_event_name: srq, final_event_name: rrq, expected_data_B: 118560, recv_data_B: 118560
INFO:dale_experiment_rig:Flow 0:: num of byteloads: 46, num srq events: 46, num rrq events: 1
DEBUG:dale_experiment_rig:Flow 0:: first_event_name: srq, final_event_name: rrq, expected_data_B: 71760, recv_data_B: 71760
INFO:dale_experiment_rig:Flow 1:: num of byteloads: 418, num srq events: 418, num rrq events: 1
DEBUG:dale_experiment_rig:Flow 1:: first_event_name: srq, final_event_name: rrq, expected_data_B: 652080, recv_data_B: 652080
INFO:dale_experiment_rig:Flow 2:: num of byteloads: 232, num srq events: 232, num rrq events: 1
DEBUG:dale_experiment_rig:Flow 2:: first_event_name: srq, final_event_name: rrq, expected_data_B: 361920, recv_data_B: 361920
INFO:dale_experiment_rig:Flow 3:: num of byteloads: 257, num srq events: 257, num rrq events: 1
DEBUG:dale_experiment_rig:Flow 3:: first_event_name: srq, final_event_name: rrq, expected_data_B: 400920, recv_data_B: 400920
INFO:dale_experiment_rig:Flow 4:: num of byteloads: 460, num srq events: 460, num rrq events: 1
DEBUG:dale_experiment_rig:Flow 4:: first_event_name: srq, final_event_name: rrq, expected_data_B: 717600, recv_data_B: 717600
INFO:dale_experiment_rig:Flow 5:: num of byteloads: 410, num srq events: 410, num rrq events: 1
DEBUG:dale_experiment_rig:Flow 5:: first_event_name: srq, final_event_name: rrq, expected_data_B: 639600, recv_data_B: 639600
INFO:dale_experiment_rig:Flow 6:: num of byteloads: 621, num srq events: 621, num rrq events: 5
DEBUG:dale_experiment_rig:Flow 6:: first_event_name: srq, final_event_name: rrq, expected_data_B: 968760, recv_data_B: 968760
INFO:dale_experiment_rig:Flow 7:: num of byteloads: 76, num srq events: 76, num rrq events: 1
DEBUG:dale_experiment_rig:Flow 7:: first_event_name: srq, final_event_name: rrq, expected_data_B: 118560, recv_data_B: 118560
INFO:dale_experiment_rig:Flow 0:: num of byteloads: 46, num srq events: 46, num rrq events: 1
DEBUG:dale_experiment_rig:Flow 0:: first_event_name: srq, final_event_name: rrq, expected_data_B: 71760, recv_data_B: 71760
INFO:dale_experiment_rig:Flow 1:: num of byteloads: 418, num srq events: 418, num rrq events: 1
DEBUG:dale_experiment_rig:Flow 1:: first_event_name: srq, final_event_name: rrq, expected_data_B: 652080, recv_data_B: 652080
INFO:dale_experiment_rig:Flow 2:: num of byteloads: 232, num srq events: 232, num rrq events: 1
DEBUG:dale_experiment_rig:Flow 2:: first_event_name: srq, final_event_name: rrq, expected_data_B: 361920, recv_data_B: 361920
INFO:dale_experiment_rig:Flow 3:: num of byteloads: 257, num srq events: 257, num rrq events: 1
DEBUG:dale_experiment_rig:Flow 3:: first_event_name: srq, final_event_name: rrq, expected_data_B: 400920, recv_data_B: 400920
INFO:dale_experiment_rig:Flow 4:: num of byteloads: 460, num srq events: 460, num rrq events: 1
DEBUG:dale_experiment_rig:Flow 4:: first_event_name: srq, final_event_name: rrq, expected_data_B: 717600, recv_data_B: 717600
INFO:dale_experiment_rig:Flow 5:: num of byteloads: 410, num srq events: 410, num rrq events: 1
DEBUG:dale_experiment_rig:Flow 5:: first_event_name: srq, final_event_name: rrq, expected_data_B: 639600, recv_data_B: 639600
INFO:dale_experiment_rig:Flow 6:: num of byteloads: 621, num srq events: 621, num rrq events: 3
DEBUG:dale_experiment_rig:Flow 6:: first_event_name: srq, final_event_name: rrq, expected_data_B: 968760, recv_data_B: 968760
INFO:dale_experiment_rig:Flow 7:: num of byteloads: 76, num srq events: 76, num rrq events: 1
DEBUG:dale_experiment_rig:Flow 7:: first_event_name: srq, final_event_name: rrq, expected_data_B: 118560, recv_data_B: 118560
INFO:dale_experiment_rig:SSIRD FCT (ms): [0.0005608840000004278, 0.0025574030000008463, 0.0010088789999986858, 0.0012148499999984352, 0.002815778000000435, 0.001335451999999293, 0.002973072999999715, 0.00083808200000135, 0.00036048800000010317, 0.002127246000000582, 0.0010369350000001276, 0.0013983529999990196, 0.0028108309999996806, 0.001557670999998706, 0.0006266440000004536, 0.0006387760000006182, 0.0005423340000003662, 0.0026362010000013925, 0.0009977330000001672, 0.0016245709999989089, 0.0028696979999995875, 0.002084827999999206, 0.0030439070000003454, 0.0008631250000004087, 0.0003004430000004277, 0.0020128590000005886, 0.0007013080000000116, 0.0009914029999986695, 0.0025506010000011514, 0.001613243999999625, 0.0006300990000003281, 0.0004827410000007859, 0.0004115970000011515, 0.001962790000000325, 0.0008344469999990167, 0.0012869609999999199, 0.0024994259999999713, 0.0014483579999993168, 0.00328861100000033, 0.000662306000000612, 0.00042478199999962385, 0.0019028450000000419, 0.0007993629999987206, 0.001171918999999022, 0.0024298179999995284, 0.001508312999998651, 0.003218829999999784, 0.0005545990000008771, 0.00046987800000053426, 0.0018452710000005368, 0.0011083640000002504, 0.0012554569999991827, 0.002369024000000053, 0.001390857999998829, 0.003133838000000111, 0.0008053380000010435, 0.00032930000000064297, 0.0021965130000012323, 0.0007333410000001095, 0.0010296409999988043, 0.002689337999999708, 0.0017339779999989702, 0.0006302360000010054, 0.0005155450000007278, 0.0002648189999998607, 0.002079518000000391, 0.0007660769999997541, 0.001069392999999863, 0.002621967999999697, 0.0016733429999984395, 0.0006325750000009123, 0.0005382800000006682]
App Gdpt (overall): 454.49116738868497 Gbps
App Gdpt (per flow): [12.479999999979823, 12.479999999983367, 12.480000000031007, 12.480000000074117, 12.479999999970163, 12.480000000017162, 12.480000000007632, 12.479999999881294, 12.479999999979823, 12.479999999983367, 12.480000000031007, 12.480000000074117, 12.479999999970163, 12.480000000017162, 12.480000000007632, 12.479999999881294, 12.479999999979823, 12.479999999983367, 12.480000000031007, 12.480000000074117, 12.479999999970163, 12.480000000017162, 12.480000000007632, 12.479999999881294, 12.479999999979823, 12.479999999983367, 12.480000000031007, 12.480000000074117, 12.479999999970163, 12.480000000017162, 12.480000000007632, 12.479999999881294, 12.479999999979823, 12.479999999983367, 12.480000000031007, 12.480000000074117, 12.479999999970163, 12.480000000017162, 12.480000000007632, 12.479999999881294, 12.479999999979823, 12.479999999983367, 12.480000000031007, 12.480000000074117, 12.479999999970163, 12.480000000017162, 12.480000000007632, 12.479999999881294, 12.479999999979823, 12.479999999983367, 12.480000000031007, 12.480000000074117, 12.479999999970163, 12.480000000017162, 12.480000000007632, 12.479999999881294, 12.479999999979823, 12.479999999983367, 12.480000000031007, 12.480000000074117, 12.479999999970163, 12.480000000017162, 12.480000000007632, 12.479999999881294, 12.479999999979823, 12.479999999983367, 12.480000000031007, 12.480000000074117, 12.479999999970163, 12.480000000017162, 12.480000000007632, 12.479999999881294]
Network Gdpt (overall): 85.9967915998143
Network Gdpt (per flow): [1.0235271464323499, 2.039819301063725, 2.8698783501329412, 2.6401284109183285, 2.0387970926682124, 3.831511727866452, 2.6067573853722203, 1.131726967049134, 1.5925079336894312, 2.4522974775830217, 2.792229021105126, 2.293669767220615, 2.042385330174832, 3.284904193507006, 12.367596274749923, 1.484839756031977, 1.0585358837904544, 1.978847591665903, 2.9019386950211277, 1.9742812102408294, 2.0004892500886244, 2.4543031847240875, 2.5460961849357164, 1.098890658942275, 1.910778417201209, 2.5916569416926247, 4.128514147849379, 3.2351727803973804, 2.2507636435480927, 3.171745873532578, 12.299781462906566, 1.9647802859058086, 1.3947623524913786, 2.657767769348293, 3.4697949660115164, 2.4921967332344956, 2.296847356152999, 3.5328282096017793, 2.3566423635994718, 1.4320872829162405, 1.3514696950447722, 2.7414949720023887, 3.6220840844580424, 2.7368444406163537, 2.3626460911891813, 3.392399322955233, 2.407732002000889, 1.7102086372288805, 1.221763947235979, 2.827031910217243, 2.6122826075182397, 2.5547350486731832, 2.4232764210070785, 3.6788802307671293, 2.473031471314001, 1.1777415197082108, 1.7433343455781327, 2.3749643184434026, 3.948176905422672, 3.115027470743419, 2.1346517246997676, 2.950902491267501, 12.297107750093039, 1.839761805465403, 2.167820284799437, 2.508581315477442, 3.7794634220854166, 2.9992341449779554, 2.189500405802307, 3.057830940820126, 12.251638145656758, 1.7620569220458175]
INFO:dale_experiment_rig:Processing DCTCP results exp_id 0:: 8flo-12.479999999999999Gbps_target
INFO:dale_experiment_rig:Processing results from /data/dh1723/SIRD-Simulator/scripts/r2p2/coord/results/DCTCP-50-8flo-12Gbps-1560B-1000ns-2025-08-12T_18-37-26Z_incast_poisson_9to1_8flo_1560B_1us_99pt84Gbps/data/DCTCP-50/60/applications_trace.str
INFO:dale_experiment_rig:Flow 0:: num of byteloads: 46, num srq events: 46, num rrq events: 1
DEBUG:dale_experiment_rig:Flow 0:: first_event_name: srq, final_event_name: rrq, expected_data_B: 71760, recv_data_B: 71760
INFO:dale_experiment_rig:Flow 1:: num of byteloads: 418, num srq events: 418, num rrq events: 1
DEBUG:dale_experiment_rig:Flow 1:: first_event_name: srq, final_event_name: rrq, expected_data_B: 652080, recv_data_B: 652080
INFO:dale_experiment_rig:Flow 2:: num of byteloads: 232, num srq events: 232, num rrq events: 1
DEBUG:dale_experiment_rig:Flow 2:: first_event_name: srq, final_event_name: rrq, expected_data_B: 361920, recv_data_B: 361920
INFO:dale_experiment_rig:Flow 3:: num of byteloads: 257, num srq events: 257, num rrq events: 1
DEBUG:dale_experiment_rig:Flow 3:: first_event_name: srq, final_event_name: rrq, expected_data_B: 400920, recv_data_B: 400920
INFO:dale_experiment_rig:Flow 4:: num of byteloads: 460, num srq events: 460, num rrq events: 1
DEBUG:dale_experiment_rig:Flow 4:: first_event_name: srq, final_event_name: rrq, expected_data_B: 717600, recv_data_B: 717600
INFO:dale_experiment_rig:Flow 5:: num of byteloads: 410, num srq events: 410, num rrq events: 1
DEBUG:dale_experiment_rig:Flow 5:: first_event_name: srq, final_event_name: rrq, expected_data_B: 639600, recv_data_B: 639600
INFO:dale_experiment_rig:Flow 6:: num of byteloads: 621, num srq events: 621, num rrq events: 1
DEBUG:dale_experiment_rig:Flow 6:: first_event_name: srq, final_event_name: rrq, expected_data_B: 968760, recv_data_B: 968760
INFO:dale_experiment_rig:Flow 7:: num of byteloads: 76, num srq events: 76, num rrq events: 1
DEBUG:dale_experiment_rig:Flow 7:: first_event_name: srq, final_event_name: rrq, expected_data_B: 118560, recv_data_B: 118560
INFO:dale_experiment_rig:Flow 0:: num of byteloads: 46, num srq events: 46, num rrq events: 1
DEBUG:dale_experiment_rig:Flow 0:: first_event_name: srq, final_event_name: rrq, expected_data_B: 71760, recv_data_B: 71760
INFO:dale_experiment_rig:Flow 1:: num of byteloads: 418, num srq events: 418, num rrq events: 1
DEBUG:dale_experiment_rig:Flow 1:: first_event_name: srq, final_event_name: rrq, expected_data_B: 652080, recv_data_B: 652080
INFO:dale_experiment_rig:Flow 2:: num of byteloads: 232, num srq events: 232, num rrq events: 1
DEBUG:dale_experiment_rig:Flow 2:: first_event_name: srq, final_event_name: rrq, expected_data_B: 361920, recv_data_B: 361920
INFO:dale_experiment_rig:Flow 3:: num of byteloads: 257, num srq events: 257, num rrq events: 1
DEBUG:dale_experiment_rig:Flow 3:: first_event_name: srq, final_event_name: rrq, expected_data_B: 400920, recv_data_B: 400920
INFO:dale_experiment_rig:Flow 4:: num of byteloads: 460, num srq events: 460, num rrq events: 1
DEBUG:dale_experiment_rig:Flow 4:: first_event_name: srq, final_event_name: rrq, expected_data_B: 717600, recv_data_B: 717600
INFO:dale_experiment_rig:Flow 5:: num of byteloads: 410, num srq events: 410, num rrq events: 1
DEBUG:dale_experiment_rig:Flow 5:: first_event_name: srq, final_event_name: rrq, expected_data_B: 639600, recv_data_B: 639600
INFO:dale_experiment_rig:Flow 6:: num of byteloads: 621, num srq events: 621, num rrq events: 1
DEBUG:dale_experiment_rig:Flow 6:: first_event_name: srq, final_event_name: rrq, expected_data_B: 968760, recv_data_B: 968760
INFO:dale_experiment_rig:Flow 7:: num of byteloads: 76, num srq events: 76, num rrq events: 1
DEBUG:dale_experiment_rig:Flow 7:: first_event_name: srq, final_event_name: rrq, expected_data_B: 118560, recv_data_B: 118560
INFO:dale_experiment_rig:Flow 0:: num of byteloads: 46, num srq events: 46, num rrq events: 1
DEBUG:dale_experiment_rig:Flow 0:: first_event_name: srq, final_event_name: rrq, expected_data_B: 71760, recv_data_B: 71760
INFO:dale_experiment_rig:Flow 1:: num of byteloads: 418, num srq events: 418, num rrq events: 1
DEBUG:dale_experiment_rig:Flow 1:: first_event_name: srq, final_event_name: rrq, expected_data_B: 652080, recv_data_B: 652080
INFO:dale_experiment_rig:Flow 2:: num of byteloads: 232, num srq events: 232, num rrq events: 1
DEBUG:dale_experiment_rig:Flow 2:: first_event_name: srq, final_event_name: rrq, expected_data_B: 361920, recv_data_B: 361920
INFO:dale_experiment_rig:Flow 3:: num of byteloads: 257, num srq events: 257, num rrq events: 1
DEBUG:dale_experiment_rig:Flow 3:: first_event_name: srq, final_event_name: rrq, expected_data_B: 400920, recv_data_B: 400920
INFO:dale_experiment_rig:Flow 4:: num of byteloads: 460, num srq events: 460, num rrq events: 1
DEBUG:dale_experiment_rig:Flow 4:: first_event_name: srq, final_event_name: rrq, expected_data_B: 717600, recv_data_B: 717600
INFO:dale_experiment_rig:Flow 5:: num of byteloads: 410, num srq events: 410, num rrq events: 1
DEBUG:dale_experiment_rig:Flow 5:: first_event_name: srq, final_event_name: rrq, expected_data_B: 639600, recv_data_B: 639600
INFO:dale_experiment_rig:Flow 6:: num of byteloads: 621, num srq events: 621, num rrq events: 1
DEBUG:dale_experiment_rig:Flow 6:: first_event_name: srq, final_event_name: rrq, expected_data_B: 968760, recv_data_B: 968760
INFO:dale_experiment_rig:Flow 7:: num of byteloads: 76, num srq events: 76, num rrq events: 1
DEBUG:dale_experiment_rig:Flow 7:: first_event_name: srq, final_event_name: rrq, expected_data_B: 118560, recv_data_B: 118560
INFO:dale_experiment_rig:Flow 0:: num of byteloads: 46, num srq events: 46, num rrq events: 1
DEBUG:dale_experiment_rig:Flow 0:: first_event_name: srq, final_event_name: rrq, expected_data_B: 71760, recv_data_B: 71760
INFO:dale_experiment_rig:Flow 1:: num of byteloads: 418, num srq events: 418, num rrq events: 1
DEBUG:dale_experiment_rig:Flow 1:: first_event_name: srq, final_event_name: rrq, expected_data_B: 652080, recv_data_B: 652080
INFO:dale_experiment_rig:Flow 2:: num of byteloads: 232, num srq events: 232, num rrq events: 1
DEBUG:dale_experiment_rig:Flow 2:: first_event_name: srq, final_event_name: rrq, expected_data_B: 361920, recv_data_B: 361920
INFO:dale_experiment_rig:Flow 3:: num of byteloads: 257, num srq events: 257, num rrq events: 1
DEBUG:dale_experiment_rig:Flow 3:: first_event_name: srq, final_event_name: rrq, expected_data_B: 400920, recv_data_B: 400920
INFO:dale_experiment_rig:Flow 4:: num of byteloads: 460, num srq events: 460, num rrq events: 1
DEBUG:dale_experiment_rig:Flow 4:: first_event_name: srq, final_event_name: rrq, expected_data_B: 717600, recv_data_B: 717600
INFO:dale_experiment_rig:Flow 5:: num of byteloads: 410, num srq events: 410, num rrq events: 1
DEBUG:dale_experiment_rig:Flow 5:: first_event_name: srq, final_event_name: rrq, expected_data_B: 639600, recv_data_B: 639600
INFO:dale_experiment_rig:Flow 6:: num of byteloads: 621, num srq events: 621, num rrq events: 1
DEBUG:dale_experiment_rig:Flow 6:: first_event_name: srq, final_event_name: rrq, expected_data_B: 968760, recv_data_B: 968760
INFO:dale_experiment_rig:Flow 7:: num of byteloads: 76, num srq events: 76, num rrq events: 1
DEBUG:dale_experiment_rig:Flow 7:: first_event_name: srq, final_event_name: rrq, expected_data_B: 118560, recv_data_B: 118560
INFO:dale_experiment_rig:Flow 0:: num of byteloads: 46, num srq events: 46, num rrq events: 1
DEBUG:dale_experiment_rig:Flow 0:: first_event_name: srq, final_event_name: rrq, expected_data_B: 71760, recv_data_B: 71760
INFO:dale_experiment_rig:Flow 1:: num of byteloads: 418, num srq events: 418, num rrq events: 1
DEBUG:dale_experiment_rig:Flow 1:: first_event_name: srq, final_event_name: rrq, expected_data_B: 652080, recv_data_B: 652080
INFO:dale_experiment_rig:Flow 2:: num of byteloads: 232, num srq events: 232, num rrq events: 1
DEBUG:dale_experiment_rig:Flow 2:: first_event_name: srq, final_event_name: rrq, expected_data_B: 361920, recv_data_B: 361920
INFO:dale_experiment_rig:Flow 3:: num of byteloads: 257, num srq events: 257, num rrq events: 1
DEBUG:dale_experiment_rig:Flow 3:: first_event_name: srq, final_event_name: rrq, expected_data_B: 400920, recv_data_B: 400920
INFO:dale_experiment_rig:Flow 4:: num of byteloads: 460, num srq events: 460, num rrq events: 1
DEBUG:dale_experiment_rig:Flow 4:: first_event_name: srq, final_event_name: rrq, expected_data_B: 717600, recv_data_B: 717600
INFO:dale_experiment_rig:Flow 5:: num of byteloads: 410, num srq events: 410, num rrq events: 1
DEBUG:dale_experiment_rig:Flow 5:: first_event_name: srq, final_event_name: rrq, expected_data_B: 639600, recv_data_B: 639600
INFO:dale_experiment_rig:Flow 6:: num of byteloads: 621, num srq events: 621, num rrq events: 1
DEBUG:dale_experiment_rig:Flow 6:: first_event_name: srq, final_event_name: rrq, expected_data_B: 968760, recv_data_B: 968760
INFO:dale_experiment_rig:Flow 7:: num of byteloads: 76, num srq events: 76, num rrq events: 1
DEBUG:dale_experiment_rig:Flow 7:: first_event_name: srq, final_event_name: rrq, expected_data_B: 118560, recv_data_B: 118560
INFO:dale_experiment_rig:Flow 0:: num of byteloads: 46, num srq events: 46, num rrq events: 1
DEBUG:dale_experiment_rig:Flow 0:: first_event_name: srq, final_event_name: rrq, expected_data_B: 71760, recv_data_B: 71760
INFO:dale_experiment_rig:Flow 1:: num of byteloads: 418, num srq events: 418, num rrq events: 1
DEBUG:dale_experiment_rig:Flow 1:: first_event_name: srq, final_event_name: rrq, expected_data_B: 652080, recv_data_B: 652080
INFO:dale_experiment_rig:Flow 2:: num of byteloads: 232, num srq events: 232, num rrq events: 1
DEBUG:dale_experiment_rig:Flow 2:: first_event_name: srq, final_event_name: rrq, expected_data_B: 361920, recv_data_B: 361920
INFO:dale_experiment_rig:Flow 3:: num of byteloads: 257, num srq events: 257, num rrq events: 1
DEBUG:dale_experiment_rig:Flow 3:: first_event_name: srq, final_event_name: rrq, expected_data_B: 400920, recv_data_B: 400920
INFO:dale_experiment_rig:Flow 4:: num of byteloads: 460, num srq events: 460, num rrq events: 1
DEBUG:dale_experiment_rig:Flow 4:: first_event_name: srq, final_event_name: rrq, expected_data_B: 717600, recv_data_B: 717600
INFO:dale_experiment_rig:Flow 5:: num of byteloads: 410, num srq events: 410, num rrq events: 1
DEBUG:dale_experiment_rig:Flow 5:: first_event_name: srq, final_event_name: rrq, expected_data_B: 639600, recv_data_B: 639600
INFO:dale_experiment_rig:Flow 6:: num of byteloads: 621, num srq events: 621, num rrq events: 1
DEBUG:dale_experiment_rig:Flow 6:: first_event_name: srq, final_event_name: rrq, expected_data_B: 968760, recv_data_B: 968760
INFO:dale_experiment_rig:Flow 7:: num of byteloads: 76, num srq events: 76, num rrq events: 1
DEBUG:dale_experiment_rig:Flow 7:: first_event_name: srq, final_event_name: rrq, expected_data_B: 118560, recv_data_B: 118560
INFO:dale_experiment_rig:Flow 0:: num of byteloads: 46, num srq events: 46, num rrq events: 1
DEBUG:dale_experiment_rig:Flow 0:: first_event_name: srq, final_event_name: rrq, expected_data_B: 71760, recv_data_B: 71760
INFO:dale_experiment_rig:Flow 1:: num of byteloads: 418, num srq events: 418, num rrq events: 1
DEBUG:dale_experiment_rig:Flow 1:: first_event_name: srq, final_event_name: rrq, expected_data_B: 652080, recv_data_B: 652080
INFO:dale_experiment_rig:Flow 2:: num of byteloads: 232, num srq events: 232, num rrq events: 1
DEBUG:dale_experiment_rig:Flow 2:: first_event_name: srq, final_event_name: rrq, expected_data_B: 361920, recv_data_B: 361920
INFO:dale_experiment_rig:Flow 3:: num of byteloads: 257, num srq events: 257, num rrq events: 1
DEBUG:dale_experiment_rig:Flow 3:: first_event_name: srq, final_event_name: rrq, expected_data_B: 400920, recv_data_B: 400920
INFO:dale_experiment_rig:Flow 4:: num of byteloads: 460, num srq events: 460, num rrq events: 1
DEBUG:dale_experiment_rig:Flow 4:: first_event_name: srq, final_event_name: rrq, expected_data_B: 717600, recv_data_B: 717600
INFO:dale_experiment_rig:Flow 5:: num of byteloads: 410, num srq events: 410, num rrq events: 1
DEBUG:dale_experiment_rig:Flow 5:: first_event_name: srq, final_event_name: rrq, expected_data_B: 639600, recv_data_B: 639600
INFO:dale_experiment_rig:Flow 6:: num of byteloads: 621, num srq events: 621, num rrq events: 1
DEBUG:dale_experiment_rig:Flow 6:: first_event_name: srq, final_event_name: rrq, expected_data_B: 968760, recv_data_B: 968760
INFO:dale_experiment_rig:Flow 7:: num of byteloads: 76, num srq events: 76, num rrq events: 1
DEBUG:dale_experiment_rig:Flow 7:: first_event_name: srq, final_event_name: rrq, expected_data_B: 118560, recv_data_B: 118560
INFO:dale_experiment_rig:Flow 0:: num of byteloads: 46, num srq events: 46, num rrq events: 1
DEBUG:dale_experiment_rig:Flow 0:: first_event_name: srq, final_event_name: rrq, expected_data_B: 71760, recv_data_B: 71760
INFO:dale_experiment_rig:Flow 1:: num of byteloads: 418, num srq events: 418, num rrq events: 1
DEBUG:dale_experiment_rig:Flow 1:: first_event_name: srq, final_event_name: rrq, expected_data_B: 652080, recv_data_B: 652080
INFO:dale_experiment_rig:Flow 2:: num of byteloads: 232, num srq events: 232, num rrq events: 1
DEBUG:dale_experiment_rig:Flow 2:: first_event_name: srq, final_event_name: rrq, expected_data_B: 361920, recv_data_B: 361920
INFO:dale_experiment_rig:Flow 3:: num of byteloads: 257, num srq events: 257, num rrq events: 1
DEBUG:dale_experiment_rig:Flow 3:: first_event_name: srq, final_event_name: rrq, expected_data_B: 400920, recv_data_B: 400920
INFO:dale_experiment_rig:Flow 4:: num of byteloads: 460, num srq events: 460, num rrq events: 1
DEBUG:dale_experiment_rig:Flow 4:: first_event_name: srq, final_event_name: rrq, expected_data_B: 717600, recv_data_B: 717600
INFO:dale_experiment_rig:Flow 5:: num of byteloads: 410, num srq events: 410, num rrq events: 1
DEBUG:dale_experiment_rig:Flow 5:: first_event_name: srq, final_event_name: rrq, expected_data_B: 639600, recv_data_B: 639600
INFO:dale_experiment_rig:Flow 6:: num of byteloads: 621, num srq events: 621, num rrq events: 1
DEBUG:dale_experiment_rig:Flow 6:: first_event_name: srq, final_event_name: rrq, expected_data_B: 968760, recv_data_B: 968760
INFO:dale_experiment_rig:Flow 7:: num of byteloads: 76, num srq events: 76, num rrq events: 1
DEBUG:dale_experiment_rig:Flow 7:: first_event_name: srq, final_event_name: rrq, expected_data_B: 118560, recv_data_B: 118560
INFO:dale_experiment_rig:Flow 0:: num of byteloads: 46, num srq events: 46, num rrq events: 1
DEBUG:dale_experiment_rig:Flow 0:: first_event_name: srq, final_event_name: rrq, expected_data_B: 71760, recv_data_B: 71760
INFO:dale_experiment_rig:Flow 1:: num of byteloads: 418, num srq events: 418, num rrq events: 1
DEBUG:dale_experiment_rig:Flow 1:: first_event_name: srq, final_event_name: rrq, expected_data_B: 652080, recv_data_B: 652080
INFO:dale_experiment_rig:Flow 2:: num of byteloads: 232, num srq events: 232, num rrq events: 1
DEBUG:dale_experiment_rig:Flow 2:: first_event_name: srq, final_event_name: rrq, expected_data_B: 361920, recv_data_B: 361920
INFO:dale_experiment_rig:Flow 3:: num of byteloads: 257, num srq events: 257, num rrq events: 1
DEBUG:dale_experiment_rig:Flow 3:: first_event_name: srq, final_event_name: rrq, expected_data_B: 400920, recv_data_B: 400920
INFO:dale_experiment_rig:Flow 4:: num of byteloads: 460, num srq events: 460, num rrq events: 1
DEBUG:dale_experiment_rig:Flow 4:: first_event_name: srq, final_event_name: rrq, expected_data_B: 717600, recv_data_B: 717600
INFO:dale_experiment_rig:Flow 5:: num of byteloads: 410, num srq events: 410, num rrq events: 1
DEBUG:dale_experiment_rig:Flow 5:: first_event_name: srq, final_event_name: rrq, expected_data_B: 639600, recv_data_B: 639600
INFO:dale_experiment_rig:Flow 6:: num of byteloads: 621, num srq events: 621, num rrq events: 1
DEBUG:dale_experiment_rig:Flow 6:: first_event_name: srq, final_event_name: rrq, expected_data_B: 968760, recv_data_B: 968760
INFO:dale_experiment_rig:Flow 7:: num of byteloads: 76, num srq events: 76, num rrq events: 1
DEBUG:dale_experiment_rig:Flow 7:: first_event_name: srq, final_event_name: rrq, expected_data_B: 118560, recv_data_B: 118560
INFO:dale_experiment_rig:DCTCP-50 FCT (ms): [0.0004341459999999131, 0.0026500320000000244, 0.0018615249999989203, 0.001976627999999536, 0.002761578000001208, 0.0025747289999991096, 0.0029876560000001717, 0.0007166110000014214, 0.00043416000000107147, 0.0026500430000009345, 0.0018616809999993933, 0.0019769589999985016, 0.0027634059999996907, 0.0025749319999999187, 0.002949448000000743, 0.0007166650000005603, 0.0004341740000004535, 0.0026501770000013636, 0.001861960999999468, 0.0019770430000001227, 0.002763757000000311, 0.0025750119999994325, 0.0029600450000000222, 0.0007168430000010773, 0.0004341889999999182, 0.0026503110000000163, 0.0018622399999994599, 0.001977373999999088, 0.0027639859999997185, 0.0025750909999988636, 0.002960307000000384, 0.0007170200000015114, 0.0004443330000007961, 0.0026280850000013345, 0.00179000500000015, 0.0020270409999998407, 0.0028281270000007908, 0.0027221470000000636, 0.0030023280000008867, 0.0007255800000010026, 0.00044434700000017813, 0.002628218999999987, 0.0017898399999989323, 0.0020269329999997865, 0.002828509000000423, 0.0027229729999991292, 0.0030145079999996938, 0.0007256500000014654, 0.0004443619999996429, 0.0026283530000004163, 0.0017895929999998117, 0.0020266069999994585, 0.0028476240000010478, 0.002723552999999157, 0.003007051000000871, 0.0007257200000001518, 0.00044437600000080124, 0.002587435000000582, 0.001789757999999253, 0.0020267149999995127, 0.002832581999999917, 0.002724009999999666, 0.0030073210000001183, 0.0007257910000006973, 0.00044439000000018325, 0.002587446000001492, 0.0017897989999990926, 0.0020268239999996496, 0.0028632690000005567, 0.002730248999998963, 0.003005305000000291, 0.0007262300000014932]
App Gdpt (overall): 454.49116738868497 Gbps
App Gdpt (per flow): [12.479999999979823, 12.479999999983367, 12.480000000031007, 12.480000000074117, 12.479999999970163, 12.480000000017162, 12.480000000007632, 12.479999999881294, 12.479999999979823, 12.479999999983367, 12.480000000031007, 12.480000000074117, 12.479999999970163, 12.480000000017162, 12.480000000007632, 12.479999999881294, 12.479999999979823, 12.479999999983367, 12.480000000031007, 12.480000000074117, 12.479999999970163, 12.480000000017162, 12.480000000007632, 12.479999999881294, 12.479999999979823, 12.479999999983367, 12.480000000031007, 12.480000000074117, 12.479999999970163, 12.480000000017162, 12.480000000007632, 12.479999999881294, 12.479999999979823, 12.479999999983367, 12.480000000031007, 12.480000000074117, 12.479999999970163, 12.480000000017162, 12.480000000007632, 12.479999999881294, 12.479999999979823, 12.479999999983367, 12.480000000031007, 12.480000000074117, 12.479999999970163, 12.480000000017162, 12.480000000007632, 12.479999999881294, 12.479999999979823, 12.479999999983367, 12.480000000031007, 12.480000000074117, 12.479999999970163, 12.480000000017162, 12.480000000007632, 12.479999999881294, 12.479999999979823, 12.479999999983367, 12.480000000031007, 12.480000000074117, 12.479999999970163, 12.480000000017162, 12.480000000007632, 12.479999999881294, 12.479999999979823, 12.479999999983367, 12.480000000031007, 12.480000000074117, 12.479999999970163, 12.480000000017162, 12.480000000007632, 12.479999999881294]
Network Gdpt (overall): 93.8091783364895
Network Gdpt (per flow): [1.3223201411509375, 1.968519625423373, 1.5553699251966422, 1.6226421967111428, 2.078811462141388, 1.9873159466498298, 2.5940335835181676, 1.3235632721213024, 1.3222775013787158, 1.968511454341745, 1.555239592605255, 1.622370519571944, 2.077436323146379, 1.9871592725556098, 2.6276374426665767, 1.3234635429374373, 1.3222348643617545, 1.9684119211650075, 1.555005717091189, 1.6223015887867898, 2.0771724865823424, 1.9870975358565817, 2.6182304660908677, 1.323134912384685, 1.3221891848943852, 1.968312398054405, 1.5547727468000043, 1.6220300256812719, 2.077000390016659, 1.9870365746306669, 2.6179987413464194, 1.322808289863603, 1.2920039699931616, 1.9849586295714756, 1.6175150348740688, 1.5822866927705221, 2.0298946970904757, 1.879692757224309, 2.5813568670703906, 1.307202513849182, 1.291963262944883, 1.984857426264716, 1.6176641487516914, 1.5823710009163292, 2.029620552736138, 1.8791225619944218, 2.5709269970425646, 1.3070764142466544, 1.2919196510963167, 1.9847562332758097, 1.617887419094903, 1.5826255411142156, 2.0159964939183994, 1.8787223894675757, 2.5773024800702604, 1.3069503389734354, 1.291878949355872, 2.0161434007033328, 1.6177382640564861, 1.5825412058433332, 2.026702139602726, 1.8784072011485375, 2.5770710875226475, 1.3068224874641443, 1.2918382501851151, 2.016134829479337, 1.617701205555187, 1.5824560988031298, 2.004981019945693, 1.8741147785428887, 2.578799822313958, 1.3060325241287882]
INFO:dale_experiment_rig:
##### GENERATE METRICS #####
INFO:dale_experiment_rig:Poisson_Flows_incast_poisson_9to1_8flo_1560B_1us_99pt84Gbps
INFO:__main__:Protos tested: ['SSIRD', 'DCTCP-50']
INFO:__main__:Topo Yaml File: 10-hosts-dumbbell.yaml
INFO:__main__:Src-Dst pairs list: [(1, 0), (2, 0), (3, 0), (4, 0), (5, 0), (6, 0), (7, 0), (8, 0), (9, 0)]
INFO:__main__:Num Flows: 8
INFO:__main__:Byteload Size (B): 1560
INFO:__main__:Target Mean Byteload Interval (ns): 1000
INFO:__main__:  is_use_poisson_byteload_intervals=True
INFO:__main__:Target Mean Flow Interarrival (ns): 1000
INFO:__main__:  is_use_poisson_flow_interarr=True
INFO:__main__:Target Flow Rate (Gbps): 12.479999999999999
INFO:__main__:Num Byteloads: [46, 418, 232, 257, 460, 410, 621, 76]
INFO:__main__:  is_use_poisson_num_byteloads=True
INFO:__main__:Flow Start Times (us): [1.079, 1.676, 2.507, 2.508, 3.118, 3.796, 3.828, 4.507]
INFO:__main__:Flow Rate (Gbps): [12.48, 12.48, 12.48, 12.48, 12.48, 12.48, 12.48, 12.48]
INFO:__main__:Flow Size (B): [71760, 652080, 361920, 400920, 717600, 639600, 968760, 118560]
INFO:__main__:Flow Send Durations (us): [46.079, 418.676, 233.507, 258.508, 462.118, 412.796, 623.828, 79.507]
INFO:__main__:Flow Min Byteload Size (B): [1560, 1560, 1560, 1560, 1560, 1560, 1560, 1560]
INFO:__main__:Flow Max Byteload Size (B): [1560, 1560, 1560, 1560, 1560, 1560, 1560, 1560]
INFO:__main__:Flow Min Interval (us): [0.038, 0.004, 0.004, 0.005, 0.003, 0.004, 0.003, 0.024]
INFO:__main__:Flow Max Interval (us): [3.305, 5.927, 7.601, 5.792, 5.781, 5.709, 6.09, 3.572]
INFO:__main__:APP Gdpt Gbps measured (SSIRD): [454.49116738868497]
INFO:__main__:APP Gdpt Gbps measured (DCTCP): [454.49116738868497]
DEBUG:__main__:APP Gdpt Gbps measured per flow (SSIRD): [[12.479999999979823, 12.479999999983367, 12.480000000031007, 12.480000000074117, 12.479999999970163, 12.480000000017162, 12.480000000007632, 12.479999999881294, 12.479999999979823, 12.479999999983367, 12.480000000031007, 12.480000000074117, 12.479999999970163, 12.480000000017162, 12.480000000007632, 12.479999999881294, 12.479999999979823, 12.479999999983367, 12.480000000031007, 12.480000000074117, 12.479999999970163, 12.480000000017162, 12.480000000007632, 12.479999999881294, 12.479999999979823, 12.479999999983367, 12.480000000031007, 12.480000000074117, 12.479999999970163, 12.480000000017162, 12.480000000007632, 12.479999999881294, 12.479999999979823, 12.479999999983367, 12.480000000031007, 12.480000000074117, 12.479999999970163, 12.480000000017162, 12.480000000007632, 12.479999999881294, 12.479999999979823, 12.479999999983367, 12.480000000031007, 12.480000000074117, 12.479999999970163, 12.480000000017162, 12.480000000007632, 12.479999999881294, 12.479999999979823, 12.479999999983367, 12.480000000031007, 12.480000000074117, 12.479999999970163, 12.480000000017162, 12.480000000007632, 12.479999999881294, 12.479999999979823, 12.479999999983367, 12.480000000031007, 12.480000000074117, 12.479999999970163, 12.480000000017162, 12.480000000007632, 12.479999999881294, 12.479999999979823, 12.479999999983367, 12.480000000031007, 12.480000000074117, 12.479999999970163, 12.480000000017162, 12.480000000007632, 12.479999999881294]]
DEBUG:__main__:APP Gdpt Gbps measured per flow (DCTCP): [[12.479999999979823, 12.479999999983367, 12.480000000031007, 12.480000000074117, 12.479999999970163, 12.480000000017162, 12.480000000007632, 12.479999999881294, 12.479999999979823, 12.479999999983367, 12.480000000031007, 12.480000000074117, 12.479999999970163, 12.480000000017162, 12.480000000007632, 12.479999999881294, 12.479999999979823, 12.479999999983367, 12.480000000031007, 12.480000000074117, 12.479999999970163, 12.480000000017162, 12.480000000007632, 12.479999999881294, 12.479999999979823, 12.479999999983367, 12.480000000031007, 12.480000000074117, 12.479999999970163, 12.480000000017162, 12.480000000007632, 12.479999999881294, 12.479999999979823, 12.479999999983367, 12.480000000031007, 12.480000000074117, 12.479999999970163, 12.480000000017162, 12.480000000007632, 12.479999999881294, 12.479999999979823, 12.479999999983367, 12.480000000031007, 12.480000000074117, 12.479999999970163, 12.480000000017162, 12.480000000007632, 12.479999999881294, 12.479999999979823, 12.479999999983367, 12.480000000031007, 12.480000000074117, 12.479999999970163, 12.480000000017162, 12.480000000007632, 12.479999999881294, 12.479999999979823, 12.479999999983367, 12.480000000031007, 12.480000000074117, 12.479999999970163, 12.480000000017162, 12.480000000007632, 12.479999999881294, 12.479999999979823, 12.479999999983367, 12.480000000031007, 12.480000000074117, 12.479999999970163, 12.480000000017162, 12.480000000007632, 12.479999999881294]]
INFO:__main__:NW Gdpt Gbps measured (SSIRD): [85.9967915998143]
INFO:__main__:NW Gdpt Gbps measured (DCTCP): [93.8091783364895]
DEBUG:__main__:NW Gdpt Gbps measured per flow (SSIRD): [[1.0235271464323499, 2.039819301063725, 2.8698783501329412, 2.6401284109183285, 2.0387970926682124, 3.831511727866452, 2.6067573853722203, 1.131726967049134, 1.5925079336894312, 2.4522974775830217, 2.792229021105126, 2.293669767220615, 2.042385330174832, 3.284904193507006, 12.367596274749923, 1.484839756031977, 1.0585358837904544, 1.978847591665903, 2.9019386950211277, 1.9742812102408294, 2.0004892500886244, 2.4543031847240875, 2.5460961849357164, 1.098890658942275, 1.910778417201209, 2.5916569416926247, 4.128514147849379, 3.2351727803973804, 2.2507636435480927, 3.171745873532578, 12.299781462906566, 1.9647802859058086, 1.3947623524913786, 2.657767769348293, 3.4697949660115164, 2.4921967332344956, 2.296847356152999, 3.5328282096017793, 2.3566423635994718, 1.4320872829162405, 1.3514696950447722, 2.7414949720023887, 3.6220840844580424, 2.7368444406163537, 2.3626460911891813, 3.392399322955233, 2.407732002000889, 1.7102086372288805, 1.221763947235979, 2.827031910217243, 2.6122826075182397, 2.5547350486731832, 2.4232764210070785, 3.6788802307671293, 2.473031471314001, 1.1777415197082108, 1.7433343455781327, 2.3749643184434026, 3.948176905422672, 3.115027470743419, 2.1346517246997676, 2.950902491267501, 12.297107750093039, 1.839761805465403, 2.167820284799437, 2.508581315477442, 3.7794634220854166, 2.9992341449779554, 2.189500405802307, 3.057830940820126, 12.251638145656758, 1.7620569220458175]]
DEBUG:__main__:NW Gdpt Gbps measured per flow (DCTCP): [[1.3223201411509375, 1.968519625423373, 1.5553699251966422, 1.6226421967111428, 2.078811462141388, 1.9873159466498298, 2.5940335835181676, 1.3235632721213024, 1.3222775013787158, 1.968511454341745, 1.555239592605255, 1.622370519571944, 2.077436323146379, 1.9871592725556098, 2.6276374426665767, 1.3234635429374373, 1.3222348643617545, 1.9684119211650075, 1.555005717091189, 1.6223015887867898, 2.0771724865823424, 1.9870975358565817, 2.6182304660908677, 1.323134912384685, 1.3221891848943852, 1.968312398054405, 1.5547727468000043, 1.6220300256812719, 2.077000390016659, 1.9870365746306669, 2.6179987413464194, 1.322808289863603, 1.2920039699931616, 1.9849586295714756, 1.6175150348740688, 1.5822866927705221, 2.0298946970904757, 1.879692757224309, 2.5813568670703906, 1.307202513849182, 1.291963262944883, 1.984857426264716, 1.6176641487516914, 1.5823710009163292, 2.029620552736138, 1.8791225619944218, 2.5709269970425646, 1.3070764142466544, 1.2919196510963167, 1.9847562332758097, 1.617887419094903, 1.5826255411142156, 2.0159964939183994, 1.8787223894675757, 2.5773024800702604, 1.3069503389734354, 1.291878949355872, 2.0161434007033328, 1.6177382640564861, 1.5825412058433332, 2.026702139602726, 1.8784072011485375, 2.5770710875226475, 1.3068224874641443, 1.2918382501851151, 2.016134829479337, 1.617701205555187, 1.5824560988031298, 2.004981019945693, 1.8741147785428887, 2.578799822313958, 1.3060325241287882]]
INFO:__main__:* Sim duration (SSIRD): [0.1]
INFO:__main__:* Sim duration (DCTCP): [0.1]
INFO:__main__:* SSIRD FCT: [[0.0005608840000004278, 0.0025574030000008463, 0.0010088789999986858, 0.0012148499999984352, 0.002815778000000435, 0.001335451999999293, 0.002973072999999715, 0.00083808200000135, 0.00036048800000010317, 0.002127246000000582, 0.0010369350000001276, 0.0013983529999990196, 0.0028108309999996806, 0.001557670999998706, 0.0006266440000004536, 0.0006387760000006182, 0.0005423340000003662, 0.0026362010000013925, 0.0009977330000001672, 0.0016245709999989089, 0.0028696979999995875, 0.002084827999999206, 0.0030439070000003454, 0.0008631250000004087, 0.0003004430000004277, 0.0020128590000005886, 0.0007013080000000116, 0.0009914029999986695, 0.0025506010000011514, 0.001613243999999625, 0.0006300990000003281, 0.0004827410000007859, 0.0004115970000011515, 0.001962790000000325, 0.0008344469999990167, 0.0012869609999999199, 0.0024994259999999713, 0.0014483579999993168, 0.00328861100000033, 0.000662306000000612, 0.00042478199999962385, 0.0019028450000000419, 0.0007993629999987206, 0.001171918999999022, 0.0024298179999995284, 0.001508312999998651, 0.003218829999999784, 0.0005545990000008771, 0.00046987800000053426, 0.0018452710000005368, 0.0011083640000002504, 0.0012554569999991827, 0.002369024000000053, 0.001390857999998829, 0.003133838000000111, 0.0008053380000010435, 0.00032930000000064297, 0.0021965130000012323, 0.0007333410000001095, 0.0010296409999988043, 0.002689337999999708, 0.0017339779999989702, 0.0006302360000010054, 0.0005155450000007278, 0.0002648189999998607, 0.002079518000000391, 0.0007660769999997541, 0.001069392999999863, 0.002621967999999697, 0.0016733429999984395, 0.0006325750000009123, 0.0005382800000006682]]
INFO:__main__:* DCTCP FCT: [[0.0004341459999999131, 0.0026500320000000244, 0.0018615249999989203, 0.001976627999999536, 0.002761578000001208, 0.0025747289999991096, 0.0029876560000001717, 0.0007166110000014214, 0.00043416000000107147, 0.0026500430000009345, 0.0018616809999993933, 0.0019769589999985016, 0.0027634059999996907, 0.0025749319999999187, 0.002949448000000743, 0.0007166650000005603, 0.0004341740000004535, 0.0026501770000013636, 0.001861960999999468, 0.0019770430000001227, 0.002763757000000311, 0.0025750119999994325, 0.0029600450000000222, 0.0007168430000010773, 0.0004341889999999182, 0.0026503110000000163, 0.0018622399999994599, 0.001977373999999088, 0.0027639859999997185, 0.0025750909999988636, 0.002960307000000384, 0.0007170200000015114, 0.0004443330000007961, 0.0026280850000013345, 0.00179000500000015, 0.0020270409999998407, 0.0028281270000007908, 0.0027221470000000636, 0.0030023280000008867, 0.0007255800000010026, 0.00044434700000017813, 0.002628218999999987, 0.0017898399999989323, 0.0020269329999997865, 0.002828509000000423, 0.0027229729999991292, 0.0030145079999996938, 0.0007256500000014654, 0.0004443619999996429, 0.0026283530000004163, 0.0017895929999998117, 0.0020266069999994585, 0.0028476240000010478, 0.002723552999999157, 0.003007051000000871, 0.0007257200000001518, 0.00044437600000080124, 0.002587435000000582, 0.001789757999999253, 0.0020267149999995127, 0.002832581999999917, 0.002724009999999666, 0.0030073210000001183, 0.0007257910000006973, 0.00044439000000018325, 0.002587446000001492, 0.0017897989999990926, 0.0020268239999996496, 0.0028632690000005567, 0.002730248999998963, 0.003005305000000291, 0.0007262300000014932]]
