DEBUG:__main__:Protos tested: ['SSIRD', 'DCTCP-50']
DEBUG:__main__:Total_flow_size_B: 200000
DEBUG:__main__:Byteload sizes list: [20, 200, 2000]
DEBUG:__main__:Num Flows: 5
DEBUG:__main__:Inter-flow spacing (us): 0
DEBUG:__main__:Flow start times (us): [0, 0, 0, 0, 0]
DEBUG:__main__:Num Byteloads list: [10000, 1000, 100]
DEBUG:__main__:Inter-Byteload Periods list: [10.0, 10.0, 10.0]
INFO:__main__:Total Flow Size (Bytes): 200000
INFO:__main__:Byteload Size (Bytes): [20, 200, 2000]
INFO:__main__:Num Byteloads: [10000, 1000, 100]
INFO:__main__:Intervals (us): [10.0, 10.0, 10.0]
INFO:__main__:Num flows: 5
INFO:__main__:Gdpt GBps theoretical: [0.08, 0.8, 8.0]
INFO:__main__:* Sim duration (SSIRD): [0.12, 0.12, 0.12]
INFO:__main__:* Sim duration (DCTCP): [0.2, 0.2, 0.2]
INFO:dale_experiment_rig:Experiment started at: 2025-08-02 09:29:42.878277
INFO:dale_experiment_rig:
##### RUN GROUP #####
INFO:dale_experiment_rig:
=====
Execute experiment 5flo-10000#-20B-10000ns_vary_num_bload_5flo_1msRTT
INFO:dale_experiment_rig:Flags: 1, 1, 1, 1, 0
INFO:dale_experiment_rig:
=====
Execute experiment 5flo-10000#-20B-10000ns_vary_num_bload_5flo_1msRTT
INFO:dale_experiment_rig:ssird_sim_duration=0.120000; dctcp_sim_duration=0.200000
INFO:dale_experiment_rig:Flags: 1, 1, 1, 1, 0
INFO:dale_experiment_rig:
=====
Execute experiment 5flo-1000#-200B-10000ns_vary_num_bload_5flo_1msRTT
INFO:dale_experiment_rig:-----
Preparing experiment input MRIs
INFO:dale_experiment_rig:
=====
Execute experiment 5flo-1000#-200B-10000ns_vary_num_bload_5flo_1msRTT
INFO:dale_experiment_rig:ssird_sim_duration=0.120000; dctcp_sim_duration=0.200000
INFO:dale_experiment_rig:
=====
Execute experiment 5flo-100#-2000B-10000ns_vary_num_bload_5flo_1msRTT
INFO:dale_experiment_rig:Flags: 1, 1, 1, 1, 0
INFO:dale_experiment_rig:
=====
Execute experiment 5flo-100#-2000B-10000ns_vary_num_bload_5flo_1msRTT
INFO:dale_experiment_rig:### Creating MRI inputs parent dir: /data/dh1723/SIRD-Simulator/scripts/r2p2/coord/config/manual-req-intervals/dale_experiments/FCT_VARY_NUM_BLOAD_vary_num_bload_5flo_1msRTT/
INFO:dale_experiment_rig:Flags: 1, 1, 1, 1, 0
INFO:dale_experiment_rig:-----
Preparing experiment input MRIs
INFO:dale_experiment_rig:Flags: 1, 1, 1, 1, 0
INFO:dale_experiment_rig:ssird_sim_duration=0.120000; dctcp_sim_duration=0.200000
INFO:dale_experiment_rig:Flags: 1, 1, 1, 1, 0
INFO:dale_experiment_rig:ssird_sim_duration=0.120000; dctcp_sim_duration=0.200000
INFO:dale_experiment_rig:File /data/dh1723/SIRD-Simulator/scripts/r2p2/coord/config/manual-req-intervals/dale_experiments/FCT_VARY_NUM_BLOAD_vary_num_bload_5flo_1msRTT/ aready exists.
INFO:dale_experiment_rig:### Creating MRI inputs parent dir: /data/dh1723/SIRD-Simulator/scripts/r2p2/coord/config/manual-req-intervals/dale_experiments/FCT_VARY_NUM_BLOAD_vary_num_bload_5flo_1msRTT/
INFO:dale_experiment_rig:ssird_sim_duration=0.120000; dctcp_sim_duration=0.200000
INFO:dale_experiment_rig:-----
Preparing experiment input MRIs
INFO:dale_experiment_rig:ssird_sim_duration=0.120000; dctcp_sim_duration=0.200000
INFO:dale_experiment_rig:-----
Preparing experiment input MRIs
INFO:dale_experiment_rig:File /data/dh1723/SIRD-Simulator/scripts/r2p2/coord/config/manual-req-intervals/dale_experiments/FCT_VARY_NUM_BLOAD_vary_num_bload_5flo_1msRTT/ aready exists.
INFO:dale_experiment_rig:-----
Preparing experiment input MRIs
INFO:dale_experiment_rig:### Creating MRI inputs parent dir: /data/dh1723/SIRD-Simulator/scripts/r2p2/coord/config/manual-req-intervals/dale_experiments/FCT_VARY_NUM_BLOAD_vary_num_bload_5flo_1msRTT/
INFO:dale_experiment_rig:-----
Preparing experiment input MRIs
INFO:dale_experiment_rig:### Creating MRI inputs parent dir: /data/dh1723/SIRD-Simulator/scripts/r2p2/coord/config/manual-req-intervals/dale_experiments/FCT_VARY_NUM_BLOAD_vary_num_bload_5flo_1msRTT/
INFO:dale_experiment_rig:### Creating MRI inputs parent dir: /data/dh1723/SIRD-Simulator/scripts/r2p2/coord/config/manual-req-intervals/dale_experiments/FCT_VARY_NUM_BLOAD_vary_num_bload_5flo_1msRTT/
DEBUG:dale_experiment_rig:num flows: 5
INFO:dale_experiment_rig:File /data/dh1723/SIRD-Simulator/scripts/r2p2/coord/config/manual-req-intervals/dale_experiments/FCT_VARY_NUM_BLOAD_vary_num_bload_5flo_1msRTT/ aready exists.
INFO:dale_experiment_rig:### Creating MRI inputs parent dir: /data/dh1723/SIRD-Simulator/scripts/r2p2/coord/config/manual-req-intervals/dale_experiments/FCT_VARY_NUM_BLOAD_vary_num_bload_5flo_1msRTT/
INFO:dale_experiment_rig:File /data/dh1723/SIRD-Simulator/scripts/r2p2/coord/config/manual-req-intervals/dale_experiments/FCT_VARY_NUM_BLOAD_vary_num_bload_5flo_1msRTT/ aready exists.
INFO:dale_experiment_rig:File /data/dh1723/SIRD-Simulator/scripts/r2p2/coord/config/manual-req-intervals/dale_experiments/FCT_VARY_NUM_BLOAD_vary_num_bload_5flo_1msRTT/ aready exists.
DEBUG:dale_experiment_rig:num flows: 5
DEBUG:dale_experiment_rig:num flows: 5
INFO:dale_experiment_rig:File /data/dh1723/SIRD-Simulator/scripts/r2p2/coord/config/manual-req-intervals/dale_experiments/FCT_VARY_NUM_BLOAD_vary_num_bload_5flo_1msRTT/ aready exists.
DEBUG:dale_experiment_rig:num flows: 5
DEBUG:dale_experiment_rig:num flows: 5
DEBUG:dale_experiment_rig:num flows: 5
INFO:dale_experiment_rig:-----
Preparing experiment spec scripts
INFO:dale_experiment_rig:### Creating spec scripts parent dir: /data/dh1723/SIRD-Simulator/scripts/r2p2/coord/config/dale_experiments/FCT_VARY_NUM_BLOAD_vary_num_bload_5flo_1msRTT/
INFO:dale_experiment_rig:-----
Preparing experiment spec scripts
INFO:dale_experiment_rig:-----
Preparing experiment spec scripts
INFO:dale_experiment_rig:-----
Preparing experiment spec scripts
INFO:dale_experiment_rig:#### WARNING: File /data/dh1723/SIRD-Simulator/scripts/r2p2/coord/config/dale_experiments/FCT_VARY_NUM_BLOAD_vary_num_bload_5flo_1msRTT/ aready exists.
INFO:dale_experiment_rig:### Creating spec scripts parent dir: /data/dh1723/SIRD-Simulator/scripts/r2p2/coord/config/dale_experiments/FCT_VARY_NUM_BLOAD_vary_num_bload_5flo_1msRTT/
INFO:dale_experiment_rig:-----
Preparing experiment spec scripts
INFO:dale_experiment_rig:### Creating spec scripts parent dir: /data/dh1723/SIRD-Simulator/scripts/r2p2/coord/config/dale_experiments/FCT_VARY_NUM_BLOAD_vary_num_bload_5flo_1msRTT/
INFO:dale_experiment_rig:### Creating spec scripts parent dir: /data/dh1723/SIRD-Simulator/scripts/r2p2/coord/config/dale_experiments/FCT_VARY_NUM_BLOAD_vary_num_bload_5flo_1msRTT/
INFO:dale_experiment_rig:#### WARNING: File /data/dh1723/SIRD-Simulator/scripts/r2p2/coord/config/dale_experiments/FCT_VARY_NUM_BLOAD_vary_num_bload_5flo_1msRTT/ aready exists.
INFO:dale_experiment_rig:### Creating spec scripts parent dir: /data/dh1723/SIRD-Simulator/scripts/r2p2/coord/config/dale_experiments/FCT_VARY_NUM_BLOAD_vary_num_bload_5flo_1msRTT/
INFO:dale_experiment_rig:#### WARNING: File /data/dh1723/SIRD-Simulator/scripts/r2p2/coord/config/dale_experiments/FCT_VARY_NUM_BLOAD_vary_num_bload_5flo_1msRTT/ aready exists.
INFO:dale_experiment_rig:#### WARNING: File /data/dh1723/SIRD-Simulator/scripts/r2p2/coord/config/dale_experiments/FCT_VARY_NUM_BLOAD_vary_num_bload_5flo_1msRTT/ aready exists.
INFO:dale_experiment_rig:#### WARNING: File /data/dh1723/SIRD-Simulator/scripts/r2p2/coord/config/dale_experiments/FCT_VARY_NUM_BLOAD_vary_num_bload_5flo_1msRTT/ aready exists.
INFO:dale_experiment_rig:-----
Preparing experiment spec scripts
INFO:dale_experiment_rig:### Creating spec scripts parent dir: /data/dh1723/SIRD-Simulator/scripts/r2p2/coord/config/dale_experiments/FCT_VARY_NUM_BLOAD_vary_num_bload_5flo_1msRTT/
INFO:dale_experiment_rig:-----
Running experiment for SSIRD
INFO:dale_experiment_rig:#### WARNING: File /data/dh1723/SIRD-Simulator/scripts/r2p2/coord/config/dale_experiments/FCT_VARY_NUM_BLOAD_vary_num_bload_5flo_1msRTT/ aready exists.
INFO:dale_experiment_rig:-----
Running experiment for SSIRD
INFO:dale_experiment_rig:### Script:/data/dh1723/SIRD-Simulator/scripts/r2p2/coord/config/dale_experiments/FCT_VARY_NUM_BLOAD_vary_num_bload_5flo_1msRTT/SSIRD-5flo-1000#-200B-10000ns_vary_num_bload_5flo_1msRTT.sh
INFO:dale_experiment_rig:-----
Running experiment for DCTCP-50
INFO:dale_experiment_rig:-----
Running experiment for DCTCP-50
INFO:dale_experiment_rig:### Script:/data/dh1723/SIRD-Simulator/scripts/r2p2/coord/config/dale_experiments/FCT_VARY_NUM_BLOAD_vary_num_bload_5flo_1msRTT/SSIRD-5flo-100#-2000B-10000ns_vary_num_bload_5flo_1msRTT.sh
INFO:dale_experiment_rig:### Output path (stdout): /data/dh1723/SIRD-Simulator/scripts/r2p2/coord/outputs/FCT_VARY_NUM_BLOAD_vary_num_bload_5flo_1msRTT/ssird_5flo-1000#-200B-10000ns_vary_num_bload_5flo_1msRTT_stdout.out
INFO:dale_experiment_rig:### Script:/data/dh1723/SIRD-Simulator/scripts/r2p2/coord/config/dale_experiments/FCT_VARY_NUM_BLOAD_vary_num_bload_5flo_1msRTT/DCTCP-50-5flo-100#-2000B-10000ns_vary_num_bload_5flo_1msRTT.sh
INFO:dale_experiment_rig:-----
Running experiment for SSIRD
INFO:dale_experiment_rig:### Script:/data/dh1723/SIRD-Simulator/scripts/r2p2/coord/config/dale_experiments/FCT_VARY_NUM_BLOAD_vary_num_bload_5flo_1msRTT/DCTCP-50-5flo-1000#-200B-10000ns_vary_num_bload_5flo_1msRTT.sh
INFO:dale_experiment_rig:### Output path (stdout): /data/dh1723/SIRD-Simulator/scripts/r2p2/coord/outputs/FCT_VARY_NUM_BLOAD_vary_num_bload_5flo_1msRTT/ssird_5flo-100#-2000B-10000ns_vary_num_bload_5flo_1msRTT_stdout.out
INFO:dale_experiment_rig:### Output path (stderr): /data/dh1723/SIRD-Simulator/scripts/r2p2/coord/outputs/FCT_VARY_NUM_BLOAD_vary_num_bload_5flo_1msRTT/ssird_5flo-1000#-200B-10000ns_vary_num_bload_5flo_1msRTT_stderr.out
INFO:dale_experiment_rig:### Output path (stdout): /data/dh1723/SIRD-Simulator/scripts/r2p2/coord/outputs/FCT_VARY_NUM_BLOAD_vary_num_bload_5flo_1msRTT/DCTCP-50_5flo-100#-2000B-10000ns_vary_num_bload_5flo_1msRTT_stdout.out
INFO:dale_experiment_rig:### Script:/data/dh1723/SIRD-Simulator/scripts/r2p2/coord/config/dale_experiments/FCT_VARY_NUM_BLOAD_vary_num_bload_5flo_1msRTT/SSIRD-5flo-10000#-20B-10000ns_vary_num_bload_5flo_1msRTT.sh
INFO:dale_experiment_rig:### Output path (stdout): /data/dh1723/SIRD-Simulator/scripts/r2p2/coord/outputs/FCT_VARY_NUM_BLOAD_vary_num_bload_5flo_1msRTT/DCTCP-50_5flo-1000#-200B-10000ns_vary_num_bload_5flo_1msRTT_stdout.out
INFO:dale_experiment_rig:### Output path (stderr): /data/dh1723/SIRD-Simulator/scripts/r2p2/coord/outputs/FCT_VARY_NUM_BLOAD_vary_num_bload_5flo_1msRTT/ssird_5flo-100#-2000B-10000ns_vary_num_bload_5flo_1msRTT_stderr.out
INFO:dale_experiment_rig:-----
Running experiment for DCTCP-50
INFO:dale_experiment_rig:### Output path (stderr): /data/dh1723/SIRD-Simulator/scripts/r2p2/coord/outputs/FCT_VARY_NUM_BLOAD_vary_num_bload_5flo_1msRTT/DCTCP-50_5flo-100#-2000B-10000ns_vary_num_bload_5flo_1msRTT_stderr.out
INFO:dale_experiment_rig:### Output path (stdout): /data/dh1723/SIRD-Simulator/scripts/r2p2/coord/outputs/FCT_VARY_NUM_BLOAD_vary_num_bload_5flo_1msRTT/ssird_5flo-10000#-20B-10000ns_vary_num_bload_5flo_1msRTT_stdout.out
INFO:dale_experiment_rig:### Output path (stderr): /data/dh1723/SIRD-Simulator/scripts/r2p2/coord/outputs/FCT_VARY_NUM_BLOAD_vary_num_bload_5flo_1msRTT/DCTCP-50_5flo-1000#-200B-10000ns_vary_num_bload_5flo_1msRTT_stderr.out
INFO:dale_experiment_rig:### Script:/data/dh1723/SIRD-Simulator/scripts/r2p2/coord/config/dale_experiments/FCT_VARY_NUM_BLOAD_vary_num_bload_5flo_1msRTT/DCTCP-50-5flo-10000#-20B-10000ns_vary_num_bload_5flo_1msRTT.sh
INFO:dale_experiment_rig:### Output path (stderr): /data/dh1723/SIRD-Simulator/scripts/r2p2/coord/outputs/FCT_VARY_NUM_BLOAD_vary_num_bload_5flo_1msRTT/ssird_5flo-10000#-20B-10000ns_vary_num_bload_5flo_1msRTT_stderr.out
INFO:dale_experiment_rig:### Output path (stdout): /data/dh1723/SIRD-Simulator/scripts/r2p2/coord/outputs/FCT_VARY_NUM_BLOAD_vary_num_bload_5flo_1msRTT/DCTCP-50_5flo-10000#-20B-10000ns_vary_num_bload_5flo_1msRTT_stdout.out
INFO:dale_experiment_rig:### Output path (stderr): /data/dh1723/SIRD-Simulator/scripts/r2p2/coord/outputs/FCT_VARY_NUM_BLOAD_vary_num_bload_5flo_1msRTT/DCTCP-50_5flo-10000#-20B-10000ns_vary_num_bload_5flo_1msRTT_stderr.out
INFO:dale_experiment_rig:-----
Backing up app trace file paths
DEBUG:dale_experiment_rig:/data/dh1723/SIRD-Simulator/scripts/r2p2/post-process/experiment_app_trace_paths/FCT_VARY_NUM_BLOAD_vary_num_bload_5flo_1msRTT/5flo/SSIRD_app_traces.txt
INFO:dale_experiment_rig:-----
Backing up app trace file paths
DEBUG:dale_experiment_rig:/data/dh1723/SIRD-Simulator/scripts/r2p2/post-process/experiment_app_trace_paths/FCT_VARY_NUM_BLOAD_vary_num_bload_5flo_1msRTT/5flo/DCTCP-50_app_traces.txt
INFO:dale_experiment_rig:Simulations ended at: 2025-08-02 10:21:11.160276
INFO:dale_experiment_rig:
##### POST PROCESS RESULTS #####
INFO:dale_experiment_rig:=====
** Num Byteloads Per Flow: 10000, Byteload Size (B): 20, Inter-Byteload Interval (us): 10.0, ssird_sim_dur (s): 0.12, dctcp_sim_dur (s): 0.2
INFO:dale_experiment_rig:Processing SIRD results exp_id 0:: 5flo-10000#-20B
INFO:dale_experiment_rig:Processing results from /data/dh1723/SIRD-Simulator/scripts/r2p2/coord/results/SSIRD-5flo-10000#-20B-10000ns_vary_num_bload_5flo_1msRTT/data/SSIRD/60/applications_trace.str
INFO:dale_experiment_rig:Flow 0:: num of byteloads: 10000, num srq events: 10000, num rrq events: 9876
DEBUG:dale_experiment_rig:Flow 0:: first_event_name: srq, final_event_name: rrq, expected_data_B: 200000, recv_data_B: 200000
INFO:dale_experiment_rig:Flow 1:: num of byteloads: 10000, num srq events: 10000, num rrq events: 9834
DEBUG:dale_experiment_rig:Flow 1:: first_event_name: srq, final_event_name: rrq, expected_data_B: 200000, recv_data_B: 200000
INFO:dale_experiment_rig:Flow 2:: num of byteloads: 10000, num srq events: 10000, num rrq events: 9751
DEBUG:dale_experiment_rig:Flow 2:: first_event_name: srq, final_event_name: rrq, expected_data_B: 200000, recv_data_B: 200000
INFO:dale_experiment_rig:Flow 3:: num of byteloads: 10000, num srq events: 10000, num rrq events: 9501
DEBUG:dale_experiment_rig:Flow 3:: first_event_name: srq, final_event_name: rrq, expected_data_B: 200000, recv_data_B: 200000
INFO:dale_experiment_rig:Flow 4:: num of byteloads: 10000, num srq events: 10000, num rrq events: 1
DEBUG:dale_experiment_rig:Flow 4:: first_event_name: srq, final_event_name: rrq, expected_data_B: 200000, recv_data_B: 200000
INFO:dale_experiment_rig:SSIRD FCT: [0.10049007799999998, 0.10049010800000069, 0.1004901380000014, 0.10049016800000032, 0.10149018800000142] ms, App Gdpt (overall): 0.080006400640064 Gbps, App Gdpt (per flow): [0.015999999999999997, 0.015999999999999997, 0.015999999999999997, 0.015999999999999997, 0.015999999999999997]
INFO:dale_experiment_rig:Processing DCTCP results exp_id 0:: 5flo-10000#-20B
INFO:dale_experiment_rig:Processing results from /data/dh1723/SIRD-Simulator/scripts/r2p2/coord/results/DCTCP-50-5flo-10000#-20B-10000ns_vary_num_bload_5flo_1msRTT/data/DCTCP-50/60/applications_trace.str
INFO:dale_experiment_rig:Flow 0:: num of byteloads: 10000, num srq events: 10000, num rrq events: 10000
DEBUG:dale_experiment_rig:Flow 0:: first_event_name: srq, final_event_name: rrq, expected_data_B: 200000, recv_data_B: 200000
INFO:dale_experiment_rig:Flow 1:: num of byteloads: 10000, num srq events: 10000, num rrq events: 10000
DEBUG:dale_experiment_rig:Flow 1:: first_event_name: srq, final_event_name: rrq, expected_data_B: 200000, recv_data_B: 200000
INFO:dale_experiment_rig:Flow 2:: num of byteloads: 10000, num srq events: 10000, num rrq events: 10000
DEBUG:dale_experiment_rig:Flow 2:: first_event_name: srq, final_event_name: rrq, expected_data_B: 200000, recv_data_B: 200000
INFO:dale_experiment_rig:Flow 3:: num of byteloads: 10000, num srq events: 10000, num rrq events: 10000
DEBUG:dale_experiment_rig:Flow 3:: first_event_name: srq, final_event_name: rrq, expected_data_B: 200000, recv_data_B: 200000
INFO:dale_experiment_rig:Flow 4:: num of byteloads: 10000, num srq events: 10000, num rrq events: 10000
DEBUG:dale_experiment_rig:Flow 4:: first_event_name: srq, final_event_name: rrq, expected_data_B: 200000, recv_data_B: 200000
INFO:dale_experiment_rig:DCTCP FCT: [0.10049001600000018, 0.10049002400000084, 0.10049003100000142, 0.10049003900000031, 0.10049004700000097] ms, App Gtpt (overall): 0.080006400640064 Gbps, App Gdpt (per flow): [0.015999999999999997, 0.015999999999999997, 0.015999999999999997, 0.015999999999999997, 0.015999999999999997]
INFO:dale_experiment_rig:=====
** Num Byteloads Per Flow: 1000, Byteload Size (B): 200, Inter-Byteload Interval (us): 10.0, ssird_sim_dur (s): 0.12, dctcp_sim_dur (s): 0.2
INFO:dale_experiment_rig:Processing SIRD results exp_id 1:: 5flo-1000#-200B
INFO:dale_experiment_rig:Processing results from /data/dh1723/SIRD-Simulator/scripts/r2p2/coord/results/SSIRD-5flo-1000#-200B-10000ns_vary_num_bload_5flo_1msRTT/data/SSIRD/60/applications_trace.str
INFO:dale_experiment_rig:Flow 0:: num of byteloads: 1000, num srq events: 1000, num rrq events: 876
DEBUG:dale_experiment_rig:Flow 0:: first_event_name: srq, final_event_name: rrq, expected_data_B: 200000, recv_data_B: 200000
INFO:dale_experiment_rig:Flow 1:: num of byteloads: 1000, num srq events: 1000, num rrq events: 834
DEBUG:dale_experiment_rig:Flow 1:: first_event_name: srq, final_event_name: rrq, expected_data_B: 200000, recv_data_B: 200000
INFO:dale_experiment_rig:Flow 2:: num of byteloads: 1000, num srq events: 1000, num rrq events: 751
DEBUG:dale_experiment_rig:Flow 2:: first_event_name: srq, final_event_name: rrq, expected_data_B: 200000, recv_data_B: 200000
INFO:dale_experiment_rig:Flow 3:: num of byteloads: 1000, num srq events: 1000, num rrq events: 501
DEBUG:dale_experiment_rig:Flow 3:: first_event_name: srq, final_event_name: rrq, expected_data_B: 200000, recv_data_B: 200000
INFO:dale_experiment_rig:Flow 4:: num of byteloads: 1000, num srq events: 1000, num rrq events: 1
DEBUG:dale_experiment_rig:Flow 4:: first_event_name: srq, final_event_name: rrq, expected_data_B: 200000, recv_data_B: 200000
INFO:dale_experiment_rig:SSIRD FCT: [0.010490105000000582, 0.010490135000001288, 0.010490165000000218, 0.010490195000000924, 0.011490215000000248] ms, App Gdpt (overall): 0.8006406406406275 Gbps, App Gdpt (per flow): [0.15999999999999737, 0.15999999999999737, 0.15999999999999737, 0.15999999999999737, 0.15999999999999737]
INFO:dale_experiment_rig:Processing DCTCP results exp_id 1:: 5flo-1000#-200B
INFO:dale_experiment_rig:Processing results from /data/dh1723/SIRD-Simulator/scripts/r2p2/coord/results/DCTCP-50-5flo-1000#-200B-10000ns_vary_num_bload_5flo_1msRTT/data/DCTCP-50/60/applications_trace.str
INFO:dale_experiment_rig:Flow 0:: num of byteloads: 1000, num srq events: 1000, num rrq events: 1000
DEBUG:dale_experiment_rig:Flow 0:: first_event_name: srq, final_event_name: rrq, expected_data_B: 200000, recv_data_B: 200000
INFO:dale_experiment_rig:Flow 1:: num of byteloads: 1000, num srq events: 1000, num rrq events: 1000
DEBUG:dale_experiment_rig:Flow 1:: first_event_name: srq, final_event_name: rrq, expected_data_B: 200000, recv_data_B: 200000
INFO:dale_experiment_rig:Flow 2:: num of byteloads: 1000, num srq events: 1000, num rrq events: 1000
DEBUG:dale_experiment_rig:Flow 2:: first_event_name: srq, final_event_name: rrq, expected_data_B: 200000, recv_data_B: 200000
INFO:dale_experiment_rig:Flow 3:: num of byteloads: 1000, num srq events: 1000, num rrq events: 1000
DEBUG:dale_experiment_rig:Flow 3:: first_event_name: srq, final_event_name: rrq, expected_data_B: 200000, recv_data_B: 200000
INFO:dale_experiment_rig:Flow 4:: num of byteloads: 1000, num srq events: 1000, num rrq events: 1000
DEBUG:dale_experiment_rig:Flow 4:: first_event_name: srq, final_event_name: rrq, expected_data_B: 200000, recv_data_B: 200000
INFO:dale_experiment_rig:DCTCP FCT: [0.010490044000000864, 0.010490067000000991, 0.010490089000001035, 0.010490111000001079, 0.010490133000001123] ms, App Gtpt (overall): 0.8006406406406275 Gbps, App Gdpt (per flow): [0.15999999999999737, 0.15999999999999737, 0.15999999999999737, 0.15999999999999737, 0.15999999999999737]
INFO:dale_experiment_rig:=====
** Num Byteloads Per Flow: 100, Byteload Size (B): 2000, Inter-Byteload Interval (us): 10.0, ssird_sim_dur (s): 0.12, dctcp_sim_dur (s): 0.2
INFO:dale_experiment_rig:Processing SIRD results exp_id 2:: 5flo-100#-2000B
INFO:dale_experiment_rig:Processing results from /data/dh1723/SIRD-Simulator/scripts/r2p2/coord/results/SSIRD-5flo-100#-2000B-10000ns_vary_num_bload_5flo_1msRTT/data/SSIRD/60/applications_trace.str
INFO:dale_experiment_rig:Flow 0:: num of byteloads: 100, num srq events: 100, num rrq events: 1
DEBUG:dale_experiment_rig:Flow 0:: first_event_name: srq, final_event_name: rrq, expected_data_B: 200000, recv_data_B: 200000
INFO:dale_experiment_rig:Flow 1:: num of byteloads: 100, num srq events: 100, num rrq events: 1
DEBUG:dale_experiment_rig:Flow 1:: first_event_name: srq, final_event_name: rrq, expected_data_B: 200000, recv_data_B: 200000
INFO:dale_experiment_rig:Flow 2:: num of byteloads: 100, num srq events: 100, num rrq events: 1
DEBUG:dale_experiment_rig:Flow 2:: first_event_name: srq, final_event_name: rrq, expected_data_B: 200000, recv_data_B: 200000
INFO:dale_experiment_rig:Flow 3:: num of byteloads: 100, num srq events: 100, num rrq events: 1
DEBUG:dale_experiment_rig:Flow 3:: first_event_name: srq, final_event_name: rrq, expected_data_B: 200000, recv_data_B: 200000
INFO:dale_experiment_rig:Flow 4:: num of byteloads: 100, num srq events: 100, num rrq events: 1
DEBUG:dale_experiment_rig:Flow 4:: first_event_name: srq, final_event_name: rrq, expected_data_B: 200000, recv_data_B: 200000
INFO:dale_experiment_rig:SSIRD FCT: [0.0016911090000011342, 0.0018910890000007896, 0.002091099000001151, 0.002291109000001512, 0.0024910890000011676] ms, App Gdpt (overall): 8.064646464633425 Gbps, App Gdpt (per flow): [1.599999999997413, 1.599999999997413, 1.599999999997413, 1.599999999997413, 1.599999999997413]
INFO:dale_experiment_rig:Processing DCTCP results exp_id 2:: 5flo-100#-2000B
INFO:dale_experiment_rig:Processing results from /data/dh1723/SIRD-Simulator/scripts/r2p2/coord/results/DCTCP-50-5flo-100#-2000B-10000ns_vary_num_bload_5flo_1msRTT/data/DCTCP-50/60/applications_trace.str
INFO:dale_experiment_rig:Flow 0:: num of byteloads: 100, num srq events: 100, num rrq events: 100
DEBUG:dale_experiment_rig:Flow 0:: first_event_name: srq, final_event_name: rrq, expected_data_B: 200000, recv_data_B: 200000
INFO:dale_experiment_rig:Flow 1:: num of byteloads: 100, num srq events: 100, num rrq events: 100
DEBUG:dale_experiment_rig:Flow 1:: first_event_name: srq, final_event_name: rrq, expected_data_B: 200000, recv_data_B: 200000
INFO:dale_experiment_rig:Flow 2:: num of byteloads: 100, num srq events: 100, num rrq events: 100
DEBUG:dale_experiment_rig:Flow 2:: first_event_name: srq, final_event_name: rrq, expected_data_B: 200000, recv_data_B: 200000
INFO:dale_experiment_rig:Flow 3:: num of byteloads: 100, num srq events: 100, num rrq events: 100
DEBUG:dale_experiment_rig:Flow 3:: first_event_name: srq, final_event_name: rrq, expected_data_B: 200000, recv_data_B: 200000
INFO:dale_experiment_rig:Flow 4:: num of byteloads: 100, num srq events: 100, num rrq events: 100
DEBUG:dale_experiment_rig:Flow 4:: first_event_name: srq, final_event_name: rrq, expected_data_B: 200000, recv_data_B: 200000
INFO:dale_experiment_rig:DCTCP FCT: [0.0014902960000000576, 0.001490468000000078, 0.0014906400000000986, 0.0014908130000002018, 0.0014909850000002223] ms, App Gtpt (overall): 8.064646464633425 Gbps, App Gdpt (per flow): [1.599999999997413, 1.599999999997413, 1.599999999997413, 1.599999999997413, 1.599999999997413]
INFO:dale_experiment_rig:
##### GENERATE METRICS #####
INFO:__main__:Total Flow Size (Bytes): 200000
INFO:__main__:Byteload Size (Bytes): [20, 200, 2000]
INFO:__main__:Num Byteloads: [10000, 1000, 100]
INFO:__main__:Intervals (us): [10.0, 10.0, 10.0]
INFO:__main__:Num flows: 5
DEBUG:__main__:Flow start times (us): [0, 0, 0, 0, 0]
INFO:__main__:Gdpt Gbps theoretical: [0.08, 0.8, 8.0]
INFO:__main__:Gdpt Gbps measured (SSIRD): [0.080006400640064, 0.8006406406406275, 8.064646464633425]
INFO:__main__:Gdpt Gbps measured (DCTCP): [0.080006400640064, 0.8006406406406275, 8.064646464633425]
DEBUG:__main__:Gdpt Gbps measured per flow (SSIRD): [[0.015999999999999997, 0.015999999999999997, 0.015999999999999997, 0.015999999999999997, 0.015999999999999997], [0.15999999999999737, 0.15999999999999737, 0.15999999999999737, 0.15999999999999737, 0.15999999999999737], [1.599999999997413, 1.599999999997413, 1.599999999997413, 1.599999999997413, 1.599999999997413]]
DEBUG:__main__:Gdpt Gbps measured per flow (DCTCP): [[0.015999999999999997, 0.015999999999999997, 0.015999999999999997, 0.015999999999999997, 0.015999999999999997], [0.15999999999999737, 0.15999999999999737, 0.15999999999999737, 0.15999999999999737, 0.15999999999999737], [1.599999999997413, 1.599999999997413, 1.599999999997413, 1.599999999997413, 1.599999999997413]]
INFO:__main__:* Sim duration (SSIRD): [0.12, 0.12, 0.12]
INFO:__main__:* Sim duration (DCTCP): [0.2, 0.2, 0.2]
INFO:__main__:* SSIRD FCT: [[0.10049007799999998, 0.10049010800000069, 0.1004901380000014, 0.10049016800000032, 0.10149018800000142], [0.010490105000000582, 0.010490135000001288, 0.010490165000000218, 0.010490195000000924, 0.011490215000000248], [0.0016911090000011342, 0.0018910890000007896, 0.002091099000001151, 0.002291109000001512, 0.0024910890000011676]]
INFO:__main__:* DCTCP FCT: [[0.10049001600000018, 0.10049002400000084, 0.10049003100000142, 0.10049003900000031, 0.10049004700000097], [0.010490044000000864, 0.010490067000000991, 0.010490089000001035, 0.010490111000001079, 0.010490133000001123], [0.0014902960000000576, 0.001490468000000078, 0.0014906400000000986, 0.0014908130000002018, 0.0014909850000002223]]
