DEBUG:__main__:Protos tested: ['SSIRD']
DEBUG:__main__:Total_flow_size_B: 7800
DEBUG:__main__:Byteload sizes list: [1560]
DEBUG:__main__:Num Flows: 1
DEBUG:__main__:Inter-flow spacing (us): 0
DEBUG:__main__:Flow start times (us): [0]
DEBUG:__main__:Num Byteloads list: [5]
DEBUG:__main__:Total injection period (us): 50
DEBUG:__main__:Inter-Byteload Periods list: [10.0]
INFO:__main__:Total Flow Size (Bytes): 7800
INFO:__main__:Total Injection Period (us): 50
INFO:__main__:Byteload Size (Bytes): [1560]
INFO:__main__:Num Byteloads: [5]
INFO:__main__:Intervals (us): [10.0]
INFO:__main__:Num flows: 1
INFO:__main__:Gdpt GBps theoretical: [1.248]
INFO:__main__:* Sim duration (SSIRD): [0.01]
INFO:__main__:* Sim duration (DCTCP): [0.0]
INFO:dale_experiment_rig:Experiment started at: 2025-07-29 16:39:37.635333
INFO:dale_experiment_rig:
##### RUN GROUP #####
INFO:dale_experiment_rig:
=====
Execute experiment 1flo-5#-1560B-10000ns_1560B_1flo_credit_leak
INFO:dale_experiment_rig:Flags: 1, 1, 1, 1, 0
INFO:dale_experiment_rig:ssird_sim_duration=0.010000; dctcp_sim_duration=0.000000
INFO:dale_experiment_rig:-----
Preparing experiment input MRIs
INFO:dale_experiment_rig:### Creating MRI inputs parent dir: /data/dh1723/SIRD-Simulator/scripts/r2p2/coord/config/manual-req-intervals/dale_experiments/Normal_Byteloads_1560B_1flo_credit_leak/
INFO:dale_experiment_rig:File /data/dh1723/SIRD-Simulator/scripts/r2p2/coord/config/manual-req-intervals/dale_experiments/Normal_Byteloads_1560B_1flo_credit_leak/ aready exists.
DEBUG:dale_experiment_rig:num flows: 1
INFO:dale_experiment_rig:-----
Preparing experiment spec scripts
INFO:dale_experiment_rig:### Creating spec scripts parent dir: /data/dh1723/SIRD-Simulator/scripts/r2p2/coord/config/dale_experiments/Normal_Byteloads_1560B_1flo_credit_leak/
INFO:dale_experiment_rig:#### WARNING: File /data/dh1723/SIRD-Simulator/scripts/r2p2/coord/config/dale_experiments/Normal_Byteloads_1560B_1flo_credit_leak/ aready exists.
INFO:dale_experiment_rig:-----
Running experiment for SSIRD
INFO:dale_experiment_rig:### Script:/data/dh1723/SIRD-Simulator/scripts/r2p2/coord/config/dale_experiments/Normal_Byteloads_1560B_1flo_credit_leak/SSIRD-1flo-5#-1560B-10000ns_1560B_1flo_credit_leak.sh
INFO:dale_experiment_rig:### Output path (stdout): /data/dh1723/SIRD-Simulator/scripts/r2p2/coord/outputs/Normal_Byteloads_1560B_1flo_credit_leak/ssird_1flo-5#-1560B-10000ns_1560B_1flo_credit_leak_stdout.out
INFO:dale_experiment_rig:### Output path (stderr): /data/dh1723/SIRD-Simulator/scripts/r2p2/coord/outputs/Normal_Byteloads_1560B_1flo_credit_leak/ssird_1flo-5#-1560B-10000ns_1560B_1flo_credit_leak_stderr.out
INFO:dale_experiment_rig:-----
Backing up app trace file paths
DEBUG:dale_experiment_rig:/data/dh1723/SIRD-Simulator/scripts/r2p2/post-process/experiment_app_trace_paths/Normal_Byteloads_1560B_1flo_credit_leak/1flo/SSIRD_app_traces.txt
INFO:dale_experiment_rig:-----
Backing up app trace file paths
DEBUG:dale_experiment_rig:/data/dh1723/SIRD-Simulator/scripts/r2p2/post-process/experiment_app_trace_paths/Normal_Byteloads_1560B_1flo_credit_leak/1flo/DCTCP-50_app_traces.txt
INFO:dale_experiment_rig:Simulations ended at: 2025-07-29 16:41:04.097344
INFO:dale_experiment_rig:
##### POST PROCESS RESULTS #####
INFO:dale_experiment_rig:=====
** Num Byteloads Per Flow: 5, Byteload Size (B): 1560, Inter-Byteload Interval (us): 10.0, ssird_sim_dur (s): 0.01, dctcp_sim_dur (s): 0.0
INFO:dale_experiment_rig:Processing SIRD results exp_id 0:: 1flo-5#-1560B
INFO:dale_experiment_rig:Processing results from /data/dh1723/SIRD-Simulator/scripts/r2p2/coord/results/SSIRD-1flo-5#-1560B-10000ns_1560B_1flo_credit_leak/data/SSIRD/60/applications_trace.str
INFO:dale_experiment_rig:Flow 0:: num of byteloads: 5, num srq events: 5, num rrq events: 5
DEBUG:dale_experiment_rig:Flow 0:: first_event_name: srq, final_event_name: rrq, expected_data_B: 7800, recv_data_B: 7800
INFO:dale_experiment_rig:SSIRD FCT: [4.78210000007806e-05] ms, App Gdpt (overall): 1.2479999999918243 Gbps, App Gdpt (per flow): [1.2479999999918243]
ERROR:dale_experiment_rig:No results for DCTCP
INFO:dale_experiment_rig:DCTCP FCT: None ms, App Gtpt (overall): None Gbps, App Gdpt (per flow): None
INFO:dale_experiment_rig:
##### GENERATE METRICS #####
INFO:__main__:Total Flow Size (Bytes): 7800
INFO:__main__:Total Injection Period (us): 50
INFO:__main__:Byteload Size (Bytes): [1560]
INFO:__main__:Num Byteloads: [5]
INFO:__main__:Intervals (us): [10.0]
INFO:__main__:Num flows: 1
DEBUG:__main__:Flow start times (us): [0]
INFO:__main__:Gdpt Gbps theoretical: [1.248]
INFO:__main__:Gdpt Gbps measured (SSIRD): [1.2479999999918243]
INFO:__main__:Gdpt Gbps measured (DCTCP): [None]
DEBUG:__main__:Gdpt Gbps measured per flow (SSIRD): [[1.2479999999918243]]
DEBUG:__main__:Gdpt Gbps measured per flow (DCTCP): [None]
INFO:__main__:* Sim duration (SSIRD): [0.01]
INFO:__main__:* Sim duration (DCTCP): [0.0]
INFO:__main__:* SSIRD FCT: [[4.78210000007806e-05]]
INFO:__main__:* DCTCP FCT: [None]
